Copyright 1986-2022 Xilinx, Inc. All Rights Reserved. Copyright 2022-2024 Advanced Micro Devices, Inc. All Rights Reserved.
--------------------------------------------------------------------------------------------------------------------------------------------------
| Tool Version      : Vivado v.2024.2 (lin64) Build 5239630 Fri Nov 08 22:34:34 MST 2024
| Date              : Sat Oct 10 18:03:40 2026
| Host              : lenovo-ThinkStation-P920 running 64-bit Ubuntu 24.04.3 LTS
| Command           : report_clock_interaction -file /home/zhangchenxuan/FSA_HLS/build/split_d_nm37_7892c75_ipbf/reports/clock_interaction.rpt
| Design            : split_d_nm37_top
| Device            : xcvu37p_CIV-fsvh2892
| Speed File        : -2  PRODUCTION 1.30 05-01-2022
| Design State      : Routed
| Temperature Grade : E
--------------------------------------------------------------------------------------------------------------------------------------------------

Clock Interaction Report

Clock Interaction Table
-----------------------

                                                                                                                                                                                                          WNS                            TNS Failing  TNS Total    WNS Path         Clock-Pair           Inter-Clock              
From Clock                                                                                           To Clock                                                                                             Clock Edges  WNS(ns)  TNS(ns)    Endpoints    Endpoints  Requirement(ns)  Classification       Constraints              
---------------------------------------------------------------------------------------------------  ---------------------------------------------------------------------------------------------------  -----------  -------  -------  -----------  -----------  ---------------  -------------------  -----------------------  
clk_out1_split_d_system_clk_wiz_0_0                                                                  clk_out1_split_d_system_clk_wiz_0_0                                                                  rise - rise     0.23     0.00            0       124684            10.00  Clean                Partial False Path       
clk_out1_split_d_system_clk_wiz_0_0                                                                  clk_out2_split_d_system_clk_wiz_0_0                                                                  rise - rise     8.92     0.00            0          449            10.00  Ignored              Max Delay Datapath Only  
clk_out1_split_d_system_clk_wiz_0_0                                                                  dbg_hub/inst/BSCANID.u_xsdbm_id/SWITCH_N_EXT_BSCAN.bscan_inst/SERIES7_BSCAN.bscan_inst/INTERNAL_TCK  rise - rise     9.53     0.00            0          105            10.00  Ignored              Max Delay Datapath Only  
clk_out2_split_d_system_clk_wiz_0_0                                                                  clk_out1_split_d_system_clk_wiz_0_0                                                                  rise - rise     3.51     0.00            0          327             4.44  Ignored              Max Delay Datapath Only  
clk_out2_split_d_system_clk_wiz_0_0                                                                  clk_out2_split_d_system_clk_wiz_0_0                                                                  rise - rise     0.95     0.00            0         8210             4.44  Clean                Partial False Path       
dbg_hub/inst/BSCANID.u_xsdbm_id/SWITCH_N_EXT_BSCAN.bscan_inst/SERIES7_BSCAN.bscan_inst/INTERNAL_TCK  clk_out1_split_d_system_clk_wiz_0_0                                                                  rise - rise    49.63     0.00            0           89            50.00  Ignored              Max Delay Datapath Only  
dbg_hub/inst/BSCANID.u_xsdbm_id/SWITCH_N_EXT_BSCAN.bscan_inst/SERIES7_BSCAN.bscan_inst/INTERNAL_TCK  dbg_hub/inst/BSCANID.u_xsdbm_id/SWITCH_N_EXT_BSCAN.bscan_inst/SERIES7_BSCAN.bscan_inst/INTERNAL_TCK  rise - fall    11.92     0.00            0         1107            25.00  Clean                Timed                    


