Copyright 1986-2022 Xilinx, Inc. All Rights Reserved. Copyright 2022-2024 Advanced Micro Devices, Inc. All Rights Reserved.
--------------------------------------------------------------------------------------------------------------------------------------------------
| Tool Version      : Vivado v.2024.2 (lin64) Build 5239630 Fri Nov 08 22:34:34 MST 2024
| Date              : Sat Oct 10 18:03:56 2026
| Host              : lenovo-ThinkStation-P920 running 64-bit Ubuntu 24.04.3 LTS
| Command           : report_exceptions -file /home/zhangchenxuan/FSA_HLS/build/split_d_nm37_7892c75_ipbf/reports/exceptions.rpt
| Design            : split_d_nm37_top
| Device            : xcvu37p_CIV-fsvh2892
| Speed File        : -2  PRODUCTION 1.30 05-01-2022
| Design State      : Routed
| Temperature Grade : E
--------------------------------------------------------------------------------------------------------------------------------------------------

Exceptions Report

Position  From                                                                              Through                                                         To                                                                                Setup           Hold            Status           
--------  --------------------------------------------------------------------------------  --------------------------------------------------------------  --------------------------------------------------------------------------------  --------------  --------------  -----------------
1         [get_cells -hierarchical -filter { NAME =~  "*Hold_probe_in*" &&  IS_SEQUENTIAL   *                                                               [get_cells -hierarchical -filter { NAME =~  "*PROBE_IN_INST/probe_in_reg*" && IS  false           false           
          }]                                                                                                                                                _SEQUENTIAL}]                                                                                                     
2         [get_cells -hierarchical -filter { NAME =~  "*PROBE_IN_INST/probe_in_reg*" &&  I  *                                                               [get_cells -hierarchical -filter { NAME =~  "*data_int_sync1*" && IS_SEQUENTIAL   false           false           
          S_SEQUENTIAL}]                                                                                                                                    }]                                                                                                                
3         [get_cells -hierarchical -filter { NAME =~  "*committ_int*" && IS_SEQUENTIAL}]    *                                                               [get_cells -hierarchical -filter { NAME =~  "*Committ_1*" &&  IS_SEQUENTIAL}]     false           false           
4         [get_cells -hierarchical -filter { NAME =~  "*clear_int*" && IS_SEQUENTIAL}]      *                                                               [get_cells -hierarchical -filter { NAME =~  "*Probe_out*" && IS_SEQUENTIAL}]      false           false           
5         [get_cells -hierarchical -filter { NAME =~  "*clear_int*" && IS_SEQUENTIAL }]     *                                                               [get_cells -hierarchical -filter { NAME =~  "*PROBE_OUT_ALL_INST/G_PROBE_OUT[*].  false           false           
                                                                                                                                                            PROBE_OUT0_INST/data_int*" && IS_SEQUENTIAL}]                                                                     
6         [get_cells -hierarchical -filter { NAME =~  "*data_int_*" && IS_SEQUENTIAL }]     *                                                               [get_cells -hierarchical -filter { NAME =~  "*Probe_out_*" && IS_SEQUENTIAL}]     false           false           
7         [get_cells -hierarchical -filter { NAME =~  "*ila_core_inst/u_ila_reset_ctrl/asy  *                                                               [get_cells -hierarchical -filter { NAME =~  "*ila_core_inst/u_ila_reset_ctrl/asy  false           false           
          ncrounous_transfer*/din_reg_reg*" && IS_SEQUENTIAL }]                                                                                             ncrounous_transfer*/dout_reg0_reg*" && IS_SEQUENTIAL }]                                                           
8         [get_cells -hierarchical -filter { NAME =~  "*ila_core_inst/u_ila_reset_ctrl/asy  *                                                               [get_cells -hierarchical -filter { NAME =~  "*ila_core_inst/u_ila_reset_ctrl/asy  false           false           
          ncrounous_transfer.arm_in_transfer_inst/dout_reg*" && IS_SEQUENTIAL }]                                                                            ncrounous_transfer.arm_in_transfer_inst/temp_reg0_reg*" && IS_SEQUENTIAL }]                                       
9         [get_cells -hierarchical -filter { NAME =~  "*ila_core_inst/u_ila_reset_ctrl/asy  *                                                               [get_cells -hierarchical -filter { NAME =~  "*ila_core_inst/u_ila_reset_ctrl/asy  false           false           
          ncrounous_transfer.halt_in_transfer_inst/dout_reg*" && IS_SEQUENTIAL }]                                                                           ncrounous_transfer.halt_in_transfer_inst/temp_reg0_reg*" && IS_SEQUENTIAL }]                                      
10        [get_cells -hierarchical -filter { NAME =~  "*ila_core_inst/u_ila_reset_ctrl/asy  *                                                               [get_cells -hierarchical -filter { NAME =~  "*ila_core_inst/u_ila_reset_ctrl/asy  false           false           
          ncrounous_transfer.halt_out_transfer_inst/dout_reg*" && IS_SEQUENTIAL }]                                                                          ncrounous_transfer.halt_out_transfer_inst/temp_reg0_reg*" && IS_SEQUENTIAL }]                                     
11        [get_cells -hierarchical -filter { NAME =~  "*ila_core_inst/u_ila_reset_ctrl/asy  *                                                               [get_cells -hierarchical -filter { NAME =~  "*ila_core_inst/u_ila_reset_ctrl/asy  false           false           
          ncrounous_transfer.arm_out_transfer_inst/dout_reg*" && IS_SEQUENTIAL }]                                                                           ncrounous_transfer.arm_out_transfer_inst/temp_reg0_reg*" && IS_SEQUENTIAL }]                                      
17        [get_cells -hierarchical -filter { NAME =~  "*ila_core_inst/u_ila_regs/reg_7/I_E  *                                                               [get_cells -hierarchical -filter { NAME =~ "*ila_core_inst/u_ila_cap_ctrl/u_cap_  false           false           
          N_CTL_EQ1.U_CTL/xsdb_reg_reg*" && IS_SEQUENTIAL }]                                                                                                addrgen/u_cap_window_counter/u_wcnt_hcmp_q*" && IS_SEQUENTIAL }]                                                  
18        [get_cells -hierarchical -filter { NAME =~  "*ila_core_inst/u_ila_regs/reg_7/I_E  *                                                               [get_cells -hierarchical -filter { NAME =~ "*ila_core_inst/u_ila_cap_ctrl/u_cap_  false           false           
          N_CTL_EQ1.U_CTL/xsdb_reg_reg*" && IS_SEQUENTIAL }]                                                                                                addrgen/u_cap_window_counter/u_wcnt_lcmp_q*" && IS_SEQUENTIAL }]                                                  
19        [get_cells -hierarchical -filter { NAME =~  "*ila_core_inst/u_ila_regs/reg_7/I_E  *                                                               [get_cells -hierarchical -filter { NAME =~ "*ila_core_inst/u_ila_cap_ctrl/u_cap_  false           false           
          N_CTL_EQ1.U_CTL/xsdb_reg_reg*" && IS_SEQUENTIAL }]                                                                                                addrgen/u_cap_sample_counter/u_scnt_cmp_q*" && IS_SEQUENTIAL }]                                                   
25        [get_cells -hierarchical -filter { NAME =~  "*ila_core_inst/u_ila_regs/reg_15/I_  *                                                               [get_cells -hierarchical -filter { NAME =~ "*ila_core_inst/use_probe_debug_circu  false           false           
          EN_CTL_EQ1.U_CTL/xsdb_reg_reg*" && IS_SEQUENTIAL }]                                                                                               it_2_reg*" && IS_SEQUENTIAL}]                                                                                     
27        [get_cells -hierarchical -filter { NAME =~  "*ila_core_inst/u_ila_regs/reg_1a/I_  *                                                               [get_cells -hierarchical -filter { NAME =~ "*ila_core_inst/en_adv_trigger_2_reg*  false           false           
          EN_CTL_EQ1.U_CTL/xsdb_reg_reg*" && IS_SEQUENTIAL }]                                                                                               " && IS_SEQUENTIAL}]                                                                                              
28        [get_cells -hierarchical -filter { NAME =~  "*ila_core_inst/u_ila_regs/reg_1a/I_  *                                                               [get_cells -hierarchical -filter { NAME =~ "*ila_core_inst/capture_qual_ctrl_2_r  false           false           
          EN_CTL_EQ1.U_CTL/xsdb_reg_reg*" && IS_SEQUENTIAL }]                                                                                               eg*" && IS_SEQUENTIAL}]                                                                                           
29        [get_cells -hierarchical -filter { NAME =~  "*ila_core_inst/u_ila_regs/reg_strea  *                                                               [get_cells -hierarchical -filter { NAME =~ "*ila_core_inst/debug_data_in_sync1_r  false           false           
          m_ffd/I_EN_CTL_EQ1.U_CTL/xsdb_reg_reg*" && IS_SEQUENTIAL }]                                                                                       eg*" && IS_SEQUENTIAL}]                                                                                           
30        [get_cells -hierarchical -filter { NAME =~  "*ila_core_inst/u_ila_cap_ctrl/u_cap  *                                                               [get_cells -hierarchical -filter { NAME =~ "*ila_core_inst/u_ila_cap_ctrl/u_cap_  false           false           
          _addrgen/*.cfg_data_vec_reg*" && IS_SEQUENTIAL }]                                                                                                 addrgen/cfg_data_vec_sync1_reg*" && IS_SEQUENTIAL}]                                                               
31        [get_cells -hierarchical -filter { NAME =~  "*ila_core_inst/u_ila_regs/s_dclk_fl  *                                                               [get_cells -hierarchical -filter { NAME =~ "*ila_core_inst/u_ila_regs/s_dclk_fla  false           false           
          ag_reg*" && IS_SEQUENTIAL }]                                                                                                                      g_sync1_reg*" && IS_SEQUENTIAL}]                                                                                  
32        [get_cells -hierarchical -filter { NAME =~  "*ila_core_inst/u_ila_regs/ila_clk_f  *                                                               [get_cells -hierarchical -filter { NAME =~ "*ila_core_inst/u_ila_regs/ila_clk_fl  false           false           
          lag_reg*" && IS_SEQUENTIAL }]                                                                                                                     ag_sync1_reg*" && IS_SEQUENTIAL}]                                                                                 
35        [get_pins -filter REF_PIN_NAME=~CLK -of_objects [get_cells -hierarchical -filter  *                                                               [get_pins -filter REF_PIN_NAME=~D -of_objects [get_cells -hierarchical -filter {  false           false           
           {NAME =~ "*allx_typeA_match_detection.ltlib_v1_0_2_allx_typeA_inst/DUT/u_srl_dr                                                                  NAME =~ "*allx_typeA_match_detection.ltlib_v1_0_2_allx_typeA_inst/DUT/I_WHOLE_SL                                  
          ive*"}]]                                                                                                                                          ICE.G_SLICE_IDX[*].U_ALL_SRL_SLICE/I_IS_TERMINATION_SLICE_W_OUTPUT_REG.DOUT_O_re                                  
                                                                                                                                                            g*" && IS_SEQUENTIAL}]]                                                                                           
37        [get_cells -hierarchical -filter { NAME =~  "*ila_core_inst/u_ila_cap_ctrl/u_cap  *                                                               [get_cells -hierarchical -filter { NAME =~  "*ila_core_inst/u_ila_regs/reg*/I_EN  false           false           
          _addrgen/captured_samples*" && IS_SEQUENTIAL }]                                                                                                   _STAT_EQ1.U_STAT/xsdb_reg*" && IS_SEQUENTIAL }]                                                                   
38        [get_cells -hierarchical -filter { NAME =~  "*ila_core_inst/u_ila_cap_ctrl/CAP_D  *                                                               [get_cells -hierarchical -filter { NAME =~  "*ila_core_inst/u_ila_regs/reg*/I_EN  false           false           
          ONE_O*" && IS_SEQUENTIAL }]                                                                                                                       _STAT_EQ1.U_STAT/xsdb_reg*" && IS_SEQUENTIAL }]                                                                   
39        [get_cells -hierarchical -filter { NAME =~  "*ila_core_inst/u_ila_cap_ctrl/CAP_T  *                                                               [get_cells -hierarchical -filter { NAME =~  "*ila_core_inst/u_ila_regs/reg*/I_EN  false           false           
          RIGGER_O*" && IS_SEQUENTIAL }]                                                                                                                    _STAT_EQ1.U_STAT/xsdb_reg*" && IS_SEQUENTIAL }]                                                                   
40        [get_cells -hierarchical -filter { NAME =~  "*ila_core_inst/u_ila_cap_ctrl/U_NS*  *                                                               [get_cells -hierarchical -filter { NAME =~  "*ila_core_inst/u_ila_regs/reg_*/I_E  false           false           
          /I_YESLUT6.I_YES_OREG.O_reg_reg*" && IS_SEQUENTIAL }]                                                                                             N_STAT_EQ1.U_STAT/xsdb_reg_reg[*]*" && IS_SEQUENTIAL }]                                                           
41        [get_pins -filter REF_PIN_NAME=~CLK -of_objects [get_cells -hierarchical -filter  *                                                               [get_cells -hierarchical -filter { NAME =~  "*ila_core_inst/u_ila_cap_ctrl/u_cap  false           false           
           { NAME =~  "*ila_core_inst/u_ila_cap_ctrl/u_cap_addrgen/u_cap_sample_counter/U_                                                                  _addrgen/u_cap_sample_counter/u_scnt_cmp_q*" && IS_SEQUENTIAL }]                                                  
          SCMPCE/I_YESLUT6.U_SRL32*"}]]                                                                                                                                                                                                                                       
42        [get_pins -filter REF_PIN_NAME=~CLK -of_objects [get_cells -hierarchical -filter  *                                                               [get_cells -hierarchical -filter { NAME =~  "*ila_core_inst/u_ila_cap_ctrl/u_cap  false           false           
           { NAME =~  "*ila_core_inst/u_ila_cap_ctrl/u_cap_addrgen/u_cap_sample_counter/u_                                                                  _addrgen/u_cap_sample_counter/u_scnt_cmp_q*" && IS_SEQUENTIAL }]                                                  
          scnt_cmp/allx_typeA_match_detection.ltlib_v1_0_2_allx_typeA_inst/DUT/u_srl_drive                                                                                                                                                                                    
          *"}]]                                                                                                                                                                                                                                                               
43        [get_pins -filter REF_PIN_NAME=~CLK -of_objects [get_cells -hierarchical -filter  *                                                               [get_cells -hierarchical -filter { NAME =~  "*ila_core_inst/u_ila_cap_ctrl/u_cap  false           false           
           { NAME =~  "*ila_core_inst/u_ila_cap_ctrl/u_cap_addrgen/U_CMPRESET/I_YESLUT6.U_                                                                  _addrgen/u_cap_sample_counter/u_scnt_cmp_q*" && IS_SEQUENTIAL }]                                                  
          SRL32_*" }]]                                                                                                                                                                                                                                                        
45        [get_pins -filter REF_PIN_NAME=~CLK -of_objects [get_cells -hierarchical -filter  *                                                               [get_cells -hierarchical -filter { NAME =~  "*ila_core_inst/u_ila_cap_ctrl/u_cap  false           false           
           { NAME =~  "*ila_core_inst/u_ila_cap_ctrl/u_cap_addrgen/u_cap_window_counter/u_                                                                  _addrgen/u_cap_window_counter/u_wcnt_lcmp_q*" && IS_SEQUENTIAL }]                                                 
          wcnt_lcmp/allx_typeA_match_detection.ltlib_v1_0_2_allx_typeA_inst/DUT/u_srl_driv                                                                                                                                                                                    
          e*"}]]                                                                                                                                                                                                                                                              
46        [get_pins -filter REF_PIN_NAME=~CLK -of_objects [get_cells -hierarchical -filter  *                                                               [get_cells -hierarchical -filter { NAME =~  "*ila_core_inst/u_ila_cap_ctrl/u_cap  false           false           
           { NAME =~  "*ila_core_inst/u_ila_cap_ctrl/u_cap_addrgen/u_cap_window_counter/u_                                                                  _addrgen/u_cap_window_counter/u_wcnt_hcmp_q*" && IS_SEQUENTIAL }]                                                 
          wcnt_hcmp/allx_typeA_match_detection.ltlib_v1_0_2_allx_typeA_inst/DUT/u_srl_driv                                                                                                                                                                                    
          e*"}]]                                                                                                                                                                                                                                                              
47        [get_pins -filter REF_PIN_NAME=~CLK -of_objects [get_cells -hierarchical -filter  *                                                               [get_cells -hierarchical -filter { NAME =~  "*ila_core_inst/u_ila_cap_ctrl/u_cap  false           false           
           { NAME =~  "*ila_core_inst/u_ila_cap_ctrl/u_cap_addrgen/u_cap_window_counter/U_                                                                  _addrgen/u_cap_window_counter/u_wcnt_hcmp_q*" && IS_SEQUENTIAL }]                                                 
          WHCMPCE/I_YESLUT6.U_SRL32*"}]]                                                                                                                                                                                                                                      
48        [get_pins -filter REF_PIN_NAME=~CLK -of_objects [get_cells -hierarchical -filter  *                                                               [get_cells -hierarchical -filter { NAME =~  "*ila_core_inst/u_ila_cap_ctrl/u_cap  false           false           
           { NAME =~  "*ila_core_inst/u_ila_cap_ctrl/u_cap_addrgen/u_cap_window_counter/U_                                                                  _addrgen/u_cap_window_counter/u_wcnt_lcmp_q*" && IS_SEQUENTIAL }]                                                 
          WLCMPCE/I_YESLUT6.U_SRL32*"}]]                                                                                                                                                                                                                                      
49        [get_pins -filter REF_PIN_NAME=~CLK -of_objects [get_cells -hierarchical -filter  *                                                               [get_cells -hierarchical -filter { NAME =~  "*ila_core_inst/u_ila_cap_ctrl/u_cap  false           false           
           { NAME =~  "*ila_core_inst/u_ila_cap_ctrl/u_cap_addrgen/U_CMPRESET/I_YESLUT6.U_                                                                  _addrgen/u_cap_window_counter/u_wcnt_lcmp_q*" && IS_SEQUENTIAL }]                                                 
          SRL32_*" }]]                                                                                                                                                                                                                                                        
50        [get_pins -filter REF_PIN_NAME=~CLK -of_objects [get_cells -hierarchical -filter  *                                                               [get_cells -hierarchical -filter { NAME =~  "*ila_core_inst/u_ila_cap_ctrl/u_cap  false           false           
           { NAME =~  "*ila_core_inst/u_ila_cap_ctrl/u_cap_addrgen/U_CMPRESET/I_YESLUT6.U_                                                                  _addrgen/u_cap_window_counter/u_wcnt_hcmp_q*" && IS_SEQUENTIAL }]                                                 
          SRL32_*" }]]                                                                                                                                                                                                                                                        
51        [get_pins -filter REF_PIN_NAME=~CLK -of_objects [get_cells -hierarchical -filter  *                                                               [get_cells -hierarchical -filter { NAME =~ "*ila_core_inst/u_ila_cap_ctrl/u_cap_  false           false           
           { NAME =~  "*ila_core_inst/u_ila_cap_ctrl/u_cap_addrgen/u_cap_sample_counter/U_                                                                  addrgen/u_cap_sample_counter/iscnt_reg*" && IS_SEQUENTIAL }]                                                      
          SCE/I_YESLUT6.U_SRLC16E*" }]]                                                                                                                                                                                                                                       
52        [get_pins -filter REF_PIN_NAME=~CLK -of_objects [get_cells -hierarchical -filter  *                                                               [get_cells -hierarchical -filter { NAME =~ "*ila_core_inst/u_ila_cap_ctrl/u_cap_  false           false           
           { NAME =~  "*ila_core_inst/u_ila_cap_ctrl/u_cap_addrgen/u_cap_sample_counter/U_                                                                  addrgen/icap_wr_en_reg*" && IS_SEQUENTIAL }]                                                                      
          SCE/I_YESLUT6.U_SRLC16E*" }]]                                                                                                                                                                                                                                       
53        [get_pins -filter REF_PIN_NAME=~CLK -of_objects [get_cells -hierarchical -filter  *                                                               [get_cells -hierarchical -filter { NAME =~ "*ila_core_inst/u_ila_cap_ctrl/u_cap_  false           false           
           { NAME =~  "*ila_core_inst/u_ila_cap_ctrl/u_cap_addrgen/u_cap_sample_counter/U_                                                                  addrgen/u_cap_sample_counter/iscnt_reg*" && IS_SEQUENTIAL }]                                                      
          SCRST/I_YESLUT6.U_SRL32_*" }]]                                                                                                                                                                                                                                      
54        [get_pins -filter REF_PIN_NAME=~CLK -of_objects [get_cells -hierarchical -filter  *                                                               [get_cells -hierarchical -filter { NAME =~ "*ila_core_inst/u_ila_cap_ctrl/u_cap_  false           false           
           { NAME =~  "*ila_core_inst/u_ila_cap_ctrl/u_cap_addrgen/u_cap_window_counter/U_                                                                  addrgen/u_cap_window_counter/iwcnt_reg*" && IS_SEQUENTIAL }]                                                      
          WCE/I_YESLUT6.U_SRLC16E*" }]]                                                                                                                                                                                                                                       
55        [get_pins -filter REF_PIN_NAME=~CLK -of_objects [get_cells -hierarchical -filter  *                                                               [get_cells -hierarchical -filter { NAME =~ "*ila_core_inst/u_ila_cap_ctrl/U_CDON  false           false           
           { NAME =~  "*ila_core_inst/u_ila_cap_ctrl/U_CDONE/I_YESLUT6.U_SRL32_*" }]]                                                                       E/I_YESLUT6.I_YES_OREG.O_reg*" && IS_SEQUENTIAL}]                                                                 
56        [get_pins -filter REF_PIN_NAME=~CLK -of_objects [get_cells -hierarchical -filter  *                                                               [get_cells -hierarchical -filter { NAME =~ "*ila_core_inst/u_ila_cap_ctrl/U_NS0/  false           false           
           { NAME =~  "*ila_core_inst/u_ila_cap_ctrl/U_NS0/I_YESLUT6.U_SRL32_*" }]]                                                                         I_YESLUT6.I_YES_OREG.O_reg*" && IS_SEQUENTIAL}]                                                                   
57        [get_pins -filter REF_PIN_NAME=~CLK -of_objects [get_cells -hierarchical -filter  *                                                               [get_cells -hierarchical -filter { NAME =~ "*ila_core_inst/u_ila_cap_ctrl/U_NS1/  false           false           
           { NAME =~  "*ila_core_inst/u_ila_cap_ctrl/U_NS1/I_YESLUT6.U_SRL32_*" }]]                                                                         I_YESLUT6.I_YES_OREG.O_reg*" && IS_SEQUENTIAL}]                                                                   
58        [get_pins -filter REF_PIN_NAME=~CLK* -of_objects [get_cells -hierarchical -filte  *                                                               [get_pins -filter REF_PIN_NAME=~D* -of_objects [get_cells -hierarchical -filter   false           false           
          r {NAME =~ "*allx_typeA_match_detection.ltlib_v1_0_2_allx_typeA_inst/DUT/I_WHOLE                                                                  {NAME =~ "*allx_typeA_match_detection.ltlib_v1_0_2_allx_typeA_inst/DUT/I_WHOLE_S                                  
          _SLICE.G_SLICE_IDX[*].U_ALL_SRL_SLICE/u_srl*/S*"}]]                                                                                               LICE.G_SLICE_IDX[*].U_ALL_SRL_SLICE/I_IS_TERMINATION_SLICE_W_OUTPUT_REG.DOUT_O_r                                  
                                                                                                                                                            eg*"}]]                                                                                                           
59        [get_pins -filter REF_PIN_NAME=~CLK* -of_objects [get_cells -hierarchical -filte  *                                                               [get_cells -hierarchical -filter { NAME =~  "*ila_core_inst/u_ila_cap_ctrl/u_cap  false           false           
          r { NAME =~  "*ila_core_inst/u_ila_cap_ctrl/u_cap_addrgen/u_cap_sample_counter/u                                                                  _addrgen/u_cap_sample_counter/u_scnt_cmp_q*" && IS_SEQUENTIAL }]                                                  
          _scnt_cmp/allx_typeA_match_detection.ltlib_v1_0_2_allx_typeA_inst/DUT/I_WHOLE_SL                                                                                                                                                                                    
          ICE.G_SLICE_IDX[*].U_ALL_SRL_SLICE/u_srl*/S*"}]]                                                                                                                                                                                                                    
60        [get_pins -filter REF_PIN_NAME=~CLK* -of_objects [get_cells -hierarchical -filte  *                                                               [get_cells -hierarchical -filter { NAME =~  "*ila_core_inst/u_ila_cap_ctrl/u_cap  false           false           
          r { NAME =~  "*ila_core_inst/u_ila_cap_ctrl/u_cap_addrgen/u_cap_window_counter/u                                                                  _addrgen/u_cap_window_counter/u_wcnt_lcmp_q*" && IS_SEQUENTIAL }]                                                 
          _wcnt_lcmp/allx_typeA_match_detection.ltlib_v1_0_2_allx_typeA_inst/DUT/I_WHOLE_S                                                                                                                                                                                    
          LICE.G_SLICE_IDX[*].U_ALL_SRL_SLICE/u_srl*/S*"}]]                                                                                                                                                                                                                   
61        [get_pins -filter REF_PIN_NAME=~CLK* -of_objects [get_cells -hierarchical -filte  *                                                               [get_cells -hierarchical -filter { NAME =~  "*ila_core_inst/u_ila_cap_ctrl/u_cap  false           false           
          r { NAME =~  "*ila_core_inst/u_ila_cap_ctrl/u_cap_addrgen/u_cap_window_counter/u                                                                  _addrgen/u_cap_window_counter/u_wcnt_hcmp_q*" && IS_SEQUENTIAL }]                                                 
          _wcnt_hcmp/allx_typeA_match_detection.ltlib_v1_0_2_allx_typeA_inst/DUT/I_WHOLE_S                                                                                                                                                                                    
          LICE.G_SLICE_IDX[*].U_ALL_SRL_SLICE/u_srl*/S*"}]]                                                                                                                                                                                                                   
62        *                                                                                 *                                                               [get_pins -hier *cdc_to*/D]                                                       false           false           
63        *                                                                                 *                                                               [get_pins -hier *cdc_to*/D]                                                       false           false           
64        *                                                                                 *                                                               [get_pins -hier *cdc_to*/D]                                                       false           false           
65        *                                                                                 *                                                               [get_pins -hier *cdc_to*/D]                                                       false           false           
68        *                                                                                 *                                                               [get_pins -hier *cdc_to*/D]                                                       false           false           Invalid endpoint 
69        *                                                                                 *                                                               [get_pins -hier *cdc_to*/D]                                                       false           false           Invalid endpoint 
71        [get_ports reset_n]                                                               *                                                               *                                                                                 false           false           
74        *                                                                                 [get_ports -scoped_to_current_instance -no_traverse src_arst]   *                                                                                 false           false           
76        *                                                                                 [get_ports -scoped_to_current_instance -no_traverse src_arst]   *                                                                                 false           false           
78        *                                                                                 [get_ports -scoped_to_current_instance -no_traverse src_arst]   *                                                                                 false           false           
79        *                                                                                 [get_ports -scoped_to_current_instance -no_traverse src_arst]   *                                                                                 false           false           
80        *                                                                                 [get_ports -scoped_to_current_instance -no_traverse src_arst]   *                                                                                 false           false           
81        *                                                                                 [get_ports -scoped_to_current_instance -no_traverse src_arst]   *                                                                                 false           false           
82        *                                                                                 [get_ports -scoped_to_current_instance -no_traverse src_arst]   *                                                                                 false           false           
84        *                                                                                 [get_ports -scoped_to_current_instance -no_traverse src_arst]   *                                                                                 false           false           
86        *                                                                                 [get_ports -scoped_to_current_instance -no_traverse src_arst]   *                                                                                 false           false           
87        *                                                                                 [get_ports -scoped_to_current_instance -no_traverse src_arst]   *                                                                                 false           false           
88        *                                                                                 [get_ports -scoped_to_current_instance -no_traverse src_arst]   *                                                                                 false           false           
89        *                                                                                 [get_ports -scoped_to_current_instance -no_traverse src_arst]   *                                                                                 false           false           
90        *                                                                                 [get_ports -scoped_to_current_instance -no_traverse src_arst]   *                                                                                 false           false           
91        *                                                                                 [get_ports -scoped_to_current_instance -no_traverse src_arst]   *                                                                                 false           false           
92        *                                                                                 [get_ports -scoped_to_current_instance -no_traverse src_arst]   *                                                                                 false           false           
93        *                                                                                 [get_ports -scoped_to_current_instance -no_traverse src_arst]   *                                                                                 false           false           
94        *                                                                                 [get_ports -scoped_to_current_instance -no_traverse src_arst]   *                                                                                 false           false           
95        *                                                                                 [get_ports -scoped_to_current_instance -no_traverse src_arst]   *                                                                                 false           false           
96        *                                                                                 [get_ports -scoped_to_current_instance -no_traverse src_arst]   *                                                                                 false           false           
97        *                                                                                 [get_ports -scoped_to_current_instance -no_traverse src_arst]   *                                                                                 false           false           
98        *                                                                                 [get_ports -scoped_to_current_instance -no_traverse src_arst]   *                                                                                 false           false           
99        *                                                                                 [get_ports -scoped_to_current_instance -no_traverse src_arst]   *                                                                                 false           false           
100       *                                                                                 [get_ports -scoped_to_current_instance -no_traverse src_arst]   *                                                                                 false           false           
102       *                                                                                 [get_ports -scoped_to_current_instance -no_traverse src_arst]   *                                                                                 false           false           
104       *                                                                                 [get_ports -scoped_to_current_instance -no_traverse src_arst]   *                                                                                 false           false           
106       *                                                                                 [get_ports -scoped_to_current_instance -no_traverse src_arst]   *                                                                                 false           false           
107       *                                                                                 [get_ports -scoped_to_current_instance -no_traverse src_arst]   *                                                                                 false           false           
109       *                                                                                 [get_ports -scoped_to_current_instance -no_traverse src_arst]   *                                                                                 false           false           
111       *                                                                                 [get_ports -scoped_to_current_instance -no_traverse src_arst]   *                                                                                 false           false           
113       *                                                                                 [get_ports -scoped_to_current_instance -no_traverse src_arst]   *                                                                                 false           false           
115       *                                                                                 [get_ports -scoped_to_current_instance -no_traverse src_arst]   *                                                                                 false           false           
117       *                                                                                 [get_ports -scoped_to_current_instance -no_traverse src_arst]   *                                                                                 false           false           
119       *                                                                                 [get_ports -scoped_to_current_instance -no_traverse src_arst]   *                                                                                 false           false           
121       *                                                                                 [get_ports -scoped_to_current_instance -no_traverse src_arst]   *                                                                                 false           false           
123       *                                                                                 [get_ports -scoped_to_current_instance -no_traverse src_arst]   *                                                                                 false           false           
125       *                                                                                 [get_ports -scoped_to_current_instance -no_traverse src_arst]   *                                                                                 false           false           
127       *                                                                                 [get_ports -scoped_to_current_instance -no_traverse src_arst]   *                                                                                 false           false           
129       *                                                                                 [get_ports -scoped_to_current_instance -no_traverse src_arst]   *                                                                                 false           false           
131       *                                                                                 [get_ports -scoped_to_current_instance -no_traverse src_arst]   *                                                                                 false           false           
132       *                                                                                 [get_ports -scoped_to_current_instance -no_traverse src_arst]   *                                                                                 false           false           
133       *                                                                                 [get_ports -scoped_to_current_instance -no_traverse src_arst]   *                                                                                 false           false           
134       *                                                                                 [get_ports -scoped_to_current_instance -no_traverse src_arst]   *                                                                                 false           false           
135       *                                                                                 [get_ports -scoped_to_current_instance -no_traverse src_arst]   *                                                                                 false           false           
136       *                                                                                 [get_ports -scoped_to_current_instance -no_traverse src_arst]   *                                                                                 false           false           
137       *                                                                                 [get_ports -scoped_to_current_instance -no_traverse src_arst]   *                                                                                 false           false           
138       *                                                                                 [get_ports -scoped_to_current_instance -no_traverse src_arst]   *                                                                                 false           false           
139       *                                                                                 [get_ports -scoped_to_current_instance -no_traverse src_arst]   *                                                                                 false           false           
140       *                                                                                 [get_ports -scoped_to_current_instance -no_traverse src_arst]   *                                                                                 false           false           
141       [get_cells src_gray_ff_reg*]                                                      *                                                               [get_cells {dest_graysync_ff_reg[0]*}]                                            max_dpo=4.444   -               
143       [get_cells src_gray_ff_reg*]                                                      *                                                               [get_cells {dest_graysync_ff_reg[0]*}]                                            max_dpo=10      -               
145       [get_cells src_gray_ff_reg*]                                                      *                                                               [get_cells {dest_graysync_ff_reg[0]*}]                                            max_dpo=4.444   -               
147       [get_cells src_gray_ff_reg*]                                                      *                                                               [get_cells {dest_graysync_ff_reg[0]*}]                                            max_dpo=4.444   -               
149       [get_cells src_gray_ff_reg*]                                                      *                                                               [get_cells {dest_graysync_ff_reg[0]*}]                                            max_dpo=10      -               
151       [get_cells src_gray_ff_reg*]                                                      *                                                               [get_cells {dest_graysync_ff_reg[0]*}]                                            max_dpo=4.444   -               
153       [get_cells src_gray_ff_reg*]                                                      *                                                               [get_cells {dest_graysync_ff_reg[0]*}]                                            max_dpo=10      -               
155       [get_cells src_gray_ff_reg*]                                                      *                                                               [get_cells {dest_graysync_ff_reg[0]*}]                                            max_dpo=4.444   -               
157       [get_cells src_gray_ff_reg*]                                                      *                                                               [get_cells {dest_graysync_ff_reg[0]*}]                                            max_dpo=10      -               
159       [get_cells src_gray_ff_reg*]                                                      *                                                               [get_cells {dest_graysync_ff_reg[0]*}]                                            max_dpo=4.444   -               
161       [get_cells src_gray_ff_reg*]                                                      *                                                               [get_cells {dest_graysync_ff_reg[0]*}]                                            max_dpo=10      -               
163       [get_cells src_gray_ff_reg*]                                                      *                                                               [get_cells {dest_graysync_ff_reg[0]*}]                                            max_dpo=10      -               
165       [get_cells src_gray_ff_reg*]                                                      *                                                               [get_cells {dest_graysync_ff_reg[0]*}]                                            max_dpo=4.444   -               
167       [get_cells src_gray_ff_reg*]                                                      *                                                               [get_cells {dest_graysync_ff_reg[0]*}]                                            max_dpo=10      -               
170       [filter [all_fanout -from [get_ports -scoped_to_current_instance clka] -flat -en  *                                                               [get_cells -hierarchical -filter {NAME =~ *doutb*reg*}]                           max_dpo=10      -               
          dpoints_only] IS_LEAF]                                                                                                                                                                                                                                              
172       [filter [all_fanout -from [get_ports -scoped_to_current_instance clka] -flat -en  *                                                               [get_cells -hierarchical -filter {NAME =~ *doutb*reg*}]                           max_dpo=10      -               
          dpoints_only] IS_LEAF]                                                                                                                                                                                                                                              
174       [filter [all_fanout -from [get_ports -scoped_to_current_instance clka] -flat -en  *                                                               [get_cells -hierarchical -filter {NAME =~ *doutb*reg*}]                           max_dpo=4.444   -               
          dpoints_only] IS_LEAF]                                                                                                                                                                                                                                              
176       [filter [all_fanout -from [get_ports -scoped_to_current_instance clka] -flat -en  *                                                               [get_cells -hierarchical -filter {NAME =~ *doutb*reg*}]                           max_dpo=4.444   -               
          dpoints_only] IS_LEAF]                                                                                                                                                                                                                                              
178       [filter [all_fanout -from [get_ports -scoped_to_current_instance clka] -flat -en  *                                                               [get_cells -hierarchical -filter {NAME =~ *doutb*reg*}]                           max_dpo=4.444   -               
          dpoints_only] IS_LEAF]                                                                                                                                                                                                                                              
180       [filter [all_fanout -from [get_ports -scoped_to_current_instance clka] -flat -en  *                                                               [get_cells -hierarchical -filter {NAME =~ *doutb*reg*}]                           max_dpo=4.444   -               
          dpoints_only] IS_LEAF]                                                                                                                                                                                                                                              
182       [filter [all_fanout -from [get_ports -scoped_to_current_instance clka] -flat -en  *                                                               [get_cells -hierarchical -filter {NAME =~ *doutb*reg*}]                           max_dpo=4.444   -               
          dpoints_only] IS_LEAF]                                                                                                                                                                                                                                              
184       [filter [all_fanout -from [get_ports -scoped_to_current_instance clka] -flat -en  *                                                               [get_cells -hierarchical -filter {NAME =~ *doutb*reg*}]                           max_dpo=10      -               
          dpoints_only] IS_LEAF]                                                                                                                                                                                                                                              
186       [filter [all_fanout -from [get_ports -scoped_to_current_instance clka] -flat -en  *                                                               [get_cells -hierarchical -filter {NAME =~ *doutb*reg*}]                           max_dpo=10      -               
          dpoints_only] IS_LEAF]                                                                                                                                                                                                                                              
188       [filter [all_fanout -from [get_pins -filter REF_PIN_NAME=~wr_clk -of_objects [ge  *                                                               [get_cells -hierarchical -filter {NAME =~ *U_RD_FIFO*gdm.dm_gen.dm*/gpr1.dout_i_  false           false           
          t_cells -hierarchical -filter {NAME =~ "*SUBCORE_FIFO.*rdfifo_inst"}]] -flat -en                                                                  reg*}]                                                                                                            
          dpoints_only] IS_LEAF]                                                                                                                                                                                                                                              
189       [get_cells -hierarchical -filter {NAME =~ "*BSCANID.u_xsdbm_id/CORE_XSDB.UUT_MAS  *                                                               [get_cells -hierarchical -filter {NAME =~ "*BSCANID.u_xsdbm_id/CORE_XSDB.UUT_MAS  max_dpo=50      -               
          TER/U_ICON_INTERFACE/U_CMD6_RD/U_RD_FIFO/SUBCORE_FIFO.xsdbm_v3_0_3_rdfifo_inst/i                                                                  TER/U_ICON_INTERFACE/U_CMD6_RD/U_RD_FIFO/SUBCORE_FIFO.xsdbm_v3_0_3_rdfifo_inst/i                                  
          nst_fifo_gen/gconvfifo.rf/grf.rf/gntv_or_sync_fifo.gcx.clkx/*rd_pntr_gc_reg[*]"}                                                                  nst_fifo_gen/gconvfifo.rf/grf.rf/gntv_or_sync_fifo.gcx.clkx/*gsync_stage[1].wr_s                                  
          ]                                                                                                                                                 tg_inst/Q_reg_reg[*]"}]                                                                                           
191       [get_cells -hierarchical -filter {NAME =~ "*BSCANID.u_xsdbm_id/CORE_XSDB.UUT_MAS  *                                                               [get_cells -hierarchical -filter {NAME =~ "*BSCANID.u_xsdbm_id/CORE_XSDB.UUT_MAS  max_dpo=10      -               
          TER/U_ICON_INTERFACE/U_CMD6_RD/U_RD_FIFO/SUBCORE_FIFO.xsdbm_v3_0_3_rdfifo_inst/i                                                                  TER/U_ICON_INTERFACE/U_CMD6_RD/U_RD_FIFO/SUBCORE_FIFO.xsdbm_v3_0_3_rdfifo_inst/i                                  
          nst_fifo_gen/gconvfifo.rf/grf.rf/gntv_or_sync_fifo.gcx.clkx/*wr_pntr_gc_reg[*]"}                                                                  nst_fifo_gen/gconvfifo.rf/grf.rf/gntv_or_sync_fifo.gcx.clkx/*gsync_stage[1].rd_s                                  
          ]                                                                                                                                                 tg_inst/Q_reg_reg[*]"}]                                                                                           
193       [filter [all_fanout -from [get_pins -filter REF_PIN_NAME=~wr_clk -of_objects [ge  *                                                               [get_cells -hierarchical -filter {NAME =~ *U_WR_FIFO*gdm.dm_gen.dm*/gpr1.dout_i_  false           false           
          t_cells -hierarchical -filter {NAME =~ "*SUBCORE_FIFO.*wrfifo_inst"}]] -flat -en                                                                  reg*}]                                                                                                            
          dpoints_only] IS_LEAF]                                                                                                                                                                                                                                              
194       [get_cells -hierarchical -filter {NAME =~ "*BSCANID.u_xsdbm_id/CORE_XSDB.UUT_MAS  *                                                               [get_cells -hierarchical -filter {NAME =~ "*BSCANID.u_xsdbm_id/CORE_XSDB.UUT_MAS  max_dpo=10      -               
          TER/U_ICON_INTERFACE/U_CMD6_WR/U_WR_FIFO/SUBCORE_FIFO.xsdbm_v3_0_3_wrfifo_inst/i                                                                  TER/U_ICON_INTERFACE/U_CMD6_WR/U_WR_FIFO/SUBCORE_FIFO.xsdbm_v3_0_3_wrfifo_inst/i                                  
          nst_fifo_gen/gconvfifo.rf/grf.rf/gntv_or_sync_fifo.gcx.clkx/*rd_pntr_gc_reg[*]"}                                                                  nst_fifo_gen/gconvfifo.rf/grf.rf/gntv_or_sync_fifo.gcx.clkx/*gsync_stage[1].wr_s                                  
          ]                                                                                                                                                 tg_inst/Q_reg_reg[*]"}]                                                                                           
196       [get_cells -hierarchical -filter {NAME =~ "*BSCANID.u_xsdbm_id/CORE_XSDB.UUT_MAS  *                                                               [get_cells -hierarchical -filter {NAME =~ "*BSCANID.u_xsdbm_id/CORE_XSDB.UUT_MAS  max_dpo=50      -               
          TER/U_ICON_INTERFACE/U_CMD6_WR/U_WR_FIFO/SUBCORE_FIFO.xsdbm_v3_0_3_wrfifo_inst/i                                                                  TER/U_ICON_INTERFACE/U_CMD6_WR/U_WR_FIFO/SUBCORE_FIFO.xsdbm_v3_0_3_wrfifo_inst/i                                  
          nst_fifo_gen/gconvfifo.rf/grf.rf/gntv_or_sync_fifo.gcx.clkx/*wr_pntr_gc_reg[*]"}                                                                  nst_fifo_gen/gconvfifo.rf/grf.rf/gntv_or_sync_fifo.gcx.clkx/*gsync_stage[1].rd_s                                  
          ]                                                                                                                                                 tg_inst/Q_reg_reg[*]"}]                                                                                           
198       [get_cells -hierarchical -filter {NAME =~ "*BSCANID.u_xsdbm_id/CORE_XSDB.UUT_MAS  *                                                               [get_cells -hierarchical -filter {NAME =~ "*BSCANID.u_xsdbm_id/CORE_XSDB.UUT_MAS  false           false           
          TER/U_ICON_INTERFACE/icn_cmd_en_reg[5]"}]                                                                                                         TER/U_ICON_INTERFACE/icn_cmd_en_5_temp_reg"}]                                                                     
199       [get_cells -hierarchical -filter {NAME =~ "*BSCANID.u_xsdbm_id/CORE_XSDB.UUT_MAS  *                                                               [get_cells -hierarchical -filter {NAME =~ "*BSCANID.u_xsdbm_id/CORE_XSDB.UUT_MAS  false           false           
          TER/U_ICON_INTERFACE/U_CMD1/icn_cmd_en_temp_reg"}]                                                                                                TER/U_ICON_INTERFACE/U_CMD1/ctl_reg_en_1_reg[0]"}]                                                                
200       [get_cells -hierarchical -filter {NAME =~ "*BSCANID.u_xsdbm_id/CORE_XSDB.UUT_MAS  *                                                               [get_cells -hierarchical -filter {NAME =~ "*BSCANID.u_xsdbm_id/CORE_XSDB.UUT_MAS  false           false           
          TER/U_ICON_INTERFACE/U_CMD2/icn_cmd_en_temp_reg"}]                                                                                                TER/U_ICON_INTERFACE/U_CMD2/stat_reg_ld_reg[0]"}]                                                                 
201       [get_cells -hierarchical -filter {NAME =~ "*BSCANID.u_xsdbm_id/CORE_XSDB.UUT_MAS  *                                                               [get_cells -hierarchical -filter {NAME =~ "*BSCANID.u_xsdbm_id/CORE_XSDB.UUT_MAS  false           false           
          TER/U_ICON_INTERFACE/U_CMD3/icn_cmd_en_temp_reg"}]                                                                                                TER/U_ICON_INTERFACE/U_CMD3/stat_reg_ld_reg[0]"}]                                                                 
202       [get_cells -hierarchical -filter {NAME =~ "*BSCANID.u_xsdbm_id/CORE_XSDB.UUT_MAS  *                                                               [get_cells -hierarchical -filter {NAME =~ "*BSCANID.u_xsdbm_id/CORE_XSDB.UUT_MAS  false           false           
          TER/U_ICON_INTERFACE/U_CMD4/icn_cmd_en_temp_reg"}]                                                                                                TER/U_ICON_INTERFACE/U_CMD4/ctl_reg_en_1_reg[0]"}]                                                                
203       [get_cells -hierarchical -filter {NAME =~ "*BSCANID.u_xsdbm_id/CORE_XSDB.UUT_MAS  *                                                               [get_cells -hierarchical -filter {NAME =~ "*BSCANID.u_xsdbm_id/CORE_XSDB.UUT_MAS  false           false           
          TER/U_ICON_INTERFACE/U_CMD5/icn_cmd_en_temp_reg"}]                                                                                                TER/U_ICON_INTERFACE/U_CMD5/ctl_reg_en_1_reg[0]"}]                                                                
204       [get_cells -hierarchical -filter {NAME =~ "*BSCANID.u_xsdbm_id/CORE_XSDB.UUT_MAS  *                                                               [get_cells -hierarchical -filter {NAME =~ "*BSCANID.u_xsdbm_id/CORE_XSDB.UUT_MAS  false           false           
          TER/U_ICON_INTERFACE/U_CMD7_CTL/icn_cmd_en_temp_reg"}]                                                                                            TER/U_ICON_INTERFACE/U_CMD7_CTL/ctl_reg_en_1_reg[0]"}]                                                            
205       [get_cells -hierarchical -filter {NAME =~ "*BSCANID.u_xsdbm_id/CORE_XSDB.UUT_MAS  *                                                               [get_cells -hierarchical -filter {NAME =~ "*BSCANID.u_xsdbm_id/CORE_XSDB.UUT_MAS  false           false           
          TER/U_ICON_INTERFACE/U_CMD7_CTL/shift_reg_in_reg[*]"}]                                                                                            TER/U_ICON_INTERFACE/U_CMD7_CTL/ctl_reg_reg[*]"}]                                                                 
206       [get_cells -hierarchical -filter {NAME =~ "*BSCANID.u_xsdbm_id/CORE_XSDB.UUT_MAS  *                                                               [get_cells -hierarchical -filter {NAME =~ "*BSCANID.u_xsdbm_id/CORE_XSDB.UUT_MAS  false           false           
          TER/U_ICON_INTERFACE/U_CMD7_CTL/shift_reg_in_reg[0]"}]                                                                                            TER/U_ICON_INTERFACE/U_CMD7_STAT/stat_reg_reg[0]"}]                                                               
207       [get_cells -hierarchical -filter {NAME =~ "*BSCANID.u_xsdbm_id/CORE_XSDB.UUT_MAS  *                                                               [get_cells -hierarchical -filter {NAME =~ "*BSCANID.u_xsdbm_id/CORE_XSDB.UUT_MAS  false           false           
          TER/U_ICON_INTERFACE/U_CMD7_STAT/icn_cmd_en_temp_reg"}]                                                                                           TER/U_ICON_INTERFACE/U_CMD7_STAT/stat_reg_ld_reg[0]"}]                                                            
208       [get_cells -hierarchical -filter {NAME =~ "*BSCANID.u_xsdbm_id/CORE_XSDB.UUT_MAS  *                                                               [get_cells -hierarchical -filter {NAME =~ "*BSCANID.u_xsdbm_id/CORE_XSDB.UUT_MAS  false           false           
          TER/U_ICON_INTERFACE/wrdata_rst_reg"}]                                                                                                            TER/U_ICON_INTERFACE/U_CMD6_WR/U_WR_FIFO/SUBCORE_FIFO.xsdbm_v3_0_3_wrfifo_inst/i                                  
                                                                                                                                                            nst_fifo_gen/gconvfifo.rf/grf.rf/rstblk/ngwrdrst.grst.g7serrst.rst_rd_reg1_reg"}                                  
                                                                                                                                                            ]                                                                                                                 
209       [get_cells -hierarchical -filter {NAME =~ "*BSCANID.u_xsdbm_id/CORE_XSDB.UUT_MAS  *                                                               [get_cells -hierarchical -filter {NAME =~ "*BSCANID.u_xsdbm_id/CORE_XSDB.UUT_MAS  false           false           
          TER/U_ICON_INTERFACE/wrdata_rst_reg"}]                                                                                                            TER/U_ICON_INTERFACE/U_CMD6_WR/U_WR_FIFO/SUBCORE_FIFO.xsdbm_v3_0_3_wrfifo_inst/i                                  
                                                                                                                                                            nst_fifo_gen/gconvfifo.rf/grf.rf/rstblk/ngwrdrst.grst.g7serrst.rst_rd_reg2_reg"}                                  
                                                                                                                                                            ]                                                                                                                 
210       [get_cells -hierarchical -filter {NAME =~ "*BSCANID.u_xsdbm_id/CORE_XSDB.UUT_MAS  *                                                               [get_cells -hierarchical -filter {NAME =~ "*BSCANID.u_xsdbm_id/CORE_XSDB.UUT_MAS  false           false           
          TER/U_ICON_INTERFACE/U_CMD4/shift_reg_in_reg[*]"}]                                                                                                TER/U_ICON_INTERFACE/U_CMD4/ctl_reg_reg[*]"}]                                                                     
211       [get_cells -hierarchical -filter {NAME =~ "*BSCANID.u_xsdbm_id/CORE_XSDB.UUT_MAS  *                                                               [get_cells -hierarchical -filter {NAME =~ "*BSCANID.u_xsdbm_id/CORE_XSDB.UUT_MAS  false           false           
          TER/U_ICON_INTERFACE/U_CMD1/shift_reg_in_reg[*]"}]                                                                                                TER/U_ICON_INTERFACE/U_CMD1/ctl_reg_reg[*]"}]                                                                     
212       [get_cells -hierarchical -filter {NAME =~ "*BSCANID.u_xsdbm_id/CORE_XSDB.UUT_MAS  *                                                               [get_cells -hierarchical -filter {NAME =~ "*BSCANID.u_xsdbm_id/CORE_XSDB.UUT_MAS  false           false           
          TER/U_ICON_INTERFACE/U_CMD5/shift_reg_in_reg[*]"}]                                                                                                TER/U_ICON_INTERFACE/U_CMD5/ctl_reg_reg[*]"}]                                                                     
213       [get_cells -hierarchical -filter {NAME =~ "*BSCANID.u_xsdbm_id/CORE_XSDB.UUT_MAS  *                                                               [get_cells -hierarchical -filter {NAME =~ "*BSCANID.u_xsdbm_id/CORE_XSDB.UUT_MAS  false           false           
          TER/U_ICON_INTERFACE/U_CMD1/ctl_reg_reg[0]"}]                                                                                                     TER/U_ICON_INTERFACE/ma_rst_1_reg"}]                                                                              
214       [get_cells -hierarchical -filter {NAME =~ "*BSCANID.u_xsdbm_id/CORE_XSDB.UUT_MAS  *                                                               [get_cells -hierarchical -filter {NAME =~ "*BSCANID.u_xsdbm_id/CORE_XSDB.UUT_MAS  false           false           
          TER/U_ICON_INTERFACE/U_CMD2/stat_reg_reg[*]"}]                                                                                                    TER/U_ICON_INTERFACE/U_CMD2/stat_reg_1_reg[*]"}]                                                                  
215       [get_cells -hierarchical -filter {NAME =~ "*BSCANID.u_xsdbm_id/CORE_XSDB.UUT_MAS  *                                                               [get_cells -hierarchical -filter {NAME =~ "*BSCANID.u_xsdbm_id/CORE_XSDB.UUT_MAS  false           false           
          TER/U_ICON_INTERFACE/U_CMD3/stat_reg_reg[*]"}]                                                                                                    TER/U_ICON_INTERFACE/U_CMD3/stat_reg_1_reg[*]"}]                                                                  
216       [get_cells -hierarchical -filter {NAME =~ "*BSCANID.u_xsdbm_id/CORE_XSDB.UUT_MAS  *                                                               [get_cells -hierarchical -filter {NAME =~ "*BSCANID.u_xsdbm_id/CORE_XSDB.UUT_MAS  false           false           
          TER/U_ICON_INTERFACE/U_CMD7_STAT/stat_reg_reg[*]"}]                                                                                               TER/U_ICON_INTERFACE/U_CMD7_STAT/stat_reg_1_reg[*]"}]                                                             
217       [get_cells -hierarchical -filter {NAME =~ "*BSCANID.u_xsdbm_id/CORE_XSDB.UUT_MAS  *                                                               [get_cells -hierarchical -filter {NAME =~ "*BSCANID.u_xsdbm_id/CORE_XSDB.UUT_MAS  false           false           
          TER/U_ICON_INTERFACE/rddata_rst_reg"}]                                                                                                            TER/U_ICON_INTERFACE/U_CMD6_RD/U_RD_FIFO/SUBCORE_FIFO.xsdbm_v3_0_3_rdfifo_inst/i                                  
                                                                                                                                                            nst_fifo_gen/gconvfifo.rf/grf.rf/rstblk/ngwrdrst.grst.g7serrst.rst_rd_reg1_reg"}                                  
                                                                                                                                                            ]                                                                                                                 
218       [get_cells -hierarchical -filter {NAME =~ "*BSCANID.u_xsdbm_id/CORE_XSDB.UUT_MAS  *                                                               [get_cells -hierarchical -filter {NAME =~ "*BSCANID.u_xsdbm_id/CORE_XSDB.UUT_MAS  false           false           
          TER/U_ICON_INTERFACE/rddata_rst_reg"}]                                                                                                            TER/U_ICON_INTERFACE/U_CMD6_RD/U_RD_FIFO/SUBCORE_FIFO.xsdbm_v3_0_3_rdfifo_inst/i                                  
                                                                                                                                                            nst_fifo_gen/gconvfifo.rf/grf.rf/rstblk/ngwrdrst.grst.g7serrst.rst_rd_reg2_reg"}                                  
                                                                                                                                                            ]                                                                                                                 
219       [get_cells -hierarchical -filter {NAME =~ "*BSCANID.u_xsdbm_id/CORE_XSDB.UUT_MAS  *                                                               [get_cells -hierarchical -filter {NAME =~ "*BSCANID.u_xsdbm_id/CORE_XSDB.UUT_MAS  false           false           
          TER/U_ICON_INTERFACE/rddata_rst_reg"}]                                                                                                            TER/U_ICON_INTERFACE/U_CMD6_RD/shift_reg_in_reg[*]"}]                                                             
220       [get_cells -hierarchical -filter {NAME =~ "*BSCANID.u_xsdbm_id/CORE_XSDB.UUT_MAS  *                                                               [get_cells -hierarchical -filter {NAME =~ "*BSCANID.u_xsdbm_id/CORE_XSDB.UUT_MAS  false           false           
          TER/U_ICON_INTERFACE/U_CMD1/ctl_reg_reg[0]"}]                                                                                                     TER/U_ICON_INTERFACE/U_CMD4/shift_reg_in_reg[*]"}]                                                                
221       [get_cells -hierarchical -filter {NAME =~ "*BSCANID.u_xsdbm_id/CORE_XSDB.UUT_MAS  *                                                               [get_cells -hierarchical -filter {NAME =~ "*BSCANID.u_xsdbm_id/CORE_XSDB.UUT_MAS  false           false           
          TER/U_ICON_INTERFACE/U_CMD1/ctl_reg_reg[0]"}]                                                                                                     TER/U_ICON_INTERFACE/U_CMD5/shift_reg_in_reg[*]"}]                                                                
222       [get_cells -hierarchical -filter {NAME =~ "*BSCANID.u_xsdbm_id/CORE_XSDB.UUT_MAS  *                                                               [get_cells -hierarchical -filter {NAME =~ "*BSCANID.u_xsdbm_id/CORE_XSDB.UUT_MAS  false           false           
          TER/U_ICON_INTERFACE/U_CMD1/ctl_reg_reg[0]"}]                                                                                                     TER/U_ICON_INTERFACE/U_CMD7_CTL/shift_reg_in_reg[*]"}]                                                            

