                             latency        interval
transaction       0:             728             718
transaction       1:             729             719
transaction       2:             717             707
transaction       3:             717             707
transaction       4:            2094            2084
transaction       5:            1772            1762
transaction       6:            6740            6730
transaction       7:            4803            4793
transaction       8:             748             738
transaction       9:             743             733
transaction      10:             762             752
transaction      11:             757             747
transaction      12:            2050            2040
transaction      13:            1723            1713
transaction      14:            2113            2103
transaction      15:            1786            1776
transaction      16:            4038            4028
transaction      17:            3067            3057
transaction      18:            4033            4023
transaction      19:            3067            3057
transaction      20:            4033            4023
transaction      21:            3067            3057
transaction      22:           18423           18413
transaction      23:           11677           11667
transaction      24:              55              45
transaction      25:              50               x
