

================================================================
== Vitis HLS Report for 'runAccumulatorColumns'
================================================================
* Date:           Sat Oct 10 10:48:19 2026

* Version:        2024.2 (Build 5238294 on Nov  8 2024)
* Project:        build
* Solution:       solution1 (Vivado IP Flow Target)
* Product family: virtexuplusHBM
* Target device:  xcvu37p_CIV-fsvh2892-2-e


================================================================
== Performance Estimates
================================================================
+ Timing: 
    * Summary: 
    +--------+----------+----------+------------+
    |  Clock |  Target  | Estimated| Uncertainty|
    +--------+----------+----------+------------+
    |ap_clk  |  10.00 ns|  7.299 ns|     2.70 ns|
    +--------+----------+----------+------------+

+ Latency: 
    * Summary: 
    +---------+---------+-----------+-----------+-----+-----+---------+
    |  Latency (cycles) |   Latency (absolute)  |  Interval | Pipeline|
    |   min   |   max   |    min    |    max    | min | max |   Type  |
    +---------+---------+-----------+-----------+-----+-----+---------+
    |        7|        7|  70.000 ns|  70.000 ns|    1|    1|      yes|
    +---------+---------+-----------+-----------+-----+-----+---------+

    + Detail: 
        * Instance: 
        +-------------------------------------------------+-----------------------------------+---------+---------+-----------+-----------+-----+-----+---------+
        |                                                 |                                   |  Latency (cycles) |   Latency (absolute)  |  Interval | Pipeline|
        |                     Instance                    |               Module              |   min   |   max   |    min    |    max    | min | max |   Type  |
        +-------------------------------------------------+-----------------------------------+---------+---------+-----------+-----------+-----+-----+---------+
        |tmp_s_p_anonymous_namespace_ldexpByBits_fu_862   |p_anonymous_namespace_ldexpByBits  |        0|        0|       0 ns|       0 ns|    1|    1|      yes|
        |tmp_30_p_anonymous_namespace_ldexpByBits_fu_870  |p_anonymous_namespace_ldexpByBits  |        0|        0|       0 ns|       0 ns|    1|    1|      yes|
        |grp_stageAccumulatorResult_fu_878                |stageAccumulatorResult             |        1|        1|  10.000 ns|  10.000 ns|    1|    1|      yes|
        +-------------------------------------------------+-----------------------------------+---------+---------+-----------+-----------+-----+-----+---------+

        * Loop: 
        N/A



================================================================
== Utilization Estimates
================================================================
* Summary: 
+---------------------+---------+------+---------+---------+-----+
|         Name        | BRAM_18K|  DSP |    FF   |   LUT   | URAM|
+---------------------+---------+------+---------+---------+-----+
|DSP                  |        -|     -|        -|        -|    -|
|Expression           |        -|     -|        0|    10284|    -|
|FIFO                 |        -|     -|        -|        -|    -|
|Instance             |        -|     4|       66|     3178|    -|
|Memory               |        0|     -|       64|       66|    -|
|Multiplexer          |        -|     -|        0|      544|    -|
|Register             |        -|     -|     2412|      160|    -|
+---------------------+---------+------+---------+---------+-----+
|Total                |        0|     4|     2542|    14232|    0|
+---------------------+---------+------+---------+---------+-----+
|Available SLR        |     1344|  3008|   869120|   434560|  320|
+---------------------+---------+------+---------+---------+-----+
|Utilization SLR (%)  |        0|    ~0|       ~0|        3|    0|
+---------------------+---------+------+---------+---------+-----+
|Available            |     4032|  9024|  2607360|  1303680|  960|
+---------------------+---------+------+---------+---------+-----+
|Utilization (%)      |        0|    ~0|       ~0|        1|    0|
+---------------------+---------+------+---------+---------+-----+

+ Detail: 
    * Instance: 
    +-------------------------------------------------+-----------------------------------+---------+----+----+------+-----+
    |                     Instance                    |               Module              | BRAM_18K| DSP| FF |  LUT | URAM|
    +-------------------------------------------------+-----------------------------------+---------+----+----+------+-----+
    |ctlz_24_24_1_1_U279                              |ctlz_24_24_1_1                     |        0|   0|   0|    33|    0|
    |ctlz_24_24_1_1_U281                              |ctlz_24_24_1_1                     |        0|   0|   0|    33|    0|
    |ctlz_48_48_1_1_U278                              |ctlz_48_48_1_1                     |        0|   0|   0|    69|    0|
    |ctlz_48_48_1_1_U280                              |ctlz_48_48_1_1                     |        0|   0|   0|    69|    0|
    |ctlz_51_51_1_1_U286                              |ctlz_51_51_1_1                     |        0|   0|   0|    73|    0|
    |ctlz_51_51_1_1_U291                              |ctlz_51_51_1_1                     |        0|   0|   0|    73|    0|
    |mul_24ns_24ns_48_3_1_U272                        |mul_24ns_24ns_48_3_1               |        0|   2|   0|    23|    0|
    |mul_24ns_24ns_48_3_1_U273                        |mul_24ns_24ns_48_3_1               |        0|   2|   0|    23|    0|
    |tmp_s_p_anonymous_namespace_ldexpByBits_fu_862   |p_anonymous_namespace_ldexpByBits  |        0|   0|   0|  1284|    0|
    |tmp_30_p_anonymous_namespace_ldexpByBits_fu_870  |p_anonymous_namespace_ldexpByBits  |        0|   0|   0|  1284|    0|
    |sparsemux_19_8_32_1_1_U293                       |sparsemux_19_8_32_1_1              |        0|   0|   0|    43|    0|
    |sparsemux_19_8_32_1_1_U295                       |sparsemux_19_8_32_1_1              |        0|   0|   0|    43|    0|
    |sparsemux_7_2_24_1_1_U275                        |sparsemux_7_2_24_1_1               |        0|   0|   0|     9|    0|
    |sparsemux_7_2_24_1_1_U277                        |sparsemux_7_2_24_1_1               |        0|   0|   0|     9|    0|
    |sparsemux_7_2_31_1_1_U274                        |sparsemux_7_2_31_1_1               |        0|   0|   0|     9|    0|
    |sparsemux_7_2_31_1_1_U276                        |sparsemux_7_2_31_1_1               |        0|   0|   0|     9|    0|
    |sparsemux_7_2_51_1_1_U282                        |sparsemux_7_2_51_1_1               |        0|   0|   0|     9|    0|
    |sparsemux_7_2_51_1_1_U283                        |sparsemux_7_2_51_1_1               |        0|   0|   0|     9|    0|
    |sparsemux_7_2_51_1_1_U284                        |sparsemux_7_2_51_1_1               |        0|   0|   0|     9|    0|
    |sparsemux_7_2_51_1_1_U287                        |sparsemux_7_2_51_1_1               |        0|   0|   0|     9|    0|
    |sparsemux_7_2_51_1_1_U288                        |sparsemux_7_2_51_1_1               |        0|   0|   0|     9|    0|
    |sparsemux_7_2_51_1_1_U289                        |sparsemux_7_2_51_1_1               |        0|   0|   0|     9|    0|
    |sparsemux_7_2_51_1_1_U292                        |sparsemux_7_2_51_1_1               |        0|   0|   0|     9|    0|
    |sparsemux_7_2_51_1_1_U294                        |sparsemux_7_2_51_1_1               |        0|   0|   0|     9|    0|
    |sparsemux_7_2_52_1_1_U285                        |sparsemux_7_2_52_1_1               |        0|   0|   0|     9|    0|
    |sparsemux_7_2_52_1_1_U290                        |sparsemux_7_2_52_1_1               |        0|   0|   0|     9|    0|
    |grp_stageAccumulatorResult_fu_878                |stageAccumulatorResult             |        0|   0|  66|     2|    0|
    +-------------------------------------------------+-----------------------------------+---------+----+----+------+-----+
    |Total                                            |                                   |        0|   4|  66|  3178|    0|
    +-------------------------------------------------+-----------------------------------+---------+----+----+------+-----+

    * DSP: 
    N/A

    * Memory: 
    +-------------------------------------------------------+----------------------------------------------------------------------------------+---------+----+----+-----+------+-----+------+-------------+
    |                         Memory                        |                                      Module                                      | BRAM_18K| FF | LUT| URAM| Words| Bits| Banks| W*Bits*Banks|
    +-------------------------------------------------------+----------------------------------------------------------------------------------+---------+----+----+-----+------+-----+------+-------------+
    |fsa_anonymous_namespace_ACC_EXP2_PWL_INTERCEPT_BITS_U  |runAccumulatorColumns_fsa_anonymous_namespace_ACC_EXP2_PWL_INTERCEPT_BITS_ROMcud  |        0|  32|  33|    0|     8|   25|     1|          200|
    |fsa_anonymous_namespace_ACC_EXP2_PWL_SLOPE_BITS_U      |runAccumulatorColumns_fsa_anonymous_namespace_ACC_EXP2_PWL_SLOPE_BITS_ROM_AUTbkb  |        0|  32|  33|    0|     8|   26|     1|          208|
    +-------------------------------------------------------+----------------------------------------------------------------------------------+---------+----+----+-----+------+-----+------+-------------+
    |Total                                                  |                                                                                  |        0|  64|  66|    0|    16|   51|     2|          408|
    +-------------------------------------------------------+----------------------------------------------------------------------------------+---------+----+----+-----+------+-----+------+-------------+

    * FIFO: 
    N/A

    * Expression: 
    +-----------------------------------+----------+----+---+-----+------------+------------+
    |           Variable Name           | Operation| DSP| FF| LUT | Bitwidth P0| Bitwidth P1|
    +-----------------------------------+----------+----+---+-----+------------+------------+
    |add_ln108_1_fu_3242_p2             |         +|   0|  0|   18|          10|          10|
    |add_ln108_fu_2906_p2               |         +|   0|  0|   18|          10|          10|
    |add_ln28_1_fu_2831_p2              |         +|   0|  0|   16|           9|           8|
    |add_ln28_2_fu_3033_p2              |         +|   0|  0|   16|           9|           8|
    |add_ln28_3_fu_3167_p2              |         +|   0|  0|   16|           9|           8|
    |add_ln28_fu_2697_p2                |         +|   0|  0|   16|           9|           8|
    |add_ln400_1_fu_2216_p2             |         +|   0|  0|   19|           8|           8|
    |add_ln400_2_fu_2437_p2             |         +|   0|  0|   19|           8|           7|
    |add_ln400_3_fu_2443_p2             |         +|   0|  0|   19|           8|           8|
    |add_ln400_fu_2210_p2               |         +|   0|  0|   19|           8|           7|
    |add_ln84_1_fu_5058_p2              |         +|   0|  0|   17|          10|           1|
    |add_ln84_2_fu_4477_p2              |         +|   0|  0|   17|          10|           1|
    |add_ln84_3_fu_5635_p2              |         +|   0|  0|   17|          10|           1|
    |add_ln84_fu_3758_p2                |         +|   0|  0|   17|          10|           1|
    |add_ln92_1_fu_5126_p2              |         +|   0|  0|   15|           8|           7|
    |add_ln92_2_fu_5385_p2              |         +|   0|  0|   15|           8|           7|
    |add_ln92_3_fu_5703_p2              |         +|   0|  0|   15|           8|           7|
    |add_ln92_fu_4808_p2                |         +|   0|  0|   15|           8|           7|
    |b_lsb_exponent_3_fu_2736_p2        |         +|   0|  0|   16|           9|           9|
    |b_lsb_exponent_fu_3072_p2          |         +|   0|  0|   16|           9|           9|
    |binary_scale_24_fu_1600_p2         |         +|   0|  0|   16|           9|           9|
    |binary_scale_fu_944_p2             |         +|   0|  0|   16|           9|           9|
    |magnitude_34_fu_3927_p2            |         +|   0|  0|   59|          52|          52|
    |magnitude_38_fu_4646_p2            |         +|   0|  0|   59|          52|          52|
    |mask_8_fu_1768_p2                  |         +|   0|  0|   31|          24|           2|
    |mask_fu_1112_p2                    |         +|   0|  0|   31|          24|           2|
    |piece_shift_8_fu_2044_p2           |         +|   0|  0|   16|           9|           9|
    |piece_shift_fu_1388_p2             |         +|   0|  0|   16|           9|           9|
    |rounded_32_fu_3657_p2              |         +|   0|  0|   32|          25|           1|
    |rounded_35_fu_5004_p2              |         +|   0|  0|   32|          25|           1|
    |rounded_37_fu_4376_p2              |         +|   0|  0|   32|          25|           1|
    |rounded_39_fu_5581_p2              |         +|   0|  0|   32|          25|           1|
    |top_exponent_2_fu_3973_p2          |         +|   0|  0|   17|          10|           1|
    |top_exponent_5_fu_4692_p2          |         +|   0|  0|   17|          10|           1|
    |c_top_8_fu_3276_p2                 |         -|   0|  0|   16|           9|           9|
    |c_top_fu_2940_p2                   |         -|   0|  0|   16|           9|           9|
    |magnitude_34_fu_3927_p4            |         -|   0|  0|   59|          52|          52|
    |magnitude_34_fu_3927_p6            |         -|   0|  0|   59|          52|          52|
    |magnitude_38_fu_4646_p4            |         -|   0|  0|   59|          52|          52|
    |magnitude_38_fu_4646_p6            |         -|   0|  0|   59|          52|          52|
    |product_top_8_fu_3248_p2           |         -|   0|  0|   18|          10|          10|
    |product_top_fu_2912_p2             |         -|   0|  0|   18|          10|          10|
    |right_shift_16_fu_1670_p2          |         -|   0|  0|   16|           8|           9|
    |right_shift_fu_1014_p2             |         -|   0|  0|   16|           8|           9|
    |sub_ln124_1_fu_4099_p2             |         -|   0|  0|   18|          11|          11|
    |sub_ln124_fu_3380_p2               |         -|   0|  0|   18|          11|          11|
    |sub_ln125_1_fu_4351_p2             |         -|   0|  0|   17|          10|          10|
    |sub_ln125_fu_3632_p2               |         -|   0|  0|   17|          10|          10|
    |sub_ln379_1_fu_1708_p2             |         -|   0|  0|   15|           1|           8|
    |sub_ln379_fu_1052_p2               |         -|   0|  0|   15|           1|           8|
    |sub_ln386_1_fu_1838_p2             |         -|   0|  0|   39|           1|          32|
    |sub_ln386_fu_1182_p2               |         -|   0|  0|   39|           1|          32|
    |sub_ln402_1_fu_2448_p2             |         -|   0|  0|   12|           5|           5|
    |sub_ln402_fu_2221_p2               |         -|   0|  0|   12|           5|           5|
    |sub_ln414_1_fu_2101_p2             |         -|   0|  0|   16|           8|           9|
    |sub_ln414_fu_1445_p2               |         -|   0|  0|   16|           8|           9|
    |sub_ln415_1_fu_2139_p2             |         -|   0|  0|   15|           1|           8|
    |sub_ln415_fu_1483_p2               |         -|   0|  0|   15|           1|           8|
    |sub_ln73_1_fu_4843_p2              |         -|   0|  0|   14|           2|           7|
    |sub_ln73_2_fu_3298_p2              |         -|   0|  0|   15|           8|           8|
    |sub_ln73_3_fu_5420_p2              |         -|   0|  0|   14|           2|           7|
    |sub_ln73_fu_2962_p2                |         -|   0|  0|   15|           8|           8|
    |top_exponent_3_fu_4011_p2          |         -|   0|  0|   17|          10|          10|
    |top_exponent_6_fu_4730_p2          |         -|   0|  0|   17|          10|          10|
    |bits_243_fu_5871_p10               |      1003|   0|  0|    2|          32|          23|
    |bits_243_fu_5871_p16               |      1003|   0|  0|    2|          32|          23|
    |bits_fu_5294_p10                   |      1003|   0|  0|    2|          32|          23|
    |bits_fu_5294_p16                   |      1003|   0|  0|    2|          32|          23|
    |a_infinity_1_fu_3020_p2            |       and|   0|  0|    2|           1|           1|
    |a_infinity_fu_2684_p2              |       and|   0|  0|    2|           1|           1|
    |a_nan_1_fu_3025_p2                 |       and|   0|  0|    2|           1|           1|
    |a_nan_fu_2689_p2                   |       and|   0|  0|    2|           1|           1|
    |a_zero_1_fu_3011_p2                |       and|   0|  0|    2|           1|           1|
    |a_zero_fu_2675_p2                  |       and|   0|  0|    2|           1|           1|
    |and_ln133_1_fu_4633_p2             |       and|   0|  0|    2|           1|           1|
    |and_ln133_fu_3914_p2               |       and|   0|  0|    2|           1|           1|
    |and_ln139_1_fu_5818_p2             |       and|   0|  0|    2|           1|           1|
    |and_ln139_fu_5241_p2               |       and|   0|  0|    2|           1|           1|
    |and_ln166_1_fu_5745_p2             |       and|   0|  0|    2|           1|           1|
    |and_ln166_fu_5168_p2               |       and|   0|  0|    2|           1|           1|
    |and_ln168_1_fu_2865_p2             |       and|   0|  0|    2|           1|           1|
    |and_ln168_2_fu_3195_p2             |       and|   0|  0|    2|           1|           1|
    |and_ln168_3_fu_3201_p2             |       and|   0|  0|    2|           1|           1|
    |and_ln168_fu_2859_p2               |       and|   0|  0|    2|           1|           1|
    |and_ln169_1_fu_2882_p2             |       and|   0|  0|    2|           1|           1|
    |and_ln169_2_fu_3212_p2             |       and|   0|  0|    2|           1|           1|
    |and_ln169_3_fu_3218_p2             |       and|   0|  0|    2|           1|           1|
    |and_ln169_fu_2876_p2               |       and|   0|  0|    2|           1|           1|
    |and_ln180_1_fu_5366_p2             |       and|   0|  0|    2|           1|           1|
    |and_ln180_fu_4789_p2               |       and|   0|  0|    2|           1|           1|
    |and_ln21_1_fu_5193_p2              |       and|   0|  0|    2|           1|           1|
    |and_ln21_2_fu_5209_p2              |       and|   0|  0|    2|           1|           1|
    |and_ln21_6_fu_5765_p2              |       and|   0|  0|    2|           1|           1|
    |and_ln21_7_fu_5770_p2              |       and|   0|  0|    2|           1|           1|
    |and_ln21_8_fu_5786_p2              |       and|   0|  0|    2|           1|           1|
    |and_ln21_fu_5188_p2                |       and|   0|  0|    2|           1|           1|
    |and_ln376_8_fu_1780_p2             |       and|   0|  0|    2|           1|           1|
    |and_ln376_fu_1124_p2               |       and|   0|  0|    2|           1|           1|
    |and_ln53_1_fu_3598_p2              |       and|   0|  0|    2|           1|           1|
    |and_ln53_2_fu_3848_p2              |       and|   0|  0|    2|           1|           1|
    |and_ln53_3_fu_4926_p2              |       and|   0|  0|    2|           1|           1|
    |and_ln53_4_fu_4241_p2              |       and|   0|  0|    2|           1|           1|
    |and_ln53_5_fu_4317_p2              |       and|   0|  0|    2|           1|           1|
    |and_ln53_6_fu_4567_p2              |       and|   0|  0|    2|           1|           1|
    |and_ln53_7_fu_5503_p2              |       and|   0|  0|    2|           1|           1|
    |and_ln53_fu_3522_p2                |       and|   0|  0|    2|           1|           1|
    |and_ln79_1_fu_5022_p2              |       and|   0|  0|    2|           1|           1|
    |and_ln79_2_fu_4441_p2              |       and|   0|  0|    2|           1|           1|
    |and_ln79_3_fu_5599_p2              |       and|   0|  0|    2|           1|           1|
    |and_ln79_fu_3722_p2                |       and|   0|  0|    2|           1|           1|
    |and_ln86_1_fu_5224_p2              |       and|   0|  0|    2|           1|           1|
    |and_ln86_2_fu_5257_p2              |       and|   0|  0|    2|           1|           1|
    |and_ln86_3_fu_5791_p2              |       and|   0|  0|    2|           1|           1|
    |and_ln86_4_fu_5801_p2              |       and|   0|  0|    2|           1|           1|
    |and_ln86_5_fu_5834_p2              |       and|   0|  0|    2|           1|           1|
    |and_ln86_fu_5214_p2                |       and|   0|  0|    2|           1|           1|
    |ap_condition_1028                  |       and|   0|  0|    2|           1|           1|
    |ap_condition_1032                  |       and|   0|  0|    2|           1|           1|
    |ap_condition_1037                  |       and|   0|  0|    2|           1|           1|
    |ap_condition_1042                  |       and|   0|  0|    2|           1|           1|
    |ap_condition_1047                  |       and|   0|  0|    2|           1|           1|
    |ap_condition_1052                  |       and|   0|  0|    2|           1|           1|
    |ap_condition_1057                  |       and|   0|  0|    2|           1|           1|
    |ap_condition_1062                  |       and|   0|  0|    2|           1|           1|
    |ap_condition_1067                  |       and|   0|  0|    2|           1|           1|
    |ap_condition_1072                  |       and|   0|  0|    2|           1|           1|
    |ap_condition_1077                  |       and|   0|  0|    2|           1|           1|
    |ap_condition_1082                  |       and|   0|  0|    2|           1|           1|
    |ap_condition_1087                  |       and|   0|  0|    2|           1|           1|
    |ap_condition_1092                  |       and|   0|  0|    2|           1|           1|
    |ap_condition_1097                  |       and|   0|  0|    2|           1|           1|
    |ap_condition_1102                  |       and|   0|  0|    2|           1|           1|
    |ap_condition_1107                  |       and|   0|  0|    2|           1|           1|
    |ap_condition_1112                  |       and|   0|  0|    2|           1|           1|
    |ap_condition_1117                  |       and|   0|  0|    2|           1|           1|
    |ap_condition_1122                  |       and|   0|  0|    2|           1|           1|
    |ap_condition_1127                  |       and|   0|  0|    2|           1|           1|
    |ap_condition_1132                  |       and|   0|  0|    2|           1|           1|
    |ap_condition_1137                  |       and|   0|  0|    2|           1|           1|
    |ap_condition_1142                  |       and|   0|  0|    2|           1|           1|
    |ap_condition_1150                  |       and|   0|  0|    2|           1|           1|
    |ap_condition_1244                  |       and|   0|  0|    2|           1|           1|
    |ap_condition_1248                  |       and|   0|  0|    2|           1|           1|
    |ap_condition_1252                  |       and|   0|  0|    2|           1|           1|
    |ap_condition_1256                  |       and|   0|  0|    2|           1|           1|
    |ap_condition_1260                  |       and|   0|  0|    2|           1|           1|
    |ap_condition_1264                  |       and|   0|  0|    2|           1|           1|
    |ap_condition_1268                  |       and|   0|  0|    2|           1|           1|
    |ap_condition_1272                  |       and|   0|  0|    2|           1|           1|
    |ap_condition_1276                  |       and|   0|  0|    2|           1|           1|
    |ap_condition_1280                  |       and|   0|  0|    2|           1|           1|
    |ap_condition_1284                  |       and|   0|  0|    2|           1|           1|
    |ap_condition_1288                  |       and|   0|  0|    2|           1|           1|
    |ap_condition_1292                  |       and|   0|  0|    2|           1|           1|
    |ap_condition_1296                  |       and|   0|  0|    2|           1|           1|
    |ap_condition_1300                  |       and|   0|  0|    2|           1|           1|
    |ap_condition_1304                  |       and|   0|  0|    2|           1|           1|
    |ap_condition_1308                  |       and|   0|  0|    2|           1|           1|
    |ap_condition_1312                  |       and|   0|  0|    2|           1|           1|
    |ap_condition_1316                  |       and|   0|  0|    2|           1|           1|
    |ap_condition_1320                  |       and|   0|  0|    2|           1|           1|
    |ap_condition_1324                  |       and|   0|  0|    2|           1|           1|
    |ap_condition_1328                  |       and|   0|  0|    2|           1|           1|
    |ap_condition_1332                  |       and|   0|  0|    2|           1|           1|
    |ap_condition_1340                  |       and|   0|  0|    2|           1|           1|
    |ap_condition_1462                  |       and|   0|  0|    2|           1|           1|
    |ap_condition_555                   |       and|   0|  0|    2|           1|           1|
    |ap_condition_683                   |       and|   0|  0|    2|           1|           1|
    |ap_condition_916                   |       and|   0|  0|    2|           1|           1|
    |b_infinity_1_fu_3059_p2            |       and|   0|  0|    2|           1|           1|
    |b_infinity_fu_2723_p2              |       and|   0|  0|    2|           1|           1|
    |b_nan_1_fu_3064_p2                 |       and|   0|  0|    2|           1|           1|
    |b_nan_fu_2728_p2                   |       and|   0|  0|    2|           1|           1|
    |b_zero_1_fu_3050_p2                |       and|   0|  0|    2|           1|           1|
    |b_zero_fu_2714_p2                  |       and|   0|  0|    2|           1|           1|
    |c_infinity_1_fu_3133_p2            |       and|   0|  0|    2|           1|           1|
    |c_infinity_fu_2797_p2              |       and|   0|  0|    2|           1|           1|
    |c_nan_1_fu_3145_p2                 |       and|   0|  0|    2|           1|           1|
    |c_nan_fu_2809_p2                   |       and|   0|  0|    2|           1|           1|
    |c_zero_1_fu_3121_p2                |       and|   0|  0|    2|           1|           1|
    |c_zero_fu_2785_p2                  |       and|   0|  0|    2|           1|           1|
    |pwl_force_zero_3_fu_926_p2         |       and|   0|  0|    2|           1|           1|
    |pwl_force_zero_fu_1582_p2          |       and|   0|  0|    2|           1|           1|
    |remainder_32_fu_1158_p6            |       and|   0|  0|   24|          24|          24|
    |remainder_34_fu_1814_p6            |       and|   0|  0|   24|          24|          24|
    |icmp_ln123_1_fu_3292_p2            |      icmp|   0|  0|   17|          10|          10|
    |icmp_ln123_fu_2956_p2              |      icmp|   0|  0|   17|          10|          10|
    |icmp_ln133_1_fu_4609_p2            |      icmp|   0|  0|   58|          51|          51|
    |icmp_ln133_fu_3890_p2              |      icmp|   0|  0|   58|          51|          51|
    |icmp_ln139_1_fu_4678_p2            |      icmp|   0|  0|   59|          52|           1|
    |icmp_ln139_fu_3959_p2              |      icmp|   0|  0|   59|          52|           1|
    |icmp_ln21_10_fu_3109_p2            |      icmp|   0|  0|   15|           8|           1|
    |icmp_ln21_11_fu_3115_p2            |      icmp|   0|  0|   30|          23|           1|
    |icmp_ln21_1_fu_2327_p2             |      icmp|   0|  0|   30|          23|           1|
    |icmp_ln21_2_fu_2379_p2             |      icmp|   0|  0|   15|           8|           1|
    |icmp_ln21_3_fu_2385_p2             |      icmp|   0|  0|   30|          23|           1|
    |icmp_ln21_4_fu_2773_p2             |      icmp|   0|  0|   15|           8|           1|
    |icmp_ln21_5_fu_2779_p2             |      icmp|   0|  0|   30|          23|           1|
    |icmp_ln21_6_fu_2548_p2             |      icmp|   0|  0|   15|           8|           1|
    |icmp_ln21_7_fu_2554_p2             |      icmp|   0|  0|   30|          23|           1|
    |icmp_ln21_8_fu_2606_p2             |      icmp|   0|  0|   15|           8|           1|
    |icmp_ln21_9_fu_2612_p2             |      icmp|   0|  0|   30|          23|           1|
    |icmp_ln21_fu_2321_p2               |      icmp|   0|  0|   15|           8|           1|
    |icmp_ln22_1_fu_2718_p2             |      icmp|   0|  0|   15|           8|           2|
    |icmp_ln22_2_fu_2791_p2             |      icmp|   0|  0|   15|           8|           2|
    |icmp_ln22_3_fu_3015_p2             |      icmp|   0|  0|   15|           8|           2|
    |icmp_ln22_4_fu_3054_p2             |      icmp|   0|  0|   15|           8|           2|
    |icmp_ln22_5_fu_3127_p2             |      icmp|   0|  0|   15|           8|           2|
    |icmp_ln22_fu_2679_p2               |      icmp|   0|  0|   15|           8|           2|
    |icmp_ln23_1_fu_2391_p2             |      icmp|   0|  0|   30|          23|           1|
    |icmp_ln23_2_fu_2803_p2             |      icmp|   0|  0|   30|          23|           1|
    |icmp_ln23_3_fu_2560_p2             |      icmp|   0|  0|   30|          23|           1|
    |icmp_ln23_4_fu_2618_p2             |      icmp|   0|  0|   30|          23|           1|
    |icmp_ln23_5_fu_3139_p2             |      icmp|   0|  0|   30|          23|           1|
    |icmp_ln23_fu_2333_p2               |      icmp|   0|  0|   30|          23|           1|
    |icmp_ln357_1_fu_1576_p2            |      icmp|   0|  0|   30|          23|           1|
    |icmp_ln357_fu_920_p2               |      icmp|   0|  0|   30|          23|           1|
    |icmp_ln371_1_fu_1642_p2            |      icmp|   0|  0|   13|           6|           1|
    |icmp_ln371_fu_986_p2               |      icmp|   0|  0|   13|           6|           1|
    |icmp_ln376_1_fu_1684_p2            |      icmp|   0|  0|   16|           9|           5|
    |icmp_ln376_fu_1028_p2              |      icmp|   0|  0|   16|           9|           5|
    |icmp_ln411_1_fu_2072_p2            |      icmp|   0|  0|   13|           6|           1|
    |icmp_ln411_fu_1416_p2              |      icmp|   0|  0|   13|           6|           1|
    |icmp_ln414_1_fu_2115_p2            |      icmp|   0|  0|   16|           9|           5|
    |icmp_ln414_fu_1459_p2              |      icmp|   0|  0|   16|           9|           5|
    |icmp_ln417_1_fu_2186_p2            |      icmp|   0|  0|   35|          28|           1|
    |icmp_ln417_fu_1530_p2              |      icmp|   0|  0|   35|          28|           1|
    |icmp_ln50_10_fu_4356_p2            |      icmp|   0|  0|   17|          10|           1|
    |icmp_ln50_8_fu_3637_p2             |      icmp|   0|  0|   17|          10|           1|
    |icmp_ln50_9_fu_4105_p2             |      icmp|   0|  0|   18|          11|           1|
    |icmp_ln50_fu_3386_p2               |      icmp|   0|  0|   18|          11|           1|
    |icmp_ln53_1_fu_2968_p2             |      icmp|   0|  0|   15|           8|           6|
    |icmp_ln53_2_fu_3643_p2             |      icmp|   0|  0|   17|          10|           6|
    |icmp_ln53_3_fu_4848_p2             |      icmp|   0|  0|   14|           7|           6|
    |icmp_ln53_4_fu_4111_p2             |      icmp|   0|  0|   18|          11|           6|
    |icmp_ln53_5_fu_3304_p2             |      icmp|   0|  0|   15|           8|           6|
    |icmp_ln53_6_fu_4362_p2             |      icmp|   0|  0|   17|          10|           6|
    |icmp_ln53_7_fu_5425_p2             |      icmp|   0|  0|   14|           7|           6|
    |icmp_ln53_fu_3392_p2               |      icmp|   0|  0|   18|          11|           6|
    |icmp_ln54_3_fu_3663_p2             |      icmp|   0|  0|   58|          51|           1|
    |icmp_ln54_4_fu_4854_p2             |      icmp|   0|  0|   58|          51|           1|
    |icmp_ln54_5_fu_4117_p2             |      icmp|   0|  0|   58|          51|           1|
    |icmp_ln54_6_fu_4382_p2             |      icmp|   0|  0|   58|          51|           1|
    |icmp_ln54_7_fu_5431_p2             |      icmp|   0|  0|   58|          51|           1|
    |icmp_ln54_fu_3398_p2               |      icmp|   0|  0|   58|          51|           1|
    |icmp_ln62_1_fu_3474_p2             |      icmp|   0|  0|   58|          51|           1|
    |icmp_ln62_2_fu_3804_p2             |      icmp|   0|  0|   58|          51|           1|
    |icmp_ln62_3_fu_4904_p2             |      icmp|   0|  0|   58|          51|           1|
    |icmp_ln62_4_fu_4203_p2             |      icmp|   0|  0|   58|          51|           1|
    |icmp_ln62_5_fu_4193_p2             |      icmp|   0|  0|   58|          51|           1|
    |icmp_ln62_6_fu_4523_p2             |      icmp|   0|  0|   58|          51|           1|
    |icmp_ln62_7_fu_5481_p2             |      icmp|   0|  0|   58|          51|           1|
    |icmp_ln62_fu_3484_p2               |      icmp|   0|  0|   58|          51|           1|
    |icmp_ln72_10_fu_5415_p2            |      icmp|   0|  0|   17|          10|           8|
    |icmp_ln72_8_fu_4838_p2             |      icmp|   0|  0|   17|          10|           8|
    |icmp_ln72_9_fu_4078_p2             |      icmp|   0|  0|   17|          10|           8|
    |icmp_ln72_fu_3359_p2               |      icmp|   0|  0|   17|          10|           8|
    |icmp_ln78_1_fu_5010_p2             |      icmp|   0|  0|   33|          26|           1|
    |icmp_ln78_2_fu_4429_p2             |      icmp|   0|  0|   33|          26|           1|
    |icmp_ln78_3_fu_5587_p2             |      icmp|   0|  0|   33|          26|           1|
    |icmp_ln78_fu_3710_p2               |      icmp|   0|  0|   33|          26|           1|
    |icmp_ln86_1_fu_5094_p2             |      icmp|   0|  0|   10|           3|           1|
    |icmp_ln86_2_fu_4513_p2             |      icmp|   0|  0|   10|           3|           1|
    |icmp_ln86_3_fu_5671_p2             |      icmp|   0|  0|   10|           3|           1|
    |icmp_ln86_fu_3794_p2               |      icmp|   0|  0|   10|           3|           1|
    |lshr_ln379_1_fu_1702_p2            |      lshr|   0|  0|   62|          24|          24|
    |lshr_ln379_fu_1046_p2              |      lshr|   0|  0|   62|          24|          24|
    |lshr_ln381_1_fu_1746_p2            |      lshr|   0|  0|   92|           1|          32|
    |lshr_ln381_fu_1090_p2              |      lshr|   0|  0|   92|           1|          32|
    |lshr_ln415_1_fu_2133_p2            |      lshr|   0|  0|   62|          24|          24|
    |lshr_ln415_fu_1477_p2              |      lshr|   0|  0|   62|          24|          24|
    |shifted_32_fu_3418_p2              |      lshr|   0|  0|  332|         102|         102|
    |shifted_33_fu_3688_p2              |      lshr|   0|  0|  332|         102|         102|
    |shifted_34_fu_4878_p2              |      lshr|   0|  0|  332|         102|         102|
    |shifted_35_fu_4137_p2              |      lshr|   0|  0|  332|         102|         102|
    |shifted_36_fu_4167_p2              |      lshr|   0|  0|  332|         102|         102|
    |shifted_37_fu_4407_p2              |      lshr|   0|  0|  332|         102|         102|
    |shifted_38_fu_5455_p2              |      lshr|   0|  0|  332|         102|         102|
    |shifted_fu_3448_p2                 |      lshr|   0|  0|  332|         102|         102|
    |ap_condition_1229                  |        or|   0|  0|    2|           1|           1|
    |ap_condition_1419                  |        or|   0|  0|    2|           1|           1|
    |empty_215_fu_3490_p2               |        or|   0|  0|    2|           1|           1|
    |empty_216_fu_3506_p2               |        or|   0|  0|    2|           1|           1|
    |empty_217_fu_3818_p2               |        or|   0|  0|    2|           1|           1|
    |empty_218_fu_4027_p2               |        or|   0|  0|    2|           1|           1|
    |empty_219_fu_4910_p2               |        or|   0|  0|    2|           1|           1|
    |empty_221_fu_4209_p2               |        or|   0|  0|    2|           1|           1|
    |empty_222_fu_4225_p2               |        or|   0|  0|    2|           1|           1|
    |empty_223_fu_4537_p2               |        or|   0|  0|    2|           1|           1|
    |empty_224_fu_4746_p2               |        or|   0|  0|    2|           1|           1|
    |empty_225_fu_5487_p2               |        or|   0|  0|    2|           1|           1|
    |or_ln133_1_fu_4666_p2              |        or|   0|  0|    2|           1|           1|
    |or_ln133_fu_3947_p2                |        or|   0|  0|    2|           1|           1|
    |or_ln139_1_fu_5823_p2              |        or|   0|  0|    2|           1|           1|
    |or_ln139_fu_5246_p2                |        or|   0|  0|    2|           1|           1|
    |or_ln169_1_fu_2984_p2              |        or|   0|  0|    2|           1|           1|
    |or_ln169_2_fu_2990_p2              |        or|   0|  0|    2|           1|           1|
    |or_ln169_3_fu_2996_p2              |        or|   0|  0|    2|           1|           1|
    |or_ln169_4_fu_3002_p2              |        or|   0|  0|    2|           1|           1|
    |or_ln169_5_fu_3314_p2              |        or|   0|  0|    2|           1|           1|
    |or_ln169_6_fu_3320_p2              |        or|   0|  0|    2|           1|           1|
    |or_ln169_7_fu_3326_p2              |        or|   0|  0|    2|           1|           1|
    |or_ln169_8_fu_3332_p2              |        or|   0|  0|    2|           1|           1|
    |or_ln169_9_fu_3338_p2              |        or|   0|  0|    2|           1|           1|
    |or_ln169_fu_2978_p2                |        or|   0|  0|    2|           1|           1|
    |or_ln178_1_fu_3224_p2              |        or|   0|  0|    2|           1|           1|
    |or_ln178_2_fu_5198_p2              |        or|   0|  0|    2|           1|           1|
    |or_ln178_3_fu_5775_p2              |        or|   0|  0|    2|           1|           1|
    |or_ln178_fu_2888_p2                |        or|   0|  0|    2|           1|           1|
    |or_ln214_1_fu_5918_p2              |        or|   0|  0|    2|           1|           1|
    |or_ln214_fu_5346_p2                |        or|   0|  0|    2|           1|           1|
    |or_ln21_1_fu_5807_p2               |        or|   0|  0|    2|           1|           1|
    |or_ln21_fu_5230_p2                 |        or|   0|  0|    2|           1|           1|
    |or_ln22_1_fu_5177_p2               |        or|   0|  0|    2|           1|           1|
    |or_ln22_2_fu_5750_p2               |        or|   0|  0|    2|           1|           1|
    |or_ln22_3_fu_5754_p2               |        or|   0|  0|    2|           1|           1|
    |or_ln22_fu_5173_p2                 |        or|   0|  0|    2|           1|           1|
    |or_ln79_1_fu_5016_p2               |        or|   0|  0|    2|           1|           1|
    |or_ln79_2_fu_4435_p2               |        or|   0|  0|    2|           1|           1|
    |or_ln79_3_fu_5593_p2               |        or|   0|  0|    2|           1|           1|
    |or_ln79_fu_3716_p2                 |        or|   0|  0|    2|           1|           1|
    |or_ln86_1_fu_5840_p2               |        or|   0|  0|    2|           1|           1|
    |or_ln86_fu_5263_p2                 |        or|   0|  0|    2|           1|           1|
    |product_infinity_8_fu_3189_p2      |        or|   0|  0|    2|           1|           1|
    |product_infinity_fu_2853_p2        |        or|   0|  0|    2|           1|           1|
    |a_significand_6_fu_2578_p3         |    select|   0|  0|   24|           1|          24|
    |a_significand_fu_2351_p3           |    select|   0|  0|   24|           1|          24|
    |b_significand_6_fu_2636_p3         |    select|   0|  0|   24|           1|          24|
    |b_significand_fu_2409_p3           |    select|   0|  0|   24|           1|          24|
    |bits_171_fu_4822_p3                |    select|   0|  0|   32|           1|          32|
    |bits_176_fu_5141_p3                |    select|   0|  0|   32|           1|          32|
    |bits_184_fu_5399_p3                |    select|   0|  0|   32|           1|          32|
    |bits_189_fu_5718_p3                |    select|   0|  0|   32|           1|          32|
    |c_significand_6_fu_3173_p3         |    select|   0|  0|   24|           1|          24|
    |c_significand_fu_2837_p3           |    select|   0|  0|   24|           1|          24|
    |common_top_8_fu_4090_p3            |    select|   0|  0|   10|           1|          10|
    |common_top_fu_3371_p3              |    select|   0|  0|   10|           1|          10|
    |integer_magnitude_24_fu_1072_p3    |    select|   0|  0|   24|           1|          24|
    |integer_magnitude_25_fu_1138_p2    |    select|   0|  0|   31|           1|          31|
    |integer_magnitude_27_fu_1728_p3    |    select|   0|  0|   24|           1|          24|
    |integer_magnitude_28_fu_1794_p2    |    select|   0|  0|   31|           1|          31|
    |operand_a_1_fu_2506_p3             |    select|   0|  0|   32|           1|          32|
    |operand_a_fu_2279_p3               |    select|   0|  0|   32|           1|          32|
    |operand_c_47_fu_2666_p3            |    select|   0|  0|   32|           1|          32|
    |operand_c_fu_2660_p3               |    select|   0|  0|   32|           1|          32|
    |phi_ln108_1_fu_3039_p3             |    select|   0|  0|    9|           1|           8|
    |phi_ln108_fu_2703_p3               |    select|   0|  0|    9|           1|           8|
    |phi_ln119_1_fu_3181_p3             |    select|   0|  0|    9|           1|           8|
    |phi_ln119_fu_2845_p3               |    select|   0|  0|    9|           1|           8|
    |piece_value_10_fu_2159_p3          |    select|   0|  0|   24|           1|          24|
    |piece_value_13_fu_1536_p3          |    select|   0|  0|    3|           1|           2|
    |piece_value_14_fu_2192_p3          |    select|   0|  0|    3|           1|           2|
    |piece_value_fu_1503_p3             |    select|   0|  0|   24|           1|          24|
    |pwl_integer_3_fu_1188_p3           |    select|   0|  0|   32|           1|          32|
    |pwl_integer_4_fu_1844_p3           |    select|   0|  0|   32|           1|          32|
    |rounded_33_fu_3728_p3              |    select|   0|  0|   25|           1|          25|
    |rounded_36_fu_5028_p3              |    select|   0|  0|   25|           1|          25|
    |rounded_38_fu_4447_p3              |    select|   0|  0|   25|           1|          25|
    |rounded_40_fu_5605_p3              |    select|   0|  0|   25|           1|          25|
    |select_ln207_2_fu_2512_p3          |    select|   0|  0|   32|           1|          32|
    |select_ln207_fu_2285_p3            |    select|   0|  0|   32|           1|          32|
    |select_ln214_1_fu_5924_p3          |    select|   0|  0|   32|           1|           1|
    |select_ln214_fu_5352_p3            |    select|   0|  0|   32|           1|           1|
    |select_ln359_1_fu_1588_p3          |    select|   0|  0|    9|           1|           9|
    |select_ln359_fu_932_p3             |    select|   0|  0|    9|           1|           9|
    |select_ln381_1_fu_1760_p3          |    select|   0|  0|   24|           1|          24|
    |select_ln381_fu_1104_p3            |    select|   0|  0|   24|           1|          24|
    |select_ln82_1_fu_3776_p3           |    select|   0|  0|   10|           1|          10|
    |select_ln82_2_fu_5064_p3           |    select|   0|  0|   24|           1|          24|
    |select_ln82_3_fu_5076_p3           |    select|   0|  0|   10|           1|          10|
    |select_ln82_4_fu_4483_p3           |    select|   0|  0|   24|           1|          24|
    |select_ln82_5_fu_4495_p3           |    select|   0|  0|   10|           1|          10|
    |select_ln82_6_fu_5641_p3           |    select|   0|  0|   24|           1|          24|
    |select_ln82_7_fu_5653_p3           |    select|   0|  0|   10|           1|          10|
    |select_ln82_fu_3764_p3             |    select|   0|  0|   24|           1|          24|
    |sign_25_fu_3953_p3                 |    select|   0|  0|    2|           1|           1|
    |sign_29_fu_4672_p3                 |    select|   0|  0|    2|           1|           1|
    |significand_59_fu_4043_p3          |    select|   0|  0|   51|           1|          51|
    |significand_60_fu_4762_p3          |    select|   0|  0|   51|           1|          51|
    |spec_select12_fu_1436_p3           |    select|   0|  0|   31|           1|          31|
    |spec_select14_fu_2092_p3           |    select|   0|  0|   31|           1|          31|
    |top_exponent_7_fu_4770_p3          |    select|   0|  0|   10|           1|          10|
    |top_exponent_assign_13_fu_5542_p3  |    select|   0|  0|   10|           1|           8|
    |top_exponent_assign_1_fu_3561_p3   |    select|   0|  0|   10|           1|           8|
    |top_exponent_assign_5_fu_4965_p3   |    select|   0|  0|   10|           1|           8|
    |top_exponent_assign_9_fu_4280_p3   |    select|   0|  0|   10|           1|           8|
    |top_exponent_fu_4051_p3            |    select|   0|  0|   10|           1|          10|
    |value_lsb_exponent_4_fu_3078_p3    |    select|   0|  0|    9|           1|           9|
    |value_lsb_exponent_fu_2742_p3      |    select|   0|  0|    9|           1|           9|
    |product_normalized_8_fu_3258_p2    |       shl|   0|  0|  149|          48|          48|
    |product_normalized_fu_2922_p2      |       shl|   0|  0|  149|          48|          48|
    |shl_ln120_1_fu_3286_p2             |       shl|   0|  0|   62|          24|          24|
    |shl_ln120_fu_2950_p2               |       shl|   0|  0|   62|          24|          24|
    |shl_ln372_1_fu_1652_p2             |       shl|   0|  0|   92|          32|          32|
    |shl_ln372_fu_996_p2                |       shl|   0|  0|   92|          32|          32|
    |shl_ln379_1_fu_1722_p2             |       shl|   0|  0|   62|          24|          24|
    |shl_ln379_fu_1066_p2               |       shl|   0|  0|   62|          24|          24|
    |shl_ln381_1_fu_1740_p2             |       shl|   0|  0|   92|           1|          32|
    |shl_ln381_fu_1084_p2               |       shl|   0|  0|   92|           1|          32|
    |shl_ln402_1_fu_2458_p2             |       shl|   0|  0|   62|          24|          24|
    |shl_ln402_fu_2231_p2               |       shl|   0|  0|   62|          24|          24|
    |shl_ln412_1_fu_2082_p2             |       shl|   0|  0|   92|          32|          32|
    |shl_ln412_fu_1426_p2               |       shl|   0|  0|   92|          32|          32|
    |shl_ln415_1_fu_2153_p2             |       shl|   0|  0|   62|          24|          24|
    |shl_ln415_fu_1497_p2               |       shl|   0|  0|   62|          24|          24|
    |significand_49_fu_4017_p2          |       shl|   0|  0|  155|          51|          51|
    |significand_56_fu_4736_p2          |       shl|   0|  0|  155|          51|          51|
    |ap_enable_pp0                      |       xor|   0|  0|    2|           1|           2|
    |product_sign_8_fu_2644_p2          |       xor|   0|  0|    2|           1|           1|
    |product_sign_fu_2417_p2            |       xor|   0|  0|    2|           1|           1|
    |xor_ln139_1_fu_5828_p2             |       xor|   0|  0|    2|           1|           2|
    |xor_ln139_fu_5251_p2               |       xor|   0|  0|    2|           1|           2|
    |xor_ln169_1_fu_3207_p2             |       xor|   0|  0|    2|           1|           1|
    |xor_ln169_2_fu_5163_p2             |       xor|   0|  0|    2|           1|           2|
    |xor_ln169_3_fu_5740_p2             |       xor|   0|  0|    2|           1|           2|
    |xor_ln169_fu_2871_p2               |       xor|   0|  0|    2|           1|           1|
    |xor_ln178_1_fu_5780_p2             |       xor|   0|  0|    2|           1|           2|
    |xor_ln178_fu_5203_p2               |       xor|   0|  0|    2|           1|           2|
    |xor_ln180_1_fu_4073_p2             |       xor|   0|  0|    2|           1|           2|
    |xor_ln180_fu_3354_p2               |       xor|   0|  0|    2|           1|           2|
    |xor_ln214_fu_5341_p2               |       xor|   0|  0|    2|           1|           2|
    |xor_ln21_1_fu_5812_p2              |       xor|   0|  0|    2|           1|           2|
    |xor_ln21_fu_5235_p2                |       xor|   0|  0|    2|           1|           2|
    |xor_ln22_1_fu_5759_p2              |       xor|   0|  0|    2|           1|           2|
    |xor_ln22_fu_5182_p2                |       xor|   0|  0|    2|           1|           2|
    |xor_ln370_1_fu_1626_p2             |       xor|   0|  0|    2|           1|           2|
    |xor_ln370_fu_970_p2                |       xor|   0|  0|    2|           1|           2|
    |xor_ln50_1_fu_3842_p2              |       xor|   0|  0|    2|           1|           2|
    |xor_ln50_2_fu_4311_p2              |       xor|   0|  0|    2|           1|           2|
    |xor_ln50_3_fu_4561_p2              |       xor|   0|  0|    2|           1|           2|
    |xor_ln50_fu_3592_p2                |       xor|   0|  0|    2|           1|           2|
    |xor_ln72_1_fu_4932_p2              |       xor|   0|  0|    2|           1|           2|
    |xor_ln72_2_fu_4246_p2              |       xor|   0|  0|    2|           1|           2|
    |xor_ln72_3_fu_5509_p2              |       xor|   0|  0|    2|           1|           2|
    |xor_ln72_fu_3527_p2                |       xor|   0|  0|    2|           1|           2|
    |xor_ln86_1_fu_5269_p2              |       xor|   0|  0|    2|           1|           2|
    |xor_ln86_2_fu_5796_p2              |       xor|   0|  0|    2|           1|           2|
    |xor_ln86_3_fu_5846_p2              |       xor|   0|  0|    2|           1|           2|
    |xor_ln86_fu_5219_p2                |       xor|   0|  0|    2|           1|           2|
    +-----------------------------------+----------+----+---+-----+------------+------------+
    |Total                              |          |   0|  0|10284|        4473|        4251|
    +-----------------------------------+----------+----+---+-----+------------+------------+

    * Multiplexer: 
    +------------------------------------------------------+-----+-----------+-----+-----------+
    |                         Name                         | LUT | Input Size| Bits| Total Bits|
    +------------------------------------------------------+-----+-----------+-----+-----------+
    |ap_phi_mux_computed_1_phi_fu_855_p4                   |    9|          2|   32|         64|
    |ap_phi_mux_computed_phi_fu_845_p4                     |    9|          2|   32|         64|
    |ap_phi_mux_piece_value_11_phi_fu_465_p6               |   20|          4|   31|        124|
    |ap_phi_mux_piece_value_8_phi_fu_453_p6                |   20|          4|   31|        124|
    |ap_phi_mux_prepared_fractional_2_phi_fu_713_p8        |    9|          2|   32|         64|
    |ap_phi_mux_prepared_fractional_phi_fu_579_p8          |    9|          2|   32|         64|
    |ap_phi_mux_prepared_slope_4_phi_fu_729_p8             |    9|          2|   32|         64|
    |ap_phi_mux_prepared_slope_phi_fu_595_p8               |    9|          2|   32|         64|
    |ap_phi_reg_pp0_iter1_highest_bit_1_i_1_23_ph_reg_608  |  123|         25|    5|        125|
    |ap_phi_reg_pp0_iter1_highest_bit_1_i_23_ph_reg_474    |  123|         25|    5|        125|
    |ap_phi_reg_pp0_iter1_prepared_force_zero_18_reg_808   |   14|          3|    1|          3|
    |ap_phi_reg_pp0_iter1_prepared_force_zero_reg_825      |   14|          3|    1|          3|
    |ap_phi_reg_pp0_iter1_prepared_fractional_2_reg_709    |   14|          3|   32|         96|
    |ap_phi_reg_pp0_iter1_prepared_fractional_reg_575      |   14|          3|   32|         96|
    |ap_phi_reg_pp0_iter1_prepared_integer_18_reg_759      |   20|          4|   32|        128|
    |ap_phi_reg_pp0_iter1_prepared_integer_reg_792         |   20|          4|   32|        128|
    |ap_phi_reg_pp0_iter1_prepared_intercept_4_reg_775     |    9|          2|   32|         64|
    |ap_phi_reg_pp0_iter1_prepared_intercept_reg_742       |    9|          2|   32|         64|
    |ap_phi_reg_pp0_iter1_prepared_slope_4_reg_725         |    9|          2|   32|         64|
    |ap_phi_reg_pp0_iter1_prepared_slope_reg_591           |    9|          2|   32|         64|
    |ap_phi_reg_pp0_iter2_prepared_force_zero_18_reg_808   |    9|          2|    1|          2|
    |ap_phi_reg_pp0_iter2_prepared_force_zero_reg_825      |    9|          2|    1|          2|
    |ap_phi_reg_pp0_iter2_prepared_integer_18_reg_759      |    9|          2|   32|         64|
    |ap_phi_reg_pp0_iter2_prepared_integer_reg_792         |    9|          2|   32|         64|
    |ap_phi_reg_pp0_iter2_prepared_intercept_4_reg_775     |    9|          2|   32|         64|
    |ap_phi_reg_pp0_iter2_prepared_intercept_reg_742       |    9|          2|   32|         64|
    |ap_phi_reg_pp0_iter6_computed_1_reg_852               |    9|          2|   32|         64|
    |ap_phi_reg_pp0_iter6_computed_reg_842                 |    9|          2|   32|         64|
    +------------------------------------------------------+-----+-----------+-----+-----------+
    |Total                                                 |  544|        114|  716|       1980|
    +------------------------------------------------------+-----+-----------+-----+-----------+

    * Register: 
    +------------------------------------------------------+----+----+-----+-----------+
    |                         Name                         | FF | LUT| Bits| Const Bits|
    +------------------------------------------------------+----+----+-----+-----------+
    |ap_CS_fsm                                             |   1|   0|    1|          0|
    |ap_enable_reg_pp0_iter1                               |   1|   0|    1|          0|
    |ap_enable_reg_pp0_iter2                               |   1|   0|    1|          0|
    |ap_enable_reg_pp0_iter3                               |   1|   0|    1|          0|
    |ap_enable_reg_pp0_iter4                               |   1|   0|    1|          0|
    |ap_enable_reg_pp0_iter5                               |   1|   0|    1|          0|
    |ap_enable_reg_pp0_iter6                               |   1|   0|    1|          0|
    |ap_enable_reg_pp0_iter7                               |   1|   0|    1|          0|
    |ap_phi_reg_pp0_iter1_computed_1_reg_852               |  32|   0|   32|          0|
    |ap_phi_reg_pp0_iter1_computed_reg_842                 |  32|   0|   32|          0|
    |ap_phi_reg_pp0_iter1_highest_bit_1_i_1_23_ph_reg_608  |   5|   0|    5|          0|
    |ap_phi_reg_pp0_iter1_highest_bit_1_i_23_ph_reg_474    |   5|   0|    5|          0|
    |ap_phi_reg_pp0_iter1_prepared_force_zero_18_reg_808   |   1|   0|    1|          0|
    |ap_phi_reg_pp0_iter1_prepared_force_zero_reg_825      |   1|   0|    1|          0|
    |ap_phi_reg_pp0_iter1_prepared_fractional_2_reg_709    |  32|   0|   32|          0|
    |ap_phi_reg_pp0_iter1_prepared_fractional_reg_575      |  32|   0|   32|          0|
    |ap_phi_reg_pp0_iter1_prepared_integer_18_reg_759      |  32|   0|   32|          0|
    |ap_phi_reg_pp0_iter1_prepared_integer_reg_792         |  32|   0|   32|          0|
    |ap_phi_reg_pp0_iter1_prepared_intercept_4_reg_775     |  32|   0|   32|          0|
    |ap_phi_reg_pp0_iter1_prepared_intercept_reg_742       |  32|   0|   32|          0|
    |ap_phi_reg_pp0_iter1_prepared_slope_4_reg_725         |  32|   0|   32|          0|
    |ap_phi_reg_pp0_iter1_prepared_slope_reg_591           |  32|   0|   32|          0|
    |ap_phi_reg_pp0_iter2_computed_1_reg_852               |  32|   0|   32|          0|
    |ap_phi_reg_pp0_iter2_computed_reg_842                 |  32|   0|   32|          0|
    |ap_phi_reg_pp0_iter2_prepared_force_zero_18_reg_808   |   1|   0|    1|          0|
    |ap_phi_reg_pp0_iter2_prepared_force_zero_reg_825      |   1|   0|    1|          0|
    |ap_phi_reg_pp0_iter2_prepared_integer_18_reg_759      |  32|   0|   32|          0|
    |ap_phi_reg_pp0_iter2_prepared_integer_reg_792         |  32|   0|   32|          0|
    |ap_phi_reg_pp0_iter2_prepared_intercept_4_reg_775     |  32|   0|   32|          0|
    |ap_phi_reg_pp0_iter2_prepared_intercept_reg_742       |  32|   0|   32|          0|
    |ap_phi_reg_pp0_iter3_computed_1_reg_852               |  32|   0|   32|          0|
    |ap_phi_reg_pp0_iter3_computed_reg_842                 |  32|   0|   32|          0|
    |ap_phi_reg_pp0_iter3_prepared_force_zero_18_reg_808   |   1|   0|    1|          0|
    |ap_phi_reg_pp0_iter3_prepared_force_zero_reg_825      |   1|   0|    1|          0|
    |ap_phi_reg_pp0_iter4_computed_1_reg_852               |  32|   0|   32|          0|
    |ap_phi_reg_pp0_iter4_computed_reg_842                 |  32|   0|   32|          0|
    |ap_phi_reg_pp0_iter4_prepared_force_zero_18_reg_808   |   1|   0|    1|          0|
    |ap_phi_reg_pp0_iter4_prepared_force_zero_reg_825      |   1|   0|    1|          0|
    |ap_phi_reg_pp0_iter5_computed_1_reg_852               |  32|   0|   32|          0|
    |ap_phi_reg_pp0_iter5_computed_reg_842                 |  32|   0|   32|          0|
    |ap_phi_reg_pp0_iter5_prepared_force_zero_18_reg_808   |   1|   0|    1|          0|
    |ap_phi_reg_pp0_iter5_prepared_force_zero_reg_825      |   1|   0|    1|          0|
    |ap_phi_reg_pp0_iter6_computed_1_reg_852               |  32|   0|   32|          0|
    |ap_phi_reg_pp0_iter6_computed_reg_842                 |  32|   0|   32|          0|
    |c_infinity_1_reg_6527                                 |   1|   0|    1|          0|
    |c_infinity_1_reg_6527_pp0_iter4_reg                   |   1|   0|    1|          0|
    |c_infinity_reg_6439                                   |   1|   0|    1|          0|
    |c_infinity_reg_6439_pp0_iter4_reg                     |   1|   0|    1|          0|
    |c_sign_1_reg_6515                                     |   1|   0|    1|          0|
    |c_sign_reg_6427                                       |   1|   0|    1|          0|
    |c_zero_1_reg_6520                                     |   1|   0|    1|          0|
    |c_zero_1_reg_6520_pp0_iter4_reg                       |   1|   0|    1|          0|
    |c_zero_reg_6432                                       |   1|   0|    1|          0|
    |c_zero_reg_6432_pp0_iter4_reg                         |   1|   0|    1|          0|
    |data_85_reg_6422                                      |  32|   0|   32|          0|
    |data_85_reg_6422_pp0_iter4_reg                        |  32|   0|   32|          0|
    |data_89_reg_6510                                      |  32|   0|   32|          0|
    |data_89_reg_6510_pp0_iter4_reg                        |  32|   0|   32|          0|
    |distance_28_reg_6586                                  |   6|   0|    6|          0|
    |distance_reg_6498                                     |   6|   0|    6|          0|
    |exp2_mode_read_reg_5963                               |   1|   0|    1|          0|
    |exponent_56_reg_6275                                  |   8|   0|    8|          0|
    |exponent_56_reg_6275_pp0_iter2_reg                    |   8|   0|    8|          0|
    |exponent_57_reg_6298                                  |   8|   0|    8|          0|
    |exponent_57_reg_6298_pp0_iter2_reg                    |   8|   0|    8|          0|
    |exponent_60_reg_6346                                  |   8|   0|    8|          0|
    |exponent_60_reg_6346_pp0_iter2_reg                    |   8|   0|    8|          0|
    |exponent_61_reg_6369                                  |   8|   0|    8|          0|
    |exponent_61_reg_6369_pp0_iter2_reg                    |   8|   0|    8|          0|
    |exponent_bits_24_reg_6128                             |   8|   0|    8|          0|
    |exponent_bits_reg_5981                                |   8|   0|    8|          0|
    |grp_stageAccumulatorResult_fu_878_ap_start_reg        |   1|   0|    1|          0|
    |icmp_ln123_1_reg_6576                                 |   1|   0|    1|          0|
    |icmp_ln123_reg_6488                                   |   1|   0|    1|          0|
    |icmp_ln139_1_reg_6688                                 |   1|   0|    1|          0|
    |icmp_ln139_reg_6631                                   |   1|   0|    1|          0|
    |icmp_ln21_1_reg_6287                                  |   1|   0|    1|          0|
    |icmp_ln21_1_reg_6287_pp0_iter2_reg                    |   1|   0|    1|          0|
    |icmp_ln21_2_reg_6304                                  |   1|   0|    1|          0|
    |icmp_ln21_2_reg_6304_pp0_iter2_reg                    |   1|   0|    1|          0|
    |icmp_ln21_3_reg_6310                                  |   1|   0|    1|          0|
    |icmp_ln21_3_reg_6310_pp0_iter2_reg                    |   1|   0|    1|          0|
    |icmp_ln21_6_reg_6352                                  |   1|   0|    1|          0|
    |icmp_ln21_6_reg_6352_pp0_iter2_reg                    |   1|   0|    1|          0|
    |icmp_ln21_7_reg_6358                                  |   1|   0|    1|          0|
    |icmp_ln21_7_reg_6358_pp0_iter2_reg                    |   1|   0|    1|          0|
    |icmp_ln21_8_reg_6375                                  |   1|   0|    1|          0|
    |icmp_ln21_8_reg_6375_pp0_iter2_reg                    |   1|   0|    1|          0|
    |icmp_ln21_9_reg_6381                                  |   1|   0|    1|          0|
    |icmp_ln21_9_reg_6381_pp0_iter2_reg                    |   1|   0|    1|          0|
    |icmp_ln21_reg_6281                                    |   1|   0|    1|          0|
    |icmp_ln21_reg_6281_pp0_iter2_reg                      |   1|   0|    1|          0|
    |icmp_ln23_1_reg_6316                                  |   1|   0|    1|          0|
    |icmp_ln23_1_reg_6316_pp0_iter2_reg                    |   1|   0|    1|          0|
    |icmp_ln23_3_reg_6364                                  |   1|   0|    1|          0|
    |icmp_ln23_3_reg_6364_pp0_iter2_reg                    |   1|   0|    1|          0|
    |icmp_ln23_4_reg_6387                                  |   1|   0|    1|          0|
    |icmp_ln23_4_reg_6387_pp0_iter2_reg                    |   1|   0|    1|          0|
    |icmp_ln23_reg_6293                                    |   1|   0|    1|          0|
    |icmp_ln23_reg_6293_pp0_iter2_reg                      |   1|   0|    1|          0|
    |icmp_ln53_1_reg_6493                                  |   1|   0|    1|          0|
    |icmp_ln53_5_reg_6581                                  |   1|   0|    1|          0|
    |icmp_ln86_2_reg_6660                                  |   1|   0|    1|          0|
    |icmp_ln86_reg_6603                                    |   1|   0|    1|          0|
    |in_a_read_1_reg_5951                                  |  32|   0|   32|          0|
    |in_a_read_3_reg_5957                                  |  32|   0|   32|          0|
    |in_b_read_1_reg_5941                                  |  32|   0|   32|          0|
    |in_b_read_3_reg_5946                                  |  32|   0|   32|          0|
    |in_c_read_1_reg_5931                                  |  32|   0|   32|          0|
    |in_c_read_1_reg_5931_pp0_iter1_reg                    |  32|   0|   32|          0|
    |in_c_read_3_reg_5936                                  |  32|   0|   32|          0|
    |in_c_read_3_reg_5936_pp0_iter1_reg                    |  32|   0|   32|          0|
    |operand_c_47_reg_6417                                 |  32|   0|   32|          0|
    |operand_c_reg_6412                                    |  32|   0|   32|          0|
    |operation_result_1_reg_6726                           |  32|   0|   32|          0|
    |operation_result_reg_6712                             |  32|   0|   32|          0|
    |or_ln169_4_reg_6503                                   |   1|   0|    1|          0|
    |or_ln169_4_reg_6503_pp0_iter4_reg                     |   1|   0|    1|          0|
    |or_ln169_9_reg_6591                                   |   1|   0|    1|          0|
    |or_ln169_9_reg_6591_pp0_iter4_reg                     |   1|   0|    1|          0|
    |or_ln178_1_reg_6544                                   |   1|   0|    1|          0|
    |or_ln178_1_reg_6544_pp0_iter4_reg                     |   1|   0|    1|          0|
    |or_ln178_reg_6456                                     |   1|   0|    1|          0|
    |or_ln178_reg_6456_pp0_iter4_reg                       |   1|   0|    1|          0|
    |or_ln214_1_reg_6731                                   |   1|   0|    1|          0|
    |or_ln214_reg_6717                                     |   1|   0|    1|          0|
    |prepared_integer_18_reg_759                           |  32|   0|   32|          0|
    |prepared_integer_reg_792                              |  32|   0|   32|          0|
    |product_infinity_8_reg_6532                           |   1|   0|    1|          0|
    |product_infinity_8_reg_6532_pp0_iter4_reg             |   1|   0|    1|          0|
    |product_infinity_reg_6444                             |   1|   0|    1|          0|
    |product_infinity_reg_6444_pp0_iter4_reg               |   1|   0|    1|          0|
    |product_normalized_8_reg_6558                         |  48|   0|   48|          0|
    |product_normalized_reg_6470                           |  48|   0|   48|          0|
    |product_sign_8_reg_6392                               |   1|   0|    1|          0|
    |product_sign_reg_6321                                 |   1|   0|    1|          0|
    |product_top_8_reg_6550                                |  10|   0|   10|          0|
    |product_top_reg_6462                                  |  10|   0|   10|          0|
    |pwl_integer_3_reg_6000                                |  32|   0|   32|          0|
    |pwl_integer_4_reg_6147                                |  32|   0|   32|          0|
    |remainder_32_reg_5995                                 |  24|   0|   24|          0|
    |remainder_34_reg_6142                                 |  24|   0|   24|          0|
    |sext_ln119_1_reg_6564                                 |  10|   0|   10|          0|
    |sext_ln119_reg_6476                                   |  10|   0|   10|          0|
    |shl_ln120_1_reg_6570                                  |  24|   0|   24|          0|
    |shl_ln120_reg_6482                                    |  24|   0|   24|          0|
    |sign_25_reg_6624                                      |   1|   0|    1|          0|
    |sign_26_reg_6123                                      |   1|   0|    1|          0|
    |sign_29_reg_6681                                      |   1|   0|    1|          0|
    |sign_reg_5976                                         |   1|   0|    1|          0|
    |significand_59_reg_6637                               |  51|   0|   51|          0|
    |significand_60_reg_6694                               |  51|   0|   51|          0|
    |tmp_453_reg_6006                                      |   1|   0|    1|          0|
    |tmp_454_reg_6010                                      |   1|   0|    1|          0|
    |tmp_456_reg_6014                                      |   1|   0|    1|          0|
    |tmp_457_reg_6018                                      |   1|   0|    1|          0|
    |tmp_458_reg_6022                                      |   1|   0|    1|          0|
    |tmp_459_reg_6026                                      |   1|   0|    1|          0|
    |tmp_460_reg_6030                                      |   1|   0|    1|          0|
    |tmp_461_reg_6034                                      |   1|   0|    1|          0|
    |tmp_462_reg_6038                                      |   1|   0|    1|          0|
    |tmp_463_reg_6042                                      |   1|   0|    1|          0|
    |tmp_464_reg_6046                                      |   1|   0|    1|          0|
    |tmp_465_reg_6050                                      |   1|   0|    1|          0|
    |tmp_466_reg_6054                                      |   1|   0|    1|          0|
    |tmp_467_reg_6058                                      |   1|   0|    1|          0|
    |tmp_468_reg_6062                                      |   1|   0|    1|          0|
    |tmp_469_reg_6066                                      |   1|   0|    1|          0|
    |tmp_470_reg_6070                                      |   1|   0|    1|          0|
    |tmp_471_reg_6074                                      |   1|   0|    1|          0|
    |tmp_472_reg_6078                                      |   1|   0|    1|          0|
    |tmp_473_reg_6082                                      |   1|   0|    1|          0|
    |tmp_474_reg_6086                                      |   1|   0|    1|          0|
    |tmp_475_reg_6090                                      |   1|   0|    1|          0|
    |tmp_476_reg_6094                                      |   1|   0|    1|          0|
    |tmp_493_reg_6609                                      |   1|   0|    1|          0|
    |tmp_509_reg_6153                                      |   1|   0|    1|          0|
    |tmp_510_reg_6157                                      |   1|   0|    1|          0|
    |tmp_511_reg_6161                                      |   1|   0|    1|          0|
    |tmp_512_reg_6165                                      |   1|   0|    1|          0|
    |tmp_513_reg_6169                                      |   1|   0|    1|          0|
    |tmp_514_reg_6173                                      |   1|   0|    1|          0|
    |tmp_515_reg_6177                                      |   1|   0|    1|          0|
    |tmp_516_reg_6181                                      |   1|   0|    1|          0|
    |tmp_517_reg_6185                                      |   1|   0|    1|          0|
    |tmp_518_reg_6189                                      |   1|   0|    1|          0|
    |tmp_519_reg_6193                                      |   1|   0|    1|          0|
    |tmp_520_reg_6197                                      |   1|   0|    1|          0|
    |tmp_521_reg_6201                                      |   1|   0|    1|          0|
    |tmp_522_reg_6205                                      |   1|   0|    1|          0|
    |tmp_523_reg_6209                                      |   1|   0|    1|          0|
    |tmp_524_reg_6213                                      |   1|   0|    1|          0|
    |tmp_525_reg_6217                                      |   1|   0|    1|          0|
    |tmp_526_reg_6221                                      |   1|   0|    1|          0|
    |tmp_527_reg_6225                                      |   1|   0|    1|          0|
    |tmp_528_reg_6229                                      |   1|   0|    1|          0|
    |tmp_529_reg_6233                                      |   1|   0|    1|          0|
    |tmp_530_reg_6237                                      |   1|   0|    1|          0|
    |tmp_531_reg_6241                                      |   1|   0|    1|          0|
    |tmp_548_reg_6666                                      |   1|   0|    1|          0|
    |top_exponent_7_reg_6701                               |  10|   0|   10|          0|
    |top_exponent_reg_6644                                 |  10|   0|   10|          0|
    |trunc_ln144_1_reg_6707                                |   7|   0|    7|          0|
    |trunc_ln144_reg_6650                                  |   7|   0|    7|          0|
    |trunc_ln391_1_reg_6245                                |   1|   0|    1|          0|
    |trunc_ln391_reg_6098                                  |   1|   0|    1|          0|
    |trunc_ln400_1_reg_6249                                |   8|   0|    8|          0|
    |trunc_ln400_reg_6102                                  |   8|   0|    8|          0|
    |trunc_ln92_9_reg_6671                                 |   8|   0|    8|          0|
    |trunc_ln92_reg_6614                                   |   8|   0|    8|          0|
    |trunc_ln94_2_reg_6676                                 |  23|   0|   23|          0|
    |trunc_ln94_reg_6619                                   |  23|   0|   23|          0|
    |xor_ln169_1_reg_6538                                  |   1|   0|    1|          0|
    |xor_ln169_reg_6450                                    |   1|   0|    1|          0|
    |xor_ln180_1_reg_6655                                  |   1|   0|    1|          0|
    |xor_ln180_reg_6598                                    |   1|   0|    1|          0|
    |exp2_mode_read_reg_5963                               |  64|  32|    1|          0|
    |prepared_integer_18_reg_759                           |  64|  32|   32|          0|
    |prepared_integer_reg_792                              |  64|  32|   32|          0|
    |product_sign_8_reg_6392                               |  64|  32|    1|          0|
    |product_sign_reg_6321                                 |  64|  32|    1|          0|
    +------------------------------------------------------+----+----+-----+-----------+
    |Total                                                 |2412| 160| 2159|          0|
    +------------------------------------------------------+----+----+-----+-----------+



================================================================
== Interface
================================================================
* Summary: 
+-------------+-----+-----+------------+-----------------------+--------------+
|  RTL Ports  | Dir | Bits|  Protocol  |     Source Object     |    C Type    |
+-------------+-----+-----+------------+-----------------------+--------------+
|ap_clk       |   in|    1|  ap_ctrl_hs|  runAccumulatorColumns|  return value|
|ap_rst       |   in|    1|  ap_ctrl_hs|  runAccumulatorColumns|  return value|
|ap_start     |   in|    1|  ap_ctrl_hs|  runAccumulatorColumns|  return value|
|ap_done      |  out|    1|  ap_ctrl_hs|  runAccumulatorColumns|  return value|
|ap_idle      |  out|    1|  ap_ctrl_hs|  runAccumulatorColumns|  return value|
|ap_ready     |  out|    1|  ap_ctrl_hs|  runAccumulatorColumns|  return value|
|ap_ce        |   in|    1|  ap_ctrl_hs|  runAccumulatorColumns|  return value|
|ap_return_0  |  out|   32|  ap_ctrl_hs|  runAccumulatorColumns|  return value|
|ap_return_1  |  out|   32|  ap_ctrl_hs|  runAccumulatorColumns|  return value|
|exp2_mode    |   in|    1|     ap_none|              exp2_mode|        scalar|
|in_a_read    |   in|   32|     ap_none|              in_a_read|        scalar|
|in_a_read_2  |   in|   32|     ap_none|            in_a_read_2|        scalar|
|in_b_read    |   in|   32|     ap_none|              in_b_read|        scalar|
|in_b_read_2  |   in|   32|     ap_none|            in_b_read_2|        scalar|
|in_c_read    |   in|   32|     ap_none|              in_c_read|        scalar|
|in_c_read_2  |   in|   32|     ap_none|            in_c_read_2|        scalar|
+-------------+-----+-----+------------+-----------------------+--------------+

