

================================================================
== Vitis HLS Report for 'runQueryBlock_0_Pipeline_VITIS_LOOP_446_40'
================================================================
* Date:           Sat Oct 10 10:48:23 2026

* Version:        2024.2 (Build 5238294 on Nov  8 2024)
* Project:        build
* Solution:       solution1 (Vivado IP Flow Target)
* Product family: virtexuplusHBM
* Target device:  xcvu37p_CIV-fsvh2892-2-e


================================================================
== Performance Estimates
================================================================
+ Timing: 
    * Summary: 
    +--------+----------+----------+------------+
    |  Clock |  Target  | Estimated| Uncertainty|
    +--------+----------+----------+------------+
    |ap_clk  |  10.00 ns|  7.299 ns|     2.70 ns|
    +--------+----------+----------+------------+

+ Latency: 
    * Summary: 
    +---------+---------+----------+----------+-----+-----+------------------------------------------------+
    |  Latency (cycles) |  Latency (absolute) |  Interval |                    Pipeline                    |
    |   min   |   max   |    min   |    max   | min | max |                      Type                      |
    +---------+---------+----------+----------+-----+-----+------------------------------------------------+
    |       25|       25|  0.250 us|  0.250 us|   17|   17|  loop auto-rewind stp (delay=0 clock cycles(s))|
    +---------+---------+----------+----------+-----+-----+------------------------------------------------+

    + Detail: 
        * Instance: 
        +----------------------------------+-----------------------+---------+---------+-----------+-----------+-----+-----+---------+
        |                                  |                       |  Latency (cycles) |   Latency (absolute)  |  Interval | Pipeline|
        |             Instance             |         Module        |   min   |   max   |    min    |    max    | min | max |   Type  |
        +----------------------------------+-----------------------+---------+---------+-----------+-----------+-----+-----+---------+
        |grp_runAccumulatorColumns_fu_118  |runAccumulatorColumns  |        7|        7|  70.000 ns|  70.000 ns|    1|    1|      yes|
        +----------------------------------+-----------------------+---------+---------+-----------+-----------+-----+-----+---------+

        * Loop: 
        +---------------------+---------+---------+----------+-----------+-----------+------+----------+
        |                     |  Latency (cycles) | Iteration|  Initiation Interval  | Trip |          |
        |      Loop Name      |   min   |   max   |  Latency |  achieved |   target  | Count| Pipelined|
        +---------------------+---------+---------+----------+-----------+-----------+------+----------+
        |- VITIS_LOOP_446_40  |       23|       23|         9|          1|          1|    16|       yes|
        +---------------------+---------+---------+----------+-----------+-----------+------+----------+



================================================================
== Utilization Estimates
================================================================
* Summary: 
+---------------------+---------+------+---------+---------+-----+
|         Name        | BRAM_18K|  DSP |    FF   |   LUT   | URAM|
+---------------------+---------+------+---------+---------+-----+
|DSP                  |        -|     -|        -|        -|    -|
|Expression           |        -|     -|        0|       27|    -|
|FIFO                 |        -|     -|        -|        -|    -|
|Instance             |        -|     -|        -|        -|    -|
|Memory               |        -|     -|        -|        -|    -|
|Multiplexer          |        -|     -|        0|       36|    -|
|Register             |        -|     -|       92|       32|    -|
+---------------------+---------+------+---------+---------+-----+
|Total                |        0|     0|       92|       95|    0|
+---------------------+---------+------+---------+---------+-----+
|Available SLR        |     1344|  3008|   869120|   434560|  320|
+---------------------+---------+------+---------+---------+-----+
|Utilization SLR (%)  |        0|     0|       ~0|       ~0|    0|
+---------------------+---------+------+---------+---------+-----+
|Available            |     4032|  9024|  2607360|  1303680|  960|
+---------------------+---------+------+---------+---------+-----+
|Utilization (%)      |        0|     0|       ~0|       ~0|    0|
+---------------------+---------+------+---------+---------+-----+

+ Detail: 
    * Instance: 
    N/A

    * DSP: 
    N/A

    * Memory: 
    N/A

    * FIFO: 
    N/A

    * Expression: 
    +----------------------+----------+----+---+----+------------+------------+
    |     Variable Name    | Operation| DSP| FF| LUT| Bitwidth P0| Bitwidth P1|
    +----------------------+----------+----+---+----+------------+------------+
    |add_ln446_fu_152_p2   |         +|   0|  0|  12|           5|           1|
    |icmp_ln446_fu_146_p2  |      icmp|   0|  0|  13|           5|           6|
    |ap_enable_pp0         |       xor|   0|  0|   2|           1|           2|
    +----------------------+----------+----+---+----+------------+------------+
    |Total                 |          |   0|  0|  27|          11|           9|
    +----------------------+----------+----+---+----+------------+------------+

    * Multiplexer: 
    +----------------------------+----+-----------+-----+-----------+
    |            Name            | LUT| Input Size| Bits| Total Bits|
    +----------------------------+----+-----------+-----+-----------+
    |ap_done_int                 |   9|          2|    1|          2|
    |ap_enable_reg_pp0_iter1     |   9|          2|    1|          2|
    |ap_sig_allocacmp_feature_3  |   9|          2|    5|         10|
    |feature_fu_50               |   9|          2|    5|         10|
    +----------------------------+----+-----------+-----+-----------+
    |Total                       |  36|          8|   12|         24|
    +----------------------------+----+-----------+-----+-----------+

    * Register: 
    +-----------------------------------------------+----+----+-----+-----------+
    |                      Name                     | FF | LUT| Bits| Const Bits|
    +-----------------------------------------------+----+----+-----+-----------+
    |ap_CS_fsm                                      |   1|   0|    1|          0|
    |ap_done_reg                                    |   1|   0|    1|          0|
    |ap_enable_reg_pp0_iter1                        |   1|   0|    1|          0|
    |ap_enable_reg_pp0_iter2                        |   1|   0|    1|          0|
    |ap_enable_reg_pp0_iter3                        |   1|   0|    1|          0|
    |ap_enable_reg_pp0_iter4                        |   1|   0|    1|          0|
    |ap_enable_reg_pp0_iter5                        |   1|   0|    1|          0|
    |ap_enable_reg_pp0_iter6                        |   1|   0|    1|          0|
    |ap_enable_reg_pp0_iter7                        |   1|   0|    1|          0|
    |ap_enable_reg_pp0_iter8                        |   1|   0|    1|          0|
    |ap_loop_exit_ready_pp0_iter1_reg               |   1|   0|    1|          0|
    |ap_loop_exit_ready_pp0_iter2_reg               |   1|   0|    1|          0|
    |ap_loop_exit_ready_pp0_iter3_reg               |   1|   0|    1|          0|
    |ap_loop_exit_ready_pp0_iter4_reg               |   1|   0|    1|          0|
    |ap_loop_exit_ready_pp0_iter5_reg               |   1|   0|    1|          0|
    |ap_loop_exit_ready_pp0_iter6_reg               |   1|   0|    1|          0|
    |ap_loop_exit_ready_pp0_iter7_reg               |   1|   0|    1|          0|
    |feature_fu_50                                  |   5|   0|    5|          0|
    |grp_runAccumulatorColumns_fu_118_ap_start_reg  |   1|   0|    1|          0|
    |zext_ln446_reg_200                             |   5|   0|   64|         59|
    |zext_ln446_reg_200                             |  64|  32|   64|         59|
    +-----------------------------------------------+----+----+-----+-----------+
    |Total                                          |  92|  32|  151|        118|
    +-----------------------------------------------+----+----+-----+-----------+



================================================================
== Interface
================================================================
* Summary: 
+--------------------------------------------+-----+-----+------------+---------------------------------------------+--------------+
|                  RTL Ports                 | Dir | Bits|  Protocol  |                Source Object                |    C Type    |
+--------------------------------------------+-----+-----+------------+---------------------------------------------+--------------+
|ap_clk                                      |   in|    1|  ap_ctrl_hs|  runQueryBlock<0>_Pipeline_VITIS_LOOP_446_40|  return value|
|ap_rst                                      |   in|    1|  ap_ctrl_hs|  runQueryBlock<0>_Pipeline_VITIS_LOOP_446_40|  return value|
|ap_start                                    |   in|    1|  ap_ctrl_hs|  runQueryBlock<0>_Pipeline_VITIS_LOOP_446_40|  return value|
|ap_done                                     |  out|    1|  ap_ctrl_hs|  runQueryBlock<0>_Pipeline_VITIS_LOOP_446_40|  return value|
|ap_idle                                     |  out|    1|  ap_ctrl_hs|  runQueryBlock<0>_Pipeline_VITIS_LOOP_446_40|  return value|
|ap_ready                                    |  out|    1|  ap_ctrl_hs|  runQueryBlock<0>_Pipeline_VITIS_LOOP_446_40|  return value|
|grp_runAccumulatorColumns_fu_520_p_din1     |  out|    1|  ap_ctrl_hs|  runQueryBlock<0>_Pipeline_VITIS_LOOP_446_40|  return value|
|grp_runAccumulatorColumns_fu_520_p_din2     |  out|   32|  ap_ctrl_hs|  runQueryBlock<0>_Pipeline_VITIS_LOOP_446_40|  return value|
|grp_runAccumulatorColumns_fu_520_p_din3     |  out|   32|  ap_ctrl_hs|  runQueryBlock<0>_Pipeline_VITIS_LOOP_446_40|  return value|
|grp_runAccumulatorColumns_fu_520_p_din4     |  out|   32|  ap_ctrl_hs|  runQueryBlock<0>_Pipeline_VITIS_LOOP_446_40|  return value|
|grp_runAccumulatorColumns_fu_520_p_din5     |  out|   32|  ap_ctrl_hs|  runQueryBlock<0>_Pipeline_VITIS_LOOP_446_40|  return value|
|grp_runAccumulatorColumns_fu_520_p_din6     |  out|   32|  ap_ctrl_hs|  runQueryBlock<0>_Pipeline_VITIS_LOOP_446_40|  return value|
|grp_runAccumulatorColumns_fu_520_p_din7     |  out|   32|  ap_ctrl_hs|  runQueryBlock<0>_Pipeline_VITIS_LOOP_446_40|  return value|
|grp_runAccumulatorColumns_fu_520_p_dout0_0  |   in|   32|  ap_ctrl_hs|  runQueryBlock<0>_Pipeline_VITIS_LOOP_446_40|  return value|
|grp_runAccumulatorColumns_fu_520_p_dout0_1  |   in|   32|  ap_ctrl_hs|  runQueryBlock<0>_Pipeline_VITIS_LOOP_446_40|  return value|
|grp_runAccumulatorColumns_fu_520_p_ce       |  out|    1|  ap_ctrl_hs|  runQueryBlock<0>_Pipeline_VITIS_LOOP_446_40|  return value|
|grp_runAccumulatorColumns_fu_520_p_start    |  out|    1|  ap_ctrl_hs|  runQueryBlock<0>_Pipeline_VITIS_LOOP_446_40|  return value|
|grp_runAccumulatorColumns_fu_520_p_ready    |   in|    1|  ap_ctrl_hs|  runQueryBlock<0>_Pipeline_VITIS_LOOP_446_40|  return value|
|grp_runAccumulatorColumns_fu_520_p_done     |   in|    1|  ap_ctrl_hs|  runQueryBlock<0>_Pipeline_VITIS_LOOP_446_40|  return value|
|grp_runAccumulatorColumns_fu_520_p_idle     |   in|    1|  ap_ctrl_hs|  runQueryBlock<0>_Pipeline_VITIS_LOOP_446_40|  return value|
|normalized_1_address0                       |  out|    4|   ap_memory|                                 normalized_1|         array|
|normalized_1_ce0                            |  out|    1|   ap_memory|                                 normalized_1|         array|
|normalized_1_we0                            |  out|    1|   ap_memory|                                 normalized_1|         array|
|normalized_1_d0                             |  out|   32|   ap_memory|                                 normalized_1|         array|
|normalized_address0                         |  out|    4|   ap_memory|                                   normalized|         array|
|normalized_ce0                              |  out|    1|   ap_memory|                                   normalized|         array|
|normalized_we0                              |  out|    1|   ap_memory|                                   normalized|         array|
|normalized_d0                               |  out|   32|   ap_memory|                                   normalized|         array|
|output_acc_address0                         |  out|    4|   ap_memory|                                   output_acc|         array|
|output_acc_ce0                              |  out|    1|   ap_memory|                                   output_acc|         array|
|output_acc_q0                               |   in|   32|   ap_memory|                                   output_acc|         array|
|output_acc_1_address0                       |  out|    4|   ap_memory|                                 output_acc_1|         array|
|output_acc_1_ce0                            |  out|    1|   ap_memory|                                 output_acc_1|         array|
|output_acc_1_q0                             |   in|   32|   ap_memory|                                 output_acc_1|         array|
|inverse_sum                                 |   in|   32|     ap_none|                                  inverse_sum|        scalar|
|inverse_sum_4                               |   in|   32|     ap_none|                                inverse_sum_4|        scalar|
+--------------------------------------------+-----+-----+------------+---------------------------------------------+--------------+

