Copyright 1986-2022 Xilinx, Inc. All Rights Reserved. Copyright 2022-2024 Advanced Micro Devices, Inc. All Rights Reserved.
---------------------------------------------------------------------------------------------------------------------------------------------
| Tool Version : Vivado v.2024.2 (lin64) Build 5239630 Fri Nov 08 22:34:34 MST 2024
| Date         : Sat Oct 10 16:27:39 2026
| Host         : lenovo-ThinkStation-P920 running 64-bit Ubuntu 24.04.3 LTS
| Command      : report_ip_status
---------------------------------------------------------------------------------------------------------------------------------------------

IP Status Summary

1. Project IP Status
--------------------
Your project uses 75 IP. Some of these IP may have undergone changes in this release of the software. Please review the recommended actions.

More information on the Xilinx versioning policy is available at www.xilinx.com.

Project IP Instances
+---------------------------------------+------------+---------------------+-----------+--------------------+---------+-----------------------+------------+----------------------+
| Instance Name                         | Status     | Recommendation      | Change    | IP Name            | IP      | New Version           | New        | Original Part        |
|                                       |            |                     | Log       |                    | Version |                       | License    |                      |
+---------------------------------------+------------+---------------------+-----------+--------------------+---------+-----------------------+------------+----------------------+
| split_d_ila                           | Up-to-date | No changes required |  *(1)     | ILA (Integrated    | 6.2     | 6.2 (Rev. 16)         | Included   | xcvu37p_CIV-fsvh2892 |
|                                       |            |                     |           | Logic Analyzer)    | (Rev.   |                       |            |                      |
|                                       |            |                     |           |                    | 16)     |                       |            |                      |
+---------------------------------------+------------+---------------------+-----------+--------------------+---------+-----------------------+------------+----------------------+
| split_d_system_clk_wiz_0_0            | Up-to-date | No changes required |  *(2)     | Clocking Wizard    | 6.0     | 6.0 (Rev. 15)         | Included   | xcvu37p_CIV-fsvh2892 |
|                                       |            |                     |           |                    | (Rev.   |                       |            |                      |
|                                       |            |                     |           |                    | 15)     |                       |            |                      |
+---------------------------------------+------------+---------------------+-----------+--------------------+---------+-----------------------+------------+----------------------+
| split_d_system_control_interconnect_0 | Up-to-date | No changes required |  *(3)     | AXI SmartConnect   | 1.0     | 1.0 (Rev. 25)         | Included   | xcvu37p_CIV-fsvh2892 |
|                                       |            |                     |           |                    | (Rev.   |                       |            |                      |
|                                       |            |                     |           |                    | 25)     |                       |            |                      |
+---------------------------------------+------------+---------------------+-----------+--------------------+---------+-----------------------+------------+----------------------+
| split_d_system_fsa_0_0                | Up-to-date | No changes required | Change    | Fsa_stream_split_d | 1.0     | 1.0 (Rev. 2114823148) | Included   | xcvu37p_CIV-fsvh2892 |
|                                       |            |                     | Log not   |                    | (Rev.   |                       |            |                      |
|                                       |            |                     | available |                    | 2114823 |                       |            |                      |
+---------------------------------------+------------+---------------------+-----------+--------------------+---------+-----------------------+------------+----------------------+
| split_d_system_hbm_0_0                | Up-to-date | No changes required |  *(4)     | HBM IP             | 1.0     | 1.0 (Rev. 16)         | Included   | xcvu37p_CIV-fsvh2892 |
|                                       |            |                     |           |                    | (Rev.   |                       |            |                      |
|                                       |            |                     |           |                    | 16)     |                       |            |                      |
+---------------------------------------+------------+---------------------+-----------+--------------------+---------+-----------------------+------------+----------------------+
| split_d_system_memory_interconnect_0  | Up-to-date | No changes required |  *(5)     | AXI SmartConnect   | 1.0     | 1.0 (Rev. 25)         | Included   | xcvu37p_CIV-fsvh2892 |
|                                       |            |                     |           |                    | (Rev.   |                       |            |                      |
|                                       |            |                     |           |                    | 25)     |                       |            |                      |
+---------------------------------------+------------+---------------------+-----------+--------------------+---------+-----------------------+------------+----------------------+
| split_d_system_memory_ready_0         | Up-to-date | No changes required |  *(6)     | Utility Vector     | 2.0     | 2.0 (Rev. 4)          | Included   | xcvu37p_CIV-fsvh2892 |
|                                       |            |                     |           | Logic              | (Rev.   |                       |            |                      |
|                                       |            |                     |           |                    | 4)      |                       |            |                      |
+---------------------------------------+------------+---------------------+-----------+--------------------+---------+-----------------------+------------+----------------------+
| split_d_system_rst_100_0              | Up-to-date | No changes required |  *(7)     | Processor System   | 5.0     | 5.0 (Rev. 16)         | Included   | xcvu37p_CIV-fsvh2892 |
|                                       |            |                     |           | Reset              | (Rev.   |                       |            |                      |
|                                       |            |                     |           |                    | 16)     |                       |            |                      |
+---------------------------------------+------------+---------------------+-----------+--------------------+---------+-----------------------+------------+----------------------+
| split_d_system_rst_225_0              | Up-to-date | No changes required |  *(8)     | Processor System   | 5.0     | 5.0 (Rev. 16)         | Included   | xcvu37p_CIV-fsvh2892 |
|                                       |            |                     |           | Reset              | (Rev.   |                       |            |                      |
|                                       |            |                     |           |                    | 16)     |                       |            |                      |
+---------------------------------------+------------+---------------------+-----------+--------------------+---------+-----------------------+------------+----------------------+
| split_d_system_selftest_0_0           | Up-to-date | No changes required | Change    | split_d_selftest_v | 1.0     | 1.0 (Rev. 1)          | Included   | xcvu37p_CIV-fsvh2892 |
|                                       |            |                     | Log not   |                    | (Rev.   |                       |            |                      |
|                                       |            |                     | available |                    | 1)      |                       |            |                      |
+---------------------------------------+------------+---------------------+-----------+--------------------+---------+-----------------------+------------+----------------------+
| split_d_system_zero_0                 | Up-to-date | No changes required |  *(9)     | Constant           | 1.1     | 1.1 (Rev. 9)          | Included   | xcvu37p_CIV-fsvh2892 |
|                                       |            |                     |           |                    | (Rev.   |                       |            |                      |
|                                       |            |                     |           |                    | 9)      |                       |            |                      |
+---------------------------------------+------------+---------------------+-----------+--------------------+---------+-----------------------+------------+----------------------+
| split_d_vio                           | Up-to-date | No changes required |  *(10)    | VIO (Virtual       | 3.0     | 3.0 (Rev. 26)         | Included   | xcvu37p_CIV-fsvh2892 |
|                                       |            |                     |           | Input/Output)      | (Rev.   |                       |            |                      |
|                                       |            |                     |           |                    | 26)     |                       |            |                      |
+---------------------------------------+------------+---------------------+-----------+--------------------+---------+-----------------------+------------+----------------------+
| bd_4794_arsw_0                        | Up-to-date | No changes required |  *(11)    | SmartConnect       | 1.0     | 1.0 (Rev. 8)          | Included   | xcvu37p_CIV-fsvh2892 |
|                                       |            |                     |           | Switchboard        | (Rev.   |                       |            |                      |
|                                       |            |                     |           |                    | 8)      |                       |            |                      |
+---------------------------------------+------------+---------------------+-----------+--------------------+---------+-----------------------+------------+----------------------+
| bd_4794_awsw_0                        | Up-to-date | No changes required |  *(12)    | SmartConnect       | 1.0     | 1.0 (Rev. 8)          | Included   | xcvu37p_CIV-fsvh2892 |
|                                       |            |                     |           | Switchboard        | (Rev.   |                       |            |                      |
|                                       |            |                     |           |                    | 8)      |                       |            |                      |
+---------------------------------------+------------+---------------------+-----------+--------------------+---------+-----------------------+------------+----------------------+
| bd_4794_bsw_0                         | Up-to-date | No changes required |  *(13)    | SmartConnect       | 1.0     | 1.0 (Rev. 8)          | Included   | xcvu37p_CIV-fsvh2892 |
|                                       |            |                     |           | Switchboard        | (Rev.   |                       |            |                      |
|                                       |            |                     |           |                    | 8)      |                       |            |                      |
+---------------------------------------+------------+---------------------+-----------+--------------------+---------+-----------------------+------------+----------------------+
| bd_4794_m00arn_0                      | Up-to-date | No changes required |  *(14)    | SmartConnect Node  | 1.0     | 1.0 (Rev. 17)         | Included   | xcvu37p_CIV-fsvh2892 |
|                                       |            |                     |           |                    | (Rev.   |                       |            |                      |
|                                       |            |                     |           |                    | 17)     |                       |            |                      |
+---------------------------------------+------------+---------------------+-----------+--------------------+---------+-----------------------+------------+----------------------+
| bd_4794_m00awn_0                      | Up-to-date | No changes required |  *(15)    | SmartConnect Node  | 1.0     | 1.0 (Rev. 17)         | Included   | xcvu37p_CIV-fsvh2892 |
|                                       |            |                     |           |                    | (Rev.   |                       |            |                      |
|                                       |            |                     |           |                    | 17)     |                       |            |                      |
+---------------------------------------+------------+---------------------+-----------+--------------------+---------+-----------------------+------------+----------------------+
| bd_4794_m00bn_0                       | Up-to-date | No changes required |  *(16)    | SmartConnect Node  | 1.0     | 1.0 (Rev. 17)         | Included   | xcvu37p_CIV-fsvh2892 |
|                                       |            |                     |           |                    | (Rev.   |                       |            |                      |
|                                       |            |                     |           |                    | 17)     |                       |            |                      |
+---------------------------------------+------------+---------------------+-----------+--------------------+---------+-----------------------+------------+----------------------+
| bd_4794_m00e_0                        | Up-to-date | No changes required |  *(17)    | SC EXIT            | 1.0     | 1.0 (Rev. 16)         | Included   | xcvu37p_CIV-fsvh2892 |
|                                       |            |                     |           |                    | (Rev.   |                       |            |                      |
|                                       |            |                     |           |                    | 16)     |                       |            |                      |
+---------------------------------------+------------+---------------------+-----------+--------------------+---------+-----------------------+------------+----------------------+
| bd_4794_m00rn_0                       | Up-to-date | No changes required |  *(18)    | SmartConnect Node  | 1.0     | 1.0 (Rev. 17)         | Included   | xcvu37p_CIV-fsvh2892 |
|                                       |            |                     |           |                    | (Rev.   |                       |            |                      |
|                                       |            |                     |           |                    | 17)     |                       |            |                      |
+---------------------------------------+------------+---------------------+-----------+--------------------+---------+-----------------------+------------+----------------------+
| bd_4794_m00s2a_0                      | Up-to-date | No changes required |  *(19)    | SmartConnect       | 1.0     | 1.0 (Rev. 10)         | Included   | xcvu37p_CIV-fsvh2892 |
|                                       |            |                     |           | SC2AXI Bridge      | (Rev.   |                       |            |                      |
|                                       |            |                     |           |                    | 10)     |                       |            |                      |
+---------------------------------------+------------+---------------------+-----------+--------------------+---------+-----------------------+------------+----------------------+
| bd_4794_m00wn_0                       | Up-to-date | No changes required |  *(20)    | SmartConnect Node  | 1.0     | 1.0 (Rev. 17)         | Included   | xcvu37p_CIV-fsvh2892 |
|                                       |            |                     |           |                    | (Rev.   |                       |            |                      |
|                                       |            |                     |           |                    | 17)     |                       |            |                      |
+---------------------------------------+------------+---------------------+-----------+--------------------+---------+-----------------------+------------+----------------------+
| bd_4794_one_0                         | Up-to-date | No changes required |  *(21)    | Constant           | 1.1     | 1.1 (Rev. 9)          | Included   | xcvu37p_CIV-fsvh2892 |
|                                       |            |                     |           |                    | (Rev.   |                       |            |                      |
|                                       |            |                     |           |                    | 9)      |                       |            |                      |
+---------------------------------------+------------+---------------------+-----------+--------------------+---------+-----------------------+------------+----------------------+
| bd_4794_psr0_0                        | Up-to-date | No changes required |  *(22)    | Processor System   | 5.0     | 5.0 (Rev. 16)         | Included   | xcvu37p_CIV-fsvh2892 |
|                                       |            |                     |           | Reset              | (Rev.   |                       |            |                      |
|                                       |            |                     |           |                    | 16)     |                       |            |                      |
+---------------------------------------+------------+---------------------+-----------+--------------------+---------+-----------------------+------------+----------------------+
| bd_4794_psr_aclk1_0                   | Up-to-date | No changes required |  *(23)    | Processor System   | 5.0     | 5.0 (Rev. 16)         | Included   | xcvu37p_CIV-fsvh2892 |
|                                       |            |                     |           | Reset              | (Rev.   |                       |            |                      |
|                                       |            |                     |           |                    | 16)     |                       |            |                      |
+---------------------------------------+------------+---------------------+-----------+--------------------+---------+-----------------------+------------+----------------------+
| bd_4794_psr_aclk_0                    | Up-to-date | No changes required |  *(24)    | Processor System   | 5.0     | 5.0 (Rev. 16)         | Included   | xcvu37p_CIV-fsvh2892 |
|                                       |            |                     |           | Reset              | (Rev.   |                       |            |                      |
|                                       |            |                     |           |                    | 16)     |                       |            |                      |
+---------------------------------------+------------+---------------------+-----------+--------------------+---------+-----------------------+------------+----------------------+
| bd_4794_rsw_0                         | Up-to-date | No changes required |  *(25)    | SmartConnect       | 1.0     | 1.0 (Rev. 8)          | Included   | xcvu37p_CIV-fsvh2892 |
|                                       |            |                     |           | Switchboard        | (Rev.   |                       |            |                      |
|                                       |            |                     |           |                    | 8)      |                       |            |                      |
+---------------------------------------+------------+---------------------+-----------+--------------------+---------+-----------------------+------------+----------------------+
| bd_4794_s00a2s_0                      | Up-to-date | No changes required |  *(26)    | SmartConnect       | 1.0     | 1.0 (Rev. 10)         | Included   | xcvu37p_CIV-fsvh2892 |
|                                       |            |                     |           | AXI2SC Bridge      | (Rev.   |                       |            |                      |
|                                       |            |                     |           |                    | 10)     |                       |            |                      |
+---------------------------------------+------------+---------------------+-----------+--------------------+---------+-----------------------+------------+----------------------+
| bd_4794_s00mmu_0                      | Up-to-date | No changes required |  *(27)    | SC MMU             | 1.0     | 1.0 (Rev. 14)         | Included   | xcvu37p_CIV-fsvh2892 |
|                                       |            |                     |           |                    | (Rev.   |                       |            |                      |
|                                       |            |                     |           |                    | 14)     |                       |            |                      |
+---------------------------------------+------------+---------------------+-----------+--------------------+---------+-----------------------+------------+----------------------+
| bd_4794_s00sic_0                      | Up-to-date | No changes required |  *(28)    | SC SI_CONVERTER    | 1.0     | 1.0 (Rev. 14)         | Included   | xcvu37p_CIV-fsvh2892 |
|                                       |            |                     |           |                    | (Rev.   |                       |            |                      |
|                                       |            |                     |           |                    | 14)     |                       |            |                      |
+---------------------------------------+------------+---------------------+-----------+--------------------+---------+-----------------------+------------+----------------------+
| bd_4794_s00tr_0                       | Up-to-date | No changes required |  *(29)    | SC                 | 1.0     | 1.0 (Rev. 11)         | Included   | xcvu37p_CIV-fsvh2892 |
|                                       |            |                     |           | TRANSACTION_REGULA | (Rev.   |                       |            |                      |
|                                       |            |                     |           |                    | 11)     |                       |            |                      |
+---------------------------------------+------------+---------------------+-----------+--------------------+---------+-----------------------+------------+----------------------+
| bd_4794_s01a2s_0                      | Up-to-date | No changes required |  *(30)    | SmartConnect       | 1.0     | 1.0 (Rev. 10)         | Included   | xcvu37p_CIV-fsvh2892 |
|                                       |            |                     |           | AXI2SC Bridge      | (Rev.   |                       |            |                      |
|                                       |            |                     |           |                    | 10)     |                       |            |                      |
+---------------------------------------+------------+---------------------+-----------+--------------------+---------+-----------------------+------------+----------------------+
| bd_4794_s01mmu_0                      | Up-to-date | No changes required |  *(31)    | SC MMU             | 1.0     | 1.0 (Rev. 14)         | Included   | xcvu37p_CIV-fsvh2892 |
|                                       |            |                     |           |                    | (Rev.   |                       |            |                      |
|                                       |            |                     |           |                    | 14)     |                       |            |                      |
+---------------------------------------+------------+---------------------+-----------+--------------------+---------+-----------------------+------------+----------------------+
| bd_4794_s01sic_0                      | Up-to-date | No changes required |  *(32)    | SC SI_CONVERTER    | 1.0     | 1.0 (Rev. 14)         | Included   | xcvu37p_CIV-fsvh2892 |
|                                       |            |                     |           |                    | (Rev.   |                       |            |                      |
|                                       |            |                     |           |                    | 14)     |                       |            |                      |
+---------------------------------------+------------+---------------------+-----------+--------------------+---------+-----------------------+------------+----------------------+
| bd_4794_s01tr_0                       | Up-to-date | No changes required |  *(33)    | SC                 | 1.0     | 1.0 (Rev. 11)         | Included   | xcvu37p_CIV-fsvh2892 |
|                                       |            |                     |           | TRANSACTION_REGULA | (Rev.   |                       |            |                      |
|                                       |            |                     |           |                    | 11)     |                       |            |                      |
+---------------------------------------+------------+---------------------+-----------+--------------------+---------+-----------------------+------------+----------------------+
| bd_4794_s02a2s_0                      | Up-to-date | No changes required |  *(34)    | SmartConnect       | 1.0     | 1.0 (Rev. 10)         | Included   | xcvu37p_CIV-fsvh2892 |
|                                       |            |                     |           | AXI2SC Bridge      | (Rev.   |                       |            |                      |
|                                       |            |                     |           |                    | 10)     |                       |            |                      |
+---------------------------------------+------------+---------------------+-----------+--------------------+---------+-----------------------+------------+----------------------+
| bd_4794_s02mmu_0                      | Up-to-date | No changes required |  *(35)    | SC MMU             | 1.0     | 1.0 (Rev. 14)         | Included   | xcvu37p_CIV-fsvh2892 |
|                                       |            |                     |           |                    | (Rev.   |                       |            |                      |
|                                       |            |                     |           |                    | 14)     |                       |            |                      |
+---------------------------------------+------------+---------------------+-----------+--------------------+---------+-----------------------+------------+----------------------+
| bd_4794_s02sic_0                      | Up-to-date | No changes required |  *(36)    | SC SI_CONVERTER    | 1.0     | 1.0 (Rev. 14)         | Included   | xcvu37p_CIV-fsvh2892 |
|                                       |            |                     |           |                    | (Rev.   |                       |            |                      |
|                                       |            |                     |           |                    | 14)     |                       |            |                      |
+---------------------------------------+------------+---------------------+-----------+--------------------+---------+-----------------------+------------+----------------------+
| bd_4794_s02tr_0                       | Up-to-date | No changes required |  *(37)    | SC                 | 1.0     | 1.0 (Rev. 11)         | Included   | xcvu37p_CIV-fsvh2892 |
|                                       |            |                     |           | TRANSACTION_REGULA | (Rev.   |                       |            |                      |
|                                       |            |                     |           |                    | 11)     |                       |            |                      |
+---------------------------------------+------------+---------------------+-----------+--------------------+---------+-----------------------+------------+----------------------+
| bd_4794_s03a2s_0                      | Up-to-date | No changes required |  *(38)    | SmartConnect       | 1.0     | 1.0 (Rev. 10)         | Included   | xcvu37p_CIV-fsvh2892 |
|                                       |            |                     |           | AXI2SC Bridge      | (Rev.   |                       |            |                      |
|                                       |            |                     |           |                    | 10)     |                       |            |                      |
+---------------------------------------+------------+---------------------+-----------+--------------------+---------+-----------------------+------------+----------------------+
| bd_4794_s03mmu_0                      | Up-to-date | No changes required |  *(39)    | SC MMU             | 1.0     | 1.0 (Rev. 14)         | Included   | xcvu37p_CIV-fsvh2892 |
|                                       |            |                     |           |                    | (Rev.   |                       |            |                      |
|                                       |            |                     |           |                    | 14)     |                       |            |                      |
+---------------------------------------+------------+---------------------+-----------+--------------------+---------+-----------------------+------------+----------------------+
| bd_4794_s03sic_0                      | Up-to-date | No changes required |  *(40)    | SC SI_CONVERTER    | 1.0     | 1.0 (Rev. 14)         | Included   | xcvu37p_CIV-fsvh2892 |
|                                       |            |                     |           |                    | (Rev.   |                       |            |                      |
|                                       |            |                     |           |                    | 14)     |                       |            |                      |
+---------------------------------------+------------+---------------------+-----------+--------------------+---------+-----------------------+------------+----------------------+
| bd_4794_s03tr_0                       | Up-to-date | No changes required |  *(41)    | SC                 | 1.0     | 1.0 (Rev. 11)         | Included   | xcvu37p_CIV-fsvh2892 |
|                                       |            |                     |           | TRANSACTION_REGULA | (Rev.   |                       |            |                      |
|                                       |            |                     |           |                    | 11)     |                       |            |                      |
+---------------------------------------+------------+---------------------+-----------+--------------------+---------+-----------------------+------------+----------------------+
| bd_4794_s04a2s_0                      | Up-to-date | No changes required |  *(42)    | SmartConnect       | 1.0     | 1.0 (Rev. 10)         | Included   | xcvu37p_CIV-fsvh2892 |
|                                       |            |                     |           | AXI2SC Bridge      | (Rev.   |                       |            |                      |
|                                       |            |                     |           |                    | 10)     |                       |            |                      |
+---------------------------------------+------------+---------------------+-----------+--------------------+---------+-----------------------+------------+----------------------+
| bd_4794_s04mmu_0                      | Up-to-date | No changes required |  *(43)    | SC MMU             | 1.0     | 1.0 (Rev. 14)         | Included   | xcvu37p_CIV-fsvh2892 |
|                                       |            |                     |           |                    | (Rev.   |                       |            |                      |
|                                       |            |                     |           |                    | 14)     |                       |            |                      |
+---------------------------------------+------------+---------------------+-----------+--------------------+---------+-----------------------+------------+----------------------+
| bd_4794_s04sic_0                      | Up-to-date | No changes required |  *(44)    | SC SI_CONVERTER    | 1.0     | 1.0 (Rev. 14)         | Included   | xcvu37p_CIV-fsvh2892 |
|                                       |            |                     |           |                    | (Rev.   |                       |            |                      |
|                                       |            |                     |           |                    | 14)     |                       |            |                      |
+---------------------------------------+------------+---------------------+-----------+--------------------+---------+-----------------------+------------+----------------------+
| bd_4794_s04tr_0                       | Up-to-date | No changes required |  *(45)    | SC                 | 1.0     | 1.0 (Rev. 11)         | Included   | xcvu37p_CIV-fsvh2892 |
|                                       |            |                     |           | TRANSACTION_REGULA | (Rev.   |                       |            |                      |
|                                       |            |                     |           |                    | 11)     |                       |            |                      |
+---------------------------------------+------------+---------------------+-----------+--------------------+---------+-----------------------+------------+----------------------+
| bd_4794_sarn_0                        | Up-to-date | No changes required |  *(46)    | SmartConnect Node  | 1.0     | 1.0 (Rev. 17)         | Included   | xcvu37p_CIV-fsvh2892 |
|                                       |            |                     |           |                    | (Rev.   |                       |            |                      |
|                                       |            |                     |           |                    | 17)     |                       |            |                      |
+---------------------------------------+------------+---------------------+-----------+--------------------+---------+-----------------------+------------+----------------------+
| bd_4794_sarn_1                        | Up-to-date | No changes required |  *(47)    | SmartConnect Node  | 1.0     | 1.0 (Rev. 17)         | Included   | xcvu37p_CIV-fsvh2892 |
|                                       |            |                     |           |                    | (Rev.   |                       |            |                      |
|                                       |            |                     |           |                    | 17)     |                       |            |                      |
+---------------------------------------+------------+---------------------+-----------+--------------------+---------+-----------------------+------------+----------------------+
| bd_4794_sarn_2                        | Up-to-date | No changes required |  *(48)    | SmartConnect Node  | 1.0     | 1.0 (Rev. 17)         | Included   | xcvu37p_CIV-fsvh2892 |
|                                       |            |                     |           |                    | (Rev.   |                       |            |                      |
|                                       |            |                     |           |                    | 17)     |                       |            |                      |
+---------------------------------------+------------+---------------------+-----------+--------------------+---------+-----------------------+------------+----------------------+
| bd_4794_sarn_3                        | Up-to-date | No changes required |  *(49)    | SmartConnect Node  | 1.0     | 1.0 (Rev. 17)         | Included   | xcvu37p_CIV-fsvh2892 |
|                                       |            |                     |           |                    | (Rev.   |                       |            |                      |
|                                       |            |                     |           |                    | 17)     |                       |            |                      |
+---------------------------------------+------------+---------------------+-----------+--------------------+---------+-----------------------+------------+----------------------+
| bd_4794_sawn_0                        | Up-to-date | No changes required |  *(50)    | SmartConnect Node  | 1.0     | 1.0 (Rev. 17)         | Included   | xcvu37p_CIV-fsvh2892 |
|                                       |            |                     |           |                    | (Rev.   |                       |            |                      |
|                                       |            |                     |           |                    | 17)     |                       |            |                      |
+---------------------------------------+------------+---------------------+-----------+--------------------+---------+-----------------------+------------+----------------------+
| bd_4794_sawn_1                        | Up-to-date | No changes required |  *(51)    | SmartConnect Node  | 1.0     | 1.0 (Rev. 17)         | Included   | xcvu37p_CIV-fsvh2892 |
|                                       |            |                     |           |                    | (Rev.   |                       |            |                      |
|                                       |            |                     |           |                    | 17)     |                       |            |                      |
+---------------------------------------+------------+---------------------+-----------+--------------------+---------+-----------------------+------------+----------------------+
| bd_4794_sbn_0                         | Up-to-date | No changes required |  *(52)    | SmartConnect Node  | 1.0     | 1.0 (Rev. 17)         | Included   | xcvu37p_CIV-fsvh2892 |
|                                       |            |                     |           |                    | (Rev.   |                       |            |                      |
|                                       |            |                     |           |                    | 17)     |                       |            |                      |
+---------------------------------------+------------+---------------------+-----------+--------------------+---------+-----------------------+------------+----------------------+
| bd_4794_sbn_1                         | Up-to-date | No changes required |  *(53)    | SmartConnect Node  | 1.0     | 1.0 (Rev. 17)         | Included   | xcvu37p_CIV-fsvh2892 |
|                                       |            |                     |           |                    | (Rev.   |                       |            |                      |
|                                       |            |                     |           |                    | 17)     |                       |            |                      |
+---------------------------------------+------------+---------------------+-----------+--------------------+---------+-----------------------+------------+----------------------+
| bd_4794_srn_0                         | Up-to-date | No changes required |  *(54)    | SmartConnect Node  | 1.0     | 1.0 (Rev. 17)         | Included   | xcvu37p_CIV-fsvh2892 |
|                                       |            |                     |           |                    | (Rev.   |                       |            |                      |
|                                       |            |                     |           |                    | 17)     |                       |            |                      |
+---------------------------------------+------------+---------------------+-----------+--------------------+---------+-----------------------+------------+----------------------+
| bd_4794_srn_1                         | Up-to-date | No changes required |  *(55)    | SmartConnect Node  | 1.0     | 1.0 (Rev. 17)         | Included   | xcvu37p_CIV-fsvh2892 |
|                                       |            |                     |           |                    | (Rev.   |                       |            |                      |
|                                       |            |                     |           |                    | 17)     |                       |            |                      |
+---------------------------------------+------------+---------------------+-----------+--------------------+---------+-----------------------+------------+----------------------+
| bd_4794_srn_2                         | Up-to-date | No changes required |  *(56)    | SmartConnect Node  | 1.0     | 1.0 (Rev. 17)         | Included   | xcvu37p_CIV-fsvh2892 |
|                                       |            |                     |           |                    | (Rev.   |                       |            |                      |
|                                       |            |                     |           |                    | 17)     |                       |            |                      |
+---------------------------------------+------------+---------------------+-----------+--------------------+---------+-----------------------+------------+----------------------+
| bd_4794_srn_3                         | Up-to-date | No changes required |  *(57)    | SmartConnect Node  | 1.0     | 1.0 (Rev. 17)         | Included   | xcvu37p_CIV-fsvh2892 |
|                                       |            |                     |           |                    | (Rev.   |                       |            |                      |
|                                       |            |                     |           |                    | 17)     |                       |            |                      |
+---------------------------------------+------------+---------------------+-----------+--------------------+---------+-----------------------+------------+----------------------+
| bd_4794_swn_0                         | Up-to-date | No changes required |  *(58)    | SmartConnect Node  | 1.0     | 1.0 (Rev. 17)         | Included   | xcvu37p_CIV-fsvh2892 |
|                                       |            |                     |           |                    | (Rev.   |                       |            |                      |
|                                       |            |                     |           |                    | 17)     |                       |            |                      |
+---------------------------------------+------------+---------------------+-----------+--------------------+---------+-----------------------+------------+----------------------+
| bd_4794_swn_1                         | Up-to-date | No changes required |  *(59)    | SmartConnect Node  | 1.0     | 1.0 (Rev. 17)         | Included   | xcvu37p_CIV-fsvh2892 |
|                                       |            |                     |           |                    | (Rev.   |                       |            |                      |
|                                       |            |                     |           |                    | 17)     |                       |            |                      |
+---------------------------------------+------------+---------------------+-----------+--------------------+---------+-----------------------+------------+----------------------+
| bd_4794_wsw_0                         | Up-to-date | No changes required |  *(60)    | SmartConnect       | 1.0     | 1.0 (Rev. 8)          | Included   | xcvu37p_CIV-fsvh2892 |
|                                       |            |                     |           | Switchboard        | (Rev.   |                       |            |                      |
|                                       |            |                     |           |                    | 8)      |                       |            |                      |
+---------------------------------------+------------+---------------------+-----------+--------------------+---------+-----------------------+------------+----------------------+
| bd_a1ee_m00e_0                        | Up-to-date | No changes required |  *(61)    | SC EXIT            | 1.0     | 1.0 (Rev. 16)         | Included   | xcvu37p_CIV-fsvh2892 |
|                                       |            |                     |           |                    | (Rev.   |                       |            |                      |
|                                       |            |                     |           |                    | 16)     |                       |            |                      |
+---------------------------------------+------------+---------------------+-----------+--------------------+---------+-----------------------+------------+----------------------+
| bd_a1ee_m00s2a_0                      | Up-to-date | No changes required |  *(62)    | SmartConnect       | 1.0     | 1.0 (Rev. 10)         | Included   | xcvu37p_CIV-fsvh2892 |
|                                       |            |                     |           | SC2AXI Bridge      | (Rev.   |                       |            |                      |
|                                       |            |                     |           |                    | 10)     |                       |            |                      |
+---------------------------------------+------------+---------------------+-----------+--------------------+---------+-----------------------+------------+----------------------+
| bd_a1ee_one_0                         | Up-to-date | No changes required |  *(63)    | Constant           | 1.1     | 1.1 (Rev. 9)          | Included   | xcvu37p_CIV-fsvh2892 |
|                                       |            |                     |           |                    | (Rev.   |                       |            |                      |
|                                       |            |                     |           |                    | 9)      |                       |            |                      |
+---------------------------------------+------------+---------------------+-----------+--------------------+---------+-----------------------+------------+----------------------+
| bd_a1ee_psr_aclk_0                    | Up-to-date | No changes required |  *(64)    | Processor System   | 5.0     | 5.0 (Rev. 16)         | Included   | xcvu37p_CIV-fsvh2892 |
|                                       |            |                     |           | Reset              | (Rev.   |                       |            |                      |
|                                       |            |                     |           |                    | 16)     |                       |            |                      |
+---------------------------------------+------------+---------------------+-----------+--------------------+---------+-----------------------+------------+----------------------+
| bd_a1ee_s00a2s_0                      | Up-to-date | No changes required |  *(65)    | SmartConnect       | 1.0     | 1.0 (Rev. 10)         | Included   | xcvu37p_CIV-fsvh2892 |
|                                       |            |                     |           | AXI2SC Bridge      | (Rev.   |                       |            |                      |
|                                       |            |                     |           |                    | 10)     |                       |            |                      |
+---------------------------------------+------------+---------------------+-----------+--------------------+---------+-----------------------+------------+----------------------+
| bd_a1ee_s00mmu_0                      | Up-to-date | No changes required |  *(66)    | SC MMU             | 1.0     | 1.0 (Rev. 14)         | Included   | xcvu37p_CIV-fsvh2892 |
|                                       |            |                     |           |                    | (Rev.   |                       |            |                      |
|                                       |            |                     |           |                    | 14)     |                       |            |                      |
+---------------------------------------+------------+---------------------+-----------+--------------------+---------+-----------------------+------------+----------------------+
| bd_a1ee_s00sic_0                      | Up-to-date | No changes required |  *(67)    | SC SI_CONVERTER    | 1.0     | 1.0 (Rev. 14)         | Included   | xcvu37p_CIV-fsvh2892 |
|                                       |            |                     |           |                    | (Rev.   |                       |            |                      |
|                                       |            |                     |           |                    | 14)     |                       |            |                      |
+---------------------------------------+------------+---------------------+-----------+--------------------+---------+-----------------------+------------+----------------------+
| bd_a1ee_s00tr_0                       | Up-to-date | No changes required |  *(68)    | SC                 | 1.0     | 1.0 (Rev. 11)         | Included   | xcvu37p_CIV-fsvh2892 |
|                                       |            |                     |           | TRANSACTION_REGULA | (Rev.   |                       |            |                      |
|                                       |            |                     |           |                    | 11)     |                       |            |                      |
+---------------------------------------+------------+---------------------+-----------+--------------------+---------+-----------------------+------------+----------------------+
| bd_a1ee_sarn_0                        | Up-to-date | No changes required |  *(69)    | SmartConnect Node  | 1.0     | 1.0 (Rev. 17)         | Included   | xcvu37p_CIV-fsvh2892 |
|                                       |            |                     |           |                    | (Rev.   |                       |            |                      |
|                                       |            |                     |           |                    | 17)     |                       |            |                      |
+---------------------------------------+------------+---------------------+-----------+--------------------+---------+-----------------------+------------+----------------------+
| bd_a1ee_sawn_0                        | Up-to-date | No changes required |  *(70)    | SmartConnect Node  | 1.0     | 1.0 (Rev. 17)         | Included   | xcvu37p_CIV-fsvh2892 |
|                                       |            |                     |           |                    | (Rev.   |                       |            |                      |
|                                       |            |                     |           |                    | 17)     |                       |            |                      |
+---------------------------------------+------------+---------------------+-----------+--------------------+---------+-----------------------+------------+----------------------+
| bd_a1ee_sbn_0                         | Up-to-date | No changes required |  *(71)    | SmartConnect Node  | 1.0     | 1.0 (Rev. 17)         | Included   | xcvu37p_CIV-fsvh2892 |
|                                       |            |                     |           |                    | (Rev.   |                       |            |                      |
|                                       |            |                     |           |                    | 17)     |                       |            |                      |
+---------------------------------------+------------+---------------------+-----------+--------------------+---------+-----------------------+------------+----------------------+
| bd_a1ee_srn_0                         | Up-to-date | No changes required |  *(72)    | SmartConnect Node  | 1.0     | 1.0 (Rev. 17)         | Included   | xcvu37p_CIV-fsvh2892 |
|                                       |            |                     |           |                    | (Rev.   |                       |            |                      |
|                                       |            |                     |           |                    | 17)     |                       |            |                      |
+---------------------------------------+------------+---------------------+-----------+--------------------+---------+-----------------------+------------+----------------------+
| bd_a1ee_swn_0                         | Up-to-date | No changes required |  *(73)    | SmartConnect Node  | 1.0     | 1.0 (Rev. 17)         | Included   | xcvu37p_CIV-fsvh2892 |
|                                       |            |                     |           |                    | (Rev.   |                       |            |                      |
|                                       |            |                     |           |                    | 17)     |                       |            |                      |
+---------------------------------------+------------+---------------------+-----------+--------------------+---------+-----------------------+------------+----------------------+
*(1) /opt/Xilinx_2024.2/Vivado/2024.2/data/ip/xilinx/ila_v6_2/doc/ila_v6_2_changelog.txt
*(2) /opt/Xilinx_2024.2/Vivado/2024.2/data/ip/xilinx/clk_wiz_v6_0/doc/clk_wiz_v6_0_changelog.txt
*(3) /opt/Xilinx_2024.2/Vivado/2024.2/data/ip/xilinx/smartconnect_v1_0/doc/smartconnect_v1_0_changelog.txt
*(4) /opt/Xilinx_2024.2/Vivado/2024.2/data/ip/xilinx/hbm_v1_0/doc/hbm_v1_0_changelog.txt
*(5) /opt/Xilinx_2024.2/Vivado/2024.2/data/ip/xilinx/smartconnect_v1_0/doc/smartconnect_v1_0_changelog.txt
*(6) /opt/Xilinx_2024.2/Vivado/2024.2/data/ip/xilinx/util_vector_logic_v2_0/doc/util_vector_logic_v2_0_changelog.txt
*(7) /opt/Xilinx_2024.2/Vivado/2024.2/data/ip/xilinx/proc_sys_reset_v5_0/doc/proc_sys_reset_v5_0_changelog.txt
*(8) /opt/Xilinx_2024.2/Vivado/2024.2/data/ip/xilinx/proc_sys_reset_v5_0/doc/proc_sys_reset_v5_0_changelog.txt
*(9) /opt/Xilinx_2024.2/Vivado/2024.2/data/ip/xilinx/xlconstant_v1_1/doc/xlconstant_v1_1_changelog.txt
*(10) /opt/Xilinx_2024.2/Vivado/2024.2/data/ip/xilinx/vio_v3_0/doc/vio_v3_0_changelog.txt
*(11) /opt/Xilinx_2024.2/Vivado/2024.2/data/ip/xilinx/sc_switchboard_v1_0/doc/sc_switchboard_v1_0_changelog.txt
*(12) /opt/Xilinx_2024.2/Vivado/2024.2/data/ip/xilinx/sc_switchboard_v1_0/doc/sc_switchboard_v1_0_changelog.txt
*(13) /opt/Xilinx_2024.2/Vivado/2024.2/data/ip/xilinx/sc_switchboard_v1_0/doc/sc_switchboard_v1_0_changelog.txt
*(14) /opt/Xilinx_2024.2/Vivado/2024.2/data/ip/xilinx/sc_node_v1_0/doc/sc_node_v1_0_changelog.txt
*(15) /opt/Xilinx_2024.2/Vivado/2024.2/data/ip/xilinx/sc_node_v1_0/doc/sc_node_v1_0_changelog.txt
*(16) /opt/Xilinx_2024.2/Vivado/2024.2/data/ip/xilinx/sc_node_v1_0/doc/sc_node_v1_0_changelog.txt
*(17) /opt/Xilinx_2024.2/Vivado/2024.2/data/ip/xilinx/sc_exit_v1_0/doc/sc_exit_v1_0_changelog.txt
*(18) /opt/Xilinx_2024.2/Vivado/2024.2/data/ip/xilinx/sc_node_v1_0/doc/sc_node_v1_0_changelog.txt
*(19) /opt/Xilinx_2024.2/Vivado/2024.2/data/ip/xilinx/sc_sc2axi_v1_0/doc/sc_sc2axi_v1_0_changelog.txt
*(20) /opt/Xilinx_2024.2/Vivado/2024.2/data/ip/xilinx/sc_node_v1_0/doc/sc_node_v1_0_changelog.txt
*(21) /opt/Xilinx_2024.2/Vivado/2024.2/data/ip/xilinx/xlconstant_v1_1/doc/xlconstant_v1_1_changelog.txt
*(22) /opt/Xilinx_2024.2/Vivado/2024.2/data/ip/xilinx/proc_sys_reset_v5_0/doc/proc_sys_reset_v5_0_changelog.txt
*(23) /opt/Xilinx_2024.2/Vivado/2024.2/data/ip/xilinx/proc_sys_reset_v5_0/doc/proc_sys_reset_v5_0_changelog.txt
*(24) /opt/Xilinx_2024.2/Vivado/2024.2/data/ip/xilinx/proc_sys_reset_v5_0/doc/proc_sys_reset_v5_0_changelog.txt
*(25) /opt/Xilinx_2024.2/Vivado/2024.2/data/ip/xilinx/sc_switchboard_v1_0/doc/sc_switchboard_v1_0_changelog.txt
*(26) /opt/Xilinx_2024.2/Vivado/2024.2/data/ip/xilinx/sc_axi2sc_v1_0/doc/sc_axi2sc_v1_0_changelog.txt
*(27) /opt/Xilinx_2024.2/Vivado/2024.2/data/ip/xilinx/sc_mmu_v1_0/doc/sc_mmu_v1_0_changelog.txt
*(28) /opt/Xilinx_2024.2/Vivado/2024.2/data/ip/xilinx/sc_si_converter_v1_0/doc/sc_si_converter_v1_0_changelog.txt
*(29) /opt/Xilinx_2024.2/Vivado/2024.2/data/ip/xilinx/sc_transaction_regulator_v1_0/doc/sc_transaction_regulator_v1_0_changelog.txt
*(30) /opt/Xilinx_2024.2/Vivado/2024.2/data/ip/xilinx/sc_axi2sc_v1_0/doc/sc_axi2sc_v1_0_changelog.txt
*(31) /opt/Xilinx_2024.2/Vivado/2024.2/data/ip/xilinx/sc_mmu_v1_0/doc/sc_mmu_v1_0_changelog.txt
*(32) /opt/Xilinx_2024.2/Vivado/2024.2/data/ip/xilinx/sc_si_converter_v1_0/doc/sc_si_converter_v1_0_changelog.txt
*(33) /opt/Xilinx_2024.2/Vivado/2024.2/data/ip/xilinx/sc_transaction_regulator_v1_0/doc/sc_transaction_regulator_v1_0_changelog.txt
*(34) /opt/Xilinx_2024.2/Vivado/2024.2/data/ip/xilinx/sc_axi2sc_v1_0/doc/sc_axi2sc_v1_0_changelog.txt
*(35) /opt/Xilinx_2024.2/Vivado/2024.2/data/ip/xilinx/sc_mmu_v1_0/doc/sc_mmu_v1_0_changelog.txt
*(36) /opt/Xilinx_2024.2/Vivado/2024.2/data/ip/xilinx/sc_si_converter_v1_0/doc/sc_si_converter_v1_0_changelog.txt
*(37) /opt/Xilinx_2024.2/Vivado/2024.2/data/ip/xilinx/sc_transaction_regulator_v1_0/doc/sc_transaction_regulator_v1_0_changelog.txt
*(38) /opt/Xilinx_2024.2/Vivado/2024.2/data/ip/xilinx/sc_axi2sc_v1_0/doc/sc_axi2sc_v1_0_changelog.txt
*(39) /opt/Xilinx_2024.2/Vivado/2024.2/data/ip/xilinx/sc_mmu_v1_0/doc/sc_mmu_v1_0_changelog.txt
*(40) /opt/Xilinx_2024.2/Vivado/2024.2/data/ip/xilinx/sc_si_converter_v1_0/doc/sc_si_converter_v1_0_changelog.txt
*(41) /opt/Xilinx_2024.2/Vivado/2024.2/data/ip/xilinx/sc_transaction_regulator_v1_0/doc/sc_transaction_regulator_v1_0_changelog.txt
*(42) /opt/Xilinx_2024.2/Vivado/2024.2/data/ip/xilinx/sc_axi2sc_v1_0/doc/sc_axi2sc_v1_0_changelog.txt
*(43) /opt/Xilinx_2024.2/Vivado/2024.2/data/ip/xilinx/sc_mmu_v1_0/doc/sc_mmu_v1_0_changelog.txt
*(44) /opt/Xilinx_2024.2/Vivado/2024.2/data/ip/xilinx/sc_si_converter_v1_0/doc/sc_si_converter_v1_0_changelog.txt
*(45) /opt/Xilinx_2024.2/Vivado/2024.2/data/ip/xilinx/sc_transaction_regulator_v1_0/doc/sc_transaction_regulator_v1_0_changelog.txt
*(46) /opt/Xilinx_2024.2/Vivado/2024.2/data/ip/xilinx/sc_node_v1_0/doc/sc_node_v1_0_changelog.txt
*(47) /opt/Xilinx_2024.2/Vivado/2024.2/data/ip/xilinx/sc_node_v1_0/doc/sc_node_v1_0_changelog.txt
*(48) /opt/Xilinx_2024.2/Vivado/2024.2/data/ip/xilinx/sc_node_v1_0/doc/sc_node_v1_0_changelog.txt
*(49) /opt/Xilinx_2024.2/Vivado/2024.2/data/ip/xilinx/sc_node_v1_0/doc/sc_node_v1_0_changelog.txt
*(50) /opt/Xilinx_2024.2/Vivado/2024.2/data/ip/xilinx/sc_node_v1_0/doc/sc_node_v1_0_changelog.txt
*(51) /opt/Xilinx_2024.2/Vivado/2024.2/data/ip/xilinx/sc_node_v1_0/doc/sc_node_v1_0_changelog.txt
*(52) /opt/Xilinx_2024.2/Vivado/2024.2/data/ip/xilinx/sc_node_v1_0/doc/sc_node_v1_0_changelog.txt
*(53) /opt/Xilinx_2024.2/Vivado/2024.2/data/ip/xilinx/sc_node_v1_0/doc/sc_node_v1_0_changelog.txt
*(54) /opt/Xilinx_2024.2/Vivado/2024.2/data/ip/xilinx/sc_node_v1_0/doc/sc_node_v1_0_changelog.txt
*(55) /opt/Xilinx_2024.2/Vivado/2024.2/data/ip/xilinx/sc_node_v1_0/doc/sc_node_v1_0_changelog.txt
*(56) /opt/Xilinx_2024.2/Vivado/2024.2/data/ip/xilinx/sc_node_v1_0/doc/sc_node_v1_0_changelog.txt
*(57) /opt/Xilinx_2024.2/Vivado/2024.2/data/ip/xilinx/sc_node_v1_0/doc/sc_node_v1_0_changelog.txt
*(58) /opt/Xilinx_2024.2/Vivado/2024.2/data/ip/xilinx/sc_node_v1_0/doc/sc_node_v1_0_changelog.txt
*(59) /opt/Xilinx_2024.2/Vivado/2024.2/data/ip/xilinx/sc_node_v1_0/doc/sc_node_v1_0_changelog.txt
*(60) /opt/Xilinx_2024.2/Vivado/2024.2/data/ip/xilinx/sc_switchboard_v1_0/doc/sc_switchboard_v1_0_changelog.txt
*(61) /opt/Xilinx_2024.2/Vivado/2024.2/data/ip/xilinx/sc_exit_v1_0/doc/sc_exit_v1_0_changelog.txt
*(62) /opt/Xilinx_2024.2/Vivado/2024.2/data/ip/xilinx/sc_sc2axi_v1_0/doc/sc_sc2axi_v1_0_changelog.txt
*(63) /opt/Xilinx_2024.2/Vivado/2024.2/data/ip/xilinx/xlconstant_v1_1/doc/xlconstant_v1_1_changelog.txt
*(64) /opt/Xilinx_2024.2/Vivado/2024.2/data/ip/xilinx/proc_sys_reset_v5_0/doc/proc_sys_reset_v5_0_changelog.txt
*(65) /opt/Xilinx_2024.2/Vivado/2024.2/data/ip/xilinx/sc_axi2sc_v1_0/doc/sc_axi2sc_v1_0_changelog.txt
*(66) /opt/Xilinx_2024.2/Vivado/2024.2/data/ip/xilinx/sc_mmu_v1_0/doc/sc_mmu_v1_0_changelog.txt
*(67) /opt/Xilinx_2024.2/Vivado/2024.2/data/ip/xilinx/sc_si_converter_v1_0/doc/sc_si_converter_v1_0_changelog.txt
*(68) /opt/Xilinx_2024.2/Vivado/2024.2/data/ip/xilinx/sc_transaction_regulator_v1_0/doc/sc_transaction_regulator_v1_0_changelog.txt
*(69) /opt/Xilinx_2024.2/Vivado/2024.2/data/ip/xilinx/sc_node_v1_0/doc/sc_node_v1_0_changelog.txt
*(70) /opt/Xilinx_2024.2/Vivado/2024.2/data/ip/xilinx/sc_node_v1_0/doc/sc_node_v1_0_changelog.txt
*(71) /opt/Xilinx_2024.2/Vivado/2024.2/data/ip/xilinx/sc_node_v1_0/doc/sc_node_v1_0_changelog.txt
*(72) /opt/Xilinx_2024.2/Vivado/2024.2/data/ip/xilinx/sc_node_v1_0/doc/sc_node_v1_0_changelog.txt
*(73) /opt/Xilinx_2024.2/Vivado/2024.2/data/ip/xilinx/sc_node_v1_0/doc/sc_node_v1_0_changelog.txt


