

================================================================
== Vitis HLS Report for 'distributeQueryTile_Pipeline_VITIS_LOOP_484_1_VITIS_LOOP_485_2'
================================================================
* Date:           Sat Oct 10 02:19:51 2026

* Version:        2024.2 (Build 5238294 on Nov  8 2024)
* Project:        build
* Solution:       solution1 (Vivado IP Flow Target)
* Product family: virtexuplusHBM
* Target device:  xcvu37p_CIV-fsvh2892-2-e


================================================================
== Performance Estimates
================================================================
+ Timing: 
    * Summary: 
    +--------+----------+----------+------------+
    |  Clock |  Target  | Estimated| Uncertainty|
    +--------+----------+----------+------------+
    |ap_clk  |  10.00 ns|  7.300 ns|     2.70 ns|
    +--------+----------+----------+------------+

+ Latency: 
    * Summary: 
    +---------+---------+----------+----------+-----+-----+------------------------------------------------+
    |  Latency (cycles) |  Latency (absolute) |  Interval |                    Pipeline                    |
    |   min   |   max   |    min   |    max   | min | max |                      Type                      |
    +---------+---------+----------+----------+-----+-----+------------------------------------------------+
    |       19|       19|  0.190 us|  0.190 us|   17|   17|  loop auto-rewind stp (delay=0 clock cycles(s))|
    +---------+---------+----------+----------+-----+-----+------------------------------------------------+

    + Detail: 
        * Instance: 
        N/A

        * Loop: 
        +-------------------------------------+---------+---------+----------+-----------+-----------+------+----------+
        |                                     |  Latency (cycles) | Iteration|  Initiation Interval  | Trip |          |
        |              Loop Name              |   min   |   max   |  Latency |  achieved |   target  | Count| Pipelined|
        +-------------------------------------+---------+---------+----------+-----------+-----------+------+----------+
        |- VITIS_LOOP_484_1_VITIS_LOOP_485_2  |       17|       17|         3|          1|          1|    16|       yes|
        +-------------------------------------+---------+---------+----------+-----------+-----------+------+----------+



================================================================
== Utilization Estimates
================================================================
* Summary: 
+---------------------+---------+------+---------+---------+-----+
|         Name        | BRAM_18K|  DSP |    FF   |   LUT   | URAM|
+---------------------+---------+------+---------+---------+-----+
|DSP                  |        -|     -|        -|        -|    -|
|Expression           |        -|     -|        0|       94|    -|
|FIFO                 |        -|     -|        -|        -|    -|
|Instance             |        -|     -|        -|        -|    -|
|Memory               |        -|     -|        -|        -|    -|
|Multiplexer          |        -|     -|        0|      117|    -|
|Register             |        -|     -|      214|        -|    -|
+---------------------+---------+------+---------+---------+-----+
|Total                |        0|     0|      214|      211|    0|
+---------------------+---------+------+---------+---------+-----+
|Available SLR        |     1344|  3008|   869120|   434560|  320|
+---------------------+---------+------+---------+---------+-----+
|Utilization SLR (%)  |        0|     0|       ~0|       ~0|    0|
+---------------------+---------+------+---------+---------+-----+
|Available            |     4032|  9024|  2607360|  1303680|  960|
+---------------------+---------+------+---------+---------+-----+
|Utilization (%)      |        0|     0|       ~0|       ~0|    0|
+---------------------+---------+------+---------+---------+-----+

+ Detail: 
    * Instance: 
    N/A

    * DSP: 
    N/A

    * Memory: 
    N/A

    * FIFO: 
    N/A

    * Expression: 
    +----------------------------------+----------+----+---+----+------------+------------+
    |           Variable Name          | Operation| DSP| FF| LUT| Bitwidth P0| Bitwidth P1|
    +----------------------------------+----------+----+---+----+------------+------------+
    |add_ln484_1_fu_168_p2             |         +|   0|  0|  10|           3|           1|
    |add_ln484_fu_159_p2               |         +|   0|  0|  12|           5|           1|
    |add_ln485_fu_210_p2               |         +|   0|  0|  10|           3|           1|
    |ap_block_state2_pp0_stage0_iter1  |       and|   0|  0|   2|           1|           1|
    |ap_condition_190                  |       and|   0|  0|   2|           1|           1|
    |ap_predicate_op43_read_state2     |       and|   0|  0|   2|           1|           1|
    |cmp6_fu_188_p2                    |      icmp|   0|  0|  10|           3|           3|
    |icmp_fu_204_p2                    |      icmp|   0|  0|   9|           2|           1|
    |icmp_ln484_fu_153_p2              |      icmp|   0|  0|  13|           5|           6|
    |icmp_ln485_fu_174_p2              |      icmp|   0|  0|  12|           3|           4|
    |ap_block_pp0_stage0_01001         |        or|   0|  0|   2|           1|           1|
    |ap_block_state3_pp0_stage0_iter2  |        or|   0|  0|   2|           1|           1|
    |select_ln484_fu_180_p3            |    select|   0|  0|   3|           1|           3|
    |select_ln485_fu_216_p3            |    select|   0|  0|   3|           1|           1|
    |ap_enable_pp0                     |       xor|   0|  0|   2|           1|           2|
    +----------------------------------+----------+----+---+----+------------+------------+
    |Total                             |          |   0|  0|  94|          32|          28|
    +----------------------------------+----------+----+---+----+------------+------------+

    * Multiplexer: 
    +---------------------------------------+----+-----------+-----+-----------+
    |                  Name                 | LUT| Input Size| Bits| Total Bits|
    +---------------------------------------+----+-----------+-----+-----------+
    |ap_done_int                            |   9|          2|    1|          2|
    |ap_enable_reg_pp0_iter1                |   9|          2|    1|          2|
    |ap_phi_mux_packed_1_phi_fu_119_p4      |   9|          2|   64|        128|
    |ap_phi_reg_pp0_iter1_packed_1_reg_115  |   9|          2|   64|        128|
    |ap_sig_allocacmp_col_load              |   9|          2|    3|          6|
    |ap_sig_allocacmp_indvar_flatten_load   |   9|          2|    5|         10|
    |ap_sig_allocacmp_word_2                |   9|          2|    3|          6|
    |col_fu_76                              |   9|          2|    3|          6|
    |indvar_flatten_fu_80                   |   9|          2|    5|         10|
    |q0_blk_n                               |   9|          2|    1|          2|
    |q1_blk_n                               |   9|          2|    1|          2|
    |q_gmem_blk_n_R                         |   9|          2|    1|          2|
    |word_fu_72                             |   9|          2|    3|          6|
    +---------------------------------------+----+-----------+-----+-----------+
    |Total                                  | 117|         26|  155|        310|
    +---------------------------------------+----+-----------+-----+-----------+

    * Register: 
    +---------------------------------------+----+----+-----+-----------+
    |                  Name                 | FF | LUT| Bits| Const Bits|
    +---------------------------------------+----+----+-----+-----------+
    |ap_CS_fsm                              |   1|   0|    1|          0|
    |ap_done_reg                            |   1|   0|    1|          0|
    |ap_enable_reg_pp0_iter1                |   1|   0|    1|          0|
    |ap_enable_reg_pp0_iter2                |   1|   0|    1|          0|
    |ap_loop_exit_ready_pp0_iter1_reg       |   1|   0|    1|          0|
    |ap_phi_reg_pp0_iter1_packed_1_reg_115  |  64|   0|   64|          0|
    |ap_phi_reg_pp0_iter2_packed_1_reg_115  |  64|   0|   64|          0|
    |cmp6_reg_275                           |   1|   0|    1|          0|
    |cmp6_reg_275_pp0_iter1_reg             |   1|   0|    1|          0|
    |col_fu_76                              |   3|   0|    3|          0|
    |icmp_ln484_reg_271                     |   1|   0|    1|          0|
    |icmp_ln484_reg_271_pp0_iter1_reg       |   1|   0|    1|          0|
    |icmp_reg_279                           |   1|   0|    1|          0|
    |icmp_reg_279_pp0_iter1_reg             |   1|   0|    1|          0|
    |indvar_flatten_fu_80                   |   5|   0|    5|          0|
    |packed_reg_283                         |  64|   0|   64|          0|
    |word_fu_72                             |   3|   0|    3|          0|
    +---------------------------------------+----+----+-----+-----------+
    |Total                                  | 214|   0|  214|          0|
    +---------------------------------------+----+----+-----+-----------+



================================================================
== Interface
================================================================
* Summary: 
+-------------------------+-----+-----+------------+----------------------------------------------------------------+--------------+
|        RTL Ports        | Dir | Bits|  Protocol  |                          Source Object                         |    C Type    |
+-------------------------+-----+-----+------------+----------------------------------------------------------------+--------------+
|ap_clk                   |   in|    1|  ap_ctrl_hs|  distributeQueryTile_Pipeline_VITIS_LOOP_484_1_VITIS_LOOP_485_2|  return value|
|ap_rst                   |   in|    1|  ap_ctrl_hs|  distributeQueryTile_Pipeline_VITIS_LOOP_484_1_VITIS_LOOP_485_2|  return value|
|ap_start                 |   in|    1|  ap_ctrl_hs|  distributeQueryTile_Pipeline_VITIS_LOOP_484_1_VITIS_LOOP_485_2|  return value|
|ap_done                  |  out|    1|  ap_ctrl_hs|  distributeQueryTile_Pipeline_VITIS_LOOP_484_1_VITIS_LOOP_485_2|  return value|
|ap_idle                  |  out|    1|  ap_ctrl_hs|  distributeQueryTile_Pipeline_VITIS_LOOP_484_1_VITIS_LOOP_485_2|  return value|
|ap_ready                 |  out|    1|  ap_ctrl_hs|  distributeQueryTile_Pipeline_VITIS_LOOP_484_1_VITIS_LOOP_485_2|  return value|
|m_axi_q_gmem_0_AWVALID   |  out|    1|       m_axi|                                                          q_gmem|       pointer|
|m_axi_q_gmem_0_AWREADY   |   in|    1|       m_axi|                                                          q_gmem|       pointer|
|m_axi_q_gmem_0_AWADDR    |  out|   64|       m_axi|                                                          q_gmem|       pointer|
|m_axi_q_gmem_0_AWID      |  out|    1|       m_axi|                                                          q_gmem|       pointer|
|m_axi_q_gmem_0_AWLEN     |  out|   32|       m_axi|                                                          q_gmem|       pointer|
|m_axi_q_gmem_0_AWSIZE    |  out|    3|       m_axi|                                                          q_gmem|       pointer|
|m_axi_q_gmem_0_AWBURST   |  out|    2|       m_axi|                                                          q_gmem|       pointer|
|m_axi_q_gmem_0_AWLOCK    |  out|    2|       m_axi|                                                          q_gmem|       pointer|
|m_axi_q_gmem_0_AWCACHE   |  out|    4|       m_axi|                                                          q_gmem|       pointer|
|m_axi_q_gmem_0_AWPROT    |  out|    3|       m_axi|                                                          q_gmem|       pointer|
|m_axi_q_gmem_0_AWQOS     |  out|    4|       m_axi|                                                          q_gmem|       pointer|
|m_axi_q_gmem_0_AWREGION  |  out|    4|       m_axi|                                                          q_gmem|       pointer|
|m_axi_q_gmem_0_AWUSER    |  out|    1|       m_axi|                                                          q_gmem|       pointer|
|m_axi_q_gmem_0_WVALID    |  out|    1|       m_axi|                                                          q_gmem|       pointer|
|m_axi_q_gmem_0_WREADY    |   in|    1|       m_axi|                                                          q_gmem|       pointer|
|m_axi_q_gmem_0_WDATA     |  out|   64|       m_axi|                                                          q_gmem|       pointer|
|m_axi_q_gmem_0_WSTRB     |  out|    8|       m_axi|                                                          q_gmem|       pointer|
|m_axi_q_gmem_0_WLAST     |  out|    1|       m_axi|                                                          q_gmem|       pointer|
|m_axi_q_gmem_0_WID       |  out|    1|       m_axi|                                                          q_gmem|       pointer|
|m_axi_q_gmem_0_WUSER     |  out|    1|       m_axi|                                                          q_gmem|       pointer|
|m_axi_q_gmem_0_ARVALID   |  out|    1|       m_axi|                                                          q_gmem|       pointer|
|m_axi_q_gmem_0_ARREADY   |   in|    1|       m_axi|                                                          q_gmem|       pointer|
|m_axi_q_gmem_0_ARADDR    |  out|   64|       m_axi|                                                          q_gmem|       pointer|
|m_axi_q_gmem_0_ARID      |  out|    1|       m_axi|                                                          q_gmem|       pointer|
|m_axi_q_gmem_0_ARLEN     |  out|   32|       m_axi|                                                          q_gmem|       pointer|
|m_axi_q_gmem_0_ARSIZE    |  out|    3|       m_axi|                                                          q_gmem|       pointer|
|m_axi_q_gmem_0_ARBURST   |  out|    2|       m_axi|                                                          q_gmem|       pointer|
|m_axi_q_gmem_0_ARLOCK    |  out|    2|       m_axi|                                                          q_gmem|       pointer|
|m_axi_q_gmem_0_ARCACHE   |  out|    4|       m_axi|                                                          q_gmem|       pointer|
|m_axi_q_gmem_0_ARPROT    |  out|    3|       m_axi|                                                          q_gmem|       pointer|
|m_axi_q_gmem_0_ARQOS     |  out|    4|       m_axi|                                                          q_gmem|       pointer|
|m_axi_q_gmem_0_ARREGION  |  out|    4|       m_axi|                                                          q_gmem|       pointer|
|m_axi_q_gmem_0_ARUSER    |  out|    1|       m_axi|                                                          q_gmem|       pointer|
|m_axi_q_gmem_0_RVALID    |   in|    1|       m_axi|                                                          q_gmem|       pointer|
|m_axi_q_gmem_0_RREADY    |  out|    1|       m_axi|                                                          q_gmem|       pointer|
|m_axi_q_gmem_0_RDATA     |   in|   64|       m_axi|                                                          q_gmem|       pointer|
|m_axi_q_gmem_0_RLAST     |   in|    1|       m_axi|                                                          q_gmem|       pointer|
|m_axi_q_gmem_0_RID       |   in|    1|       m_axi|                                                          q_gmem|       pointer|
|m_axi_q_gmem_0_RFIFONUM  |   in|   11|       m_axi|                                                          q_gmem|       pointer|
|m_axi_q_gmem_0_RUSER     |   in|    1|       m_axi|                                                          q_gmem|       pointer|
|m_axi_q_gmem_0_RRESP     |   in|    2|       m_axi|                                                          q_gmem|       pointer|
|m_axi_q_gmem_0_BVALID    |   in|    1|       m_axi|                                                          q_gmem|       pointer|
|m_axi_q_gmem_0_BREADY    |  out|    1|       m_axi|                                                          q_gmem|       pointer|
|m_axi_q_gmem_0_BRESP     |   in|    2|       m_axi|                                                          q_gmem|       pointer|
|m_axi_q_gmem_0_BID       |   in|    1|       m_axi|                                                          q_gmem|       pointer|
|m_axi_q_gmem_0_BUSER     |   in|    1|       m_axi|                                                          q_gmem|       pointer|
|q1_din                   |  out|   64|     ap_fifo|                                                              q1|       pointer|
|q1_full_n                |   in|    1|     ap_fifo|                                                              q1|       pointer|
|q1_write                 |  out|    1|     ap_fifo|                                                              q1|       pointer|
|q1_num_data_valid        |   in|    4|     ap_fifo|                                                              q1|       pointer|
|q1_fifo_cap              |   in|    4|     ap_fifo|                                                              q1|       pointer|
|q0_din                   |  out|   64|     ap_fifo|                                                              q0|       pointer|
|q0_full_n                |   in|    1|     ap_fifo|                                                              q0|       pointer|
|q0_write                 |  out|    1|     ap_fifo|                                                              q0|       pointer|
|q0_num_data_valid        |   in|    4|     ap_fifo|                                                              q0|       pointer|
|q0_fifo_cap              |   in|    4|     ap_fifo|                                                              q0|       pointer|
|sext_ln484               |   in|   61|     ap_none|                                                      sext_ln484|        scalar|
|header_active_queries    |   in|    3|     ap_none|                                           header_active_queries|        scalar|
+-------------------------+-----+-----+------------+----------------------------------------------------------------+--------------+

