

================================================================
== Vitis HLS Report for 'runQueryBlock_1_s'
================================================================
* Date:           Sat Oct 10 02:20:06 2026

* Version:        2024.2 (Build 5238294 on Nov  8 2024)
* Project:        build
* Solution:       solution1 (Vivado IP Flow Target)
* Product family: virtexuplusHBM
* Target device:  xcvu37p_CIV-fsvh2892-2-e


================================================================
== Performance Estimates
================================================================
+ Timing: 
    * Summary: 
    +--------+----------+----------+------------+
    |  Clock |  Target  | Estimated| Uncertainty|
    +--------+----------+----------+------------+
    |ap_clk  |  10.00 ns|  7.299 ns|     2.70 ns|
    +--------+----------+----------+------------+

+ Latency: 
    * Summary: 
    +---------+---------+----------+----------+-----+--------+---------+
    |  Latency (cycles) |  Latency (absolute) |   Interval   | Pipeline|
    |   min   |   max   |    min   |    max   | min |   max  |   Type  |
    +---------+---------+----------+----------+-----+--------+---------+
    |      453|   343196|  4.530 us|  3.432 ms|  453|  343196|       no|
    +---------+---------+----------+----------+-----+--------+---------+

    + Detail: 
        * Instance: 
        +-------------------------------------------------------------------------+--------------------------------------------------------------+---------+---------+-----------+----------+-----+--------+------------------------------------------------+
        |                                                                         |                                                              |  Latency (cycles) |  Latency (absolute)  |   Interval   |                    Pipeline                    |
        |                                 Instance                                |                            Module                            |   min   |   max   |    min    |    max   | min |   max  |                      Type                      |
        +-------------------------------------------------------------------------+--------------------------------------------------------------+---------+---------+-----------+----------+-----+--------+------------------------------------------------+
        |grp_runQueryBlock_1_Pipeline_1_fu_132                                    |runQueryBlock_1_Pipeline_1                                    |       34|       34|   0.340 us|  0.340 us|   33|      33|  loop auto-rewind stp (delay=0 clock cycles(s))|
        |grp_runQueryBlock_1_Pipeline_3_fu_144                                    |runQueryBlock_1_Pipeline_3                                    |       34|       34|   0.340 us|  0.340 us|   33|      33|  loop auto-rewind stp (delay=0 clock cycles(s))|
        |grp_runQueryBlock_1_Pipeline_16_fu_152                                   |runQueryBlock_1_Pipeline_16                                   |       34|       34|   0.340 us|  0.340 us|   33|      33|  loop auto-rewind stp (delay=0 clock cycles(s))|
        |grp_runQueryBlock_1_Pipeline_VITIS_LOOP_88_1_VITIS_LOOP_89_2_fu_160      |runQueryBlock_1_Pipeline_VITIS_LOOP_88_1_VITIS_LOOP_89_2      |       10|       10|   0.100 us|  0.100 us|    9|       9|  loop auto-rewind stp (delay=0 clock cycles(s))|
        |grp_runQueryBlock_1_Outline_VITIS_LOOP_115_5_fu_170                      |runQueryBlock_1_Outline_VITIS_LOOP_115_5                      |      336|   343041|   3.360 us|  3.430 ms|  336|  343041|                                              no|
        |grp_reciprocalColumns_fu_199                                             |reciprocalColumns                                             |        4|       42|  40.000 ns|  0.420 us|    4|      42|                                              no|
        |grp_runQueryBlock_1_Pipeline_VITIS_LOOP_446_40_fu_205                    |runQueryBlock_1_Pipeline_VITIS_LOOP_446_40                    |       25|       25|   0.250 us|  0.250 us|   17|      17|  loop auto-rewind stp (delay=0 clock cycles(s))|
        |grp_runQueryBlock_1_Pipeline_VITIS_LOOP_469_43_VITIS_LOOP_470_44_fu_219  |runQueryBlock_1_Pipeline_VITIS_LOOP_469_43_VITIS_LOOP_470_44  |       34|       34|   0.340 us|  0.340 us|   33|      33|  loop auto-rewind stp (delay=0 clock cycles(s))|
        +-------------------------------------------------------------------------+--------------------------------------------------------------+---------+---------+-----------+----------+-----+--------+------------------------------------------------+

        * Loop: 
        N/A



================================================================
== Utilization Estimates
================================================================
* Summary: 
+---------------------+---------+------+---------+---------+-----+
|         Name        | BRAM_18K|  DSP |    FF   |   LUT   | URAM|
+---------------------+---------+------+---------+---------+-----+
|DSP                  |        -|     -|        -|        -|    -|
|Expression           |        -|     -|        0|      235|    -|
|FIFO                 |        -|     -|        -|        -|    -|
|Instance             |        0|    20|    14055|    59209|    0|
|Memory               |        0|     -|      192|      200|    0|
|Multiplexer          |        -|     -|        0|      843|    -|
|Register             |        -|     -|      316|        -|    -|
+---------------------+---------+------+---------+---------+-----+
|Total                |        0|    20|    14563|    60487|    0|
+---------------------+---------+------+---------+---------+-----+
|Available SLR        |     1344|  3008|   869120|   434560|  320|
+---------------------+---------+------+---------+---------+-----+
|Utilization SLR (%)  |        0|    ~0|        1|       13|    0|
+---------------------+---------+------+---------+---------+-----+
|Available            |     4032|  9024|  2607360|  1303680|  960|
+---------------------+---------+------+---------+---------+-----+
|Utilization (%)      |        0|    ~0|       ~0|        4|    0|
+---------------------+---------+------+---------+---------+-----+

+ Detail: 
    * Instance: 
    +-------------------------------------------------------------------------+--------------------------------------------------------------+---------+----+-------+-------+-----+
    |                                 Instance                                |                            Module                            | BRAM_18K| DSP|   FF  |  LUT  | URAM|
    +-------------------------------------------------------------------------+--------------------------------------------------------------+---------+----+-------+-------+-----+
    |grp_reciprocalColumns_fu_199                                             |reciprocalColumns                                             |        0|   0|    680|   3191|    0|
    |grp_runAccumulatorColumns_fu_559                                         |runAccumulatorColumns                                         |        0|   4|   2542|  14232|    0|
    |grp_runQueryBlock_1_Outline_VITIS_LOOP_115_5_fu_170                      |runQueryBlock_1_Outline_VITIS_LOOP_115_5                      |        0|  16|  10688|  41181|    0|
    |grp_runQueryBlock_1_Pipeline_1_fu_132                                    |runQueryBlock_1_Pipeline_1                                    |        0|   0|      8|     63|    0|
    |grp_runQueryBlock_1_Pipeline_16_fu_152                                   |runQueryBlock_1_Pipeline_16                                   |        0|   0|      8|     63|    0|
    |grp_runQueryBlock_1_Pipeline_3_fu_144                                    |runQueryBlock_1_Pipeline_3                                    |        0|   0|      8|     63|    0|
    |grp_runQueryBlock_1_Pipeline_VITIS_LOOP_446_40_fu_205                    |runQueryBlock_1_Pipeline_VITIS_LOOP_446_40                    |        0|   0|     92|     95|    0|
    |grp_runQueryBlock_1_Pipeline_VITIS_LOOP_469_43_VITIS_LOOP_470_44_fu_219  |runQueryBlock_1_Pipeline_VITIS_LOOP_469_43_VITIS_LOOP_470_44  |        0|   0|     17|    185|    0|
    |grp_runQueryBlock_1_Pipeline_VITIS_LOOP_88_1_VITIS_LOOP_89_2_fu_160      |runQueryBlock_1_Pipeline_VITIS_LOOP_88_1_VITIS_LOOP_89_2      |        0|   0|     12|    136|    0|
    +-------------------------------------------------------------------------+--------------------------------------------------------------+---------+----+-------+-------+-----+
    |Total                                                                    |                                                              |        0|  20|  14055|  59209|    0|
    +-------------------------------------------------------------------------+--------------------------------------------------------------+---------+----+-------+-------+-----+

    * DSP: 
    N/A

    * Memory: 
    +----------------+--------------------------------------------+---------+----+----+-----+------+-----+------+-------------+
    |     Memory     |                   Module                   | BRAM_18K| FF | LUT| URAM| Words| Bits| Banks| W*Bits*Banks|
    +----------------+--------------------------------------------+---------+----+----+-----+------+-----+------+-------------+
    |normalized_U    |runQueryBlock_1_s_normalized_RAM_AUTO_1R1W  |        0|  32|  33|    0|    16|   32|     1|          512|
    |normalized_1_U  |runQueryBlock_1_s_normalized_RAM_AUTO_1R1W  |        0|  32|  33|    0|    16|   32|     1|          512|
    |output_acc_U    |runQueryBlock_1_s_output_acc_RAM_AUTO_1R1W  |        0|  32|  33|    0|    16|   32|     1|          512|
    |output_acc_1_U  |runQueryBlock_1_s_output_acc_RAM_AUTO_1R1W  |        0|  32|  33|    0|    16|   32|     1|          512|
    |q_tile_U        |runQueryBlock_1_s_q_tile_RAM_AUTO_1R1W      |        0|  16|  17|    0|     8|   16|     1|          128|
    |q_tile_1_U      |runQueryBlock_1_s_q_tile_RAM_AUTO_1R1W      |        0|  16|  17|    0|     8|   16|     1|          128|
    |q_tile_2_U      |runQueryBlock_1_s_q_tile_RAM_AUTO_1R1W      |        0|  16|  17|    0|     8|   16|     1|          128|
    |q_tile_3_U      |runQueryBlock_1_s_q_tile_RAM_AUTO_1R1W      |        0|  16|  17|    0|     8|   16|     1|          128|
    +----------------+--------------------------------------------+---------+----+----+-----+------+-----+------+-------------+
    |Total           |                                            |        0| 192| 200|    0|    96|  192|     8|         2560|
    +----------------+--------------------------------------------+---------+----+----+-----+------+-----+------+-------------+

    * FIFO: 
    N/A

    * Expression: 
    +---------------------------------+----------+----+---+----+------------+------------+
    |          Variable Name          | Operation| DSP| FF| LUT| Bitwidth P0| Bitwidth P1|
    +---------------------------------+----------+----+---+----+------------+------------+
    |add_ln84_fu_269_p2               |         +|   0|  0|  39|          32|           3|
    |global_query_1_fu_372_p2         |         +|   0|  0|  39|          32|           2|
    |global_query_fu_366_p2           |         +|   0|  0|  39|          32|           2|
    |icmp_ln84_fu_275_p2              |      icmp|   0|  0|  39|          32|           2|
    |icmp_ln85_fu_303_p2              |      icmp|   0|  0|  38|          31|           1|
    |ap_block_state1                  |        or|   0|  0|   2|           1|           1|
    |ap_block_state2_on_subcall_done  |        or|   0|  0|   2|           1|           1|
    |active_queries_fu_359_p3         |    select|   0|  0|   3|           1|           2|
    |remaining_fu_281_p3              |    select|   0|  0|  32|           1|          32|
    |xor_ln164_fu_387_p2              |       xor|   0|  0|   2|           1|           2|
    +---------------------------------+----------+----+---+----+------------+------------+
    |Total                            |          |   0|  0| 235|         164|          48|
    +---------------------------------+----------+----+---+----+------------+------------+

    * Multiplexer: 
    +----------------------------------------------+----+-----------+-----+-----------+
    |                     Name                     | LUT| Input Size| Bits| Total Bits|
    +----------------------------------------------+----+-----------+-----+-----------+
    |ap_NS_fsm                                     |  65|         12|    1|         12|
    |ap_done                                       |   9|          2|    1|          2|
    |grp_runAccumulatorColumns_fu_559_ap_ce        |  14|          3|    1|          3|
    |grp_runAccumulatorColumns_fu_559_ap_start     |  14|          3|    1|          3|
    |grp_runAccumulatorColumns_fu_559_exp2_mode    |  14|          3|    1|          3|
    |grp_runAccumulatorColumns_fu_559_in_a_read    |  14|          3|   32|         96|
    |grp_runAccumulatorColumns_fu_559_in_a_read_2  |  14|          3|   32|         96|
    |grp_runAccumulatorColumns_fu_559_in_b_read    |  14|          3|   32|         96|
    |grp_runAccumulatorColumns_fu_559_in_b_read_2  |  14|          3|   32|         96|
    |grp_runAccumulatorColumns_fu_559_in_c_read    |  14|          3|   32|         96|
    |grp_runAccumulatorColumns_fu_559_in_c_read_2  |  14|          3|   32|         96|
    |header1_blk_n                                 |   9|          2|    1|          2|
    |normalized_1_address0                         |  20|          4|    4|         16|
    |normalized_1_ce0                              |  20|          4|    1|          4|
    |normalized_1_d0                               |  14|          3|   32|         96|
    |normalized_1_we0                              |  14|          3|    1|          3|
    |normalized_address0                           |  20|          4|    4|         16|
    |normalized_ce0                                |  20|          4|    1|          4|
    |normalized_d0                                 |  14|          3|   32|         96|
    |normalized_we0                                |  14|          3|    1|          3|
    |output_acc_1_address0                         |  20|          4|    4|         16|
    |output_acc_1_ce0                              |  20|          4|    1|          4|
    |output_acc_1_ce1                              |   9|          2|    1|          2|
    |output_acc_1_d0                               |  14|          3|   32|         96|
    |output_acc_1_we0                              |  14|          3|    1|          3|
    |output_acc_address0                           |  20|          4|    4|         16|
    |output_acc_ce0                                |  20|          4|    1|          4|
    |output_acc_ce1                                |   9|          2|    1|          2|
    |output_acc_d0                                 |  14|          3|   32|         96|
    |output_acc_we0                                |  14|          3|    1|          3|
    |q_tile_1_address0                             |  20|          4|    3|         12|
    |q_tile_1_ce0                                  |  20|          4|    1|          4|
    |q_tile_1_ce1                                  |   9|          2|    1|          2|
    |q_tile_1_d0                                   |  14|          3|   16|         48|
    |q_tile_1_we0                                  |  14|          3|    1|          3|
    |q_tile_1_we1                                  |   9|          2|    1|          2|
    |q_tile_2_address0                             |  20|          4|    3|         12|
    |q_tile_2_ce0                                  |  20|          4|    1|          4|
    |q_tile_2_ce1                                  |   9|          2|    1|          2|
    |q_tile_2_d0                                   |  14|          3|   16|         48|
    |q_tile_2_we0                                  |  14|          3|    1|          3|
    |q_tile_2_we1                                  |   9|          2|    1|          2|
    |q_tile_3_address0                             |  20|          4|    3|         12|
    |q_tile_3_ce0                                  |  20|          4|    1|          4|
    |q_tile_3_ce1                                  |   9|          2|    1|          2|
    |q_tile_3_d0                                   |  14|          3|   16|         48|
    |q_tile_3_we0                                  |  14|          3|    1|          3|
    |q_tile_3_we1                                  |   9|          2|    1|          2|
    |q_tile_address0                               |  20|          4|    3|         12|
    |q_tile_ce0                                    |  20|          4|    1|          4|
    |q_tile_ce1                                    |   9|          2|    1|          2|
    |q_tile_d0                                     |  14|          3|   16|         48|
    |q_tile_we0                                    |  14|          3|    1|          3|
    |q_tile_we1                                    |   9|          2|    1|          2|
    +----------------------------------------------+----+-----------+-----+-----------+
    |Total                                         | 843|        175|  444|       1365|
    +----------------------------------------------+----+-----------+-----+-----------+

    * Register: 
    +--------------------------------------------------------------------------------------+----+----+-----+-----------+
    |                                         Name                                         | FF | LUT| Bits| Const Bits|
    +--------------------------------------------------------------------------------------+----+----+-----+-----------+
    |active_queries_reg_518                                                                |   2|   0|    2|          0|
    |ap_CS_fsm                                                                             |  11|   0|   11|          0|
    |ap_done_reg                                                                           |   1|   0|    1|          0|
    |global_query_1_reg_528                                                                |  32|   0|   32|          0|
    |global_query_reg_523                                                                  |  32|   0|   32|          0|
    |grp_reciprocalColumns_fu_199_ap_start_reg                                             |   1|   0|    1|          0|
    |grp_runQueryBlock_1_Outline_VITIS_LOOP_115_5_fu_170_ap_start_reg                      |   1|   0|    1|          0|
    |grp_runQueryBlock_1_Pipeline_16_fu_152_ap_start_reg                                   |   1|   0|    1|          0|
    |grp_runQueryBlock_1_Pipeline_1_fu_132_ap_start_reg                                    |   1|   0|    1|          0|
    |grp_runQueryBlock_1_Pipeline_3_fu_144_ap_start_reg                                    |   1|   0|    1|          0|
    |grp_runQueryBlock_1_Pipeline_VITIS_LOOP_446_40_fu_205_ap_start_reg                    |   1|   0|    1|          0|
    |grp_runQueryBlock_1_Pipeline_VITIS_LOOP_469_43_VITIS_LOOP_470_44_fu_219_ap_start_reg  |   1|   0|    1|          0|
    |grp_runQueryBlock_1_Pipeline_VITIS_LOOP_88_1_VITIS_LOOP_89_2_fu_160_ap_start_reg      |   1|   0|    1|          0|
    |header_causal_reg_503                                                                 |   1|   0|    1|          0|
    |header_key_tiles_reg_493                                                              |  32|   0|   32|          0|
    |header_length_reg_498                                                                 |  32|   0|   32|          0|
    |header_query_base_reg_487                                                             |  32|   0|   32|          0|
    |icmp_ln85_reg_513                                                                     |   1|   0|    1|          0|
    |inverse_sum_1_reg_554                                                                 |  32|   0|   32|          0|
    |inverse_sum_reg_549                                                                   |  32|   0|   32|          0|
    |running_sum_0_loc_fu_90                                                               |  32|   0|   32|          0|
    |running_sum_1_0_loc_fu_86                                                             |  32|   0|   32|          0|
    |tmp_20_reg_533                                                                        |   1|   0|    1|          0|
    |trunc_ln85_reg_508                                                                    |   2|   0|    2|          0|
    |xor_ln164_reg_538                                                                     |   1|   0|    1|          0|
    +--------------------------------------------------------------------------------------+----+----+-----+-----------+
    |Total                                                                                 | 316|   0|  316|          0|
    +--------------------------------------------------------------------------------------+----+----+-----+-----------+



================================================================
== Interface
================================================================
* Summary: 
+------------------------+-----+-----+------------+------------------+--------------+
|        RTL Ports       | Dir | Bits|  Protocol  |   Source Object  |    C Type    |
+------------------------+-----+-----+------------+------------------+--------------+
|ap_clk                  |   in|    1|  ap_ctrl_hs|  runQueryBlock<1>|  return value|
|ap_rst                  |   in|    1|  ap_ctrl_hs|  runQueryBlock<1>|  return value|
|ap_start                |   in|    1|  ap_ctrl_hs|  runQueryBlock<1>|  return value|
|ap_done                 |  out|    1|  ap_ctrl_hs|  runQueryBlock<1>|  return value|
|ap_continue             |   in|    1|  ap_ctrl_hs|  runQueryBlock<1>|  return value|
|ap_idle                 |  out|    1|  ap_ctrl_hs|  runQueryBlock<1>|  return value|
|ap_ready                |  out|    1|  ap_ctrl_hs|  runQueryBlock<1>|  return value|
|header1_dout            |   in|  129|     ap_fifo|           header1|       pointer|
|header1_empty_n         |   in|    1|     ap_fifo|           header1|       pointer|
|header1_read            |  out|    1|     ap_fifo|           header1|       pointer|
|header1_num_data_valid  |   in|    3|     ap_fifo|           header1|       pointer|
|header1_fifo_cap        |   in|    3|     ap_fifo|           header1|       pointer|
|q1_dout                 |   in|   64|     ap_fifo|                q1|       pointer|
|q1_empty_n              |   in|    1|     ap_fifo|                q1|       pointer|
|q1_read                 |  out|    1|     ap_fifo|                q1|       pointer|
|q1_num_data_valid       |   in|    4|     ap_fifo|                q1|       pointer|
|q1_fifo_cap             |   in|    4|     ap_fifo|                q1|       pointer|
|kv1_dout                |   in|  128|     ap_fifo|               kv1|       pointer|
|kv1_empty_n             |   in|    1|     ap_fifo|               kv1|       pointer|
|kv1_read                |  out|    1|     ap_fifo|               kv1|       pointer|
|kv1_num_data_valid      |   in|    4|     ap_fifo|               kv1|       pointer|
|kv1_fifo_cap            |   in|    4|     ap_fifo|               kv1|       pointer|
|output1_din             |  out|   32|     ap_fifo|           output1|       pointer|
|output1_full_n          |   in|    1|     ap_fifo|           output1|       pointer|
|output1_write           |  out|    1|     ap_fifo|           output1|       pointer|
|output1_num_data_valid  |   in|   32|     ap_fifo|           output1|       pointer|
|output1_fifo_cap        |   in|   32|     ap_fifo|           output1|       pointer|
+------------------------+-----+-----+------------+------------------+--------------+

