

================================================================
== Vitis HLS Report for 'gatherQueryTile_Pipeline_1'
================================================================
* Date:           Sat Oct 10 13:24:10 2026

* Version:        2024.2 (Build 5238294 on Nov  8 2024)
* Project:        build
* Solution:       solution1 (Vivado IP Flow Target)
* Product family: virtexuplusHBM
* Target device:  xcvu37p_CIV-fsvh2892-2-e


================================================================
== Performance Estimates
================================================================
+ Timing: 
    * Summary: 
    +--------+----------+----------+------------+
    |  Clock |  Target  | Estimated| Uncertainty|
    +--------+----------+----------+------------+
    |ap_clk  |  10.00 ns|  1.792 ns|     2.70 ns|
    +--------+----------+----------+------------+

+ Latency: 
    * Summary: 
    +---------+---------+----------+----------+-----+-----+------------------------------------------------+
    |  Latency (cycles) |  Latency (absolute) |  Interval |                    Pipeline                    |
    |   min   |   max   |    min   |    max   | min | max |                      Type                      |
    +---------+---------+----------+----------+-----+-----+------------------------------------------------+
    |       66|       66|  0.660 us|  0.660 us|   65|   65|  loop auto-rewind stp (delay=0 clock cycles(s))|
    +---------+---------+----------+----------+-----+-----+------------------------------------------------+

    + Detail: 
        * Instance: 
        N/A

        * Loop: 
        +----------+---------+---------+----------+-----------+-----------+------+----------+
        |          |  Latency (cycles) | Iteration|  Initiation Interval  | Trip |          |
        | Loop Name|   min   |   max   |  Latency |  achieved |   target  | Count| Pipelined|
        +----------+---------+---------+----------+-----------+-----------+------+----------+
        |- Loop 1  |       64|       64|         1|          1|          1|    64|       yes|
        +----------+---------+---------+----------+-----------+-----------+------+----------+



================================================================
== Utilization Estimates
================================================================
* Summary: 
+---------------------+---------+------+---------+---------+-----+
|         Name        | BRAM_18K|  DSP |    FF   |   LUT   | URAM|
+---------------------+---------+------+---------+---------+-----+
|DSP                  |        -|     -|        -|        -|    -|
|Expression           |        -|     -|        0|       29|    -|
|FIFO                 |        -|     -|        -|        -|    -|
|Instance             |        -|     -|        -|        -|    -|
|Memory               |        -|     -|        -|        -|    -|
|Multiplexer          |        -|     -|        0|       27|    -|
|Register             |        -|     -|        9|        -|    -|
+---------------------+---------+------+---------+---------+-----+
|Total                |        0|     0|        9|       56|    0|
+---------------------+---------+------+---------+---------+-----+
|Available SLR        |     1344|  3008|   869120|   434560|  320|
+---------------------+---------+------+---------+---------+-----+
|Utilization SLR (%)  |        0|     0|       ~0|       ~0|    0|
+---------------------+---------+------+---------+---------+-----+
|Available            |     4032|  9024|  2607360|  1303680|  960|
+---------------------+---------+------+---------+---------+-----+
|Utilization (%)      |        0|     0|       ~0|       ~0|    0|
+---------------------+---------+------+---------+---------+-----+

+ Detail: 
    * Instance: 
    N/A

    * DSP: 
    N/A

    * Memory: 
    N/A

    * FIFO: 
    N/A

    * Expression: 
    +----------------------+----------+----+---+----+------------+------------+
    |     Variable Name    | Operation| DSP| FF| LUT| Bitwidth P0| Bitwidth P1|
    +----------------------+----------+----+---+----+------------+------------+
    |empty_216_fu_118_p2   |         +|   0|  0|  14|           7|           1|
    |exitcond63_fu_112_p2  |      icmp|   0|  0|  15|           7|           8|
    +----------------------+----------+----+---+----+------------+------------+
    |Total                 |          |   0|  0|  29|          14|           9|
    +----------------------+----------+----+---+----+------------+------------+

    * Multiplexer: 
    +-------------------------+----+-----------+-----+-----------+
    |           Name          | LUT| Input Size| Bits| Total Bits|
    +-------------------------+----+-----------+-----+-----------+
    |ap_done_int              |   9|          2|    1|          2|
    |ap_sig_allocacmp_p_load  |   9|          2|    7|         14|
    |empty_fu_44              |   9|          2|    7|         14|
    +-------------------------+----+-----------+-----+-----------+
    |Total                    |  27|          6|   15|         30|
    +-------------------------+----+-----------+-----+-----------+

    * Register: 
    +-------------+---+----+-----+-----------+
    |     Name    | FF| LUT| Bits| Const Bits|
    +-------------+---+----+-----+-----------+
    |ap_CS_fsm    |  1|   0|    1|          0|
    |ap_done_reg  |  1|   0|    1|          0|
    |empty_fu_44  |  7|   0|    7|          0|
    +-------------+---+----+-----+-----------+
    |Total        |  9|   0|    9|          0|
    +-------------+---+----+-----+-----------+



================================================================
== Interface
================================================================
* Summary: 
+-----------------------+-----+-----+------------+----------------------------+--------------+
|       RTL Ports       | Dir | Bits|  Protocol  |        Source Object       |    C Type    |
+-----------------------+-----+-----+------------+----------------------------+--------------+
|ap_clk                 |   in|    1|  ap_ctrl_hs|  gatherQueryTile_Pipeline_1|  return value|
|ap_rst                 |   in|    1|  ap_ctrl_hs|  gatherQueryTile_Pipeline_1|  return value|
|ap_start               |   in|    1|  ap_ctrl_hs|  gatherQueryTile_Pipeline_1|  return value|
|ap_done                |  out|    1|  ap_ctrl_hs|  gatherQueryTile_Pipeline_1|  return value|
|ap_idle                |  out|    1|  ap_ctrl_hs|  gatherQueryTile_Pipeline_1|  return value|
|ap_ready               |  out|    1|  ap_ctrl_hs|  gatherQueryTile_Pipeline_1|  return value|
|normalized_3_address0  |  out|    4|   ap_memory|                normalized_3|         array|
|normalized_3_ce0       |  out|    1|   ap_memory|                normalized_3|         array|
|normalized_3_we0       |  out|    1|   ap_memory|                normalized_3|         array|
|normalized_3_d0        |  out|   32|   ap_memory|                normalized_3|         array|
|normalized_2_address0  |  out|    4|   ap_memory|                normalized_2|         array|
|normalized_2_ce0       |  out|    1|   ap_memory|                normalized_2|         array|
|normalized_2_we0       |  out|    1|   ap_memory|                normalized_2|         array|
|normalized_2_d0        |  out|   32|   ap_memory|                normalized_2|         array|
|normalized_1_address0  |  out|    4|   ap_memory|                normalized_1|         array|
|normalized_1_ce0       |  out|    1|   ap_memory|                normalized_1|         array|
|normalized_1_we0       |  out|    1|   ap_memory|                normalized_1|         array|
|normalized_1_d0        |  out|   32|   ap_memory|                normalized_1|         array|
|normalized_address0    |  out|    4|   ap_memory|                  normalized|         array|
|normalized_ce0         |  out|    1|   ap_memory|                  normalized|         array|
|normalized_we0         |  out|    1|   ap_memory|                  normalized|         array|
|normalized_d0          |  out|   32|   ap_memory|                  normalized|         array|
+-----------------------+-----+-----+------------+----------------------------+--------------+

