                             latency        interval
transaction       0:             728             718
transaction       1:             729             719
transaction       2:             717             707
transaction       3:             717             707
transaction       4:            1961            1951
transaction       5:            1702            1692
transaction       6:            5942            5932
transaction       7:            4411            4401
transaction       8:             748             738
transaction       9:             743             733
transaction      10:             762             752
transaction      11:             757             747
transaction      12:            1917            1907
transaction      13:            1653            1643
transaction      14:            1980            1970
transaction      15:            1723            1713
transaction      16:            3639            3629
transaction      17:            2871            2861
transaction      18:            3634            3624
transaction      19:            2871            2861
transaction      20:            3634            3624
transaction      21:            2871            2861
transaction      22:           15651           15641
transaction      23:           10291           10281
transaction      24:              55              45
transaction      25:              50               x
