

================================================================
== Vitis HLS Report for 'runQueryBlock_0_Pipeline_VITIS_LOOP_109_1_VITIS_LOOP_110_2'
================================================================
* Date:           Sat Oct 10 13:24:01 2026

* Version:        2024.2 (Build 5238294 on Nov  8 2024)
* Project:        build
* Solution:       solution1 (Vivado IP Flow Target)
* Product family: virtexuplusHBM
* Target device:  xcvu37p_CIV-fsvh2892-2-e


================================================================
== Performance Estimates
================================================================
+ Timing: 
    * Summary: 
    +--------+----------+----------+------------+
    |  Clock |  Target  | Estimated| Uncertainty|
    +--------+----------+----------+------------+
    |ap_clk  |  10.00 ns|  7.265 ns|     2.70 ns|
    +--------+----------+----------+------------+

+ Latency: 
    * Summary: 
    +---------+---------+----------+----------+-----+-----+------------------------------------------------+
    |  Latency (cycles) |  Latency (absolute) |  Interval |                    Pipeline                    |
    |   min   |   max   |    min   |    max   | min | max |                      Type                      |
    +---------+---------+----------+----------+-----+-----+------------------------------------------------+
    |       82|       82|  0.820 us|  0.820 us|   81|   81|  loop auto-rewind stp (delay=0 clock cycles(s))|
    +---------+---------+----------+----------+-----+-----+------------------------------------------------+

    + Detail: 
        * Instance: 
        +-----------------------+------------+---------+---------+-----------+-----------+-----+-----+---------+
        |                       |            |  Latency (cycles) |   Latency (absolute)  |  Interval | Pipeline|
        |        Instance       |   Module   |   min   |   max   |    min    |    max    | min | max |   Type  |
        +-----------------------+------------+---------+---------+-----------+-----------+-----+-----+---------+
        |grp_runPeArray_fu_420  |runPeArray  |        3|        3|  30.000 ns|  30.000 ns|    1|    1|      yes|
        +-----------------------+------------+---------+---------+-----------+-----------+-----+-----+---------+

        * Loop: 
        +-------------------------------------+---------+---------+----------+-----------+-----------+------+----------+
        |                                     |  Latency (cycles) | Iteration|  Initiation Interval  | Trip |          |
        |              Loop Name              |   min   |   max   |  Latency |  achieved |   target  | Count| Pipelined|
        +-------------------------------------+---------+---------+----------+-----------+-----------+------+----------+
        |- VITIS_LOOP_109_1_VITIS_LOOP_110_2  |       80|       80|         6|          5|          5|    16|       yes|
        +-------------------------------------+---------+---------+----------+-----------+-----------+------+----------+



================================================================
== Utilization Estimates
================================================================
* Summary: 
+---------------------+---------+------+---------+---------+-----+
|         Name        | BRAM_18K|  DSP |    FF   |   LUT   | URAM|
+---------------------+---------+------+---------+---------+-----+
|DSP                  |        -|     -|        -|        -|    -|
|Expression           |        -|     -|        0|      305|    -|
|FIFO                 |        -|     -|        -|        -|    -|
|Instance             |        -|     -|        -|        -|    -|
|Memory               |        -|     -|        -|        -|    -|
|Multiplexer          |        -|     -|        0|      193|    -|
|Register             |        -|     -|      570|        -|    -|
+---------------------+---------+------+---------+---------+-----+
|Total                |        0|     0|      570|      498|    0|
+---------------------+---------+------+---------+---------+-----+
|Available SLR        |     1344|  3008|   869120|   434560|  320|
+---------------------+---------+------+---------+---------+-----+
|Utilization SLR (%)  |        0|     0|       ~0|       ~0|    0|
+---------------------+---------+------+---------+---------+-----+
|Available            |     4032|  9024|  2607360|  1303680|  960|
+---------------------+---------+------+---------+---------+-----+
|Utilization (%)      |        0|     0|       ~0|       ~0|    0|
+---------------------+---------+------+---------+---------+-----+

+ Detail: 
    * Instance: 
    N/A

    * DSP: 
    N/A

    * Memory: 
    N/A

    * FIFO: 
    N/A

    * Expression: 
    +--------------------------+----------+----+---+----+------------+------------+
    |       Variable Name      | Operation| DSP| FF| LUT| Bitwidth P0| Bitwidth P1|
    +--------------------------+----------+----+---+----+------------+------------+
    |add_ln109_2_fu_564_p2     |         +|   0|  0|  10|           3|           1|
    |add_ln109_fu_538_p2       |         +|   0|  0|  12|           5|           1|
    |add_ln110_fu_624_p2       |         +|   0|  0|  10|           3|           1|
    |add_ln113_fu_602_p2       |         +|   0|  0|  10|           3|           3|
    |cmp1375_fu_468_p2         |      icmp|   0|  0|   9|           2|           1|
    |cmp1384_fu_462_p2         |      icmp|   0|  0|  10|           3|           1|
    |cmp138_22_fu_450_p2       |      icmp|   0|  0|  10|           3|           2|
    |icmp5153_fu_456_p2        |      icmp|   0|  0|   9|           2|           1|
    |icmp_ln109_fu_532_p2      |      icmp|   0|  0|  13|           5|           6|
    |icmp_ln110_fu_550_p2      |      icmp|   0|  0|  12|           3|           4|
    |operand_b_7_fu_736_p3     |    select|   0|  0|  16|           1|          16|
    |operand_b_8_fu_752_p3     |    select|   0|  0|  16|           1|          16|
    |operand_b_9_fu_768_p3     |    select|   0|  0|  16|           1|          16|
    |operand_b_fu_702_p3       |    select|   0|  0|  16|           1|          16|
    |pe_reg_25_fu_718_p3       |    select|   0|  0|  16|           1|          16|
    |pe_reg_fu_684_p3          |    select|   0|  0|  16|           1|          16|
    |select_ln109_2_fu_570_p3  |    select|   0|  0|   3|           1|           3|
    |select_ln109_fu_556_p3    |    select|   0|  0|   3|           1|           1|
    |select_ln126_2_fu_711_p3  |    select|   0|  0|  16|           1|          16|
    |select_ln126_fu_677_p3    |    select|   0|  0|  16|           1|          16|
    |select_ln129_4_fu_729_p3  |    select|   0|  0|  16|           1|          16|
    |select_ln129_5_fu_745_p3  |    select|   0|  0|  16|           1|          16|
    |select_ln129_6_fu_761_p3  |    select|   0|  0|  16|           1|          16|
    |select_ln129_fu_695_p3    |    select|   0|  0|  16|           1|          16|
    |ap_enable_pp0             |       xor|   0|  0|   2|           1|           2|
    +--------------------------+----------+----+---+----+------------+------------+
    |Total                     |          |   0|  0| 305|          47|         219|
    +--------------------------+----------+----+---+----+------------+------------+

    * Multiplexer: 
    +----------------------------------------+----+-----------+-----+-----------+
    |                  Name                  | LUT| Input Size| Bits| Total Bits|
    +----------------------------------------+----+-----------+-----+-----------+
    |ap_NS_fsm                               |  31|          6|    1|          6|
    |ap_done_int                             |   9|          2|    1|          2|
    |ap_enable_reg_pp0_iter0                 |   9|          2|    1|          2|
    |ap_enable_reg_pp0_iter0_reg             |   9|          2|    1|          2|
    |ap_enable_reg_pp0_iter1                 |   9|          2|    1|          2|
    |ap_sig_allocacmp_block_load             |   9|          2|    3|          6|
    |ap_sig_allocacmp_indvar_flatten20_load  |   9|          2|    5|         10|
    |ap_sig_allocacmp_lane_load              |   9|          2|    3|          6|
    |block_fu_156                            |   9|          2|    3|          6|
    |indvar_flatten20_fu_160                 |   9|          2|    5|         10|
    |lane_fu_152                             |   9|          2|    3|          6|
    |operand_c_33_fu_124                     |   9|          2|   32|         64|
    |operand_c_34_fu_128                     |   9|          2|   32|         64|
    |operand_c_35_fu_132                     |   9|          2|   32|         64|
    |operand_c_36_fu_136                     |   9|          2|   32|         64|
    |operand_c_37_fu_140                     |   9|          2|   32|         64|
    |operand_c_38_fu_144                     |   9|          2|   32|         64|
    |operand_c_39_fu_148                     |   9|          2|   32|         64|
    |operand_c_fu_120                        |   9|          2|   32|         64|
    +----------------------------------------+----+-----------+-----+-----------+
    |Total                                   | 193|         42|  283|        570|
    +----------------------------------------+----+-----------+-----+-----------+

    * Register: 
    +------------------------------------+----+----+-----+-----------+
    |                Name                | FF | LUT| Bits| Const Bits|
    +------------------------------------+----+----+-----+-----------+
    |ap_CS_fsm                           |   5|   0|    5|          0|
    |ap_done_reg                         |   1|   0|    1|          0|
    |ap_enable_reg_pp0_iter0_reg         |   1|   0|    1|          0|
    |ap_enable_reg_pp0_iter1             |   1|   0|    1|          0|
    |block_fu_156                        |   3|   0|    3|          0|
    |cmp1375_reg_1013                    |   1|   0|    1|          0|
    |cmp1384_reg_1008                    |   1|   0|    1|          0|
    |cmp138_22_reg_998                   |   1|   0|    1|          0|
    |grp_runPeArray_fu_420_ap_start_reg  |   1|   0|    1|          0|
    |icmp5153_reg_1003                   |   1|   0|    1|          0|
    |icmp_ln109_reg_1018                 |   1|   0|    1|          0|
    |indvar_flatten20_fu_160             |   5|   0|    5|          0|
    |lane_fu_152                         |   3|   0|    3|          0|
    |operand_c_33_fu_124                 |  32|   0|   32|          0|
    |operand_c_34_fu_128                 |  32|   0|   32|          0|
    |operand_c_35_fu_132                 |  32|   0|   32|          0|
    |operand_c_36_fu_136                 |  32|   0|   32|          0|
    |operand_c_37_fu_140                 |  32|   0|   32|          0|
    |operand_c_38_fu_144                 |  32|   0|   32|          0|
    |operand_c_39_fu_148                 |  32|   0|   32|          0|
    |operand_c_fu_120                    |  32|   0|   32|          0|
    |pe_reg_3_0_promoted297_phi_fu_112   |  16|   0|   16|          0|
    |pe_reg_3_1_promoted309_phi_fu_116   |  16|   0|   16|          0|
    |pe_result_out_accType_50_reg_1097   |  32|   0|   32|          0|
    |pe_result_out_accType_51_reg_1102   |  32|   0|   32|          0|
    |pe_result_out_accType_52_reg_1107   |  32|   0|   32|          0|
    |pe_result_out_accType_53_reg_1112   |  32|   0|   32|          0|
    |pe_result_out_accType_54_reg_1117   |  32|   0|   32|          0|
    |pe_result_out_accType_55_reg_1122   |  32|   0|   32|          0|
    |pe_result_out_accType_56_reg_1127   |  32|   0|   32|          0|
    |pe_result_out_accType_reg_1092      |  32|   0|   32|          0|
    |trunc_ln110_reg_1022                |   1|   0|    1|          0|
    +------------------------------------+----+----+-----+-----------+
    |Total                               | 570|   0|  570|          0|
    +------------------------------------+----+----+-----+-----------+



================================================================
== Interface
================================================================
* Summary: 
+---------------------------------------+-----+-----+------------+-------------------------------------------------------------+--------------+
|               RTL Ports               | Dir | Bits|  Protocol  |                        Source Object                        |    C Type    |
+---------------------------------------+-----+-----+------------+-------------------------------------------------------------+--------------+
|ap_clk                                 |   in|    1|  ap_ctrl_hs|  runQueryBlock<0>_Pipeline_VITIS_LOOP_109_1_VITIS_LOOP_110_2|  return value|
|ap_rst                                 |   in|    1|  ap_ctrl_hs|  runQueryBlock<0>_Pipeline_VITIS_LOOP_109_1_VITIS_LOOP_110_2|  return value|
|ap_start                               |   in|    1|  ap_ctrl_hs|  runQueryBlock<0>_Pipeline_VITIS_LOOP_109_1_VITIS_LOOP_110_2|  return value|
|ap_done                                |  out|    1|  ap_ctrl_hs|  runQueryBlock<0>_Pipeline_VITIS_LOOP_109_1_VITIS_LOOP_110_2|  return value|
|ap_idle                                |  out|    1|  ap_ctrl_hs|  runQueryBlock<0>_Pipeline_VITIS_LOOP_109_1_VITIS_LOOP_110_2|  return value|
|ap_ready                               |  out|    1|  ap_ctrl_hs|  runQueryBlock<0>_Pipeline_VITIS_LOOP_109_1_VITIS_LOOP_110_2|  return value|
|grp_runPeArray_fu_614_p_din1           |  out|   16|  ap_ctrl_hs|  runQueryBlock<0>_Pipeline_VITIS_LOOP_109_1_VITIS_LOOP_110_2|  return value|
|grp_runPeArray_fu_614_p_din2           |  out|   16|  ap_ctrl_hs|  runQueryBlock<0>_Pipeline_VITIS_LOOP_109_1_VITIS_LOOP_110_2|  return value|
|grp_runPeArray_fu_614_p_din3           |  out|   16|  ap_ctrl_hs|  runQueryBlock<0>_Pipeline_VITIS_LOOP_109_1_VITIS_LOOP_110_2|  return value|
|grp_runPeArray_fu_614_p_din4           |  out|   16|  ap_ctrl_hs|  runQueryBlock<0>_Pipeline_VITIS_LOOP_109_1_VITIS_LOOP_110_2|  return value|
|grp_runPeArray_fu_614_p_din5           |  out|   16|  ap_ctrl_hs|  runQueryBlock<0>_Pipeline_VITIS_LOOP_109_1_VITIS_LOOP_110_2|  return value|
|grp_runPeArray_fu_614_p_din6           |  out|   16|  ap_ctrl_hs|  runQueryBlock<0>_Pipeline_VITIS_LOOP_109_1_VITIS_LOOP_110_2|  return value|
|grp_runPeArray_fu_614_p_din7           |  out|   16|  ap_ctrl_hs|  runQueryBlock<0>_Pipeline_VITIS_LOOP_109_1_VITIS_LOOP_110_2|  return value|
|grp_runPeArray_fu_614_p_din8           |  out|   16|  ap_ctrl_hs|  runQueryBlock<0>_Pipeline_VITIS_LOOP_109_1_VITIS_LOOP_110_2|  return value|
|grp_runPeArray_fu_614_p_din9           |  out|   16|  ap_ctrl_hs|  runQueryBlock<0>_Pipeline_VITIS_LOOP_109_1_VITIS_LOOP_110_2|  return value|
|grp_runPeArray_fu_614_p_din10          |  out|   16|  ap_ctrl_hs|  runQueryBlock<0>_Pipeline_VITIS_LOOP_109_1_VITIS_LOOP_110_2|  return value|
|grp_runPeArray_fu_614_p_din11          |  out|   16|  ap_ctrl_hs|  runQueryBlock<0>_Pipeline_VITIS_LOOP_109_1_VITIS_LOOP_110_2|  return value|
|grp_runPeArray_fu_614_p_din12          |  out|   16|  ap_ctrl_hs|  runQueryBlock<0>_Pipeline_VITIS_LOOP_109_1_VITIS_LOOP_110_2|  return value|
|grp_runPeArray_fu_614_p_din13          |  out|   16|  ap_ctrl_hs|  runQueryBlock<0>_Pipeline_VITIS_LOOP_109_1_VITIS_LOOP_110_2|  return value|
|grp_runPeArray_fu_614_p_din14          |  out|   16|  ap_ctrl_hs|  runQueryBlock<0>_Pipeline_VITIS_LOOP_109_1_VITIS_LOOP_110_2|  return value|
|grp_runPeArray_fu_614_p_din15          |  out|   16|  ap_ctrl_hs|  runQueryBlock<0>_Pipeline_VITIS_LOOP_109_1_VITIS_LOOP_110_2|  return value|
|grp_runPeArray_fu_614_p_din16          |  out|   16|  ap_ctrl_hs|  runQueryBlock<0>_Pipeline_VITIS_LOOP_109_1_VITIS_LOOP_110_2|  return value|
|grp_runPeArray_fu_614_p_din17          |  out|   32|  ap_ctrl_hs|  runQueryBlock<0>_Pipeline_VITIS_LOOP_109_1_VITIS_LOOP_110_2|  return value|
|grp_runPeArray_fu_614_p_din18          |  out|   32|  ap_ctrl_hs|  runQueryBlock<0>_Pipeline_VITIS_LOOP_109_1_VITIS_LOOP_110_2|  return value|
|grp_runPeArray_fu_614_p_din19          |  out|   32|  ap_ctrl_hs|  runQueryBlock<0>_Pipeline_VITIS_LOOP_109_1_VITIS_LOOP_110_2|  return value|
|grp_runPeArray_fu_614_p_din20          |  out|   32|  ap_ctrl_hs|  runQueryBlock<0>_Pipeline_VITIS_LOOP_109_1_VITIS_LOOP_110_2|  return value|
|grp_runPeArray_fu_614_p_din21          |  out|   32|  ap_ctrl_hs|  runQueryBlock<0>_Pipeline_VITIS_LOOP_109_1_VITIS_LOOP_110_2|  return value|
|grp_runPeArray_fu_614_p_din22          |  out|   32|  ap_ctrl_hs|  runQueryBlock<0>_Pipeline_VITIS_LOOP_109_1_VITIS_LOOP_110_2|  return value|
|grp_runPeArray_fu_614_p_din23          |  out|   32|  ap_ctrl_hs|  runQueryBlock<0>_Pipeline_VITIS_LOOP_109_1_VITIS_LOOP_110_2|  return value|
|grp_runPeArray_fu_614_p_din24          |  out|   32|  ap_ctrl_hs|  runQueryBlock<0>_Pipeline_VITIS_LOOP_109_1_VITIS_LOOP_110_2|  return value|
|grp_runPeArray_fu_614_p_din25          |  out|    1|  ap_ctrl_hs|  runQueryBlock<0>_Pipeline_VITIS_LOOP_109_1_VITIS_LOOP_110_2|  return value|
|grp_runPeArray_fu_614_p_dout0_0        |   in|   32|  ap_ctrl_hs|  runQueryBlock<0>_Pipeline_VITIS_LOOP_109_1_VITIS_LOOP_110_2|  return value|
|grp_runPeArray_fu_614_p_dout0_1        |   in|   32|  ap_ctrl_hs|  runQueryBlock<0>_Pipeline_VITIS_LOOP_109_1_VITIS_LOOP_110_2|  return value|
|grp_runPeArray_fu_614_p_dout0_2        |   in|   32|  ap_ctrl_hs|  runQueryBlock<0>_Pipeline_VITIS_LOOP_109_1_VITIS_LOOP_110_2|  return value|
|grp_runPeArray_fu_614_p_dout0_3        |   in|   32|  ap_ctrl_hs|  runQueryBlock<0>_Pipeline_VITIS_LOOP_109_1_VITIS_LOOP_110_2|  return value|
|grp_runPeArray_fu_614_p_dout0_4        |   in|   32|  ap_ctrl_hs|  runQueryBlock<0>_Pipeline_VITIS_LOOP_109_1_VITIS_LOOP_110_2|  return value|
|grp_runPeArray_fu_614_p_dout0_5        |   in|   32|  ap_ctrl_hs|  runQueryBlock<0>_Pipeline_VITIS_LOOP_109_1_VITIS_LOOP_110_2|  return value|
|grp_runPeArray_fu_614_p_dout0_6        |   in|   32|  ap_ctrl_hs|  runQueryBlock<0>_Pipeline_VITIS_LOOP_109_1_VITIS_LOOP_110_2|  return value|
|grp_runPeArray_fu_614_p_dout0_7        |   in|   32|  ap_ctrl_hs|  runQueryBlock<0>_Pipeline_VITIS_LOOP_109_1_VITIS_LOOP_110_2|  return value|
|grp_runPeArray_fu_614_p_dout0_8        |   in|   16|  ap_ctrl_hs|  runQueryBlock<0>_Pipeline_VITIS_LOOP_109_1_VITIS_LOOP_110_2|  return value|
|grp_runPeArray_fu_614_p_dout0_9        |   in|   16|  ap_ctrl_hs|  runQueryBlock<0>_Pipeline_VITIS_LOOP_109_1_VITIS_LOOP_110_2|  return value|
|grp_runPeArray_fu_614_p_dout0_10       |   in|   16|  ap_ctrl_hs|  runQueryBlock<0>_Pipeline_VITIS_LOOP_109_1_VITIS_LOOP_110_2|  return value|
|grp_runPeArray_fu_614_p_dout0_11       |   in|   16|  ap_ctrl_hs|  runQueryBlock<0>_Pipeline_VITIS_LOOP_109_1_VITIS_LOOP_110_2|  return value|
|grp_runPeArray_fu_614_p_dout0_12       |   in|   16|  ap_ctrl_hs|  runQueryBlock<0>_Pipeline_VITIS_LOOP_109_1_VITIS_LOOP_110_2|  return value|
|grp_runPeArray_fu_614_p_dout0_13       |   in|   16|  ap_ctrl_hs|  runQueryBlock<0>_Pipeline_VITIS_LOOP_109_1_VITIS_LOOP_110_2|  return value|
|grp_runPeArray_fu_614_p_dout0_14       |   in|   16|  ap_ctrl_hs|  runQueryBlock<0>_Pipeline_VITIS_LOOP_109_1_VITIS_LOOP_110_2|  return value|
|grp_runPeArray_fu_614_p_dout0_15       |   in|   16|  ap_ctrl_hs|  runQueryBlock<0>_Pipeline_VITIS_LOOP_109_1_VITIS_LOOP_110_2|  return value|
|grp_runPeArray_fu_614_p_dout0_16       |   in|    1|  ap_ctrl_hs|  runQueryBlock<0>_Pipeline_VITIS_LOOP_109_1_VITIS_LOOP_110_2|  return value|
|grp_runPeArray_fu_614_p_dout0_17       |   in|    1|  ap_ctrl_hs|  runQueryBlock<0>_Pipeline_VITIS_LOOP_109_1_VITIS_LOOP_110_2|  return value|
|grp_runPeArray_fu_614_p_dout0_18       |   in|    1|  ap_ctrl_hs|  runQueryBlock<0>_Pipeline_VITIS_LOOP_109_1_VITIS_LOOP_110_2|  return value|
|grp_runPeArray_fu_614_p_dout0_19       |   in|    1|  ap_ctrl_hs|  runQueryBlock<0>_Pipeline_VITIS_LOOP_109_1_VITIS_LOOP_110_2|  return value|
|grp_runPeArray_fu_614_p_dout0_20       |   in|    1|  ap_ctrl_hs|  runQueryBlock<0>_Pipeline_VITIS_LOOP_109_1_VITIS_LOOP_110_2|  return value|
|grp_runPeArray_fu_614_p_dout0_21       |   in|    1|  ap_ctrl_hs|  runQueryBlock<0>_Pipeline_VITIS_LOOP_109_1_VITIS_LOOP_110_2|  return value|
|grp_runPeArray_fu_614_p_dout0_22       |   in|    1|  ap_ctrl_hs|  runQueryBlock<0>_Pipeline_VITIS_LOOP_109_1_VITIS_LOOP_110_2|  return value|
|grp_runPeArray_fu_614_p_dout0_23       |   in|    1|  ap_ctrl_hs|  runQueryBlock<0>_Pipeline_VITIS_LOOP_109_1_VITIS_LOOP_110_2|  return value|
|grp_runPeArray_fu_614_p_ce             |  out|    1|  ap_ctrl_hs|  runQueryBlock<0>_Pipeline_VITIS_LOOP_109_1_VITIS_LOOP_110_2|  return value|
|grp_runPeArray_fu_614_p_start          |  out|    1|  ap_ctrl_hs|  runQueryBlock<0>_Pipeline_VITIS_LOOP_109_1_VITIS_LOOP_110_2|  return value|
|grp_runPeArray_fu_614_p_ready          |   in|    1|  ap_ctrl_hs|  runQueryBlock<0>_Pipeline_VITIS_LOOP_109_1_VITIS_LOOP_110_2|  return value|
|grp_runPeArray_fu_614_p_done           |   in|    1|  ap_ctrl_hs|  runQueryBlock<0>_Pipeline_VITIS_LOOP_109_1_VITIS_LOOP_110_2|  return value|
|grp_runPeArray_fu_614_p_idle           |   in|    1|  ap_ctrl_hs|  runQueryBlock<0>_Pipeline_VITIS_LOOP_109_1_VITIS_LOOP_110_2|  return value|
|k_tile_address0                        |  out|    3|   ap_memory|                                                       k_tile|         array|
|k_tile_ce0                             |  out|    1|   ap_memory|                                                       k_tile|         array|
|k_tile_q0                              |   in|   16|   ap_memory|                                                       k_tile|         array|
|k_tile_8_address0                      |  out|    3|   ap_memory|                                                     k_tile_8|         array|
|k_tile_8_ce0                           |  out|    1|   ap_memory|                                                     k_tile_8|         array|
|k_tile_8_q0                            |   in|   16|   ap_memory|                                                     k_tile_8|         array|
|q_tile_address0                        |  out|    3|   ap_memory|                                                       q_tile|         array|
|q_tile_ce0                             |  out|    1|   ap_memory|                                                       q_tile|         array|
|q_tile_q0                              |   in|   16|   ap_memory|                                                       q_tile|         array|
|q_tile_4_address0                      |  out|    3|   ap_memory|                                                     q_tile_4|         array|
|q_tile_4_ce0                           |  out|    1|   ap_memory|                                                     q_tile_4|         array|
|q_tile_4_q0                            |   in|   16|   ap_memory|                                                     q_tile_4|         array|
|q_tile_5_address0                      |  out|    3|   ap_memory|                                                     q_tile_5|         array|
|q_tile_5_ce0                           |  out|    1|   ap_memory|                                                     q_tile_5|         array|
|q_tile_5_q0                            |   in|   16|   ap_memory|                                                     q_tile_5|         array|
|q_tile_6_address0                      |  out|    3|   ap_memory|                                                     q_tile_6|         array|
|q_tile_6_ce0                           |  out|    1|   ap_memory|                                                     q_tile_6|         array|
|q_tile_6_q0                            |   in|   16|   ap_memory|                                                     q_tile_6|         array|
|empty_42                               |   in|    1|     ap_none|                                                     empty_42|        scalar|
|k_tile_9_address0                      |  out|    3|   ap_memory|                                                     k_tile_9|         array|
|k_tile_9_ce0                           |  out|    1|   ap_memory|                                                     k_tile_9|         array|
|k_tile_9_q0                            |   in|   16|   ap_memory|                                                     k_tile_9|         array|
|k_tile_10_address0                     |  out|    3|   ap_memory|                                                    k_tile_10|         array|
|k_tile_10_ce0                          |  out|    1|   ap_memory|                                                    k_tile_10|         array|
|k_tile_10_q0                           |   in|   16|   ap_memory|                                                    k_tile_10|         array|
|k_tile_11_address0                     |  out|    3|   ap_memory|                                                    k_tile_11|         array|
|k_tile_11_ce0                          |  out|    1|   ap_memory|                                                    k_tile_11|         array|
|k_tile_11_q0                           |   in|   16|   ap_memory|                                                    k_tile_11|         array|
|k_tile_12_address0                     |  out|    3|   ap_memory|                                                    k_tile_12|         array|
|k_tile_12_ce0                          |  out|    1|   ap_memory|                                                    k_tile_12|         array|
|k_tile_12_q0                           |   in|   16|   ap_memory|                                                    k_tile_12|         array|
|k_tile_13_address0                     |  out|    3|   ap_memory|                                                    k_tile_13|         array|
|k_tile_13_ce0                          |  out|    1|   ap_memory|                                                    k_tile_13|         array|
|k_tile_13_q0                           |   in|   16|   ap_memory|                                                    k_tile_13|         array|
|k_tile_14_address0                     |  out|    3|   ap_memory|                                                    k_tile_14|         array|
|k_tile_14_ce0                          |  out|    1|   ap_memory|                                                    k_tile_14|         array|
|k_tile_14_q0                           |   in|   16|   ap_memory|                                                    k_tile_14|         array|
|empty_43                               |   in|    1|     ap_none|                                                     empty_43|        scalar|
|active_keys                            |   in|    3|     ap_none|                                                  active_keys|        scalar|
|empty                                  |   in|    2|     ap_none|                                                        empty|        scalar|
|active_queries                         |   in|    2|     ap_none|                                               active_queries|        scalar|
|operand_c_39_out                       |  out|   32|      ap_vld|                                             operand_c_39_out|       pointer|
|operand_c_39_out_ap_vld                |  out|    1|      ap_vld|                                             operand_c_39_out|       pointer|
|operand_c_38_out                       |  out|   32|      ap_vld|                                             operand_c_38_out|       pointer|
|operand_c_38_out_ap_vld                |  out|    1|      ap_vld|                                             operand_c_38_out|       pointer|
|operand_c_37_out                       |  out|   32|      ap_vld|                                             operand_c_37_out|       pointer|
|operand_c_37_out_ap_vld                |  out|    1|      ap_vld|                                             operand_c_37_out|       pointer|
|operand_c_36_out                       |  out|   32|      ap_vld|                                             operand_c_36_out|       pointer|
|operand_c_36_out_ap_vld                |  out|    1|      ap_vld|                                             operand_c_36_out|       pointer|
|operand_c_35_out                       |  out|   32|      ap_vld|                                             operand_c_35_out|       pointer|
|operand_c_35_out_ap_vld                |  out|    1|      ap_vld|                                             operand_c_35_out|       pointer|
|operand_c_34_out                       |  out|   32|      ap_vld|                                             operand_c_34_out|       pointer|
|operand_c_34_out_ap_vld                |  out|    1|      ap_vld|                                             operand_c_34_out|       pointer|
|operand_c_33_out                       |  out|   32|      ap_vld|                                             operand_c_33_out|       pointer|
|operand_c_33_out_ap_vld                |  out|    1|      ap_vld|                                             operand_c_33_out|       pointer|
|operand_c_out                          |  out|   32|      ap_vld|                                                operand_c_out|       pointer|
|operand_c_out_ap_vld                   |  out|    1|      ap_vld|                                                operand_c_out|       pointer|
|pe_reg_3_1_promoted309_phi_out         |  out|   16|      ap_vld|                               pe_reg_3_1_promoted309_phi_out|       pointer|
|pe_reg_3_1_promoted309_phi_out_ap_vld  |  out|    1|      ap_vld|                               pe_reg_3_1_promoted309_phi_out|       pointer|
|pe_reg_3_0_promoted297_phi_out         |  out|   16|      ap_vld|                               pe_reg_3_0_promoted297_phi_out|       pointer|
|pe_reg_3_0_promoted297_phi_out_ap_vld  |  out|    1|      ap_vld|                               pe_reg_3_0_promoted297_phi_out|       pointer|
+---------------------------------------+-----+-----+------------+-------------------------------------------------------------+--------------+

