

================================================================
== Vitis HLS Report for 'runQueryBlock_0_Outline_VITIS_LOOP_116_5'
================================================================
* Date:           Sat Oct 10 13:24:04 2026

* Version:        2024.2 (Build 5238294 on Nov  8 2024)
* Project:        build
* Solution:       solution1 (Vivado IP Flow Target)
* Product family: virtexuplusHBM
* Target device:  xcvu37p_CIV-fsvh2892-2-e


================================================================
== Performance Estimates
================================================================
+ Timing: 
    * Summary: 
    +--------+----------+----------+------------+
    |  Clock |  Target  | Estimated| Uncertainty|
    +--------+----------+----------+------------+
    |ap_clk  |  10.00 ns|  7.299 ns|     2.70 ns|
    +--------+----------+----------+------------+

+ Latency: 
    * Summary: 
    +---------+---------+----------+----------+-----+--------+---------+
    |  Latency (cycles) |  Latency (absolute) |   Interval   | Pipeline|
    |   min   |   max   |    min   |    max   | min |   max  |   Type  |
    +---------+---------+----------+----------+-----+--------+---------+
    |      268|   273409|  2.680 us|  2.734 ms|  268|  273409|       no|
    +---------+---------+----------+----------+-----+--------+---------+

    + Detail: 
        * Instance: 
        +-----------------------------------------------------------------------+------------------------------------------------------------+---------+---------+-----------+-----------+-----+-----+------------------------------------------------+
        |                                                                       |                                                            |  Latency (cycles) |   Latency (absolute)  |  Interval |                    Pipeline                    |
        |                                Instance                               |                           Module                           |   min   |   max   |    min    |    max    | min | max |                      Type                      |
        +-----------------------------------------------------------------------+------------------------------------------------------------+---------+---------+-----------+-----------+-----+-----+------------------------------------------------+
        |grp_runQueryBlock_0_Pipeline_4_fu_474                                  |runQueryBlock_0_Pipeline_4                                  |       10|       10|   0.100 us|   0.100 us|    9|    9|  loop auto-rewind stp (delay=0 clock cycles(s))|
        |grp_runQueryBlock_0_Pipeline_VITIS_LOOP_141_6_VITIS_LOOP_142_7_fu_478  |runQueryBlock_0_Pipeline_VITIS_LOOP_141_6_VITIS_LOOP_142_7  |       18|       18|   0.180 us|   0.180 us|   17|   17|  loop auto-rewind stp (delay=0 clock cycles(s))|
        |grp_runQueryBlock_0_Pipeline_VITIS_LOOP_109_1_VITIS_LOOP_110_2_fu_500  |runQueryBlock_0_Pipeline_VITIS_LOOP_109_1_VITIS_LOOP_110_2  |       82|       82|   0.820 us|   0.820 us|   81|   81|  loop auto-rewind stp (delay=0 clock cycles(s))|
        |grp_runQueryBlock_0_Pipeline_VITIS_LOOP_187_12_fu_535                  |runQueryBlock_0_Pipeline_VITIS_LOOP_187_12                  |        6|        6|  60.000 ns|  60.000 ns|    5|    5|  loop auto-rewind stp (delay=0 clock cycles(s))|
        |grp_runQueryBlock_0_Pipeline_VITIS_LOOP_187_122_fu_549                 |runQueryBlock_0_Pipeline_VITIS_LOOP_187_122                 |        6|        6|  60.000 ns|  60.000 ns|    5|    5|  loop auto-rewind stp (delay=0 clock cycles(s))|
        |grp_runQueryBlock_0_Pipeline_VITIS_LOOP_239_15_fu_563                  |runQueryBlock_0_Pipeline_VITIS_LOOP_239_15                  |        8|        8|  80.000 ns|  80.000 ns|    5|    5|  loop auto-rewind stp (delay=0 clock cycles(s))|
        |grp_runAccumulatorColumns_fu_593                                       |runAccumulatorColumns                                       |        7|        7|  70.000 ns|  70.000 ns|    1|    1|                                             yes|
        |grp_runPeArray_fu_614                                                  |runPeArray                                                  |        3|        3|  30.000 ns|  30.000 ns|    1|    1|                                             yes|
        |grp_runQueryBlock_0_Pipeline_VITIS_LOOP_297_25_fu_668                  |runQueryBlock_0_Pipeline_VITIS_LOOP_297_25                  |       14|       14|   0.140 us|   0.140 us|    9|    9|  loop auto-rewind stp (delay=0 clock cycles(s))|
        |grp_runQueryBlock_0_Pipeline_VITIS_LOOP_162_1_fu_724                   |runQueryBlock_0_Pipeline_VITIS_LOOP_162_1                   |       22|       22|   0.220 us|   0.220 us|   21|   21|  loop auto-rewind stp (delay=0 clock cycles(s))|
        |grp_runQueryBlock_0_Pipeline_VITIS_LOOP_366_33_fu_738                  |runQueryBlock_0_Pipeline_VITIS_LOOP_366_33                  |       89|       89|   0.890 us|   0.890 us|   81|   81|  loop auto-rewind stp (delay=0 clock cycles(s))|
        +-----------------------------------------------------------------------+------------------------------------------------------------+---------+---------+-----------+-----------+-----+-----+------------------------------------------------+

        * Loop: 
        +--------------------+---------+---------+----------+-----------+-----------+----------+----------+
        |                    |  Latency (cycles) | Iteration|  Initiation Interval  |   Trip   |          |
        |      Loop Name     |   min   |   max   |  Latency |  achieved |   target  |   Count  | Pipelined|
        +--------------------+---------+---------+----------+-----------+-----------+----------+----------+
        |- VITIS_LOOP_116_5  |      267|   273408|       267|          -|          -|  1 ~ 1024|        no|
        +--------------------+---------+---------+----------+-----------+-----------+----------+----------+



================================================================
== Utilization Estimates
================================================================
* Summary: 
+---------------------+---------+------+---------+---------+-----+
|         Name        | BRAM_18K|  DSP |    FF   |   LUT   | URAM|
+---------------------+---------+------+---------+---------+-----+
|DSP                  |        -|     -|        -|        -|    -|
|Expression           |        -|     -|        0|     1964|    -|
|FIFO                 |        -|     -|        -|        -|    -|
|Instance             |        0|    16|     9343|    36079|    -|
|Memory               |        0|     -|      256|      272|    0|
|Multiplexer          |        -|     -|        0|     2251|    -|
|Register             |        -|     -|     1079|        -|    -|
+---------------------+---------+------+---------+---------+-----+
|Total                |        0|    16|    10678|    40566|    0|
+---------------------+---------+------+---------+---------+-----+
|Available SLR        |     1344|  3008|   869120|   434560|  320|
+---------------------+---------+------+---------+---------+-----+
|Utilization SLR (%)  |        0|    ~0|        1|        9|    0|
+---------------------+---------+------+---------+---------+-----+
|Available            |     4032|  9024|  2607360|  1303680|  960|
+---------------------+---------+------+---------+---------+-----+
|Utilization (%)      |        0|    ~0|       ~0|        3|    0|
+---------------------+---------+------+---------+---------+-----+

+ Detail: 
    * Instance: 
    +-----------------------------------------------------------------------+------------------------------------------------------------+---------+----+------+-------+-----+
    |                                Instance                               |                           Module                           | BRAM_18K| DSP|  FF  |  LUT  | URAM|
    +-----------------------------------------------------------------------+------------------------------------------------------------+---------+----+------+-------+-----+
    |fsub_32ns_32ns_32_3_full_dsp_1_U425                                    |fsub_32ns_32ns_32_3_full_dsp_1                              |        0|   2|   177|    226|    0|
    |fsub_32ns_32ns_32_3_full_dsp_1_U426                                    |fsub_32ns_32ns_32_3_full_dsp_1                              |        0|   2|   177|    226|    0|
    |fsub_32ns_32ns_32_3_full_dsp_1_U427                                    |fsub_32ns_32ns_32_3_full_dsp_1                              |        0|   2|   177|    226|    0|
    |fsub_32ns_32ns_32_3_full_dsp_1_U428                                    |fsub_32ns_32ns_32_3_full_dsp_1                              |        0|   2|   177|    226|    0|
    |grp_runPeArray_fu_614                                                  |runPeArray                                                  |        0|   8|  4603|  29570|    0|
    |grp_runQueryBlock_0_Pipeline_4_fu_474                                  |runQueryBlock_0_Pipeline_4                                  |        0|   0|     6|     51|    0|
    |grp_runQueryBlock_0_Pipeline_VITIS_LOOP_109_1_VITIS_LOOP_110_2_fu_500  |runQueryBlock_0_Pipeline_VITIS_LOOP_109_1_VITIS_LOOP_110_2  |        0|   0|   570|    498|    0|
    |grp_runQueryBlock_0_Pipeline_VITIS_LOOP_141_6_VITIS_LOOP_142_7_fu_478  |runQueryBlock_0_Pipeline_VITIS_LOOP_141_6_VITIS_LOOP_142_7  |        0|   0|    14|    130|    0|
    |grp_runQueryBlock_0_Pipeline_VITIS_LOOP_162_1_fu_724                   |runQueryBlock_0_Pipeline_VITIS_LOOP_162_1                   |        0|   0|   338|    463|    0|
    |grp_runQueryBlock_0_Pipeline_VITIS_LOOP_187_12_fu_535                  |runQueryBlock_0_Pipeline_VITIS_LOOP_187_12                  |        0|   0|    39|    325|    0|
    |grp_runQueryBlock_0_Pipeline_VITIS_LOOP_187_122_fu_549                 |runQueryBlock_0_Pipeline_VITIS_LOOP_187_122                 |        0|   0|    39|    325|    0|
    |grp_runQueryBlock_0_Pipeline_VITIS_LOOP_239_15_fu_563                  |runQueryBlock_0_Pipeline_VITIS_LOOP_239_15                  |        0|   0|   631|    546|    0|
    |grp_runQueryBlock_0_Pipeline_VITIS_LOOP_297_25_fu_668                  |runQueryBlock_0_Pipeline_VITIS_LOOP_297_25                  |        0|   0|   529|    624|    0|
    |grp_runQueryBlock_0_Pipeline_VITIS_LOOP_366_33_fu_738                  |runQueryBlock_0_Pipeline_VITIS_LOOP_366_33                  |        0|   0|  1866|   2615|    0|
    |sparsemux_9_3_32_1_1_U437                                              |sparsemux_9_3_32_1_1                                        |        0|   0|     0|     14|    0|
    |sparsemux_9_3_32_1_1_U438                                              |sparsemux_9_3_32_1_1                                        |        0|   0|     0|     14|    0|
    |sptohp_32ns_16_1_no_dsp_1_U429                                         |sptohp_32ns_16_1_no_dsp_1                                   |        0|   0|     0|      0|    0|
    |sptohp_32ns_16_1_no_dsp_1_U430                                         |sptohp_32ns_16_1_no_dsp_1                                   |        0|   0|     0|      0|    0|
    |sptohp_32ns_16_1_no_dsp_1_U431                                         |sptohp_32ns_16_1_no_dsp_1                                   |        0|   0|     0|      0|    0|
    |sptohp_32ns_16_1_no_dsp_1_U432                                         |sptohp_32ns_16_1_no_dsp_1                                   |        0|   0|     0|      0|    0|
    |sptohp_32ns_16_1_no_dsp_1_U433                                         |sptohp_32ns_16_1_no_dsp_1                                   |        0|   0|     0|      0|    0|
    |sptohp_32ns_16_1_no_dsp_1_U434                                         |sptohp_32ns_16_1_no_dsp_1                                   |        0|   0|     0|      0|    0|
    |sptohp_32ns_16_1_no_dsp_1_U435                                         |sptohp_32ns_16_1_no_dsp_1                                   |        0|   0|     0|      0|    0|
    |sptohp_32ns_16_1_no_dsp_1_U436                                         |sptohp_32ns_16_1_no_dsp_1                                   |        0|   0|     0|      0|    0|
    +-----------------------------------------------------------------------+------------------------------------------------------------+---------+----+------+-------+-----+
    |Total                                                                  |                                                            |        0|  16|  9343|  36079|    0|
    +-----------------------------------------------------------------------+------------------------------------------------------------+---------+----+------+-------+-----+

    * DSP: 
    N/A

    * Memory: 
    +-------------+------------------------------------------------------------------+---------+----+----+-----+------+-----+------+-------------+
    |    Memory   |                              Module                              | BRAM_18K| FF | LUT| URAM| Words| Bits| Banks| W*Bits*Banks|
    +-------------+------------------------------------------------------------------+---------+----+----+-----+------+-----+------+-------------+
    |v_tile_14_U  |runQueryBlock_0_Outline_VITIS_LOOP_116_5_v_tile_14_RAM_AUTO_1R1W  |        0|  16|  17|    0|     8|   16|     1|          128|
    |v_tile_13_U  |runQueryBlock_0_Outline_VITIS_LOOP_116_5_v_tile_14_RAM_AUTO_1R1W  |        0|  16|  17|    0|     8|   16|     1|          128|
    |v_tile_12_U  |runQueryBlock_0_Outline_VITIS_LOOP_116_5_v_tile_14_RAM_AUTO_1R1W  |        0|  16|  17|    0|     8|   16|     1|          128|
    |v_tile_11_U  |runQueryBlock_0_Outline_VITIS_LOOP_116_5_v_tile_14_RAM_AUTO_1R1W  |        0|  16|  17|    0|     8|   16|     1|          128|
    |v_tile_10_U  |runQueryBlock_0_Outline_VITIS_LOOP_116_5_v_tile_14_RAM_AUTO_1R1W  |        0|  16|  17|    0|     8|   16|     1|          128|
    |v_tile_9_U   |runQueryBlock_0_Outline_VITIS_LOOP_116_5_v_tile_14_RAM_AUTO_1R1W  |        0|  16|  17|    0|     8|   16|     1|          128|
    |v_tile_8_U   |runQueryBlock_0_Outline_VITIS_LOOP_116_5_v_tile_14_RAM_AUTO_1R1W  |        0|  16|  17|    0|     8|   16|     1|          128|
    |v_tile_U     |runQueryBlock_0_Outline_VITIS_LOOP_116_5_v_tile_14_RAM_AUTO_1R1W  |        0|  16|  17|    0|     8|   16|     1|          128|
    |k_tile_14_U  |runQueryBlock_0_Outline_VITIS_LOOP_116_5_v_tile_14_RAM_AUTO_1R1W  |        0|  16|  17|    0|     8|   16|     1|          128|
    |k_tile_13_U  |runQueryBlock_0_Outline_VITIS_LOOP_116_5_v_tile_14_RAM_AUTO_1R1W  |        0|  16|  17|    0|     8|   16|     1|          128|
    |k_tile_12_U  |runQueryBlock_0_Outline_VITIS_LOOP_116_5_v_tile_14_RAM_AUTO_1R1W  |        0|  16|  17|    0|     8|   16|     1|          128|
    |k_tile_11_U  |runQueryBlock_0_Outline_VITIS_LOOP_116_5_v_tile_14_RAM_AUTO_1R1W  |        0|  16|  17|    0|     8|   16|     1|          128|
    |k_tile_10_U  |runQueryBlock_0_Outline_VITIS_LOOP_116_5_v_tile_14_RAM_AUTO_1R1W  |        0|  16|  17|    0|     8|   16|     1|          128|
    |k_tile_9_U   |runQueryBlock_0_Outline_VITIS_LOOP_116_5_v_tile_14_RAM_AUTO_1R1W  |        0|  16|  17|    0|     8|   16|     1|          128|
    |k_tile_8_U   |runQueryBlock_0_Outline_VITIS_LOOP_116_5_v_tile_14_RAM_AUTO_1R1W  |        0|  16|  17|    0|     8|   16|     1|          128|
    |k_tile_U     |runQueryBlock_0_Outline_VITIS_LOOP_116_5_v_tile_14_RAM_AUTO_1R1W  |        0|  16|  17|    0|     8|   16|     1|          128|
    +-------------+------------------------------------------------------------------+---------+----+----+-----+------+-----+------+-------------+
    |Total        |                                                                  |        0| 256| 272|    0|   128|  256|    16|         2048|
    +-------------+------------------------------------------------------------------+---------+----+----+-----+------+-----+------+-------------+

    * FIFO: 
    N/A

    * Expression: 
    +---------------------------------+----------+----+---+----+------------+------------+
    |          Variable Name          | Operation| DSP| FF| LUT| Bitwidth P0| Bitwidth P1|
    +---------------------------------+----------+----+---+----+------------+------------+
    |key_tile_4_fu_869_p2             |         +|   0|  0|  39|          32|           1|
    |remaining_keys_fu_885_p2         |         -|   0|  0|  39|          32|          32|
    |and_ln164_fu_1171_p2             |       and|   0|  0|   2|           1|           1|
    |and_ln198_2_fu_1402_p2           |       and|   0|  0|   2|           1|           1|
    |and_ln198_fu_1252_p2             |       and|   0|  0|   2|           1|           1|
    |and_ln314_7_fu_1356_p2           |       and|   0|  0|   2|           1|           1|
    |and_ln314_8_fu_1500_p2           |       and|   0|  0|   2|           1|           1|
    |and_ln314_9_fu_1506_p2           |       and|   0|  0|   2|           1|           1|
    |and_ln314_fu_1350_p2             |       and|   0|  0|   2|           1|           1|
    |and_ln48_2_fu_1482_p2            |       and|   0|  0|   2|           1|           1|
    |and_ln48_fu_1332_p2              |       and|   0|  0|   2|           1|           1|
    |not_or_ln164_10_fu_1082_p2       |       and|   0|  0|   2|           1|           1|
    |not_or_ln164_11_fu_1109_p2       |       and|   0|  0|   2|           1|           1|
    |not_or_ln164_12_fu_1130_p2       |       and|   0|  0|   2|           1|           1|
    |not_or_ln164_13_fu_1160_p2       |       and|   0|  0|   2|           1|           1|
    |not_or_ln164_8_fu_1023_p2        |       and|   0|  0|   2|           1|           1|
    |not_or_ln164_9_fu_1061_p2        |       and|   0|  0|   2|           1|           1|
    |not_or_ln164_fu_1002_p2          |       and|   0|  0|   2|           1|           1|
    |score_valid_10_fu_1087_p2        |       and|   0|  0|   2|           1|           1|
    |score_valid_11_fu_1114_p2        |       and|   0|  0|   2|           1|           1|
    |score_valid_12_fu_1135_p2        |       and|   0|  0|   2|           1|           1|
    |score_valid_13_fu_1165_p2        |       and|   0|  0|   2|           1|           1|
    |score_valid_14_fu_1186_p2        |       and|   0|  0|   2|           1|           1|
    |score_valid_8_fu_1028_p2         |       and|   0|  0|   2|           1|           1|
    |score_valid_9_fu_1066_p2         |       and|   0|  0|   2|           1|           1|
    |score_valid_fu_1007_p2           |       and|   0|  0|   2|           1|           1|
    |cmp137_fu_830_p2                 |      icmp|   0|  0|   9|           2|           1|
    |cmp138_2_fu_1093_p2              |      icmp|   0|  0|  10|           3|           2|
    |cmp138_fu_986_p2                 |      icmp|   0|  0|  10|           3|           1|
    |icmp515_fu_1045_p2               |      icmp|   0|  0|   9|           2|           1|
    |icmp_ln116_fu_864_p2             |      icmp|   0|  0|  39|          32|          32|
    |icmp_ln121_fu_904_p2             |      icmp|   0|  0|  37|          30|           1|
    |icmp_ln166_10_fu_933_p2          |      icmp|   0|  0|  39|          32|          32|
    |icmp_ln166_11_fu_946_p2          |      icmp|   0|  0|  39|          32|          32|
    |icmp_ln166_12_fu_951_p2          |      icmp|   0|  0|  39|          32|          32|
    |icmp_ln166_13_fu_964_p2          |      icmp|   0|  0|  39|          32|          32|
    |icmp_ln166_14_fu_969_p2          |      icmp|   0|  0|  39|          32|          32|
    |icmp_ln166_8_fu_915_p2           |      icmp|   0|  0|  39|          32|          32|
    |icmp_ln166_9_fu_928_p2           |      icmp|   0|  0|  39|          32|          32|
    |icmp_ln166_fu_910_p2             |      icmp|   0|  0|  39|          32|          32|
    |icmp_ln52_2_fu_1454_p2           |      icmp|   0|  0|  39|          32|          32|
    |icmp_ln52_fu_1304_p2             |      icmp|   0|  0|  39|          32|          32|
    |icmp_ln54_2_fu_1468_p2           |      icmp|   0|  0|  39|          32|          32|
    |icmp_ln54_fu_1318_p2             |      icmp|   0|  0|  39|          32|          32|
    |ap_block_state3_on_subcall_done  |        or|   0|  0|   2|           1|           1|
    |ap_block_state7_on_subcall_done  |        or|   0|  0|   2|           1|           1|
    |or_ln166_10_fu_1077_p2           |        or|   0|  0|   2|           1|           1|
    |or_ln166_11_fu_1104_p2           |        or|   0|  0|   2|           1|           1|
    |or_ln166_12_fu_1125_p2           |        or|   0|  0|   2|           1|           1|
    |or_ln166_13_fu_1155_p2           |        or|   0|  0|   2|           1|           1|
    |or_ln166_14_fu_1181_p2           |        or|   0|  0|   2|           1|           1|
    |or_ln166_8_fu_1018_p2            |        or|   0|  0|   2|           1|           1|
    |or_ln166_9_fu_1056_p2            |        or|   0|  0|   2|           1|           1|
    |or_ln166_fu_997_p2               |        or|   0|  0|   2|           1|           1|
    |or_ln331_10_fu_2029_p2           |        or|   0|  0|   2|           1|           1|
    |or_ln331_11_fu_2048_p2           |        or|   0|  0|   2|           1|           1|
    |or_ln331_12_fu_2067_p2           |        or|   0|  0|   2|           1|           1|
    |or_ln331_13_fu_2086_p2           |        or|   0|  0|   2|           1|           1|
    |or_ln331_14_fu_2105_p2           |        or|   0|  0|   2|           1|           1|
    |or_ln331_8_fu_1991_p2            |        or|   0|  0|   2|           1|           1|
    |or_ln331_9_fu_2010_p2            |        or|   0|  0|   2|           1|           1|
    |or_ln331_fu_1972_p2              |        or|   0|  0|   2|           1|           1|
    |or_ln436_2_fu_1560_p2            |        or|   0|  0|   2|           1|           1|
    |or_ln436_fu_1546_p2              |        or|   0|  0|   2|           1|           1|
    |acc_a_5_fu_2133_p3               |    select|   0|  0|  32|           1|          32|
    |acc_a_6_fu_2149_p3               |    select|   0|  0|  32|           1|          32|
    |acc_b_6_fu_1591_p3               |    select|   0|  0|  32|           1|          32|
    |acc_b_fu_1584_p3                 |    select|   0|  0|  32|           1|          32|
    |active_keys_fu_979_p3            |    select|   0|  0|   4|           1|           3|
    |in_b_assign_fu_1522_p2           |    select|   0|  0|  32|           1|          32|
    |in_b_assign_fu_1522_p4           |    select|   0|  0|  32|           1|          32|
    |in_b_assign_fu_1522_p6           |    select|   0|  0|  32|           1|          32|
    |in_b_assign_fu_1522_p8           |    select|   0|  0|  32|           1|          32|
    |operand_c_40_fu_1637_p3          |    select|   0|  0|  32|           1|          32|
    |operand_c_41_fu_1644_p3          |    select|   0|  0|  32|           1|          32|
    |operand_c_42_fu_1651_p3          |    select|   0|  0|  32|           1|          32|
    |operand_c_43_fu_1658_p3          |    select|   0|  0|  32|           1|          32|
    |operand_c_44_fu_1665_p3          |    select|   0|  0|  32|           1|          32|
    |operand_c_45_fu_1672_p3          |    select|   0|  0|  32|           1|          32|
    |operand_c_46_fu_1679_p3          |    select|   0|  0|  32|           1|          32|
    |operand_c_fu_1630_p3             |    select|   0|  0|  32|           1|          32|
    |pe_reg_26_fu_1725_p3             |    select|   0|  0|  16|           1|          16|
    |pe_reg_27_fu_1732_p3             |    select|   0|  0|  16|           1|          16|
    |pe_reg_28_fu_1739_p3             |    select|   0|  0|  16|           1|          16|
    |pe_reg_29_fu_1746_p3             |    select|   0|  0|  16|           1|          16|
    |pe_reg_30_fu_1753_p3             |    select|   0|  0|  16|           1|          16|
    |pe_reg_31_fu_1760_p3             |    select|   0|  0|  16|           1|          16|
    |pe_reg_32_fu_1767_p3             |    select|   0|  0|  16|           1|          16|
    |pe_reg_33_fu_1806_p3             |    select|   0|  0|  16|           1|          16|
    |pe_reg_34_fu_1813_p3             |    select|   0|  0|  16|           1|          16|
    |pe_reg_35_fu_1820_p3             |    select|   0|  0|  16|           1|          16|
    |pe_reg_36_fu_1827_p3             |    select|   0|  0|  16|           1|          16|
    |pe_reg_37_fu_1834_p3             |    select|   0|  0|  16|           1|          16|
    |pe_reg_38_fu_1841_p3             |    select|   0|  0|  16|           1|          16|
    |pe_reg_39_fu_1848_p3             |    select|   0|  0|  16|           1|          16|
    |pe_reg_40_fu_1855_p3             |    select|   0|  0|  16|           1|          16|
    |pe_reg_41_fu_1977_p3             |    select|   0|  0|  16|           1|           1|
    |pe_reg_42_fu_1996_p3             |    select|   0|  0|  16|           1|           1|
    |pe_reg_43_fu_2015_p3             |    select|   0|  0|  16|           1|           1|
    |pe_reg_44_fu_2034_p3             |    select|   0|  0|  16|           1|           1|
    |pe_reg_45_fu_2053_p3             |    select|   0|  0|  16|           1|           1|
    |pe_reg_46_fu_2072_p3             |    select|   0|  0|  16|           1|           1|
    |pe_reg_47_fu_2091_p3             |    select|   0|  0|  16|           1|           1|
    |pe_reg_48_fu_2110_p3             |    select|   0|  0|  16|           1|           1|
    |pe_reg_fu_1718_p3                |    select|   0|  0|  16|           1|          16|
    |select_ln233_2_fu_2142_p3        |    select|   0|  0|  32|           1|          32|
    |select_ln233_fu_2126_p3          |    select|   0|  0|  32|           1|          32|
    |select_ln436_2_fu_1566_p3        |    select|   0|  0|  32|           1|          32|
    |select_ln436_fu_1552_p3          |    select|   0|  0|  32|           1|          32|
    |tmp_s_fu_1372_p2                 |    select|   0|  0|  32|           1|          32|
    |tmp_s_fu_1372_p4                 |    select|   0|  0|  32|           1|          32|
    |tmp_s_fu_1372_p6                 |    select|   0|  0|  32|           1|          32|
    |tmp_s_fu_1372_p8                 |    select|   0|  0|  32|           1|          32|
    |p_not355_fu_1862_p2              |       xor|   0|  0|   2|           1|           2|
    |p_not358_fu_1868_p2              |       xor|   0|  0|   2|           1|           2|
    |p_not361_fu_1874_p2              |       xor|   0|  0|   2|           1|           2|
    |p_not364_fu_1880_p2              |       xor|   0|  0|   2|           1|           2|
    |p_not367_fu_1886_p2              |       xor|   0|  0|   2|           1|           2|
    |p_not370_fu_1892_p2              |       xor|   0|  0|   2|           1|           2|
    |p_not373_fu_1898_p2              |       xor|   0|  0|   2|           1|           2|
    |p_not376_fu_1904_p2              |       xor|   0|  0|   2|           1|           2|
    |xor_ln166_10_fu_1013_p2          |       xor|   0|  0|   2|           1|           2|
    |xor_ln166_11_fu_1051_p2          |       xor|   0|  0|   2|           1|           2|
    |xor_ln166_12_fu_1072_p2          |       xor|   0|  0|   2|           1|           2|
    |xor_ln166_13_fu_1099_p2          |       xor|   0|  0|   2|           1|           2|
    |xor_ln166_14_fu_1120_p2          |       xor|   0|  0|   2|           1|           2|
    |xor_ln166_15_fu_1150_p2          |       xor|   0|  0|   2|           1|           2|
    |xor_ln166_16_fu_1176_p2          |       xor|   0|  0|   2|           1|           2|
    |xor_ln166_9_fu_992_p2            |       xor|   0|  0|   2|           1|           2|
    |xor_ln198_2_fu_1488_p2           |       xor|   0|  0|   2|           2|           1|
    |xor_ln198_fu_1338_p2             |       xor|   0|  0|   2|           2|           1|
    |xor_ln331_10_fu_2023_p2          |       xor|   0|  0|   2|           1|           2|
    |xor_ln331_11_fu_2042_p2          |       xor|   0|  0|   2|           1|           2|
    |xor_ln331_12_fu_2061_p2          |       xor|   0|  0|   2|           1|           2|
    |xor_ln331_13_fu_2080_p2          |       xor|   0|  0|   2|           1|           2|
    |xor_ln331_14_fu_2099_p2          |       xor|   0|  0|   2|           1|           2|
    |xor_ln331_8_fu_1985_p2           |       xor|   0|  0|   2|           1|           2|
    |xor_ln331_9_fu_2004_p2           |       xor|   0|  0|   2|           1|           2|
    |xor_ln331_fu_1966_p2             |       xor|   0|  0|   2|           1|           2|
    |xor_ln48_5_fu_1440_p2            |       xor|   0|  0|   2|           1|           1|
    |xor_ln48_6_fu_1344_p2            |       xor|   0|  0|   2|           1|           2|
    |xor_ln48_7_fu_1494_p2            |       xor|   0|  0|   2|           1|           2|
    |xor_ln48_fu_1290_p2              |       xor|   0|  0|   2|           1|           1|
    +---------------------------------+----------+----+---+----+------------+------------+
    |Total                            |          |   0|  0|1964|         645|        1590|
    +---------------------------------+----------+----+---+----+------------+------------+

    * Multiplexer: 
    +----------------------------------------------+-----+-----------+-----+-----------+
    |                     Name                     | LUT | Input Size| Bits| Total Bits|
    +----------------------------------------------+-----+-----------+-----+-----------+
    |ap_NS_fsm                                     |  162|         36|    1|         36|
    |dc_12_fu_158                                  |    9|          2|   32|         64|
    |dc_fu_154                                     |    9|          2|   32|         64|
    |empty_170_reg_450                             |    9|          2|    1|          2|
    |empty_171_reg_462                             |    9|          2|    1|          2|
    |grp_runAccumulatorColumns_fu_593_ap_ce        |   14|          3|    1|          3|
    |grp_runAccumulatorColumns_fu_593_ap_start     |    9|          2|    1|          2|
    |grp_runAccumulatorColumns_fu_593_exp2_mode    |   20|          4|    1|          4|
    |grp_runAccumulatorColumns_fu_593_in_a_read    |   26|          5|   32|        160|
    |grp_runAccumulatorColumns_fu_593_in_a_read_2  |   26|          5|   32|        160|
    |grp_runAccumulatorColumns_fu_593_in_b_read    |   20|          4|   32|        128|
    |grp_runAccumulatorColumns_fu_593_in_b_read_2  |   20|          4|   32|        128|
    |grp_runAccumulatorColumns_fu_593_in_c_read    |   20|          4|   32|        128|
    |grp_runAccumulatorColumns_fu_593_in_c_read_2  |   20|          4|   32|        128|
    |grp_runPeArray_fu_614_ap_ce                   |   26|          5|    1|          5|
    |grp_runPeArray_fu_614_ap_start                |   26|          5|    1|          5|
    |grp_runPeArray_fu_614_exp2_mode               |   31|          6|    1|          6|
    |grp_runPeArray_fu_614_operand_b_read          |   37|          7|   16|        112|
    |grp_runPeArray_fu_614_operand_b_read_10       |   37|          7|   16|        112|
    |grp_runPeArray_fu_614_operand_b_read_11       |   37|          7|   16|        112|
    |grp_runPeArray_fu_614_operand_b_read_12       |   37|          7|   16|        112|
    |grp_runPeArray_fu_614_operand_b_read_13       |   37|          7|   16|        112|
    |grp_runPeArray_fu_614_operand_b_read_14       |   37|          7|   16|        112|
    |grp_runPeArray_fu_614_operand_b_read_8        |   37|          7|   16|        112|
    |grp_runPeArray_fu_614_operand_b_read_9        |   37|          7|   16|        112|
    |grp_runPeArray_fu_614_operand_c_read          |   37|          7|   32|        224|
    |grp_runPeArray_fu_614_operand_c_read_10       |   37|          7|   32|        224|
    |grp_runPeArray_fu_614_operand_c_read_11       |   37|          7|   32|        224|
    |grp_runPeArray_fu_614_operand_c_read_12       |   37|          7|   32|        224|
    |grp_runPeArray_fu_614_operand_c_read_13       |   37|          7|   32|        224|
    |grp_runPeArray_fu_614_operand_c_read_14       |   37|          7|   32|        224|
    |grp_runPeArray_fu_614_operand_c_read_8        |   37|          7|   32|        224|
    |grp_runPeArray_fu_614_operand_c_read_9        |   37|          7|   32|        224|
    |grp_runPeArray_fu_614_pe_reg_read             |   37|          7|   16|        112|
    |grp_runPeArray_fu_614_pe_reg_read_10          |   37|          7|   16|        112|
    |grp_runPeArray_fu_614_pe_reg_read_11          |   37|          7|   16|        112|
    |grp_runPeArray_fu_614_pe_reg_read_12          |   37|          7|   16|        112|
    |grp_runPeArray_fu_614_pe_reg_read_13          |   37|          7|   16|        112|
    |grp_runPeArray_fu_614_pe_reg_read_14          |   37|          7|   16|        112|
    |grp_runPeArray_fu_614_pe_reg_read_8           |   37|          7|   16|        112|
    |grp_runPeArray_fu_614_pe_reg_read_9           |   37|          7|   16|        112|
    |k_tile_10_address0                            |   14|          3|    3|          9|
    |k_tile_10_ce0                                 |   14|          3|    1|          3|
    |k_tile_10_ce1                                 |    9|          2|    1|          2|
    |k_tile_10_we0                                 |    9|          2|    1|          2|
    |k_tile_10_we1                                 |    9|          2|    1|          2|
    |k_tile_11_address0                            |   14|          3|    3|          9|
    |k_tile_11_ce0                                 |   14|          3|    1|          3|
    |k_tile_11_ce1                                 |    9|          2|    1|          2|
    |k_tile_11_we0                                 |    9|          2|    1|          2|
    |k_tile_11_we1                                 |    9|          2|    1|          2|
    |k_tile_12_address0                            |   14|          3|    3|          9|
    |k_tile_12_ce0                                 |   14|          3|    1|          3|
    |k_tile_12_ce1                                 |    9|          2|    1|          2|
    |k_tile_12_we0                                 |    9|          2|    1|          2|
    |k_tile_12_we1                                 |    9|          2|    1|          2|
    |k_tile_13_address0                            |   14|          3|    3|          9|
    |k_tile_13_ce0                                 |   14|          3|    1|          3|
    |k_tile_13_ce1                                 |    9|          2|    1|          2|
    |k_tile_13_we0                                 |    9|          2|    1|          2|
    |k_tile_13_we1                                 |    9|          2|    1|          2|
    |k_tile_14_address0                            |   14|          3|    3|          9|
    |k_tile_14_ce0                                 |   14|          3|    1|          3|
    |k_tile_14_ce1                                 |    9|          2|    1|          2|
    |k_tile_14_we0                                 |    9|          2|    1|          2|
    |k_tile_14_we1                                 |    9|          2|    1|          2|
    |k_tile_8_address0                             |   14|          3|    3|          9|
    |k_tile_8_ce0                                  |   14|          3|    1|          3|
    |k_tile_8_ce1                                  |    9|          2|    1|          2|
    |k_tile_8_we0                                  |    9|          2|    1|          2|
    |k_tile_8_we1                                  |    9|          2|    1|          2|
    |k_tile_9_address0                             |   14|          3|    3|          9|
    |k_tile_9_ce0                                  |   14|          3|    1|          3|
    |k_tile_9_ce1                                  |    9|          2|    1|          2|
    |k_tile_9_we0                                  |    9|          2|    1|          2|
    |k_tile_9_we1                                  |    9|          2|    1|          2|
    |k_tile_address0                               |   14|          3|    3|          9|
    |k_tile_ce0                                    |   14|          3|    1|          3|
    |k_tile_ce1                                    |    9|          2|    1|          2|
    |k_tile_we0                                    |    9|          2|    1|          2|
    |k_tile_we1                                    |    9|          2|    1|          2|
    |key_tile_fu_150                               |    9|          2|   32|         64|
    |running_sum_0_fu_166                          |    9|          2|   32|         64|
    |running_sum_1_0_fu_162                        |    9|          2|   32|         64|
    |v_tile_10_address0                            |   14|          3|    3|          9|
    |v_tile_10_ce0                                 |   14|          3|    1|          3|
    |v_tile_10_ce1                                 |    9|          2|    1|          2|
    |v_tile_10_we0                                 |    9|          2|    1|          2|
    |v_tile_10_we1                                 |    9|          2|    1|          2|
    |v_tile_11_address0                            |   14|          3|    3|          9|
    |v_tile_11_ce0                                 |   14|          3|    1|          3|
    |v_tile_11_ce1                                 |    9|          2|    1|          2|
    |v_tile_11_we0                                 |    9|          2|    1|          2|
    |v_tile_11_we1                                 |    9|          2|    1|          2|
    |v_tile_12_address0                            |   14|          3|    3|          9|
    |v_tile_12_ce0                                 |   14|          3|    1|          3|
    |v_tile_12_ce1                                 |    9|          2|    1|          2|
    |v_tile_12_we0                                 |    9|          2|    1|          2|
    |v_tile_12_we1                                 |    9|          2|    1|          2|
    |v_tile_13_address0                            |   14|          3|    3|          9|
    |v_tile_13_ce0                                 |   14|          3|    1|          3|
    |v_tile_13_ce1                                 |    9|          2|    1|          2|
    |v_tile_13_we0                                 |    9|          2|    1|          2|
    |v_tile_13_we1                                 |    9|          2|    1|          2|
    |v_tile_14_address0                            |   14|          3|    3|          9|
    |v_tile_14_ce0                                 |   14|          3|    1|          3|
    |v_tile_14_ce1                                 |    9|          2|    1|          2|
    |v_tile_14_we0                                 |    9|          2|    1|          2|
    |v_tile_14_we1                                 |    9|          2|    1|          2|
    |v_tile_8_address0                             |   14|          3|    3|          9|
    |v_tile_8_ce0                                  |   14|          3|    1|          3|
    |v_tile_8_ce1                                  |    9|          2|    1|          2|
    |v_tile_8_we0                                  |    9|          2|    1|          2|
    |v_tile_8_we1                                  |    9|          2|    1|          2|
    |v_tile_9_address0                             |   14|          3|    3|          9|
    |v_tile_9_ce0                                  |   14|          3|    1|          3|
    |v_tile_9_ce1                                  |    9|          2|    1|          2|
    |v_tile_9_we0                                  |    9|          2|    1|          2|
    |v_tile_9_we1                                  |    9|          2|    1|          2|
    |v_tile_address0                               |   14|          3|    3|          9|
    |v_tile_ce0                                    |   14|          3|    1|          3|
    |v_tile_ce1                                    |    9|          2|    1|          2|
    |v_tile_we0                                    |    9|          2|    1|          2|
    |v_tile_we1                                    |    9|          2|    1|          2|
    +----------------------------------------------+-----+-----------+-----+-----------+
    |Total                                         | 2251|        461|  985|       5089|
    +----------------------------------------------+-----+-----------+-----+-----------+

    * Register: 
    +------------------------------------------------------------------------------------+----+----+-----+-----------+
    |                                        Name                                        | FF | LUT| Bits| Const Bits|
    +------------------------------------------------------------------------------------+----+----+-----+-----------+
    |acc_a_5_reg_2989                                                                    |  32|   0|   32|          0|
    |acc_a_6_reg_2995                                                                    |  32|   0|   32|          0|
    |acc_b_6_reg_2752                                                                    |  32|   0|   32|          0|
    |acc_b_reg_2747                                                                      |  32|   0|   32|          0|
    |active_keys_reg_2564                                                                |   3|   0|    3|          0|
    |and_ln198_2_reg_2726                                                                |   1|   0|    1|          0|
    |and_ln198_reg_2711                                                                  |   1|   0|    1|          0|
    |ap_CS_fsm                                                                           |  35|   0|   35|          0|
    |cmp137_reg_2503                                                                     |   1|   0|    1|          0|
    |conv2_reg_2901                                                                      |  16|   0|   16|          0|
    |conv553_1_1_reg_2916                                                                |  16|   0|   16|          0|
    |conv553_1_reg_2911                                                                  |  16|   0|   16|          0|
    |conv553_2_1_reg_2926                                                                |  16|   0|   16|          0|
    |conv553_2_reg_2921                                                                  |  16|   0|   16|          0|
    |conv553_3_1_reg_2936                                                                |  16|   0|   16|          0|
    |conv553_3_reg_2931                                                                  |  16|   0|   16|          0|
    |conv553_s_reg_2906                                                                  |  16|   0|   16|          0|
    |dc_12_fu_158                                                                        |  32|   0|   32|          0|
    |dc_12_load_reg_2702                                                                 |  32|   0|   32|          0|
    |dc_fu_154                                                                           |  32|   0|   32|          0|
    |dc_load_reg_2697                                                                    |  32|   0|   32|          0|
    |empty_170_reg_450                                                                   |   1|   0|    1|          0|
    |empty_171_reg_462                                                                   |   1|   0|    1|          0|
    |grp_runAccumulatorColumns_fu_593_ap_start_reg                                       |   1|   0|    1|          0|
    |grp_runPeArray_fu_614_ap_start_reg                                                  |   1|   0|    1|          0|
    |grp_runQueryBlock_0_Pipeline_4_fu_474_ap_start_reg                                  |   1|   0|    1|          0|
    |grp_runQueryBlock_0_Pipeline_VITIS_LOOP_109_1_VITIS_LOOP_110_2_fu_500_ap_start_reg  |   1|   0|    1|          0|
    |grp_runQueryBlock_0_Pipeline_VITIS_LOOP_141_6_VITIS_LOOP_142_7_fu_478_ap_start_reg  |   1|   0|    1|          0|
    |grp_runQueryBlock_0_Pipeline_VITIS_LOOP_162_1_fu_724_ap_start_reg                   |   1|   0|    1|          0|
    |grp_runQueryBlock_0_Pipeline_VITIS_LOOP_187_122_fu_549_ap_start_reg                 |   1|   0|    1|          0|
    |grp_runQueryBlock_0_Pipeline_VITIS_LOOP_187_12_fu_535_ap_start_reg                  |   1|   0|    1|          0|
    |grp_runQueryBlock_0_Pipeline_VITIS_LOOP_239_15_fu_563_ap_start_reg                  |   1|   0|    1|          0|
    |grp_runQueryBlock_0_Pipeline_VITIS_LOOP_297_25_fu_668_ap_start_reg                  |   1|   0|    1|          0|
    |grp_runQueryBlock_0_Pipeline_VITIS_LOOP_366_33_fu_738_ap_start_reg                  |   1|   0|    1|          0|
    |icmp_ln121_reg_2519                                                                 |   1|   0|    1|          0|
    |icmp_ln166_10_reg_2539                                                              |   1|   0|    1|          0|
    |icmp_ln166_11_reg_2544                                                              |   1|   0|    1|          0|
    |icmp_ln166_12_reg_2549                                                              |   1|   0|    1|          0|
    |icmp_ln166_13_reg_2554                                                              |   1|   0|    1|          0|
    |icmp_ln166_14_reg_2559                                                              |   1|   0|    1|          0|
    |icmp_ln166_8_reg_2529                                                               |   1|   0|    1|          0|
    |icmp_ln166_9_reg_2534                                                               |   1|   0|    1|          0|
    |icmp_ln166_reg_2524                                                                 |   1|   0|    1|          0|
    |in_b_assign_reg_2731                                                                |  32|   0|   32|          0|
    |key_tile_fu_150                                                                     |  32|   0|   32|          0|
    |or_ln436_2_reg_2742                                                                 |   1|   0|    1|          0|
    |or_ln436_reg_2737                                                                   |   1|   0|    1|          0|
    |p_not355_reg_2853                                                                   |   1|   0|    1|          0|
    |p_not358_reg_2859                                                                   |   1|   0|    1|          0|
    |p_not361_reg_2865                                                                   |   1|   0|    1|          0|
    |p_not364_reg_2871                                                                   |   1|   0|    1|          0|
    |p_not367_reg_2877                                                                   |   1|   0|    1|          0|
    |p_not370_reg_2883                                                                   |   1|   0|    1|          0|
    |p_not373_reg_2889                                                                   |   1|   0|    1|          0|
    |p_not376_reg_2895                                                                   |   1|   0|    1|          0|
    |pe_reg_26_reg_2778                                                                  |  16|   0|   16|          0|
    |pe_reg_27_reg_2783                                                                  |  16|   0|   16|          0|
    |pe_reg_28_reg_2788                                                                  |  16|   0|   16|          0|
    |pe_reg_29_reg_2793                                                                  |  16|   0|   16|          0|
    |pe_reg_30_reg_2798                                                                  |  16|   0|   16|          0|
    |pe_reg_31_reg_2803                                                                  |  16|   0|   16|          0|
    |pe_reg_32_reg_2808                                                                  |  16|   0|   16|          0|
    |pe_reg_33_reg_2813                                                                  |  16|   0|   16|          0|
    |pe_reg_34_reg_2818                                                                  |  16|   0|   16|          0|
    |pe_reg_35_reg_2823                                                                  |  16|   0|   16|          0|
    |pe_reg_36_reg_2828                                                                  |  16|   0|   16|          0|
    |pe_reg_37_reg_2833                                                                  |  16|   0|   16|          0|
    |pe_reg_38_reg_2838                                                                  |  16|   0|   16|          0|
    |pe_reg_39_reg_2843                                                                  |  16|   0|   16|          0|
    |pe_reg_40_reg_2848                                                                  |  16|   0|   16|          0|
    |pe_reg_41_reg_2941                                                                  |  16|   0|   16|          0|
    |pe_reg_42_reg_2947                                                                  |  16|   0|   16|          0|
    |pe_reg_43_reg_2953                                                                  |  16|   0|   16|          0|
    |pe_reg_44_reg_2959                                                                  |  16|   0|   16|          0|
    |pe_reg_45_reg_2965                                                                  |  16|   0|   16|          0|
    |pe_reg_46_reg_2971                                                                  |  16|   0|   16|          0|
    |pe_reg_47_reg_2977                                                                  |  16|   0|   16|          0|
    |pe_reg_48_reg_2983                                                                  |  16|   0|   16|          0|
    |pe_reg_reg_2773                                                                     |  16|   0|   16|          0|
    |running_sum_0_fu_166                                                                |  32|   0|   32|          0|
    |running_sum_1_0_fu_162                                                              |  32|   0|   32|          0|
    |score_valid_10_reg_2607                                                             |   1|   0|    1|          0|
    |score_valid_11_reg_2618                                                             |   1|   0|    1|          0|
    |score_valid_12_reg_2629                                                             |   1|   0|    1|          0|
    |score_valid_13_reg_2645                                                             |   1|   0|    1|          0|
    |score_valid_14_reg_2656                                                             |   1|   0|    1|          0|
    |score_valid_8_reg_2580                                                              |   1|   0|    1|          0|
    |score_valid_9_reg_2596                                                              |   1|   0|    1|          0|
    |score_valid_reg_2569                                                                |   1|   0|    1|          0|
    |sub_i5_reg_2757                                                                     |  32|   0|   32|          0|
    |sub_i6_reg_2765                                                                     |  32|   0|   32|          0|
    |tmp_35_reg_2591                                                                     |   2|   0|    2|          0|
    |tmp_36_reg_2640                                                                     |   1|   0|    1|          0|
    |tmp_s_reg_2716                                                                      |  32|   0|   32|          0|
    |trunc_ln121_reg_2514                                                                |   3|   0|    3|          0|
    +------------------------------------------------------------------------------------+----+----+-----+-----------+
    |Total                                                                               |1079|   0| 1079|          0|
    +------------------------------------------------------------------------------------+----+----+-----+-----------+



================================================================
== Interface
================================================================
* Summary: 
+--------------------------------------------+-----+-----+------------+-------------------------------------------+--------------+
|                  RTL Ports                 | Dir | Bits|  Protocol  |               Source Object               |    C Type    |
+--------------------------------------------+-----+-----+------------+-------------------------------------------+--------------+
|ap_clk                                      |   in|    1|  ap_ctrl_hs|  runQueryBlock<0>_Outline_VITIS_LOOP_116_5|  return value|
|ap_rst                                      |   in|    1|  ap_ctrl_hs|  runQueryBlock<0>_Outline_VITIS_LOOP_116_5|  return value|
|ap_start                                    |   in|    1|  ap_ctrl_hs|  runQueryBlock<0>_Outline_VITIS_LOOP_116_5|  return value|
|ap_done                                     |  out|    1|  ap_ctrl_hs|  runQueryBlock<0>_Outline_VITIS_LOOP_116_5|  return value|
|ap_idle                                     |  out|    1|  ap_ctrl_hs|  runQueryBlock<0>_Outline_VITIS_LOOP_116_5|  return value|
|ap_ready                                    |  out|    1|  ap_ctrl_hs|  runQueryBlock<0>_Outline_VITIS_LOOP_116_5|  return value|
|grp_runAccumulatorColumns_fu_488_p_din1     |  out|    1|  ap_ctrl_hs|  runQueryBlock<0>_Outline_VITIS_LOOP_116_5|  return value|
|grp_runAccumulatorColumns_fu_488_p_din2     |  out|   32|  ap_ctrl_hs|  runQueryBlock<0>_Outline_VITIS_LOOP_116_5|  return value|
|grp_runAccumulatorColumns_fu_488_p_din3     |  out|   32|  ap_ctrl_hs|  runQueryBlock<0>_Outline_VITIS_LOOP_116_5|  return value|
|grp_runAccumulatorColumns_fu_488_p_din4     |  out|   32|  ap_ctrl_hs|  runQueryBlock<0>_Outline_VITIS_LOOP_116_5|  return value|
|grp_runAccumulatorColumns_fu_488_p_din5     |  out|   32|  ap_ctrl_hs|  runQueryBlock<0>_Outline_VITIS_LOOP_116_5|  return value|
|grp_runAccumulatorColumns_fu_488_p_din6     |  out|   32|  ap_ctrl_hs|  runQueryBlock<0>_Outline_VITIS_LOOP_116_5|  return value|
|grp_runAccumulatorColumns_fu_488_p_din7     |  out|   32|  ap_ctrl_hs|  runQueryBlock<0>_Outline_VITIS_LOOP_116_5|  return value|
|grp_runAccumulatorColumns_fu_488_p_dout0_0  |   in|   32|  ap_ctrl_hs|  runQueryBlock<0>_Outline_VITIS_LOOP_116_5|  return value|
|grp_runAccumulatorColumns_fu_488_p_dout0_1  |   in|   32|  ap_ctrl_hs|  runQueryBlock<0>_Outline_VITIS_LOOP_116_5|  return value|
|grp_runAccumulatorColumns_fu_488_p_ce       |  out|    1|  ap_ctrl_hs|  runQueryBlock<0>_Outline_VITIS_LOOP_116_5|  return value|
|grp_runAccumulatorColumns_fu_488_p_start    |  out|    1|  ap_ctrl_hs|  runQueryBlock<0>_Outline_VITIS_LOOP_116_5|  return value|
|grp_runAccumulatorColumns_fu_488_p_ready    |   in|    1|  ap_ctrl_hs|  runQueryBlock<0>_Outline_VITIS_LOOP_116_5|  return value|
|grp_runAccumulatorColumns_fu_488_p_done     |   in|    1|  ap_ctrl_hs|  runQueryBlock<0>_Outline_VITIS_LOOP_116_5|  return value|
|grp_runAccumulatorColumns_fu_488_p_idle     |   in|    1|  ap_ctrl_hs|  runQueryBlock<0>_Outline_VITIS_LOOP_116_5|  return value|
|header_key_tiles                            |   in|   32|     ap_none|                           header_key_tiles|        scalar|
|q_tile_address0                             |  out|    3|   ap_memory|                                     q_tile|         array|
|q_tile_ce0                                  |  out|    1|   ap_memory|                                     q_tile|         array|
|q_tile_q0                                   |   in|   16|   ap_memory|                                     q_tile|         array|
|q_tile_4_address0                           |  out|    3|   ap_memory|                                   q_tile_4|         array|
|q_tile_4_ce0                                |  out|    1|   ap_memory|                                   q_tile_4|         array|
|q_tile_4_q0                                 |   in|   16|   ap_memory|                                   q_tile_4|         array|
|q_tile_5_address0                           |  out|    3|   ap_memory|                                   q_tile_5|         array|
|q_tile_5_ce0                                |  out|    1|   ap_memory|                                   q_tile_5|         array|
|q_tile_5_q0                                 |   in|   16|   ap_memory|                                   q_tile_5|         array|
|q_tile_6_address0                           |  out|    3|   ap_memory|                                   q_tile_6|         array|
|q_tile_6_ce0                                |  out|    1|   ap_memory|                                   q_tile_6|         array|
|q_tile_6_q0                                 |   in|   16|   ap_memory|                                   q_tile_6|         array|
|empty_44                                    |   in|    1|     ap_none|                                   empty_44|        scalar|
|header_length                               |   in|   32|     ap_none|                              header_length|        scalar|
|empty                                       |   in|   32|     ap_none|                                      empty|        scalar|
|xor_ln166                                   |   in|    1|     ap_none|                                  xor_ln166|        scalar|
|global_query_2                              |   in|   32|     ap_none|                             global_query_2|        scalar|
|kv0_dout                                    |   in|  128|     ap_fifo|                                        kv0|       pointer|
|kv0_empty_n                                 |   in|    1|     ap_fifo|                                        kv0|       pointer|
|kv0_read                                    |  out|    1|     ap_fifo|                                        kv0|       pointer|
|kv0_num_data_valid                          |   in|    4|     ap_fifo|                                        kv0|       pointer|
|kv0_fifo_cap                                |   in|    4|     ap_fifo|                                        kv0|       pointer|
|output_acc_1_address0                       |  out|    4|   ap_memory|                               output_acc_1|         array|
|output_acc_1_ce0                            |  out|    1|   ap_memory|                               output_acc_1|         array|
|output_acc_1_we0                            |  out|    1|   ap_memory|                               output_acc_1|         array|
|output_acc_1_d0                             |  out|   32|   ap_memory|                               output_acc_1|         array|
|output_acc_1_address1                       |  out|    4|   ap_memory|                               output_acc_1|         array|
|output_acc_1_ce1                            |  out|    1|   ap_memory|                               output_acc_1|         array|
|output_acc_1_q1                             |   in|   32|   ap_memory|                               output_acc_1|         array|
|output_acc_address0                         |  out|    4|   ap_memory|                                 output_acc|         array|
|output_acc_ce0                              |  out|    1|   ap_memory|                                 output_acc|         array|
|output_acc_we0                              |  out|    1|   ap_memory|                                 output_acc|         array|
|output_acc_d0                               |  out|   32|   ap_memory|                                 output_acc|         array|
|output_acc_address1                         |  out|    4|   ap_memory|                                 output_acc|         array|
|output_acc_ce1                              |  out|    1|   ap_memory|                                 output_acc|         array|
|output_acc_q1                               |   in|   32|   ap_memory|                                 output_acc|         array|
|active_queries                              |   in|    2|     ap_none|                             active_queries|        scalar|
|running_sum_0_out                           |  out|   32|      ap_vld|                          running_sum_0_out|       pointer|
|running_sum_0_out_ap_vld                    |  out|    1|      ap_vld|                          running_sum_0_out|       pointer|
|running_sum_1_0_out                         |  out|   32|      ap_vld|                        running_sum_1_0_out|       pointer|
|running_sum_1_0_out_ap_vld                  |  out|    1|      ap_vld|                        running_sum_1_0_out|       pointer|
+--------------------------------------------+-----+-----+------------+-------------------------------------------+--------------+

