

================================================================
== Vitis HLS Report for 'runQueryBlock_0_Pipeline_2'
================================================================
* Date:           Sat Oct 10 13:23:57 2026

* Version:        2024.2 (Build 5238294 on Nov  8 2024)
* Project:        build
* Solution:       solution1 (Vivado IP Flow Target)
* Product family: virtexuplusHBM
* Target device:  xcvu37p_CIV-fsvh2892-2-e


================================================================
== Performance Estimates
================================================================
+ Timing: 
    * Summary: 
    +--------+----------+----------+------------+
    |  Clock |  Target  | Estimated| Uncertainty|
    +--------+----------+----------+------------+
    |ap_clk  |  10.00 ns|  1.792 ns|     2.70 ns|
    +--------+----------+----------+------------+

+ Latency: 
    * Summary: 
    +---------+---------+----------+----------+-----+-----+------------------------------------------------+
    |  Latency (cycles) |  Latency (absolute) |  Interval |                    Pipeline                    |
    |   min   |   max   |    min   |    max   | min | max |                      Type                      |
    +---------+---------+----------+----------+-----+-----+------------------------------------------------+
    |       34|       34|  0.340 us|  0.340 us|   33|   33|  loop auto-rewind stp (delay=0 clock cycles(s))|
    +---------+---------+----------+----------+-----+-----+------------------------------------------------+

    + Detail: 
        * Instance: 
        N/A

        * Loop: 
        +----------+---------+---------+----------+-----------+-----------+------+----------+
        |          |  Latency (cycles) | Iteration|  Initiation Interval  | Trip |          |
        | Loop Name|   min   |   max   |  Latency |  achieved |   target  | Count| Pipelined|
        +----------+---------+---------+----------+-----------+-----------+------+----------+
        |- Loop 1  |       32|       32|         1|          1|          1|    32|       yes|
        +----------+---------+---------+----------+-----------+-----------+------+----------+



================================================================
== Utilization Estimates
================================================================
* Summary: 
+---------------------+---------+------+---------+---------+-----+
|         Name        | BRAM_18K|  DSP |    FF   |   LUT   | URAM|
+---------------------+---------+------+---------+---------+-----+
|DSP                  |        -|     -|        -|        -|    -|
|Expression           |        -|     -|        0|       36|    -|
|FIFO                 |        -|     -|        -|        -|    -|
|Instance             |        -|     -|        -|        -|    -|
|Memory               |        -|     -|        -|        -|    -|
|Multiplexer          |        -|     -|        0|       27|    -|
|Register             |        -|     -|        8|        -|    -|
+---------------------+---------+------+---------+---------+-----+
|Total                |        0|     0|        8|       63|    0|
+---------------------+---------+------+---------+---------+-----+
|Available SLR        |     1344|  3008|   869120|   434560|  320|
+---------------------+---------+------+---------+---------+-----+
|Utilization SLR (%)  |        0|     0|       ~0|       ~0|    0|
+---------------------+---------+------+---------+---------+-----+
|Available            |     4032|  9024|  2607360|  1303680|  960|
+---------------------+---------+------+---------+---------+-----+
|Utilization (%)      |        0|     0|       ~0|       ~0|    0|
+---------------------+---------+------+---------+---------+-----+

+ Detail: 
    * Instance: 
    N/A

    * DSP: 
    N/A

    * Memory: 
    N/A

    * FIFO: 
    N/A

    * Expression: 
    +------------------------+----------+----+---+----+------------+------------+
    |      Variable Name     | Operation| DSP| FF| LUT| Bitwidth P0| Bitwidth P1|
    +------------------------+----------+----+---+----+------------+------------+
    |empty_166_fu_82_p2      |         +|   0|  0|  13|           6|           1|
    |exitcond33053_fu_76_p2  |      icmp|   0|  0|  14|           6|           7|
    |icmp_fu_108_p2          |      icmp|   0|  0|   9|           2|           1|
    +------------------------+----------+----+---+----+------------+------------+
    |Total                   |          |   0|  0|  36|          14|           9|
    +------------------------+----------+----+---+----+------------+------------+

    * Multiplexer: 
    +-------------------------+----+-----------+-----+-----------+
    |           Name          | LUT| Input Size| Bits| Total Bits|
    +-------------------------+----+-----------+-----+-----------+
    |ap_done_int              |   9|          2|    1|          2|
    |ap_sig_allocacmp_p_load  |   9|          2|    6|         12|
    |empty_fu_36              |   9|          2|    6|         12|
    +-------------------------+----+-----------+-----+-----------+
    |Total                    |  27|          6|   13|         26|
    +-------------------------+----+-----------+-----+-----------+

    * Register: 
    +-------------+---+----+-----+-----------+
    |     Name    | FF| LUT| Bits| Const Bits|
    +-------------+---+----+-----+-----------+
    |ap_CS_fsm    |  1|   0|    1|          0|
    |ap_done_reg  |  1|   0|    1|          0|
    |empty_fu_36  |  6|   0|    6|          0|
    +-------------+---+----+-----+-----------+
    |Total        |  8|   0|    8|          0|
    +-------------+---+----+-----+-----------+



================================================================
== Interface
================================================================
* Summary: 
+-----------------------+-----+-----+------------+-----------------------------+--------------+
|       RTL Ports       | Dir | Bits|  Protocol  |        Source Object        |    C Type    |
+-----------------------+-----+-----+------------+-----------------------------+--------------+
|ap_clk                 |   in|    1|  ap_ctrl_hs|  runQueryBlock<0>_Pipeline_2|  return value|
|ap_rst                 |   in|    1|  ap_ctrl_hs|  runQueryBlock<0>_Pipeline_2|  return value|
|ap_start               |   in|    1|  ap_ctrl_hs|  runQueryBlock<0>_Pipeline_2|  return value|
|ap_done                |  out|    1|  ap_ctrl_hs|  runQueryBlock<0>_Pipeline_2|  return value|
|ap_idle                |  out|    1|  ap_ctrl_hs|  runQueryBlock<0>_Pipeline_2|  return value|
|ap_ready               |  out|    1|  ap_ctrl_hs|  runQueryBlock<0>_Pipeline_2|  return value|
|output_acc_1_address0  |  out|    4|   ap_memory|                 output_acc_1|         array|
|output_acc_1_ce0       |  out|    1|   ap_memory|                 output_acc_1|         array|
|output_acc_1_we0       |  out|    1|   ap_memory|                 output_acc_1|         array|
|output_acc_1_d0        |  out|   32|   ap_memory|                 output_acc_1|         array|
|output_acc_address0    |  out|    4|   ap_memory|                   output_acc|         array|
|output_acc_ce0         |  out|    1|   ap_memory|                   output_acc|         array|
|output_acc_we0         |  out|    1|   ap_memory|                   output_acc|         array|
|output_acc_d0          |  out|   32|   ap_memory|                   output_acc|         array|
+-----------------------+-----+-----+------------+-----------------------------+--------------+

