                             latency        interval
transaction       0:             987             977
transaction       1:             988             978
transaction       2:             976             966
transaction       3:             976             966
transaction       4:            2703            2693
transaction       5:            2339            2329
transaction       6:            8350            8340
transaction       7:            6133            6123
transaction       8:            1007             997
transaction       9:            1002             992
transaction      10:            1021            1011
transaction      11:            1016            1006
transaction      12:            2659            2649
transaction      13:            2290            2280
transaction      14:            2729            2719
transaction      15:            2353            2343
transaction      16:            5102            5092
transaction      17:            3991            3981
transaction      18:            5097            5087
transaction      19:            3991            3981
transaction      20:            5097            5087
transaction      21:            3991            3981
transaction      22:           22252           22242
transaction      23:           14498           14488
transaction      24:              55              45
transaction      25:              50               x
