

================================================================
== Vitis HLS Report for 'runQueryBlock_0_Outline_VITIS_LOOP_111_4'
================================================================
* Date:           Sat Oct 10 02:03:27 2026

* Version:        2024.2 (Build 5238294 on Nov  8 2024)
* Project:        build
* Solution:       solution1 (Vivado IP Flow Target)
* Product family: virtexuplusHBM
* Target device:  xcvu37p_CIV-fsvh2892-2-e


================================================================
== Performance Estimates
================================================================
+ Timing: 
    * Summary: 
    +--------+----------+----------+------------+
    |  Clock |  Target  | Estimated| Uncertainty|
    +--------+----------+----------+------------+
    |ap_clk  |  10.00 ns|  7.299 ns|     2.70 ns|
    +--------+----------+----------+------------+

+ Latency: 
    * Summary: 
    +---------+---------+----------+----------+-----+--------+---------+
    |  Latency (cycles) |  Latency (absolute) |   Interval   | Pipeline|
    |   min   |   max   |    min   |    max   | min |   max  |   Type  |
    +---------+---------+----------+----------+-----+--------+---------+
    |      384|   392193|  3.840 us|  3.922 ms|  384|  392193|       no|
    +---------+---------+----------+----------+-----+--------+---------+

    + Detail: 
        * Instance: 
        +-----------------------------------------------------------------------+------------------------------------------------------------+---------+---------+-----------+-----------+-----+-----+------------------------------------------------+
        |                                                                       |                                                            |  Latency (cycles) |   Latency (absolute)  |  Interval |                    Pipeline                    |
        |                                Instance                               |                           Module                           |   min   |   max   |    min    |    max    | min | max |                      Type                      |
        +-----------------------------------------------------------------------+------------------------------------------------------------+---------+---------+-----------+-----------+-----+-----+------------------------------------------------+
        |grp_runQueryBlock_0_Pipeline_5_fu_442                                  |runQueryBlock_0_Pipeline_5                                  |       66|       66|   0.660 us|   0.660 us|   65|   65|  loop auto-rewind stp (delay=0 clock cycles(s))|
        |grp_runQueryBlock_0_Pipeline_6_fu_450                                  |runQueryBlock_0_Pipeline_6                                  |       66|       66|   0.660 us|   0.660 us|   65|   65|  loop auto-rewind stp (delay=0 clock cycles(s))|
        |grp_runQueryBlock_0_Pipeline_7_fu_458                                  |runQueryBlock_0_Pipeline_7                                  |       10|       10|   0.100 us|   0.100 us|    9|    9|  loop auto-rewind stp (delay=0 clock cycles(s))|
        |grp_runQueryBlock_0_Pipeline_VITIS_LOOP_135_5_VITIS_LOOP_136_6_fu_462  |runQueryBlock_0_Pipeline_VITIS_LOOP_135_5_VITIS_LOOP_136_6  |       66|       66|   0.660 us|   0.660 us|   65|   65|  loop auto-rewind stp (delay=0 clock cycles(s))|
        |grp_runQueryBlock_0_Pipeline_VITIS_LOOP_109_1_VITIS_LOOP_110_2_fu_476  |runQueryBlock_0_Pipeline_VITIS_LOOP_109_1_VITIS_LOOP_110_2  |       82|       82|   0.820 us|   0.820 us|   81|   81|  loop auto-rewind stp (delay=0 clock cycles(s))|
        |grp_runQueryBlock_0_Pipeline_VITIS_LOOP_177_10_fu_503                  |runQueryBlock_0_Pipeline_VITIS_LOOP_177_10                  |        6|        6|  60.000 ns|  60.000 ns|    5|    5|  loop auto-rewind stp (delay=0 clock cycles(s))|
        |grp_runQueryBlock_0_Pipeline_VITIS_LOOP_177_102_fu_517                 |runQueryBlock_0_Pipeline_VITIS_LOOP_177_102                 |        6|        6|  60.000 ns|  60.000 ns|    5|    5|  loop auto-rewind stp (delay=0 clock cycles(s))|
        |grp_runQueryBlock_0_Pipeline_VITIS_LOOP_229_13_fu_531                  |runQueryBlock_0_Pipeline_VITIS_LOOP_229_13                  |        8|        8|  80.000 ns|  80.000 ns|    5|    5|  loop auto-rewind stp (delay=0 clock cycles(s))|
        |grp_runAccumulatorColumns_fu_561                                       |runAccumulatorColumns                                       |        7|        7|  70.000 ns|  70.000 ns|    1|    1|                                             yes|
        |grp_runPeArray_fu_582                                                  |runPeArray                                                  |        3|        3|  30.000 ns|  30.000 ns|    1|    1|                                             yes|
        |grp_runQueryBlock_0_Pipeline_VITIS_LOOP_287_23_fu_636                  |runQueryBlock_0_Pipeline_VITIS_LOOP_287_23                  |       14|       14|   0.140 us|   0.140 us|    9|    9|  loop auto-rewind stp (delay=0 clock cycles(s))|
        |grp_runQueryBlock_0_Pipeline_VITIS_LOOP_162_1_fu_692                   |runQueryBlock_0_Pipeline_VITIS_LOOP_162_1                   |       22|       22|   0.220 us|   0.220 us|   21|   21|  loop auto-rewind stp (delay=0 clock cycles(s))|
        |grp_runQueryBlock_0_Pipeline_VITIS_LOOP_356_31_fu_706                  |runQueryBlock_0_Pipeline_VITIS_LOOP_356_31                  |       89|       89|   0.890 us|   0.890 us|   81|   81|  loop auto-rewind stp (delay=0 clock cycles(s))|
        +-----------------------------------------------------------------------+------------------------------------------------------------+---------+---------+-----------+-----------+-----+-----+------------------------------------------------+

        * Loop: 
        +--------------------+---------+---------+----------+-----------+-----------+----------+----------+
        |                    |  Latency (cycles) | Iteration|  Initiation Interval  |   Trip   |          |
        |      Loop Name     |   min   |   max   |  Latency |  achieved |   target  |   Count  | Pipelined|
        +--------------------+---------+---------+----------+-----------+-----------+----------+----------+
        |- VITIS_LOOP_111_4  |      383|   392192|       383|          -|          -|  1 ~ 1024|        no|
        +--------------------+---------+---------+----------+-----------+-----------+----------+----------+



================================================================
== Utilization Estimates
================================================================
* Summary: 
+---------------------+---------+------+---------+---------+-----+
|         Name        | BRAM_18K|  DSP |    FF   |   LUT   | URAM|
+---------------------+---------+------+---------+---------+-----+
|DSP                  |        -|     -|        -|        -|    -|
|Expression           |        -|     -|        0|     1964|    -|
|FIFO                 |        -|     -|        -|        -|    -|
|Instance             |        0|    16|     9300|    36010|    -|
|Memory               |        0|     -|      128|      136|    0|
|Multiplexer          |        -|     -|        0|     1922|    -|
|Register             |        -|     -|     1071|        -|    -|
+---------------------+---------+------+---------+---------+-----+
|Total                |        0|    16|    10499|    40032|    0|
+---------------------+---------+------+---------+---------+-----+
|Available SLR        |     1344|  3008|   869120|   434560|  320|
+---------------------+---------+------+---------+---------+-----+
|Utilization SLR (%)  |        0|    ~0|        1|        9|    0|
+---------------------+---------+------+---------+---------+-----+
|Available            |     4032|  9024|  2607360|  1303680|  960|
+---------------------+---------+------+---------+---------+-----+
|Utilization (%)      |        0|    ~0|       ~0|        3|    0|
+---------------------+---------+------+---------+---------+-----+

+ Detail: 
    * Instance: 
    +-----------------------------------------------------------------------+------------------------------------------------------------+---------+----+------+-------+-----+
    |                                Instance                               |                           Module                           | BRAM_18K| DSP|  FF  |  LUT  | URAM|
    +-----------------------------------------------------------------------+------------------------------------------------------------+---------+----+------+-------+-----+
    |fsub_32ns_32ns_32_3_full_dsp_1_U491                                    |fsub_32ns_32ns_32_3_full_dsp_1                              |        0|   2|   177|    226|    0|
    |fsub_32ns_32ns_32_3_full_dsp_1_U492                                    |fsub_32ns_32ns_32_3_full_dsp_1                              |        0|   2|   177|    226|    0|
    |fsub_32ns_32ns_32_3_full_dsp_1_U493                                    |fsub_32ns_32ns_32_3_full_dsp_1                              |        0|   2|   177|    226|    0|
    |fsub_32ns_32ns_32_3_full_dsp_1_U494                                    |fsub_32ns_32ns_32_3_full_dsp_1                              |        0|   2|   177|    226|    0|
    |grp_runPeArray_fu_582                                                  |runPeArray                                                  |        0|   8|  4603|  29570|    0|
    |grp_runQueryBlock_0_Pipeline_5_fu_442                                  |runQueryBlock_0_Pipeline_5                                  |        0|   0|     9|     56|    0|
    |grp_runQueryBlock_0_Pipeline_6_fu_450                                  |runQueryBlock_0_Pipeline_6                                  |        0|   0|     9|     56|    0|
    |grp_runQueryBlock_0_Pipeline_7_fu_458                                  |runQueryBlock_0_Pipeline_7                                  |        0|   0|     6|     51|    0|
    |grp_runQueryBlock_0_Pipeline_VITIS_LOOP_109_1_VITIS_LOOP_110_2_fu_476  |runQueryBlock_0_Pipeline_VITIS_LOOP_109_1_VITIS_LOOP_110_2  |        0|   0|   569|    404|    0|
    |grp_runQueryBlock_0_Pipeline_VITIS_LOOP_135_5_VITIS_LOOP_136_6_fu_462  |runQueryBlock_0_Pipeline_VITIS_LOOP_135_5_VITIS_LOOP_136_6  |        0|   0|    18|    139|    0|
    |grp_runQueryBlock_0_Pipeline_VITIS_LOOP_162_1_fu_692                   |runQueryBlock_0_Pipeline_VITIS_LOOP_162_1                   |        0|   0|   338|    463|    0|
    |grp_runQueryBlock_0_Pipeline_VITIS_LOOP_177_10_fu_503                  |runQueryBlock_0_Pipeline_VITIS_LOOP_177_10                  |        0|   0|    39|    325|    0|
    |grp_runQueryBlock_0_Pipeline_VITIS_LOOP_177_102_fu_517                 |runQueryBlock_0_Pipeline_VITIS_LOOP_177_102                 |        0|   0|    39|    325|    0|
    |grp_runQueryBlock_0_Pipeline_VITIS_LOOP_229_13_fu_531                  |runQueryBlock_0_Pipeline_VITIS_LOOP_229_13                  |        0|   0|   631|    546|    0|
    |grp_runQueryBlock_0_Pipeline_VITIS_LOOP_287_23_fu_636                  |runQueryBlock_0_Pipeline_VITIS_LOOP_287_23                  |        0|   0|   529|    624|    0|
    |grp_runQueryBlock_0_Pipeline_VITIS_LOOP_356_31_fu_706                  |runQueryBlock_0_Pipeline_VITIS_LOOP_356_31                  |        0|   0|  1802|   2519|    0|
    |sparsemux_9_3_32_1_1_U503                                              |sparsemux_9_3_32_1_1                                        |        0|   0|     0|     14|    0|
    |sparsemux_9_3_32_1_1_U504                                              |sparsemux_9_3_32_1_1                                        |        0|   0|     0|     14|    0|
    |sptohp_32ns_16_1_no_dsp_1_U495                                         |sptohp_32ns_16_1_no_dsp_1                                   |        0|   0|     0|      0|    0|
    |sptohp_32ns_16_1_no_dsp_1_U496                                         |sptohp_32ns_16_1_no_dsp_1                                   |        0|   0|     0|      0|    0|
    |sptohp_32ns_16_1_no_dsp_1_U497                                         |sptohp_32ns_16_1_no_dsp_1                                   |        0|   0|     0|      0|    0|
    |sptohp_32ns_16_1_no_dsp_1_U498                                         |sptohp_32ns_16_1_no_dsp_1                                   |        0|   0|     0|      0|    0|
    |sptohp_32ns_16_1_no_dsp_1_U499                                         |sptohp_32ns_16_1_no_dsp_1                                   |        0|   0|     0|      0|    0|
    |sptohp_32ns_16_1_no_dsp_1_U500                                         |sptohp_32ns_16_1_no_dsp_1                                   |        0|   0|     0|      0|    0|
    |sptohp_32ns_16_1_no_dsp_1_U501                                         |sptohp_32ns_16_1_no_dsp_1                                   |        0|   0|     0|      0|    0|
    |sptohp_32ns_16_1_no_dsp_1_U502                                         |sptohp_32ns_16_1_no_dsp_1                                   |        0|   0|     0|      0|    0|
    +-----------------------------------------------------------------------+------------------------------------------------------------+---------+----+------+-------+-----+
    |Total                                                                  |                                                            |        0|  16|  9300|  36010|    0|
    +-----------------------------------------------------------------------+------------------------------------------------------------+---------+----+------+-------+-----+

    * DSP: 
    N/A

    * Memory: 
    +------------+-----------------------------------------------------------------+---------+----+----+-----+------+-----+------+-------------+
    |   Memory   |                              Module                             | BRAM_18K| FF | LUT| URAM| Words| Bits| Banks| W*Bits*Banks|
    +------------+-----------------------------------------------------------------+---------+----+----+-----+------+-----+------+-------------+
    |v_tile_3_U  |runQueryBlock_0_Outline_VITIS_LOOP_111_4_v_tile_3_RAM_AUTO_1R1W  |        0|  16|  17|    0|    16|   16|     1|          256|
    |v_tile_2_U  |runQueryBlock_0_Outline_VITIS_LOOP_111_4_v_tile_3_RAM_AUTO_1R1W  |        0|  16|  17|    0|    16|   16|     1|          256|
    |v_tile_1_U  |runQueryBlock_0_Outline_VITIS_LOOP_111_4_v_tile_3_RAM_AUTO_1R1W  |        0|  16|  17|    0|    16|   16|     1|          256|
    |v_tile_U    |runQueryBlock_0_Outline_VITIS_LOOP_111_4_v_tile_3_RAM_AUTO_1R1W  |        0|  16|  17|    0|    16|   16|     1|          256|
    |k_tile_3_U  |runQueryBlock_0_Outline_VITIS_LOOP_111_4_v_tile_3_RAM_AUTO_1R1W  |        0|  16|  17|    0|    16|   16|     1|          256|
    |k_tile_2_U  |runQueryBlock_0_Outline_VITIS_LOOP_111_4_v_tile_3_RAM_AUTO_1R1W  |        0|  16|  17|    0|    16|   16|     1|          256|
    |k_tile_1_U  |runQueryBlock_0_Outline_VITIS_LOOP_111_4_v_tile_3_RAM_AUTO_1R1W  |        0|  16|  17|    0|    16|   16|     1|          256|
    |k_tile_U    |runQueryBlock_0_Outline_VITIS_LOOP_111_4_v_tile_3_RAM_AUTO_1R1W  |        0|  16|  17|    0|    16|   16|     1|          256|
    +------------+-----------------------------------------------------------------+---------+----+----+-----+------+-----+------+-------------+
    |Total       |                                                                 |        0| 128| 136|    0|   128|  128|     8|         2048|
    +------------+-----------------------------------------------------------------+---------+----+----+-----+------+-----+------+-------------+

    * FIFO: 
    N/A

    * Expression: 
    +---------------------------------+----------+----+---+----+------------+------------+
    |          Variable Name          | Operation| DSP| FF| LUT| Bitwidth P0| Bitwidth P1|
    +---------------------------------+----------+----+---+----+------------+------------+
    |key_tile_4_fu_833_p2             |         +|   0|  0|  39|          32|           1|
    |remaining_keys_fu_849_p2         |         -|   0|  0|  39|          32|          32|
    |and_ln154_fu_1131_p2             |       and|   0|  0|   2|           1|           1|
    |and_ln188_2_fu_1373_p2           |       and|   0|  0|   2|           1|           1|
    |and_ln188_fu_1223_p2             |       and|   0|  0|   2|           1|           1|
    |and_ln314_7_fu_1327_p2           |       and|   0|  0|   2|           1|           1|
    |and_ln314_8_fu_1471_p2           |       and|   0|  0|   2|           1|           1|
    |and_ln314_9_fu_1477_p2           |       and|   0|  0|   2|           1|           1|
    |and_ln314_fu_1321_p2             |       and|   0|  0|   2|           1|           1|
    |and_ln48_2_fu_1453_p2            |       and|   0|  0|   2|           1|           1|
    |and_ln48_fu_1303_p2              |       and|   0|  0|   2|           1|           1|
    |not_or_ln154_10_fu_1009_p2       |       and|   0|  0|   2|           1|           1|
    |not_or_ln154_11_fu_1050_p2       |       and|   0|  0|   2|           1|           1|
    |not_or_ln154_12_fu_1077_p2       |       and|   0|  0|   2|           1|           1|
    |not_or_ln154_13_fu_1120_p2       |       and|   0|  0|   2|           1|           1|
    |not_or_ln154_8_fu_931_p2         |       and|   0|  0|   2|           1|           1|
    |not_or_ln154_9_fu_982_p2         |       and|   0|  0|   2|           1|           1|
    |not_or_ln154_fu_904_p2           |       and|   0|  0|   2|           1|           1|
    |score_valid_10_fu_1014_p2        |       and|   0|  0|   2|           1|           1|
    |score_valid_11_fu_1055_p2        |       and|   0|  0|   2|           1|           1|
    |score_valid_12_fu_1082_p2        |       and|   0|  0|   2|           1|           1|
    |score_valid_13_fu_1125_p2        |       and|   0|  0|   2|           1|           1|
    |score_valid_14_fu_1152_p2        |       and|   0|  0|   2|           1|           1|
    |score_valid_8_fu_936_p2          |       and|   0|  0|   2|           1|           1|
    |score_valid_9_fu_987_p2          |       and|   0|  0|   2|           1|           1|
    |score_valid_fu_909_p2            |       and|   0|  0|   2|           1|           1|
    |cmp116_fu_794_p2                 |      icmp|   0|  0|   9|           2|           1|
    |cmp117_2_fu_1028_p2              |      icmp|   0|  0|  10|           3|           2|
    |cmp117_fu_882_p2                 |      icmp|   0|  0|  10|           3|           1|
    |icmp344_fu_960_p2                |      icmp|   0|  0|   9|           2|           1|
    |icmp_ln111_fu_828_p2             |      icmp|   0|  0|  39|          32|          32|
    |icmp_ln116_fu_868_p2             |      icmp|   0|  0|  37|          30|           1|
    |icmp_ln156_10_fu_993_p2          |      icmp|   0|  0|  39|          32|          32|
    |icmp_ln156_11_fu_1034_p2         |      icmp|   0|  0|  39|          32|          32|
    |icmp_ln156_12_fu_1061_p2         |      icmp|   0|  0|  39|          32|          32|
    |icmp_ln156_13_fu_1104_p2         |      icmp|   0|  0|  39|          32|          32|
    |icmp_ln156_14_fu_1136_p2         |      icmp|   0|  0|  39|          32|          32|
    |icmp_ln156_8_fu_915_p2           |      icmp|   0|  0|  39|          32|          32|
    |icmp_ln156_9_fu_966_p2           |      icmp|   0|  0|  39|          32|          32|
    |icmp_ln156_fu_888_p2             |      icmp|   0|  0|  39|          32|          32|
    |icmp_ln52_2_fu_1425_p2           |      icmp|   0|  0|  39|          32|          32|
    |icmp_ln52_fu_1275_p2             |      icmp|   0|  0|  39|          32|          32|
    |icmp_ln54_2_fu_1439_p2           |      icmp|   0|  0|  39|          32|          32|
    |icmp_ln54_fu_1289_p2             |      icmp|   0|  0|  39|          32|          32|
    |ap_block_state3_on_subcall_done  |        or|   0|  0|   2|           1|           1|
    |ap_block_state9_on_subcall_done  |        or|   0|  0|   2|           1|           1|
    |or_ln156_10_fu_1004_p2           |        or|   0|  0|   2|           1|           1|
    |or_ln156_11_fu_1045_p2           |        or|   0|  0|   2|           1|           1|
    |or_ln156_12_fu_1072_p2           |        or|   0|  0|   2|           1|           1|
    |or_ln156_13_fu_1115_p2           |        or|   0|  0|   2|           1|           1|
    |or_ln156_14_fu_1147_p2           |        or|   0|  0|   2|           1|           1|
    |or_ln156_8_fu_926_p2             |        or|   0|  0|   2|           1|           1|
    |or_ln156_9_fu_977_p2             |        or|   0|  0|   2|           1|           1|
    |or_ln156_fu_899_p2               |        or|   0|  0|   2|           1|           1|
    |or_ln321_10_fu_2000_p2           |        or|   0|  0|   2|           1|           1|
    |or_ln321_11_fu_2019_p2           |        or|   0|  0|   2|           1|           1|
    |or_ln321_12_fu_2038_p2           |        or|   0|  0|   2|           1|           1|
    |or_ln321_13_fu_2057_p2           |        or|   0|  0|   2|           1|           1|
    |or_ln321_14_fu_2076_p2           |        or|   0|  0|   2|           1|           1|
    |or_ln321_8_fu_1962_p2            |        or|   0|  0|   2|           1|           1|
    |or_ln321_9_fu_1981_p2            |        or|   0|  0|   2|           1|           1|
    |or_ln321_fu_1943_p2              |        or|   0|  0|   2|           1|           1|
    |or_ln426_2_fu_1531_p2            |        or|   0|  0|   2|           1|           1|
    |or_ln426_fu_1517_p2              |        or|   0|  0|   2|           1|           1|
    |acc_a_5_fu_2104_p3               |    select|   0|  0|  32|           1|          32|
    |acc_a_6_fu_2120_p3               |    select|   0|  0|  32|           1|          32|
    |acc_b_6_fu_1562_p3               |    select|   0|  0|  32|           1|          32|
    |acc_b_fu_1555_p3                 |    select|   0|  0|  32|           1|          32|
    |active_keys_fu_874_p3            |    select|   0|  0|   4|           1|           3|
    |in_b_assign_fu_1493_p2           |    select|   0|  0|  32|           1|          32|
    |in_b_assign_fu_1493_p4           |    select|   0|  0|  32|           1|          32|
    |in_b_assign_fu_1493_p6           |    select|   0|  0|  32|           1|          32|
    |in_b_assign_fu_1493_p8           |    select|   0|  0|  32|           1|          32|
    |operand_c_40_fu_1608_p3          |    select|   0|  0|  32|           1|          32|
    |operand_c_41_fu_1615_p3          |    select|   0|  0|  32|           1|          32|
    |operand_c_42_fu_1622_p3          |    select|   0|  0|  32|           1|          32|
    |operand_c_43_fu_1629_p3          |    select|   0|  0|  32|           1|          32|
    |operand_c_44_fu_1636_p3          |    select|   0|  0|  32|           1|          32|
    |operand_c_45_fu_1643_p3          |    select|   0|  0|  32|           1|          32|
    |operand_c_46_fu_1650_p3          |    select|   0|  0|  32|           1|          32|
    |operand_c_fu_1601_p3             |    select|   0|  0|  32|           1|          32|
    |pe_reg_26_fu_1696_p3             |    select|   0|  0|  16|           1|          16|
    |pe_reg_27_fu_1703_p3             |    select|   0|  0|  16|           1|          16|
    |pe_reg_28_fu_1710_p3             |    select|   0|  0|  16|           1|          16|
    |pe_reg_29_fu_1717_p3             |    select|   0|  0|  16|           1|          16|
    |pe_reg_30_fu_1724_p3             |    select|   0|  0|  16|           1|          16|
    |pe_reg_31_fu_1731_p3             |    select|   0|  0|  16|           1|          16|
    |pe_reg_32_fu_1738_p3             |    select|   0|  0|  16|           1|          16|
    |pe_reg_33_fu_1777_p3             |    select|   0|  0|  16|           1|          16|
    |pe_reg_34_fu_1784_p3             |    select|   0|  0|  16|           1|          16|
    |pe_reg_35_fu_1791_p3             |    select|   0|  0|  16|           1|          16|
    |pe_reg_36_fu_1798_p3             |    select|   0|  0|  16|           1|          16|
    |pe_reg_37_fu_1805_p3             |    select|   0|  0|  16|           1|          16|
    |pe_reg_38_fu_1812_p3             |    select|   0|  0|  16|           1|          16|
    |pe_reg_39_fu_1819_p3             |    select|   0|  0|  16|           1|          16|
    |pe_reg_40_fu_1826_p3             |    select|   0|  0|  16|           1|          16|
    |pe_reg_41_fu_1948_p3             |    select|   0|  0|  16|           1|           1|
    |pe_reg_42_fu_1967_p3             |    select|   0|  0|  16|           1|           1|
    |pe_reg_43_fu_1986_p3             |    select|   0|  0|  16|           1|           1|
    |pe_reg_44_fu_2005_p3             |    select|   0|  0|  16|           1|           1|
    |pe_reg_45_fu_2024_p3             |    select|   0|  0|  16|           1|           1|
    |pe_reg_46_fu_2043_p3             |    select|   0|  0|  16|           1|           1|
    |pe_reg_47_fu_2062_p3             |    select|   0|  0|  16|           1|           1|
    |pe_reg_48_fu_2081_p3             |    select|   0|  0|  16|           1|           1|
    |pe_reg_fu_1689_p3                |    select|   0|  0|  16|           1|          16|
    |select_ln223_2_fu_2113_p3        |    select|   0|  0|  32|           1|          32|
    |select_ln223_fu_2097_p3          |    select|   0|  0|  32|           1|          32|
    |select_ln426_2_fu_1537_p3        |    select|   0|  0|  32|           1|          32|
    |select_ln426_fu_1523_p3          |    select|   0|  0|  32|           1|          32|
    |tmp_s_fu_1343_p2                 |    select|   0|  0|  32|           1|          32|
    |tmp_s_fu_1343_p4                 |    select|   0|  0|  32|           1|          32|
    |tmp_s_fu_1343_p6                 |    select|   0|  0|  32|           1|          32|
    |tmp_s_fu_1343_p8                 |    select|   0|  0|  32|           1|          32|
    |p_not348_fu_1833_p2              |       xor|   0|  0|   2|           1|           2|
    |p_not351_fu_1839_p2              |       xor|   0|  0|   2|           1|           2|
    |p_not354_fu_1845_p2              |       xor|   0|  0|   2|           1|           2|
    |p_not357_fu_1851_p2              |       xor|   0|  0|   2|           1|           2|
    |p_not360_fu_1857_p2              |       xor|   0|  0|   2|           1|           2|
    |p_not363_fu_1863_p2              |       xor|   0|  0|   2|           1|           2|
    |p_not366_fu_1869_p2              |       xor|   0|  0|   2|           1|           2|
    |p_not369_fu_1875_p2              |       xor|   0|  0|   2|           1|           2|
    |xor_ln156_10_fu_920_p2           |       xor|   0|  0|   2|           1|           2|
    |xor_ln156_11_fu_971_p2           |       xor|   0|  0|   2|           1|           2|
    |xor_ln156_12_fu_998_p2           |       xor|   0|  0|   2|           1|           2|
    |xor_ln156_13_fu_1039_p2          |       xor|   0|  0|   2|           1|           2|
    |xor_ln156_14_fu_1066_p2          |       xor|   0|  0|   2|           1|           2|
    |xor_ln156_15_fu_1109_p2          |       xor|   0|  0|   2|           1|           2|
    |xor_ln156_16_fu_1141_p2          |       xor|   0|  0|   2|           1|           2|
    |xor_ln156_9_fu_893_p2            |       xor|   0|  0|   2|           1|           2|
    |xor_ln188_2_fu_1459_p2           |       xor|   0|  0|   2|           2|           1|
    |xor_ln188_fu_1309_p2             |       xor|   0|  0|   2|           2|           1|
    |xor_ln321_10_fu_1994_p2          |       xor|   0|  0|   2|           1|           2|
    |xor_ln321_11_fu_2013_p2          |       xor|   0|  0|   2|           1|           2|
    |xor_ln321_12_fu_2032_p2          |       xor|   0|  0|   2|           1|           2|
    |xor_ln321_13_fu_2051_p2          |       xor|   0|  0|   2|           1|           2|
    |xor_ln321_14_fu_2070_p2          |       xor|   0|  0|   2|           1|           2|
    |xor_ln321_8_fu_1956_p2           |       xor|   0|  0|   2|           1|           2|
    |xor_ln321_9_fu_1975_p2           |       xor|   0|  0|   2|           1|           2|
    |xor_ln321_fu_1937_p2             |       xor|   0|  0|   2|           1|           2|
    |xor_ln48_5_fu_1411_p2            |       xor|   0|  0|   2|           1|           1|
    |xor_ln48_6_fu_1315_p2            |       xor|   0|  0|   2|           1|           2|
    |xor_ln48_7_fu_1465_p2            |       xor|   0|  0|   2|           1|           2|
    |xor_ln48_fu_1261_p2              |       xor|   0|  0|   2|           1|           1|
    +---------------------------------+----------+----+---+----+------------+------------+
    |Total                            |          |   0|  0|1964|         645|        1590|
    +---------------------------------+----------+----+---+----+------------+------------+

    * Multiplexer: 
    +----------------------------------------------+-----+-----------+-----+-----------+
    |                     Name                     | LUT | Input Size| Bits| Total Bits|
    +----------------------------------------------+-----+-----------+-----+-----------+
    |ap_NS_fsm                                     |  169|         38|    1|         38|
    |dc_12_fu_158                                  |    9|          2|   32|         64|
    |dc_fu_154                                     |    9|          2|   32|         64|
    |empty_181_reg_418                             |    9|          2|    1|          2|
    |empty_182_reg_430                             |    9|          2|    1|          2|
    |grp_runAccumulatorColumns_fu_561_ap_ce        |   14|          3|    1|          3|
    |grp_runAccumulatorColumns_fu_561_ap_start     |    9|          2|    1|          2|
    |grp_runAccumulatorColumns_fu_561_exp2_mode    |   20|          4|    1|          4|
    |grp_runAccumulatorColumns_fu_561_in_a_read    |   26|          5|   32|        160|
    |grp_runAccumulatorColumns_fu_561_in_a_read_2  |   26|          5|   32|        160|
    |grp_runAccumulatorColumns_fu_561_in_b_read    |   20|          4|   32|        128|
    |grp_runAccumulatorColumns_fu_561_in_b_read_2  |   20|          4|   32|        128|
    |grp_runAccumulatorColumns_fu_561_in_c_read    |   20|          4|   32|        128|
    |grp_runAccumulatorColumns_fu_561_in_c_read_2  |   20|          4|   32|        128|
    |grp_runPeArray_fu_582_ap_ce                   |   26|          5|    1|          5|
    |grp_runPeArray_fu_582_ap_start                |   26|          5|    1|          5|
    |grp_runPeArray_fu_582_exp2_mode               |   31|          6|    1|          6|
    |grp_runPeArray_fu_582_operand_b_read          |   37|          7|   16|        112|
    |grp_runPeArray_fu_582_operand_b_read_10       |   37|          7|   16|        112|
    |grp_runPeArray_fu_582_operand_b_read_11       |   37|          7|   16|        112|
    |grp_runPeArray_fu_582_operand_b_read_12       |   37|          7|   16|        112|
    |grp_runPeArray_fu_582_operand_b_read_13       |   37|          7|   16|        112|
    |grp_runPeArray_fu_582_operand_b_read_14       |   37|          7|   16|        112|
    |grp_runPeArray_fu_582_operand_b_read_8        |   37|          7|   16|        112|
    |grp_runPeArray_fu_582_operand_b_read_9        |   37|          7|   16|        112|
    |grp_runPeArray_fu_582_operand_c_read          |   37|          7|   32|        224|
    |grp_runPeArray_fu_582_operand_c_read_10       |   37|          7|   32|        224|
    |grp_runPeArray_fu_582_operand_c_read_11       |   37|          7|   32|        224|
    |grp_runPeArray_fu_582_operand_c_read_12       |   37|          7|   32|        224|
    |grp_runPeArray_fu_582_operand_c_read_13       |   37|          7|   32|        224|
    |grp_runPeArray_fu_582_operand_c_read_14       |   37|          7|   32|        224|
    |grp_runPeArray_fu_582_operand_c_read_8        |   37|          7|   32|        224|
    |grp_runPeArray_fu_582_operand_c_read_9        |   37|          7|   32|        224|
    |grp_runPeArray_fu_582_pe_reg_read             |   37|          7|   16|        112|
    |grp_runPeArray_fu_582_pe_reg_read_10          |   37|          7|   16|        112|
    |grp_runPeArray_fu_582_pe_reg_read_11          |   37|          7|   16|        112|
    |grp_runPeArray_fu_582_pe_reg_read_12          |   37|          7|   16|        112|
    |grp_runPeArray_fu_582_pe_reg_read_13          |   37|          7|   16|        112|
    |grp_runPeArray_fu_582_pe_reg_read_14          |   37|          7|   16|        112|
    |grp_runPeArray_fu_582_pe_reg_read_8           |   37|          7|   16|        112|
    |grp_runPeArray_fu_582_pe_reg_read_9           |   37|          7|   16|        112|
    |k_tile_1_address0                             |   20|          4|    4|         16|
    |k_tile_1_ce0                                  |   20|          4|    1|          4|
    |k_tile_1_d0                                   |   14|          3|   16|         48|
    |k_tile_1_we0                                  |   14|          3|    1|          3|
    |k_tile_2_address0                             |   20|          4|    4|         16|
    |k_tile_2_ce0                                  |   20|          4|    1|          4|
    |k_tile_2_d0                                   |   14|          3|   16|         48|
    |k_tile_2_we0                                  |   14|          3|    1|          3|
    |k_tile_3_address0                             |   20|          4|    4|         16|
    |k_tile_3_ce0                                  |   20|          4|    1|          4|
    |k_tile_3_d0                                   |   14|          3|   16|         48|
    |k_tile_3_we0                                  |   14|          3|    1|          3|
    |k_tile_address0                               |   20|          4|    4|         16|
    |k_tile_ce0                                    |   20|          4|    1|          4|
    |k_tile_d0                                     |   14|          3|   16|         48|
    |k_tile_we0                                    |   14|          3|    1|          3|
    |key_tile_fu_150                               |    9|          2|   32|         64|
    |running_sum_0_fu_166                          |    9|          2|   32|         64|
    |running_sum_1_0_fu_162                        |    9|          2|   32|         64|
    |v_tile_1_address0                             |   20|          4|    4|         16|
    |v_tile_1_ce0                                  |   20|          4|    1|          4|
    |v_tile_1_d0                                   |   14|          3|   16|         48|
    |v_tile_1_we0                                  |   14|          3|    1|          3|
    |v_tile_2_address0                             |   20|          4|    4|         16|
    |v_tile_2_ce0                                  |   20|          4|    1|          4|
    |v_tile_2_d0                                   |   14|          3|   16|         48|
    |v_tile_2_we0                                  |   14|          3|    1|          3|
    |v_tile_3_address0                             |   20|          4|    4|         16|
    |v_tile_3_ce0                                  |   20|          4|    1|          4|
    |v_tile_3_d0                                   |   14|          3|   16|         48|
    |v_tile_3_we0                                  |   14|          3|    1|          3|
    |v_tile_address0                               |   20|          4|    4|         16|
    |v_tile_ce0                                    |   20|          4|    1|          4|
    |v_tile_d0                                     |   14|          3|   16|         48|
    |v_tile_we0                                    |   14|          3|    1|          3|
    +----------------------------------------------+-----+-----------+-----+-----------+
    |Total                                         | 1922|        383| 1049|       5371|
    +----------------------------------------------+-----+-----------+-----+-----------+

    * Register: 
    +------------------------------------------------------------------------------------+----+----+-----+-----------+
    |                                        Name                                        | FF | LUT| Bits| Const Bits|
    +------------------------------------------------------------------------------------+----+----+-----+-----------+
    |acc_a_5_reg_2910                                                                    |  32|   0|   32|          0|
    |acc_a_6_reg_2916                                                                    |  32|   0|   32|          0|
    |acc_b_6_reg_2673                                                                    |  32|   0|   32|          0|
    |acc_b_reg_2668                                                                      |  32|   0|   32|          0|
    |active_keys_reg_2485                                                                |   3|   0|    3|          0|
    |and_ln188_2_reg_2647                                                                |   1|   0|    1|          0|
    |and_ln188_reg_2632                                                                  |   1|   0|    1|          0|
    |ap_CS_fsm                                                                           |  37|   0|   37|          0|
    |cmp116_reg_2474                                                                     |   1|   0|    1|          0|
    |conv2_reg_2822                                                                      |  16|   0|   16|          0|
    |conv532_1_1_reg_2837                                                                |  16|   0|   16|          0|
    |conv532_1_reg_2832                                                                  |  16|   0|   16|          0|
    |conv532_2_1_reg_2847                                                                |  16|   0|   16|          0|
    |conv532_2_reg_2842                                                                  |  16|   0|   16|          0|
    |conv532_3_1_reg_2857                                                                |  16|   0|   16|          0|
    |conv532_3_reg_2852                                                                  |  16|   0|   16|          0|
    |conv532_s_reg_2827                                                                  |  16|   0|   16|          0|
    |dc_12_fu_158                                                                        |  32|   0|   32|          0|
    |dc_12_load_reg_2623                                                                 |  32|   0|   32|          0|
    |dc_fu_154                                                                           |  32|   0|   32|          0|
    |dc_load_reg_2618                                                                    |  32|   0|   32|          0|
    |empty_181_reg_418                                                                   |   1|   0|    1|          0|
    |empty_182_reg_430                                                                   |   1|   0|    1|          0|
    |grp_runAccumulatorColumns_fu_561_ap_start_reg                                       |   1|   0|    1|          0|
    |grp_runPeArray_fu_582_ap_start_reg                                                  |   1|   0|    1|          0|
    |grp_runQueryBlock_0_Pipeline_5_fu_442_ap_start_reg                                  |   1|   0|    1|          0|
    |grp_runQueryBlock_0_Pipeline_6_fu_450_ap_start_reg                                  |   1|   0|    1|          0|
    |grp_runQueryBlock_0_Pipeline_7_fu_458_ap_start_reg                                  |   1|   0|    1|          0|
    |grp_runQueryBlock_0_Pipeline_VITIS_LOOP_109_1_VITIS_LOOP_110_2_fu_476_ap_start_reg  |   1|   0|    1|          0|
    |grp_runQueryBlock_0_Pipeline_VITIS_LOOP_135_5_VITIS_LOOP_136_6_fu_462_ap_start_reg  |   1|   0|    1|          0|
    |grp_runQueryBlock_0_Pipeline_VITIS_LOOP_162_1_fu_692_ap_start_reg                   |   1|   0|    1|          0|
    |grp_runQueryBlock_0_Pipeline_VITIS_LOOP_177_102_fu_517_ap_start_reg                 |   1|   0|    1|          0|
    |grp_runQueryBlock_0_Pipeline_VITIS_LOOP_177_10_fu_503_ap_start_reg                  |   1|   0|    1|          0|
    |grp_runQueryBlock_0_Pipeline_VITIS_LOOP_229_13_fu_531_ap_start_reg                  |   1|   0|    1|          0|
    |grp_runQueryBlock_0_Pipeline_VITIS_LOOP_287_23_fu_636_ap_start_reg                  |   1|   0|    1|          0|
    |grp_runQueryBlock_0_Pipeline_VITIS_LOOP_356_31_fu_706_ap_start_reg                  |   1|   0|    1|          0|
    |in_b_assign_reg_2652                                                                |  32|   0|   32|          0|
    |key_tile_fu_150                                                                     |  32|   0|   32|          0|
    |or_ln426_2_reg_2663                                                                 |   1|   0|    1|          0|
    |or_ln426_reg_2658                                                                   |   1|   0|    1|          0|
    |p_not348_reg_2774                                                                   |   1|   0|    1|          0|
    |p_not351_reg_2780                                                                   |   1|   0|    1|          0|
    |p_not354_reg_2786                                                                   |   1|   0|    1|          0|
    |p_not357_reg_2792                                                                   |   1|   0|    1|          0|
    |p_not360_reg_2798                                                                   |   1|   0|    1|          0|
    |p_not363_reg_2804                                                                   |   1|   0|    1|          0|
    |p_not366_reg_2810                                                                   |   1|   0|    1|          0|
    |p_not369_reg_2816                                                                   |   1|   0|    1|          0|
    |pe_reg_26_reg_2699                                                                  |  16|   0|   16|          0|
    |pe_reg_27_reg_2704                                                                  |  16|   0|   16|          0|
    |pe_reg_28_reg_2709                                                                  |  16|   0|   16|          0|
    |pe_reg_29_reg_2714                                                                  |  16|   0|   16|          0|
    |pe_reg_30_reg_2719                                                                  |  16|   0|   16|          0|
    |pe_reg_31_reg_2724                                                                  |  16|   0|   16|          0|
    |pe_reg_32_reg_2729                                                                  |  16|   0|   16|          0|
    |pe_reg_33_reg_2734                                                                  |  16|   0|   16|          0|
    |pe_reg_34_reg_2739                                                                  |  16|   0|   16|          0|
    |pe_reg_35_reg_2744                                                                  |  16|   0|   16|          0|
    |pe_reg_36_reg_2749                                                                  |  16|   0|   16|          0|
    |pe_reg_37_reg_2754                                                                  |  16|   0|   16|          0|
    |pe_reg_38_reg_2759                                                                  |  16|   0|   16|          0|
    |pe_reg_39_reg_2764                                                                  |  16|   0|   16|          0|
    |pe_reg_40_reg_2769                                                                  |  16|   0|   16|          0|
    |pe_reg_41_reg_2862                                                                  |  16|   0|   16|          0|
    |pe_reg_42_reg_2868                                                                  |  16|   0|   16|          0|
    |pe_reg_43_reg_2874                                                                  |  16|   0|   16|          0|
    |pe_reg_44_reg_2880                                                                  |  16|   0|   16|          0|
    |pe_reg_45_reg_2886                                                                  |  16|   0|   16|          0|
    |pe_reg_46_reg_2892                                                                  |  16|   0|   16|          0|
    |pe_reg_47_reg_2898                                                                  |  16|   0|   16|          0|
    |pe_reg_48_reg_2904                                                                  |  16|   0|   16|          0|
    |pe_reg_reg_2694                                                                     |  16|   0|   16|          0|
    |running_sum_0_fu_166                                                                |  32|   0|   32|          0|
    |running_sum_1_0_fu_162                                                              |  32|   0|   32|          0|
    |score_valid_10_reg_2528                                                             |   1|   0|    1|          0|
    |score_valid_11_reg_2539                                                             |   1|   0|    1|          0|
    |score_valid_12_reg_2550                                                             |   1|   0|    1|          0|
    |score_valid_13_reg_2566                                                             |   1|   0|    1|          0|
    |score_valid_14_reg_2577                                                             |   1|   0|    1|          0|
    |score_valid_8_reg_2501                                                              |   1|   0|    1|          0|
    |score_valid_9_reg_2517                                                              |   1|   0|    1|          0|
    |score_valid_reg_2490                                                                |   1|   0|    1|          0|
    |sub_i5_reg_2678                                                                     |  32|   0|   32|          0|
    |sub_i6_reg_2686                                                                     |  32|   0|   32|          0|
    |tmp_36_reg_2512                                                                     |   2|   0|    2|          0|
    |tmp_37_reg_2561                                                                     |   1|   0|    1|          0|
    |tmp_s_reg_2637                                                                      |  32|   0|   32|          0|
    +------------------------------------------------------------------------------------+----+----+-----+-----------+
    |Total                                                                               |1071|   0| 1071|          0|
    +------------------------------------------------------------------------------------+----+----+-----+-----------+



================================================================
== Interface
================================================================
* Summary: 
+--------------------------------------------+-----+-----+------------+-------------------------------------------+--------------+
|                  RTL Ports                 | Dir | Bits|  Protocol  |               Source Object               |    C Type    |
+--------------------------------------------+-----+-----+------------+-------------------------------------------+--------------+
|ap_clk                                      |   in|    1|  ap_ctrl_hs|  runQueryBlock<0>_Outline_VITIS_LOOP_111_4|  return value|
|ap_rst                                      |   in|    1|  ap_ctrl_hs|  runQueryBlock<0>_Outline_VITIS_LOOP_111_4|  return value|
|ap_start                                    |   in|    1|  ap_ctrl_hs|  runQueryBlock<0>_Outline_VITIS_LOOP_111_4|  return value|
|ap_done                                     |  out|    1|  ap_ctrl_hs|  runQueryBlock<0>_Outline_VITIS_LOOP_111_4|  return value|
|ap_idle                                     |  out|    1|  ap_ctrl_hs|  runQueryBlock<0>_Outline_VITIS_LOOP_111_4|  return value|
|ap_ready                                    |  out|    1|  ap_ctrl_hs|  runQueryBlock<0>_Outline_VITIS_LOOP_111_4|  return value|
|grp_runAccumulatorColumns_fu_504_p_din1     |  out|    1|  ap_ctrl_hs|  runQueryBlock<0>_Outline_VITIS_LOOP_111_4|  return value|
|grp_runAccumulatorColumns_fu_504_p_din2     |  out|   32|  ap_ctrl_hs|  runQueryBlock<0>_Outline_VITIS_LOOP_111_4|  return value|
|grp_runAccumulatorColumns_fu_504_p_din3     |  out|   32|  ap_ctrl_hs|  runQueryBlock<0>_Outline_VITIS_LOOP_111_4|  return value|
|grp_runAccumulatorColumns_fu_504_p_din4     |  out|   32|  ap_ctrl_hs|  runQueryBlock<0>_Outline_VITIS_LOOP_111_4|  return value|
|grp_runAccumulatorColumns_fu_504_p_din5     |  out|   32|  ap_ctrl_hs|  runQueryBlock<0>_Outline_VITIS_LOOP_111_4|  return value|
|grp_runAccumulatorColumns_fu_504_p_din6     |  out|   32|  ap_ctrl_hs|  runQueryBlock<0>_Outline_VITIS_LOOP_111_4|  return value|
|grp_runAccumulatorColumns_fu_504_p_din7     |  out|   32|  ap_ctrl_hs|  runQueryBlock<0>_Outline_VITIS_LOOP_111_4|  return value|
|grp_runAccumulatorColumns_fu_504_p_dout0_0  |   in|   32|  ap_ctrl_hs|  runQueryBlock<0>_Outline_VITIS_LOOP_111_4|  return value|
|grp_runAccumulatorColumns_fu_504_p_dout0_1  |   in|   32|  ap_ctrl_hs|  runQueryBlock<0>_Outline_VITIS_LOOP_111_4|  return value|
|grp_runAccumulatorColumns_fu_504_p_ce       |  out|    1|  ap_ctrl_hs|  runQueryBlock<0>_Outline_VITIS_LOOP_111_4|  return value|
|grp_runAccumulatorColumns_fu_504_p_start    |  out|    1|  ap_ctrl_hs|  runQueryBlock<0>_Outline_VITIS_LOOP_111_4|  return value|
|grp_runAccumulatorColumns_fu_504_p_ready    |   in|    1|  ap_ctrl_hs|  runQueryBlock<0>_Outline_VITIS_LOOP_111_4|  return value|
|grp_runAccumulatorColumns_fu_504_p_done     |   in|    1|  ap_ctrl_hs|  runQueryBlock<0>_Outline_VITIS_LOOP_111_4|  return value|
|grp_runAccumulatorColumns_fu_504_p_idle     |   in|    1|  ap_ctrl_hs|  runQueryBlock<0>_Outline_VITIS_LOOP_111_4|  return value|
|header_key_tiles                            |   in|   32|     ap_none|                           header_key_tiles|        scalar|
|q_tile_address0                             |  out|    4|   ap_memory|                                     q_tile|         array|
|q_tile_ce0                                  |  out|    1|   ap_memory|                                     q_tile|         array|
|q_tile_q0                                   |   in|   16|   ap_memory|                                     q_tile|         array|
|q_tile_1_address0                           |  out|    4|   ap_memory|                                   q_tile_1|         array|
|q_tile_1_ce0                                |  out|    1|   ap_memory|                                   q_tile_1|         array|
|q_tile_1_q0                                 |   in|   16|   ap_memory|                                   q_tile_1|         array|
|empty_45                                    |   in|    1|     ap_none|                                   empty_45|        scalar|
|header_length                               |   in|   32|     ap_none|                              header_length|        scalar|
|empty                                       |   in|   32|     ap_none|                                      empty|        scalar|
|xor_ln156                                   |   in|    1|     ap_none|                                  xor_ln156|        scalar|
|global_query_2                              |   in|   32|     ap_none|                             global_query_2|        scalar|
|kv0_dout                                    |   in|   32|     ap_fifo|                                        kv0|       pointer|
|kv0_empty_n                                 |   in|    1|     ap_fifo|                                        kv0|       pointer|
|kv0_read                                    |  out|    1|     ap_fifo|                                        kv0|       pointer|
|kv0_num_data_valid                          |   in|    4|     ap_fifo|                                        kv0|       pointer|
|kv0_fifo_cap                                |   in|    4|     ap_fifo|                                        kv0|       pointer|
|output_acc_1_address0                       |  out|    4|   ap_memory|                               output_acc_1|         array|
|output_acc_1_ce0                            |  out|    1|   ap_memory|                               output_acc_1|         array|
|output_acc_1_we0                            |  out|    1|   ap_memory|                               output_acc_1|         array|
|output_acc_1_d0                             |  out|   32|   ap_memory|                               output_acc_1|         array|
|output_acc_1_address1                       |  out|    4|   ap_memory|                               output_acc_1|         array|
|output_acc_1_ce1                            |  out|    1|   ap_memory|                               output_acc_1|         array|
|output_acc_1_q1                             |   in|   32|   ap_memory|                               output_acc_1|         array|
|output_acc_address0                         |  out|    4|   ap_memory|                                 output_acc|         array|
|output_acc_ce0                              |  out|    1|   ap_memory|                                 output_acc|         array|
|output_acc_we0                              |  out|    1|   ap_memory|                                 output_acc|         array|
|output_acc_d0                               |  out|   32|   ap_memory|                                 output_acc|         array|
|output_acc_address1                         |  out|    4|   ap_memory|                                 output_acc|         array|
|output_acc_ce1                              |  out|    1|   ap_memory|                                 output_acc|         array|
|output_acc_q1                               |   in|   32|   ap_memory|                                 output_acc|         array|
|active_queries                              |   in|    2|     ap_none|                             active_queries|        scalar|
|running_sum_0_out                           |  out|   32|      ap_vld|                          running_sum_0_out|       pointer|
|running_sum_0_out_ap_vld                    |  out|    1|      ap_vld|                          running_sum_0_out|       pointer|
|running_sum_1_0_out                         |  out|   32|      ap_vld|                        running_sum_1_0_out|       pointer|
|running_sum_1_0_out_ap_vld                  |  out|    1|      ap_vld|                        running_sum_1_0_out|       pointer|
+--------------------------------------------+-----+-----+------------+-------------------------------------------+--------------+

