

================================================================
== Vitis HLS Report for 'gatherQueryTile_Pipeline_VITIS_LOOP_526_1_VITIS_LOOP_527_2'
================================================================
* Date:           Sat Oct 10 14:20:49 2026

* Version:        2024.2 (Build 5238294 on Nov  8 2024)
* Project:        build
* Solution:       solution1 (Vivado IP Flow Target)
* Product family: virtexuplusHBM
* Target device:  xcvu37p_CIV-fsvh2892-2-e


================================================================
== Performance Estimates
================================================================
+ Timing: 
    * Summary: 
    +--------+----------+----------+------------+
    |  Clock |  Target  | Estimated| Uncertainty|
    +--------+----------+----------+------------+
    |ap_clk  |  10.00 ns|  2.494 ns|     2.70 ns|
    +--------+----------+----------+------------+

+ Latency: 
    * Summary: 
    +---------+---------+----------+----------+-----+-----+------------------------------------------------+
    |  Latency (cycles) |  Latency (absolute) |  Interval |                    Pipeline                    |
    |   min   |   max   |    min   |    max   | min | max |                      Type                      |
    +---------+---------+----------+----------+-----+-----+------------------------------------------------+
    |       66|       66|  0.660 us|  0.660 us|   65|   65|  loop auto-rewind stp (delay=0 clock cycles(s))|
    +---------+---------+----------+----------+-----+-----+------------------------------------------------+

    + Detail: 
        * Instance: 
        N/A

        * Loop: 
        +-------------------------------------+---------+---------+----------+-----------+-----------+------+----------+
        |                                     |  Latency (cycles) | Iteration|  Initiation Interval  | Trip |          |
        |              Loop Name              |   min   |   max   |  Latency |  achieved |   target  | Count| Pipelined|
        +-------------------------------------+---------+---------+----------+-----------+-----------+------+----------+
        |- VITIS_LOOP_526_1_VITIS_LOOP_527_2  |       64|       64|         2|          1|          1|    64|       yes|
        +-------------------------------------+---------+---------+----------+-----------+-----------+------+----------+



================================================================
== Utilization Estimates
================================================================
* Summary: 
+---------------------+---------+------+---------+---------+-----+
|         Name        | BRAM_18K|  DSP |    FF   |   LUT   | URAM|
+---------------------+---------+------+---------+---------+-----+
|DSP                  |        -|     -|        -|        -|    -|
|Expression           |        -|     -|        0|       91|    -|
|FIFO                 |        -|     -|        -|        -|    -|
|Instance             |        -|     -|        -|        -|    -|
|Memory               |        -|     -|        -|        -|    -|
|Multiplexer          |        -|     -|        0|      104|    -|
|Register             |        -|     -|       27|        -|    -|
+---------------------+---------+------+---------+---------+-----+
|Total                |        0|     0|       27|      195|    0|
+---------------------+---------+------+---------+---------+-----+
|Available SLR        |     1344|  3008|   869120|   434560|  320|
+---------------------+---------+------+---------+---------+-----+
|Utilization SLR (%)  |        0|     0|       ~0|       ~0|    0|
+---------------------+---------+------+---------+---------+-----+
|Available            |     4032|  9024|  2607360|  1303680|  960|
+---------------------+---------+------+---------+---------+-----+
|Utilization (%)      |        0|     0|       ~0|       ~0|    0|
+---------------------+---------+------+---------+---------+-----+

+ Detail: 
    * Instance: 
    N/A

    * DSP: 
    N/A

    * Memory: 
    N/A

    * FIFO: 
    N/A

    * Expression: 
    +---------------------------------------+----------+----+---+----+------------+------------+
    |             Variable Name             | Operation| DSP| FF| LUT| Bitwidth P0| Bitwidth P1|
    +---------------------------------------+----------+----+---+----+------------+------------+
    |add_ln526_1_fu_201_p2                  |         +|   0|  0|  10|           3|           1|
    |add_ln526_fu_175_p2                    |         +|   0|  0|  14|           7|           1|
    |add_ln527_fu_235_p2                    |         +|   0|  0|  12|           5|           1|
    |ap_block_pp0_stage0_11001              |       and|   0|  0|   2|           1|           1|
    |ap_predicate_op38_read_state2          |       and|   0|  0|   2|           1|           1|
    |ap_predicate_op40_read_state2          |       and|   0|  0|   2|           1|           1|
    |icmp_fu_229_p2                         |      icmp|   0|  0|   9|           2|           1|
    |icmp_ln526_fu_169_p2                   |      icmp|   0|  0|  15|           7|           8|
    |icmp_ln527_fu_187_p2                   |      icmp|   0|  0|  13|           5|           6|
    |ap_block_state2_pp0_stage0_iter1_grp1  |        or|   0|  0|   2|           1|           1|
    |select_ln526_1_fu_207_p3               |    select|   0|  0|   3|           1|           3|
    |select_ln526_fu_193_p3                 |    select|   0|  0|   5|           1|           1|
    |ap_enable_pp0                          |       xor|   0|  0|   2|           1|           2|
    +---------------------------------------+----------+----+---+----+------------+------------+
    |Total                                  |          |   0|  0|  91|          36|          28|
    +---------------------------------------+----------+----+---+----+------------+------------+

    * Multiplexer: 
    +--------------------------------------+----+-----------+-----+-----------+
    |                 Name                 | LUT| Input Size| Bits| Total Bits|
    +--------------------------------------+----+-----------+-----+-----------+
    |ap_done_int                           |   9|          2|    1|          2|
    |ap_enable_reg_pp0_iter1               |   9|          2|    1|          2|
    |ap_phi_mux_cond_in_phi_fu_143_p4      |  14|          3|   32|         96|
    |ap_sig_allocacmp_col_load             |   9|          2|    3|          6|
    |ap_sig_allocacmp_feature_load         |   9|          2|    5|         10|
    |ap_sig_allocacmp_indvar_flatten_load  |   9|          2|    7|         14|
    |col_fu_68                             |   9|          2|    3|          6|
    |feature_fu_64                         |   9|          2|    5|         10|
    |indvar_flatten_fu_72                  |   9|          2|    7|         14|
    |output0_blk_n                         |   9|          2|    1|          2|
    |output1_blk_n                         |   9|          2|    1|          2|
    +--------------------------------------+----+-----------+-----+-----------+
    |Total                                 | 104|         23|   66|        164|
    +--------------------------------------+----+-----------+-----+-----------+

    * Register: 
    +-------------------------+---+----+-----+-----------+
    |           Name          | FF| LUT| Bits| Const Bits|
    +-------------------------+---+----+-----+-----------+
    |ap_CS_fsm                |  1|   0|    1|          0|
    |ap_done_reg              |  1|   0|    1|          0|
    |ap_enable_reg_pp0_iter1  |  1|   0|    1|          0|
    |col_fu_68                |  3|   0|    3|          0|
    |feature_fu_64            |  5|   0|    5|          0|
    |icmp_ln526_reg_292       |  1|   0|    1|          0|
    |icmp_reg_305             |  1|   0|    1|          0|
    |indvar_flatten_fu_72     |  7|   0|    7|          0|
    |select_ln526_reg_296     |  5|   0|    5|          0|
    |trunc_ln526_reg_301      |  2|   0|    2|          0|
    +-------------------------+---+----+-----+-----------+
    |Total                    | 27|   0|   27|          0|
    +-------------------------+---+----+-----+-----------+



================================================================
== Interface
================================================================
* Summary: 
+------------------------+-----+-----+------------+------------------------------------------------------------+--------------+
|        RTL Ports       | Dir | Bits|  Protocol  |                        Source Object                       |    C Type    |
+------------------------+-----+-----+------------+------------------------------------------------------------+--------------+
|ap_clk                  |   in|    1|  ap_ctrl_hs|  gatherQueryTile_Pipeline_VITIS_LOOP_526_1_VITIS_LOOP_527_2|  return value|
|ap_rst                  |   in|    1|  ap_ctrl_hs|  gatherQueryTile_Pipeline_VITIS_LOOP_526_1_VITIS_LOOP_527_2|  return value|
|ap_start                |   in|    1|  ap_ctrl_hs|  gatherQueryTile_Pipeline_VITIS_LOOP_526_1_VITIS_LOOP_527_2|  return value|
|ap_done                 |  out|    1|  ap_ctrl_hs|  gatherQueryTile_Pipeline_VITIS_LOOP_526_1_VITIS_LOOP_527_2|  return value|
|ap_idle                 |  out|    1|  ap_ctrl_hs|  gatherQueryTile_Pipeline_VITIS_LOOP_526_1_VITIS_LOOP_527_2|  return value|
|ap_ready                |  out|    1|  ap_ctrl_hs|  gatherQueryTile_Pipeline_VITIS_LOOP_526_1_VITIS_LOOP_527_2|  return value|
|output1_dout            |   in|   32|     ap_fifo|                                                     output1|       pointer|
|output1_empty_n         |   in|    1|     ap_fifo|                                                     output1|       pointer|
|output1_read            |  out|    1|     ap_fifo|                                                     output1|       pointer|
|output1_num_data_valid  |   in|    4|     ap_fifo|                                                     output1|       pointer|
|output1_fifo_cap        |   in|    4|     ap_fifo|                                                     output1|       pointer|
|output0_dout            |   in|   32|     ap_fifo|                                                     output0|       pointer|
|output0_empty_n         |   in|    1|     ap_fifo|                                                     output0|       pointer|
|output0_read            |  out|    1|     ap_fifo|                                                     output0|       pointer|
|output0_num_data_valid  |   in|    4|     ap_fifo|                                                     output0|       pointer|
|output0_fifo_cap        |   in|    4|     ap_fifo|                                                     output0|       pointer|
|normalized_address0     |  out|    4|   ap_memory|                                                  normalized|         array|
|normalized_ce0          |  out|    1|   ap_memory|                                                  normalized|         array|
|normalized_we0          |  out|    1|   ap_memory|                                                  normalized|         array|
|normalized_d0           |  out|   32|   ap_memory|                                                  normalized|         array|
|normalized_1_address0   |  out|    4|   ap_memory|                                                normalized_1|         array|
|normalized_1_ce0        |  out|    1|   ap_memory|                                                normalized_1|         array|
|normalized_1_we0        |  out|    1|   ap_memory|                                                normalized_1|         array|
|normalized_1_d0         |  out|   32|   ap_memory|                                                normalized_1|         array|
|normalized_2_address0   |  out|    4|   ap_memory|                                                normalized_2|         array|
|normalized_2_ce0        |  out|    1|   ap_memory|                                                normalized_2|         array|
|normalized_2_we0        |  out|    1|   ap_memory|                                                normalized_2|         array|
|normalized_2_d0         |  out|   32|   ap_memory|                                                normalized_2|         array|
|normalized_3_address0   |  out|    4|   ap_memory|                                                normalized_3|         array|
|normalized_3_ce0        |  out|    1|   ap_memory|                                                normalized_3|         array|
|normalized_3_we0        |  out|    1|   ap_memory|                                                normalized_3|         array|
|normalized_3_d0         |  out|   32|   ap_memory|                                                normalized_3|         array|
+------------------------+-----+-----+------------+------------------------------------------------------------+--------------+

