                             latency        interval
transaction       0:             728             718
transaction       1:             729             719
transaction       2:             717             707
transaction       3:             717             707
transaction       4:            1961            1951
transaction       5:            1709            1699
transaction       6:            5963            5953
transaction       7:            4418            4408
transaction       8:             748             738
transaction       9:             743             733
transaction      10:             762             752
transaction      11:             757             747
transaction      12:            1917            1907
transaction      13:            1660            1650
transaction      14:            1987            1977
transaction      15:            1723            1713
transaction      16:            3653            3643
transaction      17:            2878            2868
transaction      18:            3648            3638
transaction      19:            2878            2868
transaction      20:            3648            3638
transaction      21:            2878            2868
transaction      22:           15700           15690
transaction      23:           10319           10309
transaction      24:              55              45
transaction      25:              50               x
