

================================================================
== Vitis HLS Report for 'runQueryBlock_1_Pipeline_VITIS_LOOP_190_12'
================================================================
* Date:           Sat Oct 10 14:20:46 2026

* Version:        2024.2 (Build 5238294 on Nov  8 2024)
* Project:        build
* Solution:       solution1 (Vivado IP Flow Target)
* Product family: virtexuplusHBM
* Target device:  xcvu37p_CIV-fsvh2892-2-e


================================================================
== Performance Estimates
================================================================
+ Timing: 
    * Summary: 
    +--------+----------+----------+------------+
    |  Clock |  Target  | Estimated| Uncertainty|
    +--------+----------+----------+------------+
    |ap_clk  |  10.00 ns|  2.399 ns|     2.70 ns|
    +--------+----------+----------+------------+

+ Latency: 
    * Summary: 
    +---------+---------+-----------+-----------+-----+-----+------------------------------------------------+
    |  Latency (cycles) |   Latency (absolute)  |  Interval |                    Pipeline                    |
    |   min   |   max   |    min    |    max    | min | max |                      Type                      |
    +---------+---------+-----------+-----------+-----+-----+------------------------------------------------+
    |        6|        6|  60.000 ns|  60.000 ns|    5|    5|  loop auto-rewind stp (delay=0 clock cycles(s))|
    +---------+---------+-----------+-----------+-----+-----+------------------------------------------------+

    + Detail: 
        * Instance: 
        N/A

        * Loop: 
        +---------------------+---------+---------+----------+-----------+-----------+------+----------+
        |                     |  Latency (cycles) | Iteration|  Initiation Interval  | Trip |          |
        |      Loop Name      |   min   |   max   |  Latency |  achieved |   target  | Count| Pipelined|
        +---------------------+---------+---------+----------+-----------+-----------+------+----------+
        |- VITIS_LOOP_190_12  |        4|        4|         1|          1|          1|     4|       yes|
        +---------------------+---------+---------+----------+-----------+-----------+------+----------+



================================================================
== Utilization Estimates
================================================================
* Summary: 
+---------------------+---------+------+---------+---------+-----+
|         Name        | BRAM_18K|  DSP |    FF   |   LUT   | URAM|
+---------------------+---------+------+---------+---------+-----+
|DSP                  |        -|     -|        -|        -|    -|
|Expression           |        -|     -|        0|      220|    -|
|FIFO                 |        -|     -|        -|        -|    -|
|Instance             |        -|     -|        0|       60|    -|
|Memory               |        -|     -|        -|        -|    -|
|Multiplexer          |        -|     -|        0|       45|    -|
|Register             |        -|     -|       39|        -|    -|
+---------------------+---------+------+---------+---------+-----+
|Total                |        0|     0|       39|      325|    0|
+---------------------+---------+------+---------+---------+-----+
|Available SLR        |     1344|  3008|   869120|   434560|  320|
+---------------------+---------+------+---------+---------+-----+
|Utilization SLR (%)  |        0|     0|       ~0|       ~0|    0|
+---------------------+---------+------+---------+---------+-----+
|Available            |     4032|  9024|  2607360|  1303680|  960|
+---------------------+---------+------+---------+---------+-----+
|Utilization (%)      |        0|     0|       ~0|       ~0|    0|
+---------------------+---------+------+---------+---------+-----+

+ Detail: 
    * Instance: 
    +----------------------------+-----------------------+---------+----+---+----+-----+
    |          Instance          |         Module        | BRAM_18K| DSP| FF| LUT| URAM|
    +----------------------------+-----------------------+---------+----+---+----+-----+
    |sparsemux_11_4_32_1_1_U656  |sparsemux_11_4_32_1_1  |        0|   0|  0|  20|    0|
    |sparsemux_9_2_1_1_1_U654    |sparsemux_9_2_1_1_1    |        0|   0|  0|  20|    0|
    |sparsemux_9_2_32_1_1_U655   |sparsemux_9_2_32_1_1   |        0|   0|  0|  20|    0|
    +----------------------------+-----------------------+---------+----+---+----+-----+
    |Total                       |                       |        0|   0|  0|  60|    0|
    +----------------------------+-----------------------+---------+----+---+----+-----+

    * DSP: 
    N/A

    * Memory: 
    N/A

    * FIFO: 
    N/A

    * Expression: 
    +-----------------------+----------+----+---+----+------------+------------+
    |     Variable Name     | Operation| DSP| FF| LUT| Bitwidth P0| Bitwidth P1|
    +-----------------------+----------+----+---+----+------------+------------+
    |add_ln190_fu_193_p2    |         +|   0|  0|  10|           3|           1|
    |and_ln314_2_fu_360_p2  |       and|   0|  0|   2|           1|           1|
    |and_ln314_fu_354_p2    |       and|   0|  0|   2|           1|           1|
    |and_ln48_fu_330_p2     |       and|   0|  0|   2|           1|           1|
    |ap_condition_302       |       and|   0|  0|   2|           1|           1|
    |sel_tmp1_fu_324_p2     |       and|   0|  0|   2|           1|           1|
    |sel_tmp4_fu_342_p2     |       and|   0|  0|   2|           1|           1|
    |icmp_ln190_fu_187_p2   |      icmp|   0|  0|  12|           3|           4|
    |icmp_ln52_fu_284_p2    |      icmp|   0|  0|  39|          32|          32|
    |icmp_ln54_fu_298_p2    |      icmp|   0|  0|  39|          32|          32|
    |has_value_1_fu_312_p2  |        or|   0|  0|   2|           1|           1|
    |tile_max_fu_378_p10    |    select|   0|  0|  32|           1|          32|
    |tile_max_fu_378_p4     |    select|   0|  0|  32|           1|          32|
    |tile_max_fu_378_p8     |    select|   0|  0|  32|           1|          32|
    |ap_enable_pp0          |       xor|   0|  0|   2|           1|           2|
    |sel_tmp3_fu_336_p2     |       xor|   0|  0|   2|           1|           2|
    |xor_ln191_fu_318_p2    |       xor|   0|  0|   2|           1|           2|
    |xor_ln48_1_fu_270_p2   |       xor|   0|  0|   2|           1|           1|
    |xor_ln48_fu_348_p2     |       xor|   0|  0|   2|           1|           2|
    +-----------------------+----------+----+---+----+------------+------------+
    |Total                  |          |   0|  0| 220|          85|         181|
    +-----------------------+----------+----+---+----+------------+------------+

    * Multiplexer: 
    +-------------------------+----+-----------+-----+-----------+
    |           Name          | LUT| Input Size| Bits| Total Bits|
    +-------------------------+----+-----------+-----+-----------+
    |ap_done_int              |   9|          2|    1|          2|
    |ap_enable_reg_pp0_iter1  |   9|          2|    1|          2|
    |dc_fu_92                 |   9|          2|   32|         64|
    |has_value_reg_162        |   9|          2|    1|          2|
    |row_1_fu_96              |   9|          2|    3|          6|
    +-------------------------+----+-----------+-----+-----------+
    |Total                    |  45|         10|   38|         76|
    +-------------------------+----+-----------+-----+-----------+

    * Register: 
    +-------------------------+----+----+-----+-----------+
    |           Name          | FF | LUT| Bits| Const Bits|
    +-------------------------+----+----+-----+-----------+
    |ap_CS_fsm                |   1|   0|    1|          0|
    |ap_done_reg              |   1|   0|    1|          0|
    |ap_enable_reg_pp0_iter1  |   1|   0|    1|          0|
    |dc_fu_92                 |  32|   0|   32|          0|
    |has_value_reg_162        |   1|   0|    1|          0|
    |row_1_fu_96              |   3|   0|    3|          0|
    +-------------------------+----+----+-----+-----------+
    |Total                    |  39|   0|   39|          0|
    +-------------------------+----+----+-----+-----------+



================================================================
== Interface
================================================================
* Summary: 
+-----------------------+-----+-----+------------+---------------------------------------------+--------------+
|       RTL Ports       | Dir | Bits|  Protocol  |                Source Object                |    C Type    |
+-----------------------+-----+-----+------------+---------------------------------------------+--------------+
|ap_clk                 |   in|    1|  ap_ctrl_hs|  runQueryBlock<1>_Pipeline_VITIS_LOOP_190_12|  return value|
|ap_rst                 |   in|    1|  ap_ctrl_hs|  runQueryBlock<1>_Pipeline_VITIS_LOOP_190_12|  return value|
|ap_start               |   in|    1|  ap_ctrl_hs|  runQueryBlock<1>_Pipeline_VITIS_LOOP_190_12|  return value|
|ap_done                |  out|    1|  ap_ctrl_hs|  runQueryBlock<1>_Pipeline_VITIS_LOOP_190_12|  return value|
|ap_idle                |  out|    1|  ap_ctrl_hs|  runQueryBlock<1>_Pipeline_VITIS_LOOP_190_12|  return value|
|ap_ready               |  out|    1|  ap_ctrl_hs|  runQueryBlock<1>_Pipeline_VITIS_LOOP_190_12|  return value|
|score_valid            |   in|    1|     ap_none|                                  score_valid|        scalar|
|score_valid_2          |   in|    1|     ap_none|                                score_valid_2|        scalar|
|score_valid_4          |   in|    1|     ap_none|                                score_valid_4|        scalar|
|score_valid_6          |   in|    1|     ap_none|                                score_valid_6|        scalar|
|operand_c_reload       |   in|   32|     ap_none|                             operand_c_reload|        scalar|
|operand_c_2_reload     |   in|   32|     ap_none|                           operand_c_2_reload|        scalar|
|operand_c_4_reload     |   in|   32|     ap_none|                           operand_c_4_reload|        scalar|
|operand_c_6_reload     |   in|   32|     ap_none|                           operand_c_6_reload|        scalar|
|tile_max_3_out         |  out|   32|      ap_vld|                               tile_max_3_out|       pointer|
|tile_max_3_out_ap_vld  |  out|    1|      ap_vld|                               tile_max_3_out|       pointer|
|has_value_out          |  out|    1|      ap_vld|                                has_value_out|       pointer|
|has_value_out_ap_vld   |  out|    1|      ap_vld|                                has_value_out|       pointer|
+-----------------------+-----+-----+------------+---------------------------------------------+--------------+

