

================================================================
== Vitis HLS Report for 'runQueryBlock_1_Outline_VITIS_LOOP_117_5'
================================================================
* Date:           Sat Oct 10 14:20:48 2026

* Version:        2024.2 (Build 5238294 on Nov  8 2024)
* Project:        build
* Solution:       solution1 (Vivado IP Flow Target)
* Product family: virtexuplusHBM
* Target device:  xcvu37p_CIV-fsvh2892-2-e


================================================================
== Performance Estimates
================================================================
+ Timing: 
    * Summary: 
    +--------+----------+----------+------------+
    |  Clock |  Target  | Estimated| Uncertainty|
    +--------+----------+----------+------------+
    |ap_clk  |  10.00 ns|  7.299 ns|     2.70 ns|
    +--------+----------+----------+------------+

+ Latency: 
    * Summary: 
    +---------+---------+----------+----------+-----+--------+---------+
    |  Latency (cycles) |  Latency (absolute) |   Interval   | Pipeline|
    |   min   |   max   |    min   |    max   | min |   max  |   Type  |
    +---------+---------+----------+----------+-----+--------+---------+
    |      269|   274433|  2.690 us|  2.744 ms|  269|  274433|       no|
    +---------+---------+----------+----------+-----+--------+---------+

    + Detail: 
        * Instance: 
        +-----------------------------------------------------------------------+------------------------------------------------------------+---------+---------+-----------+-----------+-----+-----+------------------------------------------------+
        |                                                                       |                                                            |  Latency (cycles) |   Latency (absolute)  |  Interval |                    Pipeline                    |
        |                                Instance                               |                           Module                           |   min   |   max   |    min    |    max    | min | max |                      Type                      |
        +-----------------------------------------------------------------------+------------------------------------------------------------+---------+---------+-----------+-----------+-----+-----+------------------------------------------------+
        |grp_runQueryBlock_1_Pipeline_4_fu_546                                  |runQueryBlock_1_Pipeline_4                                  |       10|       10|   0.100 us|   0.100 us|    9|    9|  loop auto-rewind stp (delay=0 clock cycles(s))|
        |grp_runQueryBlock_1_Pipeline_VITIS_LOOP_144_6_VITIS_LOOP_145_7_fu_550  |runQueryBlock_1_Pipeline_VITIS_LOOP_144_6_VITIS_LOOP_145_7  |       18|       18|   0.180 us|   0.180 us|   17|   17|  loop auto-rewind stp (delay=0 clock cycles(s))|
        |grp_runQueryBlock_1_Pipeline_VITIS_LOOP_109_1_VITIS_LOOP_110_2_fu_588  |runQueryBlock_1_Pipeline_VITIS_LOOP_109_1_VITIS_LOOP_110_2  |       83|       83|   0.830 us|   0.830 us|   82|   82|  loop auto-rewind stp (delay=0 clock cycles(s))|
        |grp_runQueryBlock_1_Pipeline_VITIS_LOOP_190_12_fu_639                  |runQueryBlock_1_Pipeline_VITIS_LOOP_190_12                  |        6|        6|  60.000 ns|  60.000 ns|    5|    5|  loop auto-rewind stp (delay=0 clock cycles(s))|
        |grp_runQueryBlock_1_Pipeline_VITIS_LOOP_190_121_fu_653                 |runQueryBlock_1_Pipeline_VITIS_LOOP_190_121                 |        6|        6|  60.000 ns|  60.000 ns|    5|    5|  loop auto-rewind stp (delay=0 clock cycles(s))|
        |grp_runQueryBlock_1_Pipeline_VITIS_LOOP_242_15_fu_667                  |runQueryBlock_1_Pipeline_VITIS_LOOP_242_15                  |        8|        8|  80.000 ns|  80.000 ns|    5|    5|  loop auto-rewind stp (delay=0 clock cycles(s))|
        |grp_runAccumulatorColumns_fu_697                                       |runAccumulatorColumns                                       |        7|        7|  70.000 ns|  70.000 ns|    1|    1|                                             yes|
        |grp_runPeArray_fu_718                                                  |runPeArray                                                  |        3|        3|  30.000 ns|  30.000 ns|    1|    1|                                             yes|
        |grp_runQueryBlock_1_Pipeline_VITIS_LOOP_300_25_fu_772                  |runQueryBlock_1_Pipeline_VITIS_LOOP_300_25                  |       14|       14|   0.140 us|   0.140 us|    9|    9|  loop auto-rewind stp (delay=0 clock cycles(s))|
        |grp_runQueryBlock_1_Pipeline_VITIS_LOOP_162_1_fu_828                   |runQueryBlock_1_Pipeline_VITIS_LOOP_162_1                   |       22|       22|   0.220 us|   0.220 us|   21|   21|  loop auto-rewind stp (delay=0 clock cycles(s))|
        |grp_runQueryBlock_1_Pipeline_VITIS_LOOP_369_33_fu_842                  |runQueryBlock_1_Pipeline_VITIS_LOOP_369_33                  |       89|       89|   0.890 us|   0.890 us|   81|   81|  loop auto-rewind stp (delay=0 clock cycles(s))|
        +-----------------------------------------------------------------------+------------------------------------------------------------+---------+---------+-----------+-----------+-----+-----+------------------------------------------------+

        * Loop: 
        +--------------------+---------+---------+----------+-----------+-----------+----------+----------+
        |                    |  Latency (cycles) | Iteration|  Initiation Interval  |   Trip   |          |
        |      Loop Name     |   min   |   max   |  Latency |  achieved |   target  |   Count  | Pipelined|
        +--------------------+---------+---------+----------+-----------+-----------+----------+----------+
        |- VITIS_LOOP_117_5  |      268|   274432|       268|          -|          -|  1 ~ 1024|        no|
        +--------------------+---------+---------+----------+-----------+-----------+----------+----------+



================================================================
== Utilization Estimates
================================================================
* Summary: 
+---------------------+---------+------+---------+---------+-----+
|         Name        | BRAM_18K|  DSP |    FF   |   LUT   | URAM|
+---------------------+---------+------+---------+---------+-----+
|DSP                  |        -|     -|        -|        -|    -|
|Expression           |        -|     -|        0|     1964|    -|
|FIFO                 |        -|     -|        -|        -|    -|
|Instance             |        0|    16|     9442|    36077|    -|
|Memory               |        0|     -|      512|      544|    0|
|Multiplexer          |        -|     -|        0|     2555|    -|
|Register             |        -|     -|     1079|        -|    -|
+---------------------+---------+------+---------+---------+-----+
|Total                |        0|    16|    11033|    41140|    0|
+---------------------+---------+------+---------+---------+-----+
|Available SLR        |     1344|  3008|   869120|   434560|  320|
+---------------------+---------+------+---------+---------+-----+
|Utilization SLR (%)  |        0|    ~0|        1|        9|    0|
+---------------------+---------+------+---------+---------+-----+
|Available            |     4032|  9024|  2607360|  1303680|  960|
+---------------------+---------+------+---------+---------+-----+
|Utilization (%)      |        0|    ~0|       ~0|        3|    0|
+---------------------+---------+------+---------+---------+-----+

+ Detail: 
    * Instance: 
    +-----------------------------------------------------------------------+------------------------------------------------------------+---------+----+------+-------+-----+
    |                                Instance                               |                           Module                           | BRAM_18K| DSP|  FF  |  LUT  | URAM|
    +-----------------------------------------------------------------------+------------------------------------------------------------+---------+----+------+-------+-----+
    |fsub_32ns_32ns_32_3_full_dsp_1_U816                                    |fsub_32ns_32ns_32_3_full_dsp_1                              |        0|   2|   177|    226|    0|
    |fsub_32ns_32ns_32_3_full_dsp_1_U817                                    |fsub_32ns_32ns_32_3_full_dsp_1                              |        0|   2|   177|    226|    0|
    |fsub_32ns_32ns_32_3_full_dsp_1_U818                                    |fsub_32ns_32ns_32_3_full_dsp_1                              |        0|   2|   177|    226|    0|
    |fsub_32ns_32ns_32_3_full_dsp_1_U819                                    |fsub_32ns_32ns_32_3_full_dsp_1                              |        0|   2|   177|    226|    0|
    |grp_runPeArray_fu_718                                                  |runPeArray                                                  |        0|   8|  4603|  29570|    0|
    |grp_runQueryBlock_1_Pipeline_4_fu_546                                  |runQueryBlock_1_Pipeline_4                                  |        0|   0|     6|     51|    0|
    |grp_runQueryBlock_1_Pipeline_VITIS_LOOP_109_1_VITIS_LOOP_110_2_fu_588  |runQueryBlock_1_Pipeline_VITIS_LOOP_109_1_VITIS_LOOP_110_2  |        0|   0|   667|    512|    0|
    |grp_runQueryBlock_1_Pipeline_VITIS_LOOP_144_6_VITIS_LOOP_145_7_fu_550  |runQueryBlock_1_Pipeline_VITIS_LOOP_144_6_VITIS_LOOP_145_7  |        0|   0|    14|    130|    0|
    |grp_runQueryBlock_1_Pipeline_VITIS_LOOP_162_1_fu_828                   |runQueryBlock_1_Pipeline_VITIS_LOOP_162_1                   |        0|   0|   338|    463|    0|
    |grp_runQueryBlock_1_Pipeline_VITIS_LOOP_190_12_fu_639                  |runQueryBlock_1_Pipeline_VITIS_LOOP_190_12                  |        0|   0|    39|    325|    0|
    |grp_runQueryBlock_1_Pipeline_VITIS_LOOP_190_121_fu_653                 |runQueryBlock_1_Pipeline_VITIS_LOOP_190_121                 |        0|   0|    39|    325|    0|
    |grp_runQueryBlock_1_Pipeline_VITIS_LOOP_242_15_fu_667                  |runQueryBlock_1_Pipeline_VITIS_LOOP_242_15                  |        0|   0|   631|    546|    0|
    |grp_runQueryBlock_1_Pipeline_VITIS_LOOP_300_25_fu_772                  |runQueryBlock_1_Pipeline_VITIS_LOOP_300_25                  |        0|   0|   529|    624|    0|
    |grp_runQueryBlock_1_Pipeline_VITIS_LOOP_369_33_fu_842                  |runQueryBlock_1_Pipeline_VITIS_LOOP_369_33                  |        0|   0|  1868|   2599|    0|
    |sparsemux_9_3_32_1_1_U828                                              |sparsemux_9_3_32_1_1                                        |        0|   0|     0|     14|    0|
    |sparsemux_9_3_32_1_1_U829                                              |sparsemux_9_3_32_1_1                                        |        0|   0|     0|     14|    0|
    |sptohp_32ns_16_1_no_dsp_1_U820                                         |sptohp_32ns_16_1_no_dsp_1                                   |        0|   0|     0|      0|    0|
    |sptohp_32ns_16_1_no_dsp_1_U821                                         |sptohp_32ns_16_1_no_dsp_1                                   |        0|   0|     0|      0|    0|
    |sptohp_32ns_16_1_no_dsp_1_U822                                         |sptohp_32ns_16_1_no_dsp_1                                   |        0|   0|     0|      0|    0|
    |sptohp_32ns_16_1_no_dsp_1_U823                                         |sptohp_32ns_16_1_no_dsp_1                                   |        0|   0|     0|      0|    0|
    |sptohp_32ns_16_1_no_dsp_1_U824                                         |sptohp_32ns_16_1_no_dsp_1                                   |        0|   0|     0|      0|    0|
    |sptohp_32ns_16_1_no_dsp_1_U825                                         |sptohp_32ns_16_1_no_dsp_1                                   |        0|   0|     0|      0|    0|
    |sptohp_32ns_16_1_no_dsp_1_U826                                         |sptohp_32ns_16_1_no_dsp_1                                   |        0|   0|     0|      0|    0|
    |sptohp_32ns_16_1_no_dsp_1_U827                                         |sptohp_32ns_16_1_no_dsp_1                                   |        0|   0|     0|      0|    0|
    +-----------------------------------------------------------------------+------------------------------------------------------------+---------+----+------+-------+-----+
    |Total                                                                  |                                                            |        0|  16|  9442|  36077|    0|
    +-----------------------------------------------------------------------+------------------------------------------------------------+---------+----+------+-------+-----+

    * DSP: 
    N/A

    * Memory: 
    +-------------+------------------------------------------------------------------+---------+----+----+-----+------+-----+------+-------------+
    |    Memory   |                              Module                              | BRAM_18K| FF | LUT| URAM| Words| Bits| Banks| W*Bits*Banks|
    +-------------+------------------------------------------------------------------+---------+----+----+-----+------+-----+------+-------------+
    |v_tile_15_U  |runQueryBlock_1_Outline_VITIS_LOOP_117_5_v_tile_15_RAM_AUTO_1R1W  |        0|  16|  17|    0|     4|   16|     1|           64|
    |v_tile_14_U  |runQueryBlock_1_Outline_VITIS_LOOP_117_5_v_tile_15_RAM_AUTO_1R1W  |        0|  16|  17|    0|     4|   16|     1|           64|
    |v_tile_13_U  |runQueryBlock_1_Outline_VITIS_LOOP_117_5_v_tile_15_RAM_AUTO_1R1W  |        0|  16|  17|    0|     4|   16|     1|           64|
    |v_tile_12_U  |runQueryBlock_1_Outline_VITIS_LOOP_117_5_v_tile_15_RAM_AUTO_1R1W  |        0|  16|  17|    0|     4|   16|     1|           64|
    |v_tile_11_U  |runQueryBlock_1_Outline_VITIS_LOOP_117_5_v_tile_15_RAM_AUTO_1R1W  |        0|  16|  17|    0|     4|   16|     1|           64|
    |v_tile_10_U  |runQueryBlock_1_Outline_VITIS_LOOP_117_5_v_tile_15_RAM_AUTO_1R1W  |        0|  16|  17|    0|     4|   16|     1|           64|
    |v_tile_9_U   |runQueryBlock_1_Outline_VITIS_LOOP_117_5_v_tile_15_RAM_AUTO_1R1W  |        0|  16|  17|    0|     4|   16|     1|           64|
    |v_tile_8_U   |runQueryBlock_1_Outline_VITIS_LOOP_117_5_v_tile_15_RAM_AUTO_1R1W  |        0|  16|  17|    0|     4|   16|     1|           64|
    |v_tile_7_U   |runQueryBlock_1_Outline_VITIS_LOOP_117_5_v_tile_15_RAM_AUTO_1R1W  |        0|  16|  17|    0|     4|   16|     1|           64|
    |v_tile_6_U   |runQueryBlock_1_Outline_VITIS_LOOP_117_5_v_tile_15_RAM_AUTO_1R1W  |        0|  16|  17|    0|     4|   16|     1|           64|
    |v_tile_5_U   |runQueryBlock_1_Outline_VITIS_LOOP_117_5_v_tile_15_RAM_AUTO_1R1W  |        0|  16|  17|    0|     4|   16|     1|           64|
    |v_tile_4_U   |runQueryBlock_1_Outline_VITIS_LOOP_117_5_v_tile_15_RAM_AUTO_1R1W  |        0|  16|  17|    0|     4|   16|     1|           64|
    |v_tile_3_U   |runQueryBlock_1_Outline_VITIS_LOOP_117_5_v_tile_15_RAM_AUTO_1R1W  |        0|  16|  17|    0|     4|   16|     1|           64|
    |v_tile_2_U   |runQueryBlock_1_Outline_VITIS_LOOP_117_5_v_tile_15_RAM_AUTO_1R1W  |        0|  16|  17|    0|     4|   16|     1|           64|
    |v_tile_1_U   |runQueryBlock_1_Outline_VITIS_LOOP_117_5_v_tile_15_RAM_AUTO_1R1W  |        0|  16|  17|    0|     4|   16|     1|           64|
    |v_tile_U     |runQueryBlock_1_Outline_VITIS_LOOP_117_5_v_tile_15_RAM_AUTO_1R1W  |        0|  16|  17|    0|     4|   16|     1|           64|
    |k_tile_15_U  |runQueryBlock_1_Outline_VITIS_LOOP_117_5_v_tile_15_RAM_AUTO_1R1W  |        0|  16|  17|    0|     4|   16|     1|           64|
    |k_tile_14_U  |runQueryBlock_1_Outline_VITIS_LOOP_117_5_v_tile_15_RAM_AUTO_1R1W  |        0|  16|  17|    0|     4|   16|     1|           64|
    |k_tile_13_U  |runQueryBlock_1_Outline_VITIS_LOOP_117_5_v_tile_15_RAM_AUTO_1R1W  |        0|  16|  17|    0|     4|   16|     1|           64|
    |k_tile_12_U  |runQueryBlock_1_Outline_VITIS_LOOP_117_5_v_tile_15_RAM_AUTO_1R1W  |        0|  16|  17|    0|     4|   16|     1|           64|
    |k_tile_11_U  |runQueryBlock_1_Outline_VITIS_LOOP_117_5_v_tile_15_RAM_AUTO_1R1W  |        0|  16|  17|    0|     4|   16|     1|           64|
    |k_tile_10_U  |runQueryBlock_1_Outline_VITIS_LOOP_117_5_v_tile_15_RAM_AUTO_1R1W  |        0|  16|  17|    0|     4|   16|     1|           64|
    |k_tile_9_U   |runQueryBlock_1_Outline_VITIS_LOOP_117_5_v_tile_15_RAM_AUTO_1R1W  |        0|  16|  17|    0|     4|   16|     1|           64|
    |k_tile_8_U   |runQueryBlock_1_Outline_VITIS_LOOP_117_5_v_tile_15_RAM_AUTO_1R1W  |        0|  16|  17|    0|     4|   16|     1|           64|
    |k_tile_7_U   |runQueryBlock_1_Outline_VITIS_LOOP_117_5_v_tile_15_RAM_AUTO_1R1W  |        0|  16|  17|    0|     4|   16|     1|           64|
    |k_tile_6_U   |runQueryBlock_1_Outline_VITIS_LOOP_117_5_v_tile_15_RAM_AUTO_1R1W  |        0|  16|  17|    0|     4|   16|     1|           64|
    |k_tile_5_U   |runQueryBlock_1_Outline_VITIS_LOOP_117_5_v_tile_15_RAM_AUTO_1R1W  |        0|  16|  17|    0|     4|   16|     1|           64|
    |k_tile_4_U   |runQueryBlock_1_Outline_VITIS_LOOP_117_5_v_tile_15_RAM_AUTO_1R1W  |        0|  16|  17|    0|     4|   16|     1|           64|
    |k_tile_3_U   |runQueryBlock_1_Outline_VITIS_LOOP_117_5_v_tile_15_RAM_AUTO_1R1W  |        0|  16|  17|    0|     4|   16|     1|           64|
    |k_tile_2_U   |runQueryBlock_1_Outline_VITIS_LOOP_117_5_v_tile_15_RAM_AUTO_1R1W  |        0|  16|  17|    0|     4|   16|     1|           64|
    |k_tile_1_U   |runQueryBlock_1_Outline_VITIS_LOOP_117_5_v_tile_15_RAM_AUTO_1R1W  |        0|  16|  17|    0|     4|   16|     1|           64|
    |k_tile_U     |runQueryBlock_1_Outline_VITIS_LOOP_117_5_v_tile_15_RAM_AUTO_1R1W  |        0|  16|  17|    0|     4|   16|     1|           64|
    +-------------+------------------------------------------------------------------+---------+----+----+-----+------+-----+------+-------------+
    |Total        |                                                                  |        0| 512| 544|    0|   128|  512|    32|         2048|
    +-------------+------------------------------------------------------------------+---------+----+----+-----+------+-----+------+-------------+

    * FIFO: 
    N/A

    * Expression: 
    +---------------------------------+----------+----+---+----+------------+------------+
    |          Variable Name          | Operation| DSP| FF| LUT| Bitwidth P0| Bitwidth P1|
    +---------------------------------+----------+----+---+----+------------+------------+
    |key_tile_2_fu_981_p2             |         +|   0|  0|  39|          32|           1|
    |remaining_keys_fu_997_p2         |         -|   0|  0|  39|          32|          32|
    |and_ln167_fu_1283_p2             |       and|   0|  0|   2|           1|           1|
    |and_ln201_1_fu_1514_p2           |       and|   0|  0|   2|           1|           1|
    |and_ln201_fu_1364_p2             |       and|   0|  0|   2|           1|           1|
    |and_ln314_1_fu_1468_p2           |       and|   0|  0|   2|           1|           1|
    |and_ln314_3_fu_1612_p2           |       and|   0|  0|   2|           1|           1|
    |and_ln314_4_fu_1618_p2           |       and|   0|  0|   2|           1|           1|
    |and_ln314_fu_1462_p2             |       and|   0|  0|   2|           1|           1|
    |and_ln48_1_fu_1594_p2            |       and|   0|  0|   2|           1|           1|
    |and_ln48_fu_1444_p2              |       and|   0|  0|   2|           1|           1|
    |not_or_ln167_1_fu_1135_p2        |       and|   0|  0|   2|           1|           1|
    |not_or_ln167_2_fu_1173_p2        |       and|   0|  0|   2|           1|           1|
    |not_or_ln167_3_fu_1194_p2        |       and|   0|  0|   2|           1|           1|
    |not_or_ln167_4_fu_1221_p2        |       and|   0|  0|   2|           1|           1|
    |not_or_ln167_5_fu_1242_p2        |       and|   0|  0|   2|           1|           1|
    |not_or_ln167_6_fu_1272_p2        |       and|   0|  0|   2|           1|           1|
    |not_or_ln167_fu_1114_p2          |       and|   0|  0|   2|           1|           1|
    |score_valid_1_fu_1140_p2         |       and|   0|  0|   2|           1|           1|
    |score_valid_2_fu_1178_p2         |       and|   0|  0|   2|           1|           1|
    |score_valid_3_fu_1199_p2         |       and|   0|  0|   2|           1|           1|
    |score_valid_4_fu_1226_p2         |       and|   0|  0|   2|           1|           1|
    |score_valid_5_fu_1247_p2         |       and|   0|  0|   2|           1|           1|
    |score_valid_6_fu_1277_p2         |       and|   0|  0|   2|           1|           1|
    |score_valid_7_fu_1298_p2         |       and|   0|  0|   2|           1|           1|
    |score_valid_fu_1119_p2           |       and|   0|  0|   2|           1|           1|
    |cmp137_fu_942_p2                 |      icmp|   0|  0|   9|           2|           1|
    |cmp138_2_fu_1205_p2              |      icmp|   0|  0|  10|           3|           2|
    |cmp138_fu_1098_p2                |      icmp|   0|  0|  10|           3|           1|
    |icmp635_fu_1157_p2               |      icmp|   0|  0|   9|           2|           1|
    |icmp_ln117_fu_976_p2             |      icmp|   0|  0|  39|          32|          32|
    |icmp_ln122_fu_1016_p2            |      icmp|   0|  0|  37|          30|           1|
    |icmp_ln169_1_fu_1027_p2          |      icmp|   0|  0|  39|          32|          32|
    |icmp_ln169_2_fu_1040_p2          |      icmp|   0|  0|  39|          32|          32|
    |icmp_ln169_3_fu_1045_p2          |      icmp|   0|  0|  39|          32|          32|
    |icmp_ln169_4_fu_1058_p2          |      icmp|   0|  0|  39|          32|          32|
    |icmp_ln169_5_fu_1063_p2          |      icmp|   0|  0|  39|          32|          32|
    |icmp_ln169_6_fu_1076_p2          |      icmp|   0|  0|  39|          32|          32|
    |icmp_ln169_7_fu_1081_p2          |      icmp|   0|  0|  39|          32|          32|
    |icmp_ln169_fu_1022_p2            |      icmp|   0|  0|  39|          32|          32|
    |icmp_ln52_1_fu_1566_p2           |      icmp|   0|  0|  39|          32|          32|
    |icmp_ln52_fu_1416_p2             |      icmp|   0|  0|  39|          32|          32|
    |icmp_ln54_1_fu_1580_p2           |      icmp|   0|  0|  39|          32|          32|
    |icmp_ln54_fu_1430_p2             |      icmp|   0|  0|  39|          32|          32|
    |ap_block_state3_on_subcall_done  |        or|   0|  0|   2|           1|           1|
    |ap_block_state7_on_subcall_done  |        or|   0|  0|   2|           1|           1|
    |or_ln169_1_fu_1130_p2            |        or|   0|  0|   2|           1|           1|
    |or_ln169_2_fu_1168_p2            |        or|   0|  0|   2|           1|           1|
    |or_ln169_3_fu_1189_p2            |        or|   0|  0|   2|           1|           1|
    |or_ln169_4_fu_1216_p2            |        or|   0|  0|   2|           1|           1|
    |or_ln169_5_fu_1237_p2            |        or|   0|  0|   2|           1|           1|
    |or_ln169_6_fu_1267_p2            |        or|   0|  0|   2|           1|           1|
    |or_ln169_7_fu_1293_p2            |        or|   0|  0|   2|           1|           1|
    |or_ln169_fu_1109_p2              |        or|   0|  0|   2|           1|           1|
    |or_ln334_1_fu_2103_p2            |        or|   0|  0|   2|           1|           1|
    |or_ln334_2_fu_2122_p2            |        or|   0|  0|   2|           1|           1|
    |or_ln334_3_fu_2141_p2            |        or|   0|  0|   2|           1|           1|
    |or_ln334_4_fu_2160_p2            |        or|   0|  0|   2|           1|           1|
    |or_ln334_5_fu_2179_p2            |        or|   0|  0|   2|           1|           1|
    |or_ln334_6_fu_2198_p2            |        or|   0|  0|   2|           1|           1|
    |or_ln334_7_fu_2217_p2            |        or|   0|  0|   2|           1|           1|
    |or_ln334_fu_2084_p2              |        or|   0|  0|   2|           1|           1|
    |or_ln439_1_fu_1672_p2            |        or|   0|  0|   2|           1|           1|
    |or_ln439_fu_1658_p2              |        or|   0|  0|   2|           1|           1|
    |acc_a_2_fu_2245_p3               |    select|   0|  0|  32|           1|          32|
    |acc_a_3_fu_2261_p3               |    select|   0|  0|  32|           1|          32|
    |acc_b_3_fu_1703_p3               |    select|   0|  0|  32|           1|          32|
    |acc_b_fu_1696_p3                 |    select|   0|  0|  32|           1|          32|
    |active_keys_fu_1091_p3           |    select|   0|  0|   4|           1|           3|
    |in_b_assign_fu_1634_p2           |    select|   0|  0|  32|           1|          32|
    |in_b_assign_fu_1634_p4           |    select|   0|  0|  32|           1|          32|
    |in_b_assign_fu_1634_p6           |    select|   0|  0|  32|           1|          32|
    |in_b_assign_fu_1634_p8           |    select|   0|  0|  32|           1|          32|
    |operand_c_15_fu_1749_p3          |    select|   0|  0|  32|           1|          32|
    |operand_c_16_fu_1756_p3          |    select|   0|  0|  32|           1|          32|
    |operand_c_17_fu_1763_p3          |    select|   0|  0|  32|           1|          32|
    |operand_c_18_fu_1770_p3          |    select|   0|  0|  32|           1|          32|
    |operand_c_19_fu_1777_p3          |    select|   0|  0|  32|           1|          32|
    |operand_c_20_fu_1784_p3          |    select|   0|  0|  32|           1|          32|
    |operand_c_21_fu_1791_p3          |    select|   0|  0|  32|           1|          32|
    |operand_c_fu_1742_p3             |    select|   0|  0|  32|           1|          32|
    |pe_reg_10_fu_1925_p3             |    select|   0|  0|  16|           1|          16|
    |pe_reg_11_fu_1932_p3             |    select|   0|  0|  16|           1|          16|
    |pe_reg_12_fu_1939_p3             |    select|   0|  0|  16|           1|          16|
    |pe_reg_13_fu_1946_p3             |    select|   0|  0|  16|           1|          16|
    |pe_reg_14_fu_1953_p3             |    select|   0|  0|  16|           1|          16|
    |pe_reg_15_fu_1960_p3             |    select|   0|  0|  16|           1|          16|
    |pe_reg_16_fu_1967_p3             |    select|   0|  0|  16|           1|          16|
    |pe_reg_17_fu_2089_p3             |    select|   0|  0|  16|           1|           1|
    |pe_reg_18_fu_2108_p3             |    select|   0|  0|  16|           1|           1|
    |pe_reg_19_fu_2127_p3             |    select|   0|  0|  16|           1|           1|
    |pe_reg_20_fu_2146_p3             |    select|   0|  0|  16|           1|           1|
    |pe_reg_21_fu_2165_p3             |    select|   0|  0|  16|           1|           1|
    |pe_reg_22_fu_2184_p3             |    select|   0|  0|  16|           1|           1|
    |pe_reg_23_fu_2203_p3             |    select|   0|  0|  16|           1|           1|
    |pe_reg_24_fu_2222_p3             |    select|   0|  0|  16|           1|           1|
    |pe_reg_2_fu_1837_p3              |    select|   0|  0|  16|           1|          16|
    |pe_reg_3_fu_1844_p3              |    select|   0|  0|  16|           1|          16|
    |pe_reg_4_fu_1851_p3              |    select|   0|  0|  16|           1|          16|
    |pe_reg_5_fu_1858_p3              |    select|   0|  0|  16|           1|          16|
    |pe_reg_6_fu_1865_p3              |    select|   0|  0|  16|           1|          16|
    |pe_reg_7_fu_1872_p3              |    select|   0|  0|  16|           1|          16|
    |pe_reg_8_fu_1879_p3              |    select|   0|  0|  16|           1|          16|
    |pe_reg_9_fu_1918_p3              |    select|   0|  0|  16|           1|          16|
    |pe_reg_fu_1830_p3                |    select|   0|  0|  16|           1|          16|
    |select_ln236_1_fu_2254_p3        |    select|   0|  0|  32|           1|          32|
    |select_ln236_fu_2238_p3          |    select|   0|  0|  32|           1|          32|
    |select_ln439_1_fu_1678_p3        |    select|   0|  0|  32|           1|          32|
    |select_ln439_fu_1664_p3          |    select|   0|  0|  32|           1|          32|
    |tmp_4_fu_1484_p2                 |    select|   0|  0|  32|           1|          32|
    |tmp_4_fu_1484_p4                 |    select|   0|  0|  32|           1|          32|
    |tmp_4_fu_1484_p6                 |    select|   0|  0|  32|           1|          32|
    |tmp_4_fu_1484_p8                 |    select|   0|  0|  32|           1|          32|
    |p_not356_fu_1974_p2              |       xor|   0|  0|   2|           1|           2|
    |p_not359_fu_1980_p2              |       xor|   0|  0|   2|           1|           2|
    |p_not362_fu_1986_p2              |       xor|   0|  0|   2|           1|           2|
    |p_not365_fu_1992_p2              |       xor|   0|  0|   2|           1|           2|
    |p_not368_fu_1998_p2              |       xor|   0|  0|   2|           1|           2|
    |p_not371_fu_2004_p2              |       xor|   0|  0|   2|           1|           2|
    |p_not374_fu_2010_p2              |       xor|   0|  0|   2|           1|           2|
    |p_not377_fu_2016_p2              |       xor|   0|  0|   2|           1|           2|
    |xor_ln169_1_fu_1104_p2           |       xor|   0|  0|   2|           1|           2|
    |xor_ln169_2_fu_1125_p2           |       xor|   0|  0|   2|           1|           2|
    |xor_ln169_3_fu_1163_p2           |       xor|   0|  0|   2|           1|           2|
    |xor_ln169_4_fu_1184_p2           |       xor|   0|  0|   2|           1|           2|
    |xor_ln169_5_fu_1211_p2           |       xor|   0|  0|   2|           1|           2|
    |xor_ln169_6_fu_1232_p2           |       xor|   0|  0|   2|           1|           2|
    |xor_ln169_7_fu_1262_p2           |       xor|   0|  0|   2|           1|           2|
    |xor_ln169_8_fu_1288_p2           |       xor|   0|  0|   2|           1|           2|
    |xor_ln201_1_fu_1600_p2           |       xor|   0|  0|   2|           2|           1|
    |xor_ln201_fu_1450_p2             |       xor|   0|  0|   2|           2|           1|
    |xor_ln334_1_fu_2097_p2           |       xor|   0|  0|   2|           1|           2|
    |xor_ln334_2_fu_2116_p2           |       xor|   0|  0|   2|           1|           2|
    |xor_ln334_3_fu_2135_p2           |       xor|   0|  0|   2|           1|           2|
    |xor_ln334_4_fu_2154_p2           |       xor|   0|  0|   2|           1|           2|
    |xor_ln334_5_fu_2173_p2           |       xor|   0|  0|   2|           1|           2|
    |xor_ln334_6_fu_2192_p2           |       xor|   0|  0|   2|           1|           2|
    |xor_ln334_7_fu_2211_p2           |       xor|   0|  0|   2|           1|           2|
    |xor_ln334_fu_2078_p2             |       xor|   0|  0|   2|           1|           2|
    |xor_ln48_2_fu_1552_p2            |       xor|   0|  0|   2|           1|           1|
    |xor_ln48_3_fu_1456_p2            |       xor|   0|  0|   2|           1|           2|
    |xor_ln48_4_fu_1606_p2            |       xor|   0|  0|   2|           1|           2|
    |xor_ln48_fu_1402_p2              |       xor|   0|  0|   2|           1|           1|
    +---------------------------------+----------+----+---+----+------------+------------+
    |Total                            |          |   0|  0|1964|         645|        1590|
    +---------------------------------+----------+----+---+----+------------+------------+

    * Multiplexer: 
    +----------------------------------------------+-----+-----------+-----+-----------+
    |                     Name                     | LUT | Input Size| Bits| Total Bits|
    +----------------------------------------------+-----+-----------+-----+-----------+
    |ap_NS_fsm                                     |  162|         36|    1|         36|
    |dc_5_fu_166                                   |    9|          2|   32|         64|
    |dc_fu_162                                     |    9|          2|   32|         64|
    |empty_146_reg_522                             |    9|          2|    1|          2|
    |empty_147_reg_534                             |    9|          2|    1|          2|
    |grp_runAccumulatorColumns_fu_697_ap_ce        |   14|          3|    1|          3|
    |grp_runAccumulatorColumns_fu_697_ap_start     |    9|          2|    1|          2|
    |grp_runAccumulatorColumns_fu_697_exp2_mode    |   20|          4|    1|          4|
    |grp_runAccumulatorColumns_fu_697_in_a_read    |   26|          5|   32|        160|
    |grp_runAccumulatorColumns_fu_697_in_a_read_2  |   26|          5|   32|        160|
    |grp_runAccumulatorColumns_fu_697_in_b_read    |   20|          4|   32|        128|
    |grp_runAccumulatorColumns_fu_697_in_b_read_2  |   20|          4|   32|        128|
    |grp_runAccumulatorColumns_fu_697_in_c_read    |   20|          4|   32|        128|
    |grp_runAccumulatorColumns_fu_697_in_c_read_2  |   20|          4|   32|        128|
    |grp_runPeArray_fu_718_ap_ce                   |   26|          5|    1|          5|
    |grp_runPeArray_fu_718_ap_start                |   26|          5|    1|          5|
    |grp_runPeArray_fu_718_exp2_mode               |   31|          6|    1|          6|
    |grp_runPeArray_fu_718_operand_b_read          |   37|          7|   16|        112|
    |grp_runPeArray_fu_718_operand_b_read_10       |   37|          7|   16|        112|
    |grp_runPeArray_fu_718_operand_b_read_11       |   37|          7|   16|        112|
    |grp_runPeArray_fu_718_operand_b_read_12       |   37|          7|   16|        112|
    |grp_runPeArray_fu_718_operand_b_read_13       |   37|          7|   16|        112|
    |grp_runPeArray_fu_718_operand_b_read_14       |   37|          7|   16|        112|
    |grp_runPeArray_fu_718_operand_b_read_8        |   37|          7|   16|        112|
    |grp_runPeArray_fu_718_operand_b_read_9        |   37|          7|   16|        112|
    |grp_runPeArray_fu_718_operand_c_read          |   37|          7|   32|        224|
    |grp_runPeArray_fu_718_operand_c_read_10       |   37|          7|   32|        224|
    |grp_runPeArray_fu_718_operand_c_read_11       |   37|          7|   32|        224|
    |grp_runPeArray_fu_718_operand_c_read_12       |   37|          7|   32|        224|
    |grp_runPeArray_fu_718_operand_c_read_13       |   37|          7|   32|        224|
    |grp_runPeArray_fu_718_operand_c_read_14       |   37|          7|   32|        224|
    |grp_runPeArray_fu_718_operand_c_read_8        |   37|          7|   32|        224|
    |grp_runPeArray_fu_718_operand_c_read_9        |   37|          7|   32|        224|
    |grp_runPeArray_fu_718_pe_reg_read             |   37|          7|   16|        112|
    |grp_runPeArray_fu_718_pe_reg_read_10          |   37|          7|   16|        112|
    |grp_runPeArray_fu_718_pe_reg_read_11          |   37|          7|   16|        112|
    |grp_runPeArray_fu_718_pe_reg_read_12          |   37|          7|   16|        112|
    |grp_runPeArray_fu_718_pe_reg_read_13          |   37|          7|   16|        112|
    |grp_runPeArray_fu_718_pe_reg_read_14          |   37|          7|   16|        112|
    |grp_runPeArray_fu_718_pe_reg_read_8           |   37|          7|   16|        112|
    |grp_runPeArray_fu_718_pe_reg_read_9           |   37|          7|   16|        112|
    |k_tile_10_address0                            |   14|          3|    2|          6|
    |k_tile_10_ce0                                 |   14|          3|    1|          3|
    |k_tile_10_we0                                 |    9|          2|    1|          2|
    |k_tile_11_address0                            |   14|          3|    2|          6|
    |k_tile_11_ce0                                 |   14|          3|    1|          3|
    |k_tile_11_we0                                 |    9|          2|    1|          2|
    |k_tile_12_address0                            |   14|          3|    2|          6|
    |k_tile_12_ce0                                 |   14|          3|    1|          3|
    |k_tile_12_we0                                 |    9|          2|    1|          2|
    |k_tile_13_address0                            |   14|          3|    2|          6|
    |k_tile_13_ce0                                 |   14|          3|    1|          3|
    |k_tile_13_we0                                 |    9|          2|    1|          2|
    |k_tile_14_address0                            |   14|          3|    2|          6|
    |k_tile_14_ce0                                 |   14|          3|    1|          3|
    |k_tile_14_we0                                 |    9|          2|    1|          2|
    |k_tile_15_address0                            |   14|          3|    2|          6|
    |k_tile_15_ce0                                 |   14|          3|    1|          3|
    |k_tile_15_we0                                 |    9|          2|    1|          2|
    |k_tile_1_address0                             |   14|          3|    2|          6|
    |k_tile_1_ce0                                  |   14|          3|    1|          3|
    |k_tile_1_we0                                  |    9|          2|    1|          2|
    |k_tile_2_address0                             |   14|          3|    2|          6|
    |k_tile_2_ce0                                  |   14|          3|    1|          3|
    |k_tile_2_we0                                  |    9|          2|    1|          2|
    |k_tile_3_address0                             |   14|          3|    2|          6|
    |k_tile_3_ce0                                  |   14|          3|    1|          3|
    |k_tile_3_we0                                  |    9|          2|    1|          2|
    |k_tile_4_address0                             |   14|          3|    2|          6|
    |k_tile_4_ce0                                  |   14|          3|    1|          3|
    |k_tile_4_we0                                  |    9|          2|    1|          2|
    |k_tile_5_address0                             |   14|          3|    2|          6|
    |k_tile_5_ce0                                  |   14|          3|    1|          3|
    |k_tile_5_we0                                  |    9|          2|    1|          2|
    |k_tile_6_address0                             |   14|          3|    2|          6|
    |k_tile_6_ce0                                  |   14|          3|    1|          3|
    |k_tile_6_we0                                  |    9|          2|    1|          2|
    |k_tile_7_address0                             |   14|          3|    2|          6|
    |k_tile_7_ce0                                  |   14|          3|    1|          3|
    |k_tile_7_we0                                  |    9|          2|    1|          2|
    |k_tile_8_address0                             |   14|          3|    2|          6|
    |k_tile_8_ce0                                  |   14|          3|    1|          3|
    |k_tile_8_we0                                  |    9|          2|    1|          2|
    |k_tile_9_address0                             |   14|          3|    2|          6|
    |k_tile_9_ce0                                  |   14|          3|    1|          3|
    |k_tile_9_we0                                  |    9|          2|    1|          2|
    |k_tile_address0                               |   14|          3|    2|          6|
    |k_tile_ce0                                    |   14|          3|    1|          3|
    |k_tile_we0                                    |    9|          2|    1|          2|
    |key_tile_fu_158                               |    9|          2|   32|         64|
    |running_sum_0_fu_174                          |    9|          2|   32|         64|
    |running_sum_1_0_fu_170                        |    9|          2|   32|         64|
    |v_tile_10_address0                            |   14|          3|    2|          6|
    |v_tile_10_ce0                                 |   14|          3|    1|          3|
    |v_tile_10_we0                                 |    9|          2|    1|          2|
    |v_tile_11_address0                            |   14|          3|    2|          6|
    |v_tile_11_ce0                                 |   14|          3|    1|          3|
    |v_tile_11_we0                                 |    9|          2|    1|          2|
    |v_tile_12_address0                            |   14|          3|    2|          6|
    |v_tile_12_ce0                                 |   14|          3|    1|          3|
    |v_tile_12_we0                                 |    9|          2|    1|          2|
    |v_tile_13_address0                            |   14|          3|    2|          6|
    |v_tile_13_ce0                                 |   14|          3|    1|          3|
    |v_tile_13_we0                                 |    9|          2|    1|          2|
    |v_tile_14_address0                            |   14|          3|    2|          6|
    |v_tile_14_ce0                                 |   14|          3|    1|          3|
    |v_tile_14_we0                                 |    9|          2|    1|          2|
    |v_tile_15_address0                            |   14|          3|    2|          6|
    |v_tile_15_ce0                                 |   14|          3|    1|          3|
    |v_tile_15_we0                                 |    9|          2|    1|          2|
    |v_tile_1_address0                             |   14|          3|    2|          6|
    |v_tile_1_ce0                                  |   14|          3|    1|          3|
    |v_tile_1_we0                                  |    9|          2|    1|          2|
    |v_tile_2_address0                             |   14|          3|    2|          6|
    |v_tile_2_ce0                                  |   14|          3|    1|          3|
    |v_tile_2_we0                                  |    9|          2|    1|          2|
    |v_tile_3_address0                             |   14|          3|    2|          6|
    |v_tile_3_ce0                                  |   14|          3|    1|          3|
    |v_tile_3_we0                                  |    9|          2|    1|          2|
    |v_tile_4_address0                             |   14|          3|    2|          6|
    |v_tile_4_ce0                                  |   14|          3|    1|          3|
    |v_tile_4_we0                                  |    9|          2|    1|          2|
    |v_tile_5_address0                             |   14|          3|    2|          6|
    |v_tile_5_ce0                                  |   14|          3|    1|          3|
    |v_tile_5_we0                                  |    9|          2|    1|          2|
    |v_tile_6_address0                             |   14|          3|    2|          6|
    |v_tile_6_ce0                                  |   14|          3|    1|          3|
    |v_tile_6_we0                                  |    9|          2|    1|          2|
    |v_tile_7_address0                             |   14|          3|    2|          6|
    |v_tile_7_ce0                                  |   14|          3|    1|          3|
    |v_tile_7_we0                                  |    9|          2|    1|          2|
    |v_tile_8_address0                             |   14|          3|    2|          6|
    |v_tile_8_ce0                                  |   14|          3|    1|          3|
    |v_tile_8_we0                                  |    9|          2|    1|          2|
    |v_tile_9_address0                             |   14|          3|    2|          6|
    |v_tile_9_ce0                                  |   14|          3|    1|          3|
    |v_tile_9_we0                                  |    9|          2|    1|          2|
    |v_tile_address0                               |   14|          3|    2|          6|
    |v_tile_ce0                                    |   14|          3|    1|          3|
    |v_tile_we0                                    |    9|          2|    1|          2|
    +----------------------------------------------+-----+-----------+-----+-----------+
    |Total                                         | 2555|        525| 1001|       5153|
    +----------------------------------------------+-----+-----------+-----+-----------+

    * Register: 
    +------------------------------------------------------------------------------------+----+----+-----+-----------+
    |                                        Name                                        | FF | LUT| Bits| Const Bits|
    +------------------------------------------------------------------------------------+----+----+-----+-----------+
    |acc_a_2_reg_3101                                                                    |  32|   0|   32|          0|
    |acc_a_3_reg_3107                                                                    |  32|   0|   32|          0|
    |acc_b_3_reg_2864                                                                    |  32|   0|   32|          0|
    |acc_b_reg_2859                                                                      |  32|   0|   32|          0|
    |active_keys_reg_2676                                                                |   3|   0|    3|          0|
    |and_ln201_1_reg_2838                                                                |   1|   0|    1|          0|
    |and_ln201_reg_2823                                                                  |   1|   0|    1|          0|
    |ap_CS_fsm                                                                           |  35|   0|   35|          0|
    |cmp137_reg_2615                                                                     |   1|   0|    1|          0|
    |conv1_reg_3013                                                                      |  16|   0|   16|          0|
    |conv553_1_1_reg_3028                                                                |  16|   0|   16|          0|
    |conv553_1_reg_3023                                                                  |  16|   0|   16|          0|
    |conv553_2_1_reg_3038                                                                |  16|   0|   16|          0|
    |conv553_2_reg_3033                                                                  |  16|   0|   16|          0|
    |conv553_3_1_reg_3048                                                                |  16|   0|   16|          0|
    |conv553_3_reg_3043                                                                  |  16|   0|   16|          0|
    |conv553_s_reg_3018                                                                  |  16|   0|   16|          0|
    |dc_5_fu_166                                                                         |  32|   0|   32|          0|
    |dc_5_load_reg_2814                                                                  |  32|   0|   32|          0|
    |dc_fu_162                                                                           |  32|   0|   32|          0|
    |dc_load_reg_2809                                                                    |  32|   0|   32|          0|
    |empty_146_reg_522                                                                   |   1|   0|    1|          0|
    |empty_147_reg_534                                                                   |   1|   0|    1|          0|
    |grp_runAccumulatorColumns_fu_697_ap_start_reg                                       |   1|   0|    1|          0|
    |grp_runPeArray_fu_718_ap_start_reg                                                  |   1|   0|    1|          0|
    |grp_runQueryBlock_1_Pipeline_4_fu_546_ap_start_reg                                  |   1|   0|    1|          0|
    |grp_runQueryBlock_1_Pipeline_VITIS_LOOP_109_1_VITIS_LOOP_110_2_fu_588_ap_start_reg  |   1|   0|    1|          0|
    |grp_runQueryBlock_1_Pipeline_VITIS_LOOP_144_6_VITIS_LOOP_145_7_fu_550_ap_start_reg  |   1|   0|    1|          0|
    |grp_runQueryBlock_1_Pipeline_VITIS_LOOP_162_1_fu_828_ap_start_reg                   |   1|   0|    1|          0|
    |grp_runQueryBlock_1_Pipeline_VITIS_LOOP_190_121_fu_653_ap_start_reg                 |   1|   0|    1|          0|
    |grp_runQueryBlock_1_Pipeline_VITIS_LOOP_190_12_fu_639_ap_start_reg                  |   1|   0|    1|          0|
    |grp_runQueryBlock_1_Pipeline_VITIS_LOOP_242_15_fu_667_ap_start_reg                  |   1|   0|    1|          0|
    |grp_runQueryBlock_1_Pipeline_VITIS_LOOP_300_25_fu_772_ap_start_reg                  |   1|   0|    1|          0|
    |grp_runQueryBlock_1_Pipeline_VITIS_LOOP_369_33_fu_842_ap_start_reg                  |   1|   0|    1|          0|
    |icmp_ln122_reg_2631                                                                 |   1|   0|    1|          0|
    |icmp_ln169_1_reg_2641                                                               |   1|   0|    1|          0|
    |icmp_ln169_2_reg_2646                                                               |   1|   0|    1|          0|
    |icmp_ln169_3_reg_2651                                                               |   1|   0|    1|          0|
    |icmp_ln169_4_reg_2656                                                               |   1|   0|    1|          0|
    |icmp_ln169_5_reg_2661                                                               |   1|   0|    1|          0|
    |icmp_ln169_6_reg_2666                                                               |   1|   0|    1|          0|
    |icmp_ln169_7_reg_2671                                                               |   1|   0|    1|          0|
    |icmp_ln169_reg_2636                                                                 |   1|   0|    1|          0|
    |in_b_assign_reg_2843                                                                |  32|   0|   32|          0|
    |key_tile_fu_158                                                                     |  32|   0|   32|          0|
    |or_ln439_1_reg_2854                                                                 |   1|   0|    1|          0|
    |or_ln439_reg_2849                                                                   |   1|   0|    1|          0|
    |p_not356_reg_2965                                                                   |   1|   0|    1|          0|
    |p_not359_reg_2971                                                                   |   1|   0|    1|          0|
    |p_not362_reg_2977                                                                   |   1|   0|    1|          0|
    |p_not365_reg_2983                                                                   |   1|   0|    1|          0|
    |p_not368_reg_2989                                                                   |   1|   0|    1|          0|
    |p_not371_reg_2995                                                                   |   1|   0|    1|          0|
    |p_not374_reg_3001                                                                   |   1|   0|    1|          0|
    |p_not377_reg_3007                                                                   |   1|   0|    1|          0|
    |pe_reg_10_reg_2930                                                                  |  16|   0|   16|          0|
    |pe_reg_11_reg_2935                                                                  |  16|   0|   16|          0|
    |pe_reg_12_reg_2940                                                                  |  16|   0|   16|          0|
    |pe_reg_13_reg_2945                                                                  |  16|   0|   16|          0|
    |pe_reg_14_reg_2950                                                                  |  16|   0|   16|          0|
    |pe_reg_15_reg_2955                                                                  |  16|   0|   16|          0|
    |pe_reg_16_reg_2960                                                                  |  16|   0|   16|          0|
    |pe_reg_17_reg_3053                                                                  |  16|   0|   16|          0|
    |pe_reg_18_reg_3059                                                                  |  16|   0|   16|          0|
    |pe_reg_19_reg_3065                                                                  |  16|   0|   16|          0|
    |pe_reg_20_reg_3071                                                                  |  16|   0|   16|          0|
    |pe_reg_21_reg_3077                                                                  |  16|   0|   16|          0|
    |pe_reg_22_reg_3083                                                                  |  16|   0|   16|          0|
    |pe_reg_23_reg_3089                                                                  |  16|   0|   16|          0|
    |pe_reg_24_reg_3095                                                                  |  16|   0|   16|          0|
    |pe_reg_2_reg_2890                                                                   |  16|   0|   16|          0|
    |pe_reg_3_reg_2895                                                                   |  16|   0|   16|          0|
    |pe_reg_4_reg_2900                                                                   |  16|   0|   16|          0|
    |pe_reg_5_reg_2905                                                                   |  16|   0|   16|          0|
    |pe_reg_6_reg_2910                                                                   |  16|   0|   16|          0|
    |pe_reg_7_reg_2915                                                                   |  16|   0|   16|          0|
    |pe_reg_8_reg_2920                                                                   |  16|   0|   16|          0|
    |pe_reg_9_reg_2925                                                                   |  16|   0|   16|          0|
    |pe_reg_reg_2885                                                                     |  16|   0|   16|          0|
    |running_sum_0_fu_174                                                                |  32|   0|   32|          0|
    |running_sum_1_0_fu_170                                                              |  32|   0|   32|          0|
    |score_valid_1_reg_2692                                                              |   1|   0|    1|          0|
    |score_valid_2_reg_2708                                                              |   1|   0|    1|          0|
    |score_valid_3_reg_2719                                                              |   1|   0|    1|          0|
    |score_valid_4_reg_2730                                                              |   1|   0|    1|          0|
    |score_valid_5_reg_2741                                                              |   1|   0|    1|          0|
    |score_valid_6_reg_2757                                                              |   1|   0|    1|          0|
    |score_valid_7_reg_2768                                                              |   1|   0|    1|          0|
    |score_valid_reg_2681                                                                |   1|   0|    1|          0|
    |sub_i2_reg_2869                                                                     |  32|   0|   32|          0|
    |sub_i3_reg_2877                                                                     |  32|   0|   32|          0|
    |tmp_14_reg_2703                                                                     |   2|   0|    2|          0|
    |tmp_15_reg_2752                                                                     |   1|   0|    1|          0|
    |tmp_4_reg_2828                                                                      |  32|   0|   32|          0|
    |trunc_ln122_reg_2626                                                                |   3|   0|    3|          0|
    +------------------------------------------------------------------------------------+----+----+-----+-----------+
    |Total                                                                               |1079|   0| 1079|          0|
    +------------------------------------------------------------------------------------+----+----+-----+-----------+



================================================================
== Interface
================================================================
* Summary: 
+--------------------------------------------+-----+-----+------------+-------------------------------------------+--------------+
|                  RTL Ports                 | Dir | Bits|  Protocol  |               Source Object               |    C Type    |
+--------------------------------------------+-----+-----+------------+-------------------------------------------+--------------+
|ap_clk                                      |   in|    1|  ap_ctrl_hs|  runQueryBlock<1>_Outline_VITIS_LOOP_117_5|  return value|
|ap_rst                                      |   in|    1|  ap_ctrl_hs|  runQueryBlock<1>_Outline_VITIS_LOOP_117_5|  return value|
|ap_start                                    |   in|    1|  ap_ctrl_hs|  runQueryBlock<1>_Outline_VITIS_LOOP_117_5|  return value|
|ap_done                                     |  out|    1|  ap_ctrl_hs|  runQueryBlock<1>_Outline_VITIS_LOOP_117_5|  return value|
|ap_idle                                     |  out|    1|  ap_ctrl_hs|  runQueryBlock<1>_Outline_VITIS_LOOP_117_5|  return value|
|ap_ready                                    |  out|    1|  ap_ctrl_hs|  runQueryBlock<1>_Outline_VITIS_LOOP_117_5|  return value|
|grp_runAccumulatorColumns_fu_551_p_din1     |  out|    1|  ap_ctrl_hs|  runQueryBlock<1>_Outline_VITIS_LOOP_117_5|  return value|
|grp_runAccumulatorColumns_fu_551_p_din2     |  out|   32|  ap_ctrl_hs|  runQueryBlock<1>_Outline_VITIS_LOOP_117_5|  return value|
|grp_runAccumulatorColumns_fu_551_p_din3     |  out|   32|  ap_ctrl_hs|  runQueryBlock<1>_Outline_VITIS_LOOP_117_5|  return value|
|grp_runAccumulatorColumns_fu_551_p_din4     |  out|   32|  ap_ctrl_hs|  runQueryBlock<1>_Outline_VITIS_LOOP_117_5|  return value|
|grp_runAccumulatorColumns_fu_551_p_din5     |  out|   32|  ap_ctrl_hs|  runQueryBlock<1>_Outline_VITIS_LOOP_117_5|  return value|
|grp_runAccumulatorColumns_fu_551_p_din6     |  out|   32|  ap_ctrl_hs|  runQueryBlock<1>_Outline_VITIS_LOOP_117_5|  return value|
|grp_runAccumulatorColumns_fu_551_p_din7     |  out|   32|  ap_ctrl_hs|  runQueryBlock<1>_Outline_VITIS_LOOP_117_5|  return value|
|grp_runAccumulatorColumns_fu_551_p_dout0_0  |   in|   32|  ap_ctrl_hs|  runQueryBlock<1>_Outline_VITIS_LOOP_117_5|  return value|
|grp_runAccumulatorColumns_fu_551_p_dout0_1  |   in|   32|  ap_ctrl_hs|  runQueryBlock<1>_Outline_VITIS_LOOP_117_5|  return value|
|grp_runAccumulatorColumns_fu_551_p_ce       |  out|    1|  ap_ctrl_hs|  runQueryBlock<1>_Outline_VITIS_LOOP_117_5|  return value|
|grp_runAccumulatorColumns_fu_551_p_start    |  out|    1|  ap_ctrl_hs|  runQueryBlock<1>_Outline_VITIS_LOOP_117_5|  return value|
|grp_runAccumulatorColumns_fu_551_p_ready    |   in|    1|  ap_ctrl_hs|  runQueryBlock<1>_Outline_VITIS_LOOP_117_5|  return value|
|grp_runAccumulatorColumns_fu_551_p_done     |   in|    1|  ap_ctrl_hs|  runQueryBlock<1>_Outline_VITIS_LOOP_117_5|  return value|
|grp_runAccumulatorColumns_fu_551_p_idle     |   in|    1|  ap_ctrl_hs|  runQueryBlock<1>_Outline_VITIS_LOOP_117_5|  return value|
|header_key_tiles                            |   in|   32|     ap_none|                           header_key_tiles|        scalar|
|q_tile_address0                             |  out|    2|   ap_memory|                                     q_tile|         array|
|q_tile_ce0                                  |  out|    1|   ap_memory|                                     q_tile|         array|
|q_tile_q0                                   |   in|   16|   ap_memory|                                     q_tile|         array|
|q_tile_1_address0                           |  out|    2|   ap_memory|                                   q_tile_1|         array|
|q_tile_1_ce0                                |  out|    1|   ap_memory|                                   q_tile_1|         array|
|q_tile_1_q0                                 |   in|   16|   ap_memory|                                   q_tile_1|         array|
|q_tile_2_address0                           |  out|    2|   ap_memory|                                   q_tile_2|         array|
|q_tile_2_ce0                                |  out|    1|   ap_memory|                                   q_tile_2|         array|
|q_tile_2_q0                                 |   in|   16|   ap_memory|                                   q_tile_2|         array|
|q_tile_3_address0                           |  out|    2|   ap_memory|                                   q_tile_3|         array|
|q_tile_3_ce0                                |  out|    1|   ap_memory|                                   q_tile_3|         array|
|q_tile_3_q0                                 |   in|   16|   ap_memory|                                   q_tile_3|         array|
|q_tile_4_address0                           |  out|    2|   ap_memory|                                   q_tile_4|         array|
|q_tile_4_ce0                                |  out|    1|   ap_memory|                                   q_tile_4|         array|
|q_tile_4_q0                                 |   in|   16|   ap_memory|                                   q_tile_4|         array|
|q_tile_5_address0                           |  out|    2|   ap_memory|                                   q_tile_5|         array|
|q_tile_5_ce0                                |  out|    1|   ap_memory|                                   q_tile_5|         array|
|q_tile_5_q0                                 |   in|   16|   ap_memory|                                   q_tile_5|         array|
|q_tile_6_address0                           |  out|    2|   ap_memory|                                   q_tile_6|         array|
|q_tile_6_ce0                                |  out|    1|   ap_memory|                                   q_tile_6|         array|
|q_tile_6_q0                                 |   in|   16|   ap_memory|                                   q_tile_6|         array|
|q_tile_7_address0                           |  out|    2|   ap_memory|                                   q_tile_7|         array|
|q_tile_7_ce0                                |  out|    1|   ap_memory|                                   q_tile_7|         array|
|q_tile_7_q0                                 |   in|   16|   ap_memory|                                   q_tile_7|         array|
|empty                                       |   in|    1|     ap_none|                                      empty|        scalar|
|header_length                               |   in|   32|     ap_none|                              header_length|        scalar|
|global_query                                |   in|   32|     ap_none|                               global_query|        scalar|
|xor_ln169                                   |   in|    1|     ap_none|                                  xor_ln169|        scalar|
|global_query_1                              |   in|   32|     ap_none|                             global_query_1|        scalar|
|kv1_dout                                    |   in|  128|     ap_fifo|                                        kv1|       pointer|
|kv1_empty_n                                 |   in|    1|     ap_fifo|                                        kv1|       pointer|
|kv1_read                                    |  out|    1|     ap_fifo|                                        kv1|       pointer|
|kv1_num_data_valid                          |   in|    4|     ap_fifo|                                        kv1|       pointer|
|kv1_fifo_cap                                |   in|    4|     ap_fifo|                                        kv1|       pointer|
|output_acc_1_address0                       |  out|    4|   ap_memory|                               output_acc_1|         array|
|output_acc_1_ce0                            |  out|    1|   ap_memory|                               output_acc_1|         array|
|output_acc_1_we0                            |  out|    1|   ap_memory|                               output_acc_1|         array|
|output_acc_1_d0                             |  out|   32|   ap_memory|                               output_acc_1|         array|
|output_acc_1_address1                       |  out|    4|   ap_memory|                               output_acc_1|         array|
|output_acc_1_ce1                            |  out|    1|   ap_memory|                               output_acc_1|         array|
|output_acc_1_q1                             |   in|   32|   ap_memory|                               output_acc_1|         array|
|output_acc_address0                         |  out|    4|   ap_memory|                                 output_acc|         array|
|output_acc_ce0                              |  out|    1|   ap_memory|                                 output_acc|         array|
|output_acc_we0                              |  out|    1|   ap_memory|                                 output_acc|         array|
|output_acc_d0                               |  out|   32|   ap_memory|                                 output_acc|         array|
|output_acc_address1                         |  out|    4|   ap_memory|                                 output_acc|         array|
|output_acc_ce1                              |  out|    1|   ap_memory|                                 output_acc|         array|
|output_acc_q1                               |   in|   32|   ap_memory|                                 output_acc|         array|
|active_queries                              |   in|    2|     ap_none|                             active_queries|        scalar|
|running_sum_0_out                           |  out|   32|      ap_vld|                          running_sum_0_out|       pointer|
|running_sum_0_out_ap_vld                    |  out|    1|      ap_vld|                          running_sum_0_out|       pointer|
|running_sum_1_0_out                         |  out|   32|      ap_vld|                        running_sum_1_0_out|       pointer|
|running_sum_1_0_out_ap_vld                  |  out|    1|      ap_vld|                        running_sum_1_0_out|       pointer|
+--------------------------------------------+-----+-----+------------+-------------------------------------------+--------------+

