Copyright 1986-2022 Xilinx, Inc. All Rights Reserved. Copyright 2022-2024 Advanced Micro Devices, Inc. All Rights Reserved.
---------------------------------------------------------------------------------------------------------------------------------------------
| Tool Version : Vivado v.2024.2 (lin64) Build 5239630 Fri Nov 08 22:34:34 MST 2024
| Date         : Sat Oct 10 13:56:25 2026
| Host         : lenovo-ThinkStation-P920 running 64-bit Ubuntu 24.04.3 LTS
| Command      : report_high_fanout_nets -timing -max_nets 30 -file fanout.rpt
| Design       : fsa_stream_split_d
| Device       : xcvu37p_CIV
---------------------------------------------------------------------------------------------------------------------------------------------

High Fan-out Nets Information

1. Summary
----------

+----------------------------------------------------------------------------------------------------------------------------------------------------------------------------------------------------------------------------------------------------+--------+-------------+-----------------+-----------------+
| Net Name                                                                                                                                                                                                                                           | Fanout | Driver Type | Worst Slack(ns) | Worst Delay(ns) |
+----------------------------------------------------------------------------------------------------------------------------------------------------------------------------------------------------------------------------------------------------+--------+-------------+-----------------+-----------------+
| ap_rst_n                                                                                                                                                                                                                                           |   3749 | PORT        |             inf |           0.000 |
| grp_run_fu_161/grp_runController_fu_106/grp_runQueryTile_fu_142/runQueryBlock_0_U0/grp_runAccumulatorColumns_fu_488_ap_ce                                                                                                                          |   1385 | BUFGCE      |           1.616 |           1.353 |
| grp_run_fu_161/grp_runController_fu_106/grp_runQueryTile_fu_142/runQueryBlock_1_U0/grp_runAccumulatorColumns_fu_527_ap_ce                                                                                                                          |   1385 | BUFGCE      |           1.034 |           1.553 |
| grp_run_fu_161/grp_runController_fu_106/grp_runQueryTile_fu_142/runQueryBlock_0_U0/grp_runQueryBlock_0_Outline_VITIS_LOOP_116_5_fu_148/grp_runPeArray_fu_614/ap_enable_reg_pp0_iter1                                                               |    757 | FDRE        |           1.339 |           5.620 |
| grp_run_fu_161/grp_runController_fu_106/grp_runQueryTile_fu_142/runQueryBlock_1_U0/grp_runQueryBlock_1_Outline_VITIS_LOOP_116_5_fu_152/grp_runPeArray_fu_614/ap_enable_reg_pp0_iter1                                                               |    757 | FDRE        |           1.636 |           4.883 |
| grp_run_fu_161/grp_runController_fu_106/grp_runQueryTile_fu_142/gatherQueryTile_U0/normalized_3_address0[3]                                                                                                                                        |    384 | LUT5        |           3.499 |           0.986 |
| grp_run_fu_161/grp_runController_fu_106/grp_runQueryTile_fu_142/gatherQueryTile_U0/normalized_3_address0[0]                                                                                                                                        |    384 | LUT4        |           4.461 |           1.405 |
| grp_run_fu_161/grp_runController_fu_106/grp_runQueryTile_fu_142/gatherQueryTile_U0/normalized_3_address0[1]                                                                                                                                        |    384 | LUT5        |           4.422 |           0.953 |
| grp_run_fu_161/grp_runController_fu_106/grp_runQueryTile_fu_142/gatherQueryTile_U0/normalized_3_address0[2]                                                                                                                                        |    384 | LUT5        |           3.936 |           1.344 |
| grp_run_fu_161/grp_runController_fu_106/grp_runQueryTile_fu_142/distributeQueryTile_U0/grp_distributeQueryTile_Pipeline_VITIS_LOOP_498_3_VITIS_LOOP_503_4_VITIS_LOOP_504_5_fu_220/ap_block_pp0_stage0_subdone                                      |    382 | LUT6        |           0.443 |           2.794 |
| grp_run_fu_161/grp_runController_fu_106/grp_runQueryTile_fu_142/runQueryBlock_1_U0/grp_runQueryBlock_1_Outline_VITIS_LOOP_116_5_fu_152/grp_runPeArray_fu_614_exp2_mode                                                                             |    345 | LUT3        |           1.911 |           1.486 |
| grp_run_fu_161/grp_runController_fu_106/grp_runQueryTile_fu_142/runQueryBlock_0_U0/grp_runQueryBlock_0_Outline_VITIS_LOOP_116_5_fu_148/grp_runPeArray_fu_614_exp2_mode                                                                             |    337 | LUT3        |           2.094 |           1.154 |
| ap_CS_fsm_state1                                                                                                                                                                                                                                   |    290 | FDSE        |           1.567 |           1.648 |
| k_gmem_m_axi_U/load_unit_0/fifo_rreq/raddr_reg[1]                                                                                                                                                                                                  |    278 | FDRE        |           5.302 |           1.184 |
| v_gmem_m_axi_U/load_unit_0/fifo_rreq/raddr_reg[1]                                                                                                                                                                                                  |    278 | FDRE        |           5.090 |           1.425 |
| k_gmem_m_axi_U/load_unit_0/fifo_rreq/raddr_reg[3]                                                                                                                                                                                                  |    277 | FDRE        |           5.095 |           1.474 |
| v_gmem_m_axi_U/load_unit_0/fifo_rreq/raddr_reg[2]                                                                                                                                                                                                  |    277 | FDRE        |           5.057 |           1.474 |
| v_gmem_m_axi_U/load_unit_0/fifo_rreq/raddr_reg[3]                                                                                                                                                                                                  |    277 | FDRE        |           5.053 |           1.398 |
| v_gmem_m_axi_U/load_unit_0/fifo_rreq/raddr_reg[4]                                                                                                                                                                                                  |    277 | FDRE        |           4.875 |           1.827 |
| k_gmem_m_axi_U/load_unit_0/fifo_rreq/raddr_reg[2]                                                                                                                                                                                                  |    277 | FDRE        |           5.278 |           0.675 |
| k_gmem_m_axi_U/load_unit_0/fifo_rreq/raddr_reg[4]                                                                                                                                                                                                  |    277 | FDRE        |           4.134 |           2.428 |
| v_gmem_m_axi_U/load_unit_0/fifo_rreq/raddr_reg[0]                                                                                                                                                                                                  |    276 | FDRE        |           5.133 |           1.580 |
| grp_run_fu_161/grp_runController_fu_106/grp_runQueryTile_fu_142/runQueryBlock_0_U0/grp_runQueryBlock_0_Outline_VITIS_LOOP_116_5_fu_148/grp_runQueryBlock_0_Pipeline_VITIS_LOOP_297_25_fu_668/flow_control_loop_pipe_sequential_init_U/ap_loop_init |    276 | LUT2        |           3.649 |           0.722 |
| grp_run_fu_161/grp_runController_fu_106/grp_runQueryTile_fu_142/runQueryBlock_1_U0/grp_runQueryBlock_1_Outline_VITIS_LOOP_116_5_fu_152/grp_runQueryBlock_1_Pipeline_VITIS_LOOP_297_25_fu_668/flow_control_loop_pipe_sequential_init_U/ap_loop_init |    276 | LUT2        |           4.259 |           2.261 |
| k_gmem_m_axi_U/load_unit_0/fifo_rreq/raddr_reg[0]                                                                                                                                                                                                  |    276 | FDRE        |           5.021 |           1.472 |
| k_gmem_m_axi_U/load_unit_0/fifo_rreq/push                                                                                                                                                                                                          |    273 | LUT2        |           2.448 |           1.048 |
| v_gmem_m_axi_U/load_unit_0/fifo_rreq/push                                                                                                                                                                                                          |    273 | LUT2        |           2.909 |           0.870 |
| grp_run_fu_161/grp_runController_fu_106/grp_runQueryTile_fu_142/runQueryBlock_0_U0/grp_runQueryBlock_0_Outline_VITIS_LOOP_116_5_fu_148/ap_CS_fsm_state26                                                                                           |    266 | FDRE        |           1.212 |           1.995 |
| grp_run_fu_161/grp_runController_fu_106/grp_runQueryTile_fu_142/runQueryBlock_1_U0/grp_runQueryBlock_1_Outline_VITIS_LOOP_116_5_fu_152/ap_CS_fsm_state26                                                                                           |    266 | FDRE        |           0.838 |           1.396 |
| grp_run_fu_161/grp_runController_fu_106/grp_runQueryTile_fu_142/runQueryBlock_1_U0/grp_runQueryBlock_1_Outline_VITIS_LOOP_116_5_fu_152/grp_runQueryBlock_1_Pipeline_VITIS_LOOP_162_1_fu_724/ap_CS_fsm_pp0_stage4                                   |    260 | FDRE        |           3.689 |           1.943 |
+----------------------------------------------------------------------------------------------------------------------------------------------------------------------------------------------------------------------------------------------------+--------+-------------+-----------------+-----------------+


