Copyright 1986-2022 Xilinx, Inc. All Rights Reserved. Copyright 2022-2024 Advanced Micro Devices, Inc. All Rights Reserved.
---------------------------------------------------------------------------------------------------------------------------------------------
| Tool Version : Vivado v.2024.2 (lin64) Build 5239630 Fri Nov 08 22:34:34 MST 2024
| Date         : Sat Oct 10 14:52:55 2026
| Host         : lenovo-ThinkStation-P920 running 64-bit Ubuntu 24.04.3 LTS
| Command      : report_high_fanout_nets -timing -max_nets 30 -file fanout.rpt
| Design       : fsa_stream_split_d
| Device       : xcvu37p_CIV
---------------------------------------------------------------------------------------------------------------------------------------------

High Fan-out Nets Information

1. Summary
----------

+----------------------------------------------------------------------------------------------------------------------------------------------------------------------------------------------------------------------------------------------------+--------+-------------+-----------------+-----------------+
| Net Name                                                                                                                                                                                                                                           | Fanout | Driver Type | Worst Slack(ns) | Worst Delay(ns) |
+----------------------------------------------------------------------------------------------------------------------------------------------------------------------------------------------------------------------------------------------------+--------+-------------+-----------------+-----------------+
| ap_rst_n                                                                                                                                                                                                                                           |   3749 | PORT        |             inf |           0.000 |
| grp_run_fu_161/grp_runController_fu_106/grp_runQueryTile_fu_142/runQueryBlock_0_U0/grp_runAccumulatorColumns_fu_512_ap_ce                                                                                                                          |   1385 | BUFGCE      |           2.197 |           1.295 |
| grp_run_fu_161/grp_runController_fu_106/grp_runQueryTile_fu_142/runQueryBlock_1_U0/grp_runAccumulatorColumns_fu_551_ap_ce                                                                                                                          |   1385 | BUFGCE      |           2.030 |           1.234 |
| grp_run_fu_161/grp_runController_fu_106/grp_runQueryTile_fu_142/runQueryBlock_0_U0/grp_runQueryBlock_0_Outline_VITIS_LOOP_117_5_fu_168/grp_runPeArray_fu_718/ap_condition_1118                                                                     |    771 | FDRE        |           2.933 |           3.236 |
| grp_run_fu_161/grp_runController_fu_106/grp_runQueryTile_fu_142/runQueryBlock_1_U0/grp_runQueryBlock_1_Outline_VITIS_LOOP_117_5_fu_172/grp_runPeArray_fu_718/ap_condition_1118                                                                     |    771 | FDRE        |           3.576 |           3.255 |
| grp_run_fu_161/grp_runController_fu_106/grp_runQueryTile_fu_142/gatherQueryTile_U0/normalized_3_address0[0]                                                                                                                                        |    384 | LUT4        |           3.943 |           1.568 |
| grp_run_fu_161/grp_runController_fu_106/grp_runQueryTile_fu_142/gatherQueryTile_U0/normalized_3_address0[3]                                                                                                                                        |    384 | LUT5        |           4.169 |           1.328 |
| grp_run_fu_161/grp_runController_fu_106/grp_runQueryTile_fu_142/gatherQueryTile_U0/normalized_3_address0[1]                                                                                                                                        |    384 | LUT5        |           3.369 |           1.935 |
| grp_run_fu_161/grp_runController_fu_106/grp_runQueryTile_fu_142/gatherQueryTile_U0/normalized_3_address0[2]                                                                                                                                        |    384 | LUT5        |           4.080 |           1.242 |
| grp_run_fu_161/grp_runController_fu_106/grp_runQueryTile_fu_142/distributeQueryTile_U0/grp_distributeQueryTile_Pipeline_VITIS_LOOP_501_3_VITIS_LOOP_506_4_VITIS_LOOP_507_5_fu_220/ap_block_pp0_stage0_subdone                                      |    382 | LUT6        |           0.421 |           2.440 |
| grp_run_fu_161/grp_runController_fu_106/grp_runQueryTile_fu_142/runQueryBlock_0_U0/grp_runQueryBlock_0_Outline_VITIS_LOOP_117_5_fu_168/grp_runQueryBlock_0_Pipeline_VITIS_LOOP_109_1_VITIS_LOOP_110_2_fu_588_i_3_n_0                               |    365 | LUT4        |           0.976 |           0.832 |
| grp_run_fu_161/grp_runController_fu_106/grp_runQueryTile_fu_142/runQueryBlock_1_U0/grp_runQueryBlock_1_Outline_VITIS_LOOP_117_5_fu_172/grp_runQueryBlock_1_Pipeline_VITIS_LOOP_109_1_VITIS_LOOP_110_2_fu_588_i_3_n_0                               |    365 | LUT4        |           1.435 |           0.894 |
| grp_run_fu_161/grp_runController_fu_106/grp_runQueryTile_fu_142/runQueryBlock_0_U0/grp_runQueryBlock_0_Outline_VITIS_LOOP_117_5_fu_168/grp_runPeArray_fu_718_exp2_mode                                                                             |    340 | LUT4        |           1.797 |           1.485 |
| grp_run_fu_161/grp_runController_fu_106/grp_runQueryTile_fu_142/runQueryBlock_1_U0/grp_runQueryBlock_1_Outline_VITIS_LOOP_117_5_fu_172/grp_runPeArray_fu_718_exp2_mode                                                                             |    338 | LUT4        |           2.331 |           1.310 |
| ap_CS_fsm_state1                                                                                                                                                                                                                                   |    290 | FDSE        |           1.959 |           1.985 |
| grp_run_fu_161/grp_runController_fu_106/grp_runQueryTile_fu_142/runQueryBlock_1_U0/grp_runQueryBlock_1_Outline_VITIS_LOOP_117_5_fu_172/grp_runQueryBlock_1_Pipeline_VITIS_LOOP_369_33_fu_842/ap_enable_reg_pp0_iter9_reg_rep__0_n_0                |    282 | FDRE        |           2.089 |           0.747 |
| k_gmem_m_axi_U/load_unit_0/fifo_rreq/raddr_reg[1]                                                                                                                                                                                                  |    278 | FDRE        |           4.913 |           1.609 |
| v_gmem_m_axi_U/load_unit_0/fifo_rreq/raddr_reg[1]                                                                                                                                                                                                  |    278 | FDRE        |           5.419 |           1.000 |
| k_gmem_m_axi_U/load_unit_0/fifo_rreq/raddr_reg[2]                                                                                                                                                                                                  |    277 | FDRE        |           5.290 |           1.246 |
| v_gmem_m_axi_U/load_unit_0/fifo_rreq/raddr_reg[2]                                                                                                                                                                                                  |    277 | FDRE        |           5.326 |           1.266 |
| k_gmem_m_axi_U/load_unit_0/fifo_rreq/raddr_reg[3]                                                                                                                                                                                                  |    277 | FDRE        |           5.326 |           1.286 |
| k_gmem_m_axi_U/load_unit_0/fifo_rreq/raddr_reg[4]                                                                                                                                                                                                  |    277 | FDRE        |           5.127 |           1.337 |
| v_gmem_m_axi_U/load_unit_0/fifo_rreq/raddr_reg[4]                                                                                                                                                                                                  |    277 | FDRE        |           5.339 |           1.278 |
| v_gmem_m_axi_U/load_unit_0/fifo_rreq/raddr_reg[3]                                                                                                                                                                                                  |    277 | FDRE        |           5.343 |           1.243 |
| v_gmem_m_axi_U/load_unit_0/fifo_rreq/raddr_reg[0]                                                                                                                                                                                                  |    276 | FDRE        |           5.038 |           1.419 |
| k_gmem_m_axi_U/load_unit_0/fifo_rreq/raddr_reg[0]                                                                                                                                                                                                  |    276 | FDRE        |           5.067 |           1.431 |
| grp_run_fu_161/grp_runController_fu_106/grp_runQueryTile_fu_142/runQueryBlock_0_U0/grp_runQueryBlock_0_Outline_VITIS_LOOP_117_5_fu_168/grp_runQueryBlock_0_Pipeline_VITIS_LOOP_300_25_fu_772/flow_control_loop_pipe_sequential_init_U/ap_loop_init |    276 | LUT2        |           4.475 |           0.762 |
| grp_run_fu_161/grp_runController_fu_106/grp_runQueryTile_fu_142/runQueryBlock_1_U0/grp_runQueryBlock_1_Outline_VITIS_LOOP_117_5_fu_172/grp_runQueryBlock_1_Pipeline_VITIS_LOOP_300_25_fu_772/flow_control_loop_pipe_sequential_init_U/ap_loop_init |    276 | LUT2        |           3.908 |           1.389 |
| grp_run_fu_161/grp_runController_fu_106/grp_runQueryTile_fu_142/runQueryBlock_0_U0/grp_runQueryBlock_0_Outline_VITIS_LOOP_117_5_fu_168/grp_runQueryBlock_0_Pipeline_VITIS_LOOP_109_1_VITIS_LOOP_110_2_fu_588/ap_CS_fsm_pp0_stage0                  |    273 | FDSE        |           3.784 |           2.651 |
| v_gmem_m_axi_U/load_unit_0/fifo_rreq/push                                                                                                                                                                                                          |    273 | LUT2        |           2.354 |           0.847 |
+----------------------------------------------------------------------------------------------------------------------------------------------------------------------------------------------------------------------------------------------------+--------+-------------+-----------------+-----------------+


