INFO: [COSIM-47] Using XSIM for RTL simulation.
INFO: [COSIM-14] Instrumenting C test bench ...
   Build using "/opt/Xilinx_2024.2/Vitis/2024.2/vcxx/libexec//clang++"
   Compiling accumulator.cpp_pre.cpp.tb.cpp
   Compiling apatb_fsa_stream_split_d.cpp
   Compiling arithmetic.cpp_pre.cpp.tb.cpp
   Compiling dma.cpp_pre.cpp.tb.cpp
   Compiling fp32_raw_fma.cpp_pre.cpp.tb.cpp
   Compiling fsa_stream_split_d.cpp_pre.cpp.tb.cpp
   Compiling pe_raw_fma.cpp_pre.cpp.tb.cpp
   Compiling split_d_compute.cpp_pre.cpp.tb.cpp
   Compiling split_d_controller.cpp_pre.cpp.tb.cpp
   Compiling split_d_dma.cpp_pre.cpp.tb.cpp
   Compiling test_fsa_stream_split_d.cpp_pre.cpp.tb.cpp
   Compiling apatb_fsa_stream_split_d_ir.ll
   Generating cosim.tv.exe
INFO: [COSIM-302] Starting C TB testing ... 
INFO: [COSIM-333] Generating C post check test bench ...
INFO: [COSIM-12] Generating RTL test bench ...
INFO: [COSIM-1] *** C/RTL co-simulation file generation completed. ***
INFO: [COSIM-323] Starting verilog simulation. 
INFO: [COSIM-15] Starting XSIM ...
INFO: [COSIM-316] Starting C post checking ...
non-finite output: case=self-test-nan L=1 causal=0 at=[0][0] actual=nan actual_bits=0x7fc00000 expected=0 expected_bits=0x0
non-finite failure: case=self-test-nan first_at=[0][0]
non-finite output: case=self-test-inf L=1 causal=0 at=[0][0] actual=inf actual_bits=0x7f800000 expected=inf expected_bits=0x7ff0000000000000
non-finite failure: case=self-test-inf first_at=[0][0]
[bit-baseline] single-key-first L=1 causal=0 words=8
[bit-baseline] two-key-ones-v L=2 causal=0 words=16
[bit-baseline] two-key-basis-v L=2 causal=0 words=16
[bit-baseline] two-key-basis-v-last-feature L=2 causal=0 words=16
[bit-baseline] primary-noncausal L=7 causal=0 words=56
[bit-baseline] primary-causal L=7 causal=1 words=56
[bit-baseline] full-tile-noncausal L=16 causal=0 words=128
[bit-baseline] full-tile-causal L=16 causal=1 words=128
[bit-baseline] boundary-noncausal L=3 causal=0 words=24
[bit-baseline] boundary-causal L=3 causal=1 words=24
[bit-baseline] boundary-noncausal L=4 causal=0 words=32
[bit-baseline] boundary-causal L=4 causal=1 words=32
[bit-baseline] boundary-noncausal L=5 causal=0 words=40
[bit-baseline] boundary-causal L=5 causal=1 words=40
[bit-baseline] boundary-noncausal L=8 causal=0 words=64
[bit-baseline] boundary-causal L=8 causal=1 words=64
[bit-baseline] boundary-noncausal L=9 causal=0 words=72
[bit-baseline] boundary-causal L=9 causal=1 words=72
[rescale-probe] omitted-alpha gap=0.434121
[rescale-probe] omitted-alpha gap=0.434121
[bit-baseline] zero-qk-ones-v L=9 causal=0 words=72
[bit-baseline] zero-qk-ones-v-causal L=9 causal=1 words=72
[PWL-probe] boundary=1/8 side=-1 key_bits=0xb58b x_bits=0xafff x=-0.124939 piece=0
[PWL-probe] boundary=1/8 side=0 key_bits=0xb58c x_bits=0xb000 x=-0.125 piece=1
[PWL-probe] boundary=1/8 side=1 key_bits=0xb58d x_bits=0xb001 x=-0.125122 piece=1
[PWL-probe] boundary=2/8 side=-1 key_bits=0xb98b x_bits=0xb3ff x=-0.249878 piece=1
[PWL-probe] boundary=2/8 side=0 key_bits=0xb98c x_bits=0xb400 x=-0.25 piece=2
[PWL-probe] boundary=2/8 side=1 key_bits=0xb98d x_bits=0xb401 x=-0.250244 piece=2
[PWL-probe] boundary=3/8 side=-1 key_bits=0xbc28 x_bits=0xb5ff x=-0.374756 piece=2
[PWL-probe] boundary=3/8 side=0 key_bits=0xbc29 x_bits=0xb600 x=-0.375 piece=3
[PWL-probe] boundary=3/8 side=1 key_bits=0xbc2a x_bits=0xb602 x=-0.375488 piece=3
[PWL-probe] boundary=4/8 side=-1 key_bits=0xbd8b x_bits=0xb7ff x=-0.499756 piece=3
[PWL-probe] boundary=4/8 side=0 key_bits=0xbd8c x_bits=0xb800 x=-0.5 piece=4
[PWL-probe] boundary=4/8 side=1 key_bits=0xbd8d x_bits=0xb801 x=-0.500488 piece=4
[PWL-probe] boundary=5/8 side=-1 key_bits=0xbeee x_bits=0xb8ff x=-0.624512 piece=4
[PWL-probe] boundary=5/8 side=0 key_bits=0xbeef x_bits=0xb900 x=-0.625 piece=5
[PWL-probe] boundary=5/8 side=1 key_bits=0xbef0 x_bits=0xb901 x=-0.625488 piece=5
[PWL-probe] boundary=6/8 side=-1 key_bits=0xc028 x_bits=0xb9ff x=-0.749512 piece=5
[PWL-probe] boundary=6/8 side=0 key_bits=0xc029 x_bits=0xba00 x=-0.75 piece=6
[PWL-probe] boundary=6/8 side=1 key_bits=0xc02a x_bits=0xba02 x=-0.750977 piece=6
[PWL-probe] boundary=7/8 side=-1 key_bits=0xc0da x_bits=0xbaff x=-0.874512 piece=6
[PWL-unreachable] boundary=7/8 adjacent_key_bits=0x40da/0x40db
[PWL-probe] boundary=7/8 side=1 key_bits=0xc0db x_bits=0xbb01 x=-0.875488 piece=7
[PWL-probe] boundary=8/8 side=-1 key_bits=0xc18b x_bits=0xbbff x=-0.999512 piece=7
[PWL-probe] boundary=8/8 side=0 key_bits=0xc18c x_bits=0xbc00 x=-1 piece=0
[PWL-probe] boundary=8/8 side=1 key_bits=0xc18d x_bits=0xbc01 x=-1.00098 piece=0
[PWL-probe] boundary=1/8 side=-1 key_bits=0xb58b x_bits=0xafff x=-0.124939 piece=0
[PWL-probe] boundary=1/8 side=0 key_bits=0xb58c x_bits=0xb000 x=-0.125 piece=1
[PWL-probe] boundary=1/8 side=1 key_bits=0xb58d x_bits=0xb001 x=-0.125122 piece=1
[PWL-probe] boundary=2/8 side=-1 key_bits=0xb98b x_bits=0xb3ff x=-0.249878 piece=1
[PWL-probe] boundary=2/8 side=0 key_bits=0xb98c x_bits=0xb400 x=-0.25 piece=2
[PWL-probe] boundary=2/8 side=1 key_bits=0xb98d x_bits=0xb401 x=-0.250244 piece=2
[PWL-probe] boundary=3/8 side=-1 key_bits=0xbc28 x_bits=0xb5ff x=-0.374756 piece=2
[PWL-probe] boundary=3/8 side=0 key_bits=0xbc29 x_bits=0xb600 x=-0.375 piece=3
[PWL-probe] boundary=3/8 side=1 key_bits=0xbc2a x_bits=0xb602 x=-0.375488 piece=3
[PWL-probe] boundary=4/8 side=-1 key_bits=0xbd8b x_bits=0xb7ff x=-0.499756 piece=3
[PWL-probe] boundary=4/8 side=0 key_bits=0xbd8c x_bits=0xb800 x=-0.5 piece=4
[PWL-probe] boundary=4/8 side=1 key_bits=0xbd8d x_bits=0xb801 x=-0.500488 piece=4
[PWL-probe] boundary=5/8 side=-1 key_bits=0xbeee x_bits=0xb8ff x=-0.624512 piece=4
[PWL-probe] boundary=5/8 side=0 key_bits=0xbeef x_bits=0xb900 x=-0.625 piece=5
[PWL-probe] boundary=5/8 side=1 key_bits=0xbef0 x_bits=0xb901 x=-0.625488 piece=5
[PWL-probe] boundary=6/8 side=-1 key_bits=0xc028 x_bits=0xb9ff x=-0.749512 piece=5
[PWL-probe] boundary=6/8 side=0 key_bits=0xc029 x_bits=0xba00 x=-0.75 piece=6
[PWL-probe] boundary=6/8 side=1 key_bits=0xc02a x_bits=0xba02 x=-0.750977 piece=6
[PWL-probe] boundary=7/8 side=-1 key_bits=0xc0da x_bits=0xbaff x=-0.874512 piece=6
[PWL-unreachable] boundary=7/8 adjacent_key_bits=0x40da/0x40db
[PWL-probe] boundary=7/8 side=1 key_bits=0xc0db x_bits=0xbb01 x=-0.875488 piece=7
[PWL-probe] boundary=8/8 side=-1 key_bits=0xc18b x_bits=0xbbff x=-0.999512 piece=7
[PWL-probe] boundary=8/8 side=0 key_bits=0xc18c x_bits=0xbc00 x=-1 piece=0
[PWL-probe] boundary=8/8 side=1 key_bits=0xc18d x_bits=0xbc01 x=-1.00098 piece=0
[math-summary] 24/24
[bit-summary] 20/20
[PASS] fsa_stream_split_d: PE=4x4 HEAD_DIM=16 DIM_BLOCKS=4
Vivado Simulator v2024.2.0
Copyright 1986-2022 Xilinx, Inc. All Rights Reserved.
Copyright 2022-2024 Advanced Micro Devices, Inc. All Rights Reserved.
Running: /opt/Xilinx_2024.2/Vivado/2024.2/bin/unwrapped/lnx64.o/xelab xil_defaultlib.apatb_fsa_stream_split_d_top glbl -Oenable_linking_all_libraries -prj fsa_stream_split_d.prj -L smartconnect_v1_0 -L axi_protocol_checker_v1_1_12 -L axi_protocol_checker_v1_1_13 -L axis_protocol_checker_v1_1_11 -L axis_protocol_checker_v1_1_12 -L xil_defaultlib -L unisims_ver -L xpm -L floating_point_v7_0_24 -L floating_point_v7_1_19 --lib ieee_proposed=./ieee_proposed -s fsa_stream_split_d 
Multi-threading is on. Using 62 slave threads.
WARNING: [XSIM 43-3431] One or more environment variables have been detected which affect the operation of the C compiler. These are typically not set in standard installations and are not tested by AMD, however they may be appropriate for your system, so the flow will attempt to continue.  If errors occur, try running xelab with the "-mt off -v 1" switches to see more information from the C compiler. The following environment variables have been detected:
    LIBRARY_PATH
INFO: [VRFC 10-2263] Analyzing SystemVerilog file "/home/zhangchenxuan/FSA_HLS/hls/fsa_stream_split_d/build/solution1/sim/verilog/ip/xil_defaultlib/fsa_stream_split_d_fcmp_32ns_32ns_1_1_no_dsp_1_ip.v" into library xil_defaultlib
INFO: [VRFC 10-311] analyzing module fsa_stream_split_d_fcmp_32ns_32ns_1_1_no_dsp_1_ip
INFO: [VRFC 10-2263] Analyzing SystemVerilog file "/home/zhangchenxuan/FSA_HLS/hls/fsa_stream_split_d/build/solution1/sim/verilog/ip/xil_defaultlib/fsa_stream_split_d_hptosp_16ns_32_1_no_dsp_1_ip.v" into library xil_defaultlib
INFO: [VRFC 10-311] analyzing module fsa_stream_split_d_hptosp_16ns_32_1_no_dsp_1_ip
INFO: [VRFC 10-2263] Analyzing SystemVerilog file "/home/zhangchenxuan/FSA_HLS/hls/fsa_stream_split_d/build/solution1/sim/verilog/ip/xil_defaultlib/fsa_stream_split_d_sptohp_32ns_16_1_no_dsp_1_ip.v" into library xil_defaultlib
INFO: [VRFC 10-311] analyzing module fsa_stream_split_d_sptohp_32ns_16_1_no_dsp_1_ip
INFO: [VRFC 10-2263] Analyzing SystemVerilog file "/home/zhangchenxuan/FSA_HLS/hls/fsa_stream_split_d/build/solution1/sim/verilog/ip/xil_defaultlib/fsa_stream_split_d_fsub_32ns_32ns_32_3_full_dsp_1_ip.v" into library xil_defaultlib
INFO: [VRFC 10-311] analyzing module fsa_stream_split_d_fsub_32ns_32ns_32_3_full_dsp_1_ip
INFO: [VRFC 10-2263] Analyzing SystemVerilog file "/home/zhangchenxuan/FSA_HLS/hls/fsa_stream_split_d/build/solution1/sim/verilog/glbl.v" into library work
INFO: [VRFC 10-311] analyzing module glbl
INFO: [VRFC 10-2263] Analyzing SystemVerilog file "/home/zhangchenxuan/FSA_HLS/hls/fsa_stream_split_d/build/solution1/sim/verilog/fsa_stream_split_d_sparsemux_7_2_24_1_1.v" into library xil_defaultlib
INFO: [VRFC 10-311] analyzing module fsa_stream_split_d_sparsemux_7_2_24_1_1
INFO: [VRFC 10-2263] Analyzing SystemVerilog file "/home/zhangchenxuan/FSA_HLS/hls/fsa_stream_split_d/build/solution1/sim/verilog/fsa_stream_split_d_runController_Pipeline_VITIS_LOOP_363_28.v" into library xil_defaultlib
INFO: [VRFC 10-311] analyzing module fsa_stream_split_d_runController_Pipeline_VITIS_LOOP_363_28
INFO: [VRFC 10-2263] Analyzing SystemVerilog file "/home/zhangchenxuan/FSA_HLS/hls/fsa_stream_split_d/build/solution1/sim/verilog/fsa_stream_split_d_sparsemux_7_2_11_1_1.v" into library xil_defaultlib
INFO: [VRFC 10-311] analyzing module fsa_stream_split_d_sparsemux_7_2_11_1_1
INFO: [VRFC 10-2263] Analyzing SystemVerilog file "/home/zhangchenxuan/FSA_HLS/hls/fsa_stream_split_d/build/solution1/sim/verilog/fsa_stream_split_d_runController_Outline_VITIS_LOOP_121_3_v_tile_7_RAM_AUTO_1R1W.v" into library xil_defaultlib
INFO: [VRFC 10-311] analyzing module fsa_stream_split_d_runController_Outline_VITIS_LOOP_121_3_v_tile_7_RAM_AUTO_1R1W
INFO: [VRFC 10-2263] Analyzing SystemVerilog file "/home/zhangchenxuan/FSA_HLS/hls/fsa_stream_split_d/build/solution1/sim/verilog/fsa_stream_split_d.v" into library xil_defaultlib
INFO: [VRFC 10-311] analyzing module fsa_stream_split_d
INFO: [VRFC 10-2263] Analyzing SystemVerilog file "/home/zhangchenxuan/FSA_HLS/hls/fsa_stream_split_d/build/solution1/sim/verilog/fsa_stream_split_d_runController_Pipeline_VITIS_LOOP_236_10.v" into library xil_defaultlib
INFO: [VRFC 10-311] analyzing module fsa_stream_split_d_runController_Pipeline_VITIS_LOOP_236_10
INFO: [VRFC 10-2263] Analyzing SystemVerilog file "/home/zhangchenxuan/FSA_HLS/hls/fsa_stream_split_d/build/solution1/sim/verilog/AESL_axi_master_k_gmem.v" into library xil_defaultlib
INFO: [VRFC 10-311] analyzing module AESL_axi_master_k_gmem
INFO: [VRFC 10-2263] Analyzing SystemVerilog file "/home/zhangchenxuan/FSA_HLS/hls/fsa_stream_split_d/build/solution1/sim/verilog/fsa_stream_split_d_sptohp_32ns_16_1_no_dsp_1.v" into library xil_defaultlib
INFO: [VRFC 10-311] analyzing module fsa_stream_split_d_sptohp_32ns_16_1_no_dsp_1
INFO: [VRFC 10-2263] Analyzing SystemVerilog file "/home/zhangchenxuan/FSA_HLS/hls/fsa_stream_split_d/build/solution1/sim/verilog/fsa_stream_split_d_sparsemux_19_8_32_1_1.v" into library xil_defaultlib
INFO: [VRFC 10-311] analyzing module fsa_stream_split_d_sparsemux_19_8_32_1_1
INFO: [VRFC 10-2263] Analyzing SystemVerilog file "/home/zhangchenxuan/FSA_HLS/hls/fsa_stream_split_d/build/solution1/sim/verilog/fsa_stream_split_d_fcmp_32ns_32ns_1_1_no_dsp_1.v" into library xil_defaultlib
INFO: [VRFC 10-311] analyzing module fsa_stream_split_d_fcmp_32ns_32ns_1_1_no_dsp_1
INFO: [VRFC 10-2263] Analyzing SystemVerilog file "/home/zhangchenxuan/FSA_HLS/hls/fsa_stream_split_d/build/solution1/sim/verilog/fsa_stream_split_d_sparsemux_13_5_16_1_1.v" into library xil_defaultlib
INFO: [VRFC 10-311] analyzing module fsa_stream_split_d_sparsemux_13_5_16_1_1
INFO: [VRFC 10-2263] Analyzing SystemVerilog file "/home/zhangchenxuan/FSA_HLS/hls/fsa_stream_split_d/build/solution1/sim/verilog/fsa_stream_split_d_control_s_axi.v" into library xil_defaultlib
INFO: [VRFC 10-311] analyzing module fsa_stream_split_d_control_s_axi
INFO: [VRFC 10-2263] Analyzing SystemVerilog file "/home/zhangchenxuan/FSA_HLS/hls/fsa_stream_split_d/build/solution1/sim/verilog/fsa_stream_split_d_runAccumulatorColumns_fsa_anonymous_namespace_ACC_EXP2_PWL_INTERCEPT_BITS_ROMcud.v" into library xil_defaultlib
INFO: [VRFC 10-311] analyzing module fsa_stream_split_d_runAccumulatorColumns_fsa_anonymous_namespace_ACC_EXP2_PWL_INTERCEPT_BITS_ROMcud
INFO: [VRFC 10-2263] Analyzing SystemVerilog file "/home/zhangchenxuan/FSA_HLS/hls/fsa_stream_split_d/build/solution1/sim/verilog/fsa_stream_split_d_sparsemux_7_2_28_1_1.v" into library xil_defaultlib
INFO: [VRFC 10-311] analyzing module fsa_stream_split_d_sparsemux_7_2_28_1_1
INFO: [VRFC 10-2263] Analyzing SystemVerilog file "/home/zhangchenxuan/FSA_HLS/hls/fsa_stream_split_d/build/solution1/sim/verilog/fsa_stream_split_d_runController_Pipeline_2.v" into library xil_defaultlib
INFO: [VRFC 10-311] analyzing module fsa_stream_split_d_runController_Pipeline_2
INFO: [VRFC 10-2263] Analyzing SystemVerilog file "/home/zhangchenxuan/FSA_HLS/hls/fsa_stream_split_d/build/solution1/sim/verilog/fsa_stream_split_d_fsub_32ns_32ns_32_3_full_dsp_1.v" into library xil_defaultlib
INFO: [VRFC 10-311] analyzing module fsa_stream_split_d_fsub_32ns_32ns_32_3_full_dsp_1
INFO: [VRFC 10-2263] Analyzing SystemVerilog file "/home/zhangchenxuan/FSA_HLS/hls/fsa_stream_split_d/build/solution1/sim/verilog/fsa_stream_split_d_q_gmem_m_axi.v" into library xil_defaultlib
INFO: [VRFC 10-311] analyzing module fsa_stream_split_d_q_gmem_m_axi
INFO: [VRFC 10-311] analyzing module fsa_stream_split_d_q_gmem_m_axi_load
INFO: [VRFC 10-311] analyzing module fsa_stream_split_d_q_gmem_m_axi_store
INFO: [VRFC 10-311] analyzing module fsa_stream_split_d_q_gmem_m_axi_read
INFO: [VRFC 10-311] analyzing module fsa_stream_split_d_q_gmem_m_axi_write
INFO: [VRFC 10-311] analyzing module fsa_stream_split_d_q_gmem_m_axi_burst_converter
INFO: [VRFC 10-311] analyzing module fsa_stream_split_d_q_gmem_m_axi_throttle
INFO: [VRFC 10-311] analyzing module fsa_stream_split_d_q_gmem_m_axi_reg_slice
INFO: [VRFC 10-311] analyzing module fsa_stream_split_d_q_gmem_m_axi_fifo
INFO: [VRFC 10-311] analyzing module fsa_stream_split_d_q_gmem_m_axi_srl
INFO: [VRFC 10-311] analyzing module fsa_stream_split_d_q_gmem_m_axi_mem
INFO: [VRFC 10-2263] Analyzing SystemVerilog file "/home/zhangchenxuan/FSA_HLS/hls/fsa_stream_split_d/build/solution1/sim/verilog/fsa_stream_split_d_sparsemux_9_2_32_1_1.v" into library xil_defaultlib
INFO: [VRFC 10-311] analyzing module fsa_stream_split_d_sparsemux_9_2_32_1_1
INFO: [VRFC 10-2263] Analyzing SystemVerilog file "/home/zhangchenxuan/FSA_HLS/hls/fsa_stream_split_d/build/solution1/sim/verilog/AESL_axi_slave_control.v" into library xil_defaultlib
INFO: [VRFC 10-311] analyzing module AESL_axi_slave_control
INFO: [VRFC 10-2263] Analyzing SystemVerilog file "/home/zhangchenxuan/FSA_HLS/hls/fsa_stream_split_d/build/solution1/sim/verilog/fsa_stream_split_d_sparsemux_13_5_32_1_1.v" into library xil_defaultlib
INFO: [VRFC 10-311] analyzing module fsa_stream_split_d_sparsemux_13_5_32_1_1
INFO: [VRFC 10-2263] Analyzing SystemVerilog file "/home/zhangchenxuan/FSA_HLS/hls/fsa_stream_split_d/build/solution1/sim/verilog/fsa_stream_split_d_v_gmem_m_axi.v" into library xil_defaultlib
INFO: [VRFC 10-311] analyzing module fsa_stream_split_d_v_gmem_m_axi
INFO: [VRFC 10-311] analyzing module fsa_stream_split_d_v_gmem_m_axi_load
INFO: [VRFC 10-311] analyzing module fsa_stream_split_d_v_gmem_m_axi_store
INFO: [VRFC 10-311] analyzing module fsa_stream_split_d_v_gmem_m_axi_read
INFO: [VRFC 10-311] analyzing module fsa_stream_split_d_v_gmem_m_axi_write
INFO: [VRFC 10-311] analyzing module fsa_stream_split_d_v_gmem_m_axi_burst_converter
INFO: [VRFC 10-311] analyzing module fsa_stream_split_d_v_gmem_m_axi_throttle
INFO: [VRFC 10-311] analyzing module fsa_stream_split_d_v_gmem_m_axi_reg_slice
INFO: [VRFC 10-311] analyzing module fsa_stream_split_d_v_gmem_m_axi_fifo
INFO: [VRFC 10-311] analyzing module fsa_stream_split_d_v_gmem_m_axi_srl
INFO: [VRFC 10-311] analyzing module fsa_stream_split_d_v_gmem_m_axi_mem
INFO: [VRFC 10-2263] Analyzing SystemVerilog file "/home/zhangchenxuan/FSA_HLS/hls/fsa_stream_split_d/build/solution1/sim/verilog/fsa_stream_split_d_p_anonymous_namespace_ldexpByBits.v" into library xil_defaultlib
INFO: [VRFC 10-311] analyzing module fsa_stream_split_d_p_anonymous_namespace_ldexpByBits
INFO: [VRFC 10-2263] Analyzing SystemVerilog file "/home/zhangchenxuan/FSA_HLS/hls/fsa_stream_split_d/build/solution1/sim/verilog/fsa_stream_split_d_runAccumulatorColumns.v" into library xil_defaultlib
INFO: [VRFC 10-311] analyzing module fsa_stream_split_d_runAccumulatorColumns
INFO: [VRFC 10-2263] Analyzing SystemVerilog file "/home/zhangchenxuan/FSA_HLS/hls/fsa_stream_split_d/build/solution1/sim/verilog/fsa_stream_split_d_runController_Pipeline_VITIS_LOOP_294_20.v" into library xil_defaultlib
INFO: [VRFC 10-311] analyzing module fsa_stream_split_d_runController_Pipeline_VITIS_LOOP_294_20
INFO: [VRFC 10-2263] Analyzing SystemVerilog file "/home/zhangchenxuan/FSA_HLS/hls/fsa_stream_split_d/build/solution1/sim/verilog/fsa_stream_split_d_runController_Pipeline_VITIS_LOOP_16_1_VITIS_LOOP_17_21.v" into library xil_defaultlib
INFO: [VRFC 10-311] analyzing module fsa_stream_split_d_runController_Pipeline_VITIS_LOOP_16_1_VITIS_LOOP_17_21
INFO: [VRFC 10-2263] Analyzing SystemVerilog file "/home/zhangchenxuan/FSA_HLS/hls/fsa_stream_split_d/build/solution1/sim/verilog/fsa_stream_split_d_runController_q_tile_RAM_AUTO_1R1W.v" into library xil_defaultlib
INFO: [VRFC 10-311] analyzing module fsa_stream_split_d_runController_q_tile_RAM_AUTO_1R1W
INFO: [VRFC 10-2263] Analyzing SystemVerilog file "/home/zhangchenxuan/FSA_HLS/hls/fsa_stream_split_d/build/solution1/sim/verilog/fsa_stream_split_d_reciprocalColumns.v" into library xil_defaultlib
INFO: [VRFC 10-311] analyzing module fsa_stream_split_d_reciprocalColumns
INFO: [VRFC 10-2263] Analyzing SystemVerilog file "/home/zhangchenxuan/FSA_HLS/hls/fsa_stream_split_d/build/solution1/sim/verilog/fsa_stream_split_d_o_gmem_m_axi.v" into library xil_defaultlib
INFO: [VRFC 10-311] analyzing module fsa_stream_split_d_o_gmem_m_axi
INFO: [VRFC 10-311] analyzing module fsa_stream_split_d_o_gmem_m_axi_load
INFO: [VRFC 10-311] analyzing module fsa_stream_split_d_o_gmem_m_axi_store
INFO: [VRFC 10-311] analyzing module fsa_stream_split_d_o_gmem_m_axi_read
INFO: [VRFC 10-311] analyzing module fsa_stream_split_d_o_gmem_m_axi_write
INFO: [VRFC 10-311] analyzing module fsa_stream_split_d_o_gmem_m_axi_burst_converter
INFO: [VRFC 10-311] analyzing module fsa_stream_split_d_o_gmem_m_axi_throttle
INFO: [VRFC 10-311] analyzing module fsa_stream_split_d_o_gmem_m_axi_reg_slice
INFO: [VRFC 10-311] analyzing module fsa_stream_split_d_o_gmem_m_axi_fifo
INFO: [VRFC 10-311] analyzing module fsa_stream_split_d_o_gmem_m_axi_srl
INFO: [VRFC 10-311] analyzing module fsa_stream_split_d_o_gmem_m_axi_mem
INFO: [VRFC 10-2263] Analyzing SystemVerilog file "/home/zhangchenxuan/FSA_HLS/hls/fsa_stream_split_d/build/solution1/sim/verilog/fsa_stream_split_d_p_anonymous_namespace_begin_reciprocal.v" into library xil_defaultlib
INFO: [VRFC 10-311] analyzing module fsa_stream_split_d_p_anonymous_namespace_begin_reciprocal
INFO: [VRFC 10-2263] Analyzing SystemVerilog file "/home/zhangchenxuan/FSA_HLS/hls/fsa_stream_split_d/build/solution1/sim/verilog/fsa_stream_split_d_runController_output_acc_RAM_AUTO_1R1W.v" into library xil_defaultlib
INFO: [VRFC 10-311] analyzing module fsa_stream_split_d_runController_output_acc_RAM_AUTO_1R1W
INFO: [VRFC 10-2263] Analyzing SystemVerilog file "/home/zhangchenxuan/FSA_HLS/hls/fsa_stream_split_d/build/solution1/sim/verilog/fsa_stream_split_d_runController_Pipeline_VITIS_LOOP_445_35.v" into library xil_defaultlib
INFO: [VRFC 10-311] analyzing module fsa_stream_split_d_runController_Pipeline_VITIS_LOOP_445_35
INFO: [VRFC 10-2263] Analyzing SystemVerilog file "/home/zhangchenxuan/FSA_HLS/hls/fsa_stream_split_d/build/solution1/sim/verilog/fsa_stream_split_d_sparsemux_7_2_51_1_1.v" into library xil_defaultlib
INFO: [VRFC 10-311] analyzing module fsa_stream_split_d_sparsemux_7_2_51_1_1
INFO: [VRFC 10-2263] Analyzing SystemVerilog file "/home/zhangchenxuan/FSA_HLS/hls/fsa_stream_split_d/build/solution1/sim/verilog/fsa_stream_split_d_runController_Pipeline_6.v" into library xil_defaultlib
INFO: [VRFC 10-311] analyzing module fsa_stream_split_d_runController_Pipeline_6
INFO: [VRFC 10-2263] Analyzing SystemVerilog file "/home/zhangchenxuan/FSA_HLS/hls/fsa_stream_split_d/build/solution1/sim/verilog/fsa_stream_split_d_runPeArray.v" into library xil_defaultlib
INFO: [VRFC 10-311] analyzing module fsa_stream_split_d_runPeArray
INFO: [VRFC 10-2263] Analyzing SystemVerilog file "/home/zhangchenxuan/FSA_HLS/hls/fsa_stream_split_d/build/solution1/sim/verilog/fsa_stream_split_d_runController_Pipeline_VITIS_LOOP_16_1_VITIS_LOOP_17_2.v" into library xil_defaultlib
INFO: [VRFC 10-311] analyzing module fsa_stream_split_d_runController_Pipeline_VITIS_LOOP_16_1_VITIS_LOOP_17_2
INFO: [VRFC 10-2263] Analyzing SystemVerilog file "/home/zhangchenxuan/FSA_HLS/hls/fsa_stream_split_d/build/solution1/sim/verilog/fsa_stream_split_d_runController_Pipeline_1.v" into library xil_defaultlib
INFO: [VRFC 10-311] analyzing module fsa_stream_split_d_runController_Pipeline_1
INFO: [VRFC 10-2263] Analyzing SystemVerilog file "/home/zhangchenxuan/FSA_HLS/hls/fsa_stream_split_d/build/solution1/sim/verilog/fsa_stream_split_d_runController_Pipeline_VITIS_LOOP_294_20_fsa_split_d_detail_EXP2_SLOPES_ROM_AdEe.v" into library xil_defaultlib
INFO: [VRFC 10-311] analyzing module fsa_stream_split_d_runController_Pipeline_VITIS_LOOP_294_20_fsa_split_d_detail_EXP2_SLOPES_ROM_AdEe
INFO: [VRFC 10-2263] Analyzing SystemVerilog file "/home/zhangchenxuan/FSA_HLS/hls/fsa_stream_split_d/build/solution1/sim/verilog/fsa_stream_split_d_storeOutputTile_Pipeline_VITIS_LOOP_76_1.v" into library xil_defaultlib
INFO: [VRFC 10-311] analyzing module fsa_stream_split_d_storeOutputTile_Pipeline_VITIS_LOOP_76_1
INFO: [VRFC 10-2263] Analyzing SystemVerilog file "/home/zhangchenxuan/FSA_HLS/hls/fsa_stream_split_d/build/solution1/sim/verilog/fsa_stream_split_d_runController_Pipeline_VITIS_LOOP_184_72.v" into library xil_defaultlib
INFO: [VRFC 10-311] analyzing module fsa_stream_split_d_runController_Pipeline_VITIS_LOOP_184_72
INFO: [VRFC 10-2263] Analyzing SystemVerilog file "/home/zhangchenxuan/FSA_HLS/hls/fsa_stream_split_d/build/solution1/sim/verilog/fsa_stream_split_d_runController_Pipeline_VITIS_LOOP_294_20_fsa_anonymous_namespace_EXP2_PWL_INTeOg.v" into library xil_defaultlib
INFO: [VRFC 10-311] analyzing module fsa_stream_split_d_runController_Pipeline_VITIS_LOOP_294_20_fsa_anonymous_namespace_EXP2_PWL_INTeOg
INFO: [VRFC 10-2263] Analyzing SystemVerilog file "/home/zhangchenxuan/FSA_HLS/hls/fsa_stream_split_d/build/solution1/sim/verilog/fsa_stream_split_d_ctlz_48_48_1_1.v" into library xil_defaultlib
INFO: [VRFC 10-311] analyzing module fsa_stream_split_d_ctlz_48_48_1_1
INFO: [VRFC 10-2263] Analyzing SystemVerilog file "/home/zhangchenxuan/FSA_HLS/hls/fsa_stream_split_d/build/solution1/sim/verilog/fsa_stream_split_d_sparsemux_7_2_27_1_1.v" into library xil_defaultlib
INFO: [VRFC 10-311] analyzing module fsa_stream_split_d_sparsemux_7_2_27_1_1
INFO: [VRFC 10-2263] Analyzing SystemVerilog file "/home/zhangchenxuan/FSA_HLS/hls/fsa_stream_split_d/build/solution1/sim/verilog/fsa_stream_split_d_sparsemux_17_3_32_1_1.v" into library xil_defaultlib
INFO: [VRFC 10-311] analyzing module fsa_stream_split_d_sparsemux_17_3_32_1_1
INFO: [VRFC 10-2263] Analyzing SystemVerilog file "/home/zhangchenxuan/FSA_HLS/hls/fsa_stream_split_d/build/solution1/sim/verilog/fsa_stream_split_d_runAccumulatorColumns_fsa_anonymous_namespace_ACC_EXP2_PWL_SLOPE_BITS_ROM_AUTbkb.v" into library xil_defaultlib
INFO: [VRFC 10-311] analyzing module fsa_stream_split_d_runAccumulatorColumns_fsa_anonymous_namespace_ACC_EXP2_PWL_SLOPE_BITS_ROM_AUTbkb
INFO: [VRFC 10-2263] Analyzing SystemVerilog file "/home/zhangchenxuan/FSA_HLS/hls/fsa_stream_split_d/build/solution1/sim/verilog/fsa_stream_split_d_runController_Pipeline_VITIS_LOOP_184_74.v" into library xil_defaultlib
INFO: [VRFC 10-311] analyzing module fsa_stream_split_d_runController_Pipeline_VITIS_LOOP_184_74
INFO: [VRFC 10-2263] Analyzing SystemVerilog file "/home/zhangchenxuan/FSA_HLS/hls/fsa_stream_split_d/build/solution1/sim/verilog/fsa_stream_split_d_runPeAccumulateTile.v" into library xil_defaultlib
INFO: [VRFC 10-311] analyzing module fsa_stream_split_d_runPeAccumulateTile
INFO: [VRFC 10-2263] Analyzing SystemVerilog file "/home/zhangchenxuan/FSA_HLS/hls/fsa_stream_split_d/build/solution1/sim/verilog/fsa_stream_split_d_sparsemux_9_3_32_1_1.v" into library xil_defaultlib
INFO: [VRFC 10-311] analyzing module fsa_stream_split_d_sparsemux_9_3_32_1_1
INFO: [VRFC 10-2263] Analyzing SystemVerilog file "/home/zhangchenxuan/FSA_HLS/hls/fsa_stream_split_d/build/solution1/sim/verilog/fsa_stream_split_d_runController_Pipeline_VITIS_LOOP_184_7.v" into library xil_defaultlib
INFO: [VRFC 10-311] analyzing module fsa_stream_split_d_runController_Pipeline_VITIS_LOOP_184_7
INFO: [VRFC 10-2263] Analyzing SystemVerilog file "/home/zhangchenxuan/FSA_HLS/hls/fsa_stream_split_d/build/solution1/sim/verilog/fsa_stream_split_d_ctlz_24_24_1_1.v" into library xil_defaultlib
INFO: [VRFC 10-311] analyzing module fsa_stream_split_d_ctlz_24_24_1_1
INFO: [VRFC 10-2263] Analyzing SystemVerilog file "/home/zhangchenxuan/FSA_HLS/hls/fsa_stream_split_d/build/solution1/sim/verilog/fsa_stream_split_d_flow_control_loop_pipe_sequential_init.v" into library xil_defaultlib
INFO: [VRFC 10-311] analyzing module fsa_stream_split_d_flow_control_loop_pipe_sequential_init
INFO: [VRFC 10-2263] Analyzing SystemVerilog file "/home/zhangchenxuan/FSA_HLS/hls/fsa_stream_split_d/build/solution1/sim/verilog/AESL_axi_master_q_gmem.v" into library xil_defaultlib
INFO: [VRFC 10-311] analyzing module AESL_axi_master_q_gmem
INFO: [VRFC 10-2263] Analyzing SystemVerilog file "/home/zhangchenxuan/FSA_HLS/hls/fsa_stream_split_d/build/solution1/sim/verilog/fsa_stream_split_d_runController_Pipeline_VITIS_LOOP_184_73.v" into library xil_defaultlib
INFO: [VRFC 10-311] analyzing module fsa_stream_split_d_runController_Pipeline_VITIS_LOOP_184_73
INFO: [VRFC 10-2263] Analyzing SystemVerilog file "/home/zhangchenxuan/FSA_HLS/hls/fsa_stream_split_d/build/solution1/sim/verilog/fsa_stream_split_d_runController_Pipeline_VITIS_LOOP_44_1_VITIS_LOOP_45_2.v" into library xil_defaultlib
INFO: [VRFC 10-311] analyzing module fsa_stream_split_d_runController_Pipeline_VITIS_LOOP_44_1_VITIS_LOOP_45_2
INFO: [VRFC 10-2263] Analyzing SystemVerilog file "/home/zhangchenxuan/FSA_HLS/hls/fsa_stream_split_d/build/solution1/sim/verilog/fsa_stream_split_d_p_anonymous_namespace_normalize_and_round.v" into library xil_defaultlib
INFO: [VRFC 10-311] analyzing module fsa_stream_split_d_p_anonymous_namespace_normalize_and_round
INFO: [VRFC 10-2263] Analyzing SystemVerilog file "/home/zhangchenxuan/FSA_HLS/hls/fsa_stream_split_d/build/solution1/sim/verilog/fsa_stream_split_d_sparsemux_9_3_1_1_1.v" into library xil_defaultlib
INFO: [VRFC 10-311] analyzing module fsa_stream_split_d_sparsemux_9_3_1_1_1
INFO: [VRFC 10-2263] Analyzing SystemVerilog file "/home/zhangchenxuan/FSA_HLS/hls/fsa_stream_split_d/build/solution1/sim/verilog/fsa_stream_split_d_sparsemux_17_6_32_1_1.v" into library xil_defaultlib
INFO: [VRFC 10-311] analyzing module fsa_stream_split_d_sparsemux_17_6_32_1_1
INFO: [VRFC 10-2263] Analyzing SystemVerilog file "/home/zhangchenxuan/FSA_HLS/hls/fsa_stream_split_d/build/solution1/sim/verilog/fsa_stream_split_d_runController_Pipeline_7.v" into library xil_defaultlib
INFO: [VRFC 10-311] analyzing module fsa_stream_split_d_runController_Pipeline_7
INFO: [VRFC 10-2263] Analyzing SystemVerilog file "/home/zhangchenxuan/FSA_HLS/hls/fsa_stream_split_d/build/solution1/sim/verilog/fsa_stream_split_d_runController.v" into library xil_defaultlib
INFO: [VRFC 10-311] analyzing module fsa_stream_split_d_runController
INFO: [VRFC 10-2263] Analyzing SystemVerilog file "/home/zhangchenxuan/FSA_HLS/hls/fsa_stream_split_d/build/solution1/sim/verilog/fsa_stream_split_d_stageAccumulatorResult.v" into library xil_defaultlib
INFO: [VRFC 10-311] analyzing module fsa_stream_split_d_stageAccumulatorResult
INFO: [VRFC 10-2263] Analyzing SystemVerilog file "/home/zhangchenxuan/FSA_HLS/hls/fsa_stream_split_d/build/solution1/sim/verilog/fsa_stream_split_d_sparsemux_7_2_52_1_1.v" into library xil_defaultlib
INFO: [VRFC 10-311] analyzing module fsa_stream_split_d_sparsemux_7_2_52_1_1
INFO: [VRFC 10-2263] Analyzing SystemVerilog file "/home/zhangchenxuan/FSA_HLS/hls/fsa_stream_split_d/build/solution1/sim/verilog/fsa_stream_split_d_cvtAtoE.v" into library xil_defaultlib
INFO: [VRFC 10-311] analyzing module fsa_stream_split_d_cvtAtoE
INFO: [VRFC 10-2263] Analyzing SystemVerilog file "/home/zhangchenxuan/FSA_HLS/hls/fsa_stream_split_d/build/solution1/sim/verilog/fsa_stream_split_d_mul_24ns_24ns_48_3_1.v" into library xil_defaultlib
INFO: [VRFC 10-311] analyzing module fsa_stream_split_d_mul_24ns_24ns_48_3_1
INFO: [VRFC 10-2263] Analyzing SystemVerilog file "/home/zhangchenxuan/FSA_HLS/hls/fsa_stream_split_d/build/solution1/sim/verilog/fsa_stream_split_d_runPeRowSum.v" into library xil_defaultlib
INFO: [VRFC 10-311] analyzing module fsa_stream_split_d_runPeRowSum
INFO: [VRFC 10-2263] Analyzing SystemVerilog file "/home/zhangchenxuan/FSA_HLS/hls/fsa_stream_split_d/build/solution1/sim/verilog/fsa_stream_split_d_sparsemux_9_2_1_1_1.v" into library xil_defaultlib
INFO: [VRFC 10-311] analyzing module fsa_stream_split_d_sparsemux_9_2_1_1_1
INFO: [VRFC 10-2263] Analyzing SystemVerilog file "/home/zhangchenxuan/FSA_HLS/hls/fsa_stream_split_d/build/solution1/sim/verilog/fsa_stream_split_d_ctlz_51_51_1_1.v" into library xil_defaultlib
INFO: [VRFC 10-311] analyzing module fsa_stream_split_d_ctlz_51_51_1_1
INFO: [VRFC 10-2263] Analyzing SystemVerilog file "/home/zhangchenxuan/FSA_HLS/hls/fsa_stream_split_d/build/solution1/sim/verilog/fsa_stream_split_d_ctlz_27_27_1_1.v" into library xil_defaultlib
INFO: [VRFC 10-311] analyzing module fsa_stream_split_d_ctlz_27_27_1_1
INFO: [VRFC 10-2263] Analyzing SystemVerilog file "/home/zhangchenxuan/FSA_HLS/hls/fsa_stream_split_d/build/solution1/sim/verilog/fsa_stream_split_d.autotb.v" into library xil_defaultlib
INFO: [VRFC 10-311] analyzing module apatb_fsa_stream_split_d_top
INFO: [VRFC 10-2263] Analyzing SystemVerilog file "/home/zhangchenxuan/FSA_HLS/hls/fsa_stream_split_d/build/solution1/sim/verilog/fsa_stream_split_d_runController_Pipeline_5.v" into library xil_defaultlib
INFO: [VRFC 10-311] analyzing module fsa_stream_split_d_runController_Pipeline_5
INFO: [VRFC 10-2263] Analyzing SystemVerilog file "/home/zhangchenxuan/FSA_HLS/hls/fsa_stream_split_d/build/solution1/sim/verilog/fsa_stream_split_d_hptosp_16ns_32_1_no_dsp_1.v" into library xil_defaultlib
INFO: [VRFC 10-311] analyzing module fsa_stream_split_d_hptosp_16ns_32_1_no_dsp_1
INFO: [VRFC 10-2263] Analyzing SystemVerilog file "/home/zhangchenxuan/FSA_HLS/hls/fsa_stream_split_d/build/solution1/sim/verilog/AESL_axi_master_o_gmem.v" into library xil_defaultlib
INFO: [VRFC 10-311] analyzing module AESL_axi_master_o_gmem
INFO: [VRFC 10-2263] Analyzing SystemVerilog file "/home/zhangchenxuan/FSA_HLS/hls/fsa_stream_split_d/build/solution1/sim/verilog/fsa_stream_split_d_storeOutputTile.v" into library xil_defaultlib
INFO: [VRFC 10-311] analyzing module fsa_stream_split_d_storeOutputTile
INFO: [VRFC 10-2263] Analyzing SystemVerilog file "/home/zhangchenxuan/FSA_HLS/hls/fsa_stream_split_d/build/solution1/sim/verilog/fsa_stream_split_d_runController_Pipeline_17.v" into library xil_defaultlib
INFO: [VRFC 10-311] analyzing module fsa_stream_split_d_runController_Pipeline_17
INFO: [VRFC 10-2263] Analyzing SystemVerilog file "/home/zhangchenxuan/FSA_HLS/hls/fsa_stream_split_d/build/solution1/sim/verilog/fsa_stream_split_d_sparsemux_11_4_32_1_1.v" into library xil_defaultlib
INFO: [VRFC 10-311] analyzing module fsa_stream_split_d_sparsemux_11_4_32_1_1
INFO: [VRFC 10-2263] Analyzing SystemVerilog file "/home/zhangchenxuan/FSA_HLS/hls/fsa_stream_split_d/build/solution1/sim/verilog/fsa_stream_split_d_mul_11ns_11ns_22_2_1.v" into library xil_defaultlib
INFO: [VRFC 10-311] analyzing module fsa_stream_split_d_mul_11ns_11ns_22_2_1
INFO: [VRFC 10-2263] Analyzing SystemVerilog file "/home/zhangchenxuan/FSA_HLS/hls/fsa_stream_split_d/build/solution1/sim/verilog/fsa_stream_split_d_sparsemux_7_2_32_1_1.v" into library xil_defaultlib
INFO: [VRFC 10-311] analyzing module fsa_stream_split_d_sparsemux_7_2_32_1_1
INFO: [VRFC 10-2263] Analyzing SystemVerilog file "/home/zhangchenxuan/FSA_HLS/hls/fsa_stream_split_d/build/solution1/sim/verilog/fsa_stream_split_d_ctlz_22_22_1_1.v" into library xil_defaultlib
INFO: [VRFC 10-311] analyzing module fsa_stream_split_d_ctlz_22_22_1_1
INFO: [VRFC 10-2263] Analyzing SystemVerilog file "/home/zhangchenxuan/FSA_HLS/hls/fsa_stream_split_d/build/solution1/sim/verilog/fsa_stream_split_d_reciprocalColumns_Pipeline_VITIS_LOOP_369_1.v" into library xil_defaultlib
INFO: [VRFC 10-311] analyzing module fsa_stream_split_d_reciprocalColumns_Pipeline_VITIS_LOOP_369_1
INFO: [VRFC 10-2263] Analyzing SystemVerilog file "/home/zhangchenxuan/FSA_HLS/hls/fsa_stream_split_d/build/solution1/sim/verilog/fsa_stream_split_d_reciprocalColumns_Pipeline_VITIS_LOOP_369_17.v" into library xil_defaultlib
INFO: [VRFC 10-311] analyzing module fsa_stream_split_d_reciprocalColumns_Pipeline_VITIS_LOOP_369_17
INFO: [VRFC 10-2263] Analyzing SystemVerilog file "/home/zhangchenxuan/FSA_HLS/hls/fsa_stream_split_d/build/solution1/sim/verilog/fsa_stream_split_d_run.v" into library xil_defaultlib
INFO: [VRFC 10-311] analyzing module fsa_stream_split_d_run
INFO: [VRFC 10-2263] Analyzing SystemVerilog file "/home/zhangchenxuan/FSA_HLS/hls/fsa_stream_split_d/build/solution1/sim/verilog/AESL_axi_master_v_gmem.v" into library xil_defaultlib
INFO: [VRFC 10-311] analyzing module AESL_axi_master_v_gmem
INFO: [VRFC 10-2263] Analyzing SystemVerilog file "/home/zhangchenxuan/FSA_HLS/hls/fsa_stream_split_d/build/solution1/sim/verilog/fsa_stream_split_d_sparsemux_7_2_16_1_1.v" into library xil_defaultlib
INFO: [VRFC 10-311] analyzing module fsa_stream_split_d_sparsemux_7_2_16_1_1
INFO: [VRFC 10-2263] Analyzing SystemVerilog file "/home/zhangchenxuan/FSA_HLS/hls/fsa_stream_split_d/build/solution1/sim/verilog/fsa_stream_split_d_reciprocalColumns_Pipeline_VITIS_LOOP_369_15.v" into library xil_defaultlib
INFO: [VRFC 10-311] analyzing module fsa_stream_split_d_reciprocalColumns_Pipeline_VITIS_LOOP_369_15
INFO: [VRFC 10-2263] Analyzing SystemVerilog file "/home/zhangchenxuan/FSA_HLS/hls/fsa_stream_split_d/build/solution1/sim/verilog/fsa_stream_split_d_reciprocalColumns_Pipeline_VITIS_LOOP_369_16.v" into library xil_defaultlib
INFO: [VRFC 10-311] analyzing module fsa_stream_split_d_reciprocalColumns_Pipeline_VITIS_LOOP_369_16
INFO: [VRFC 10-2263] Analyzing SystemVerilog file "/home/zhangchenxuan/FSA_HLS/hls/fsa_stream_split_d/build/solution1/sim/verilog/fsa_stream_split_d_k_gmem_m_axi.v" into library xil_defaultlib
INFO: [VRFC 10-311] analyzing module fsa_stream_split_d_k_gmem_m_axi
INFO: [VRFC 10-311] analyzing module fsa_stream_split_d_k_gmem_m_axi_load
INFO: [VRFC 10-311] analyzing module fsa_stream_split_d_k_gmem_m_axi_store
INFO: [VRFC 10-311] analyzing module fsa_stream_split_d_k_gmem_m_axi_read
INFO: [VRFC 10-311] analyzing module fsa_stream_split_d_k_gmem_m_axi_write
INFO: [VRFC 10-311] analyzing module fsa_stream_split_d_k_gmem_m_axi_burst_converter
INFO: [VRFC 10-311] analyzing module fsa_stream_split_d_k_gmem_m_axi_throttle
INFO: [VRFC 10-311] analyzing module fsa_stream_split_d_k_gmem_m_axi_reg_slice
INFO: [VRFC 10-311] analyzing module fsa_stream_split_d_k_gmem_m_axi_fifo
INFO: [VRFC 10-311] analyzing module fsa_stream_split_d_k_gmem_m_axi_srl
INFO: [VRFC 10-311] analyzing module fsa_stream_split_d_k_gmem_m_axi_mem
INFO: [VRFC 10-2263] Analyzing SystemVerilog file "/home/zhangchenxuan/FSA_HLS/hls/fsa_stream_split_d/build/solution1/sim/verilog/fsa_stream_split_d_sparsemux_7_2_1_1_1.v" into library xil_defaultlib
INFO: [VRFC 10-311] analyzing module fsa_stream_split_d_sparsemux_7_2_1_1_1
INFO: [VRFC 10-2263] Analyzing SystemVerilog file "/home/zhangchenxuan/FSA_HLS/hls/fsa_stream_split_d/build/solution1/sim/verilog/fsa_stream_split_d_runController_Outline_VITIS_LOOP_121_3.v" into library xil_defaultlib
INFO: [VRFC 10-311] analyzing module fsa_stream_split_d_runController_Outline_VITIS_LOOP_121_3
INFO: [VRFC 10-2263] Analyzing SystemVerilog file "/home/zhangchenxuan/FSA_HLS/hls/fsa_stream_split_d/build/solution1/sim/verilog/dataflow_monitor.sv" into library xil_defaultlib
INFO: [VRFC 10-311] analyzing module dataflow_monitor
Starting static elaboration
Pass Through NonSizing Optimizer
WARNING: [VRFC 10-3091] actual bit length 17 differs from formal bit length 16 for port 'm_axis_result_tdata' [/home/zhangchenxuan/FSA_HLS/hls/fsa_stream_split_d/build/solution1/sim/verilog/fsa_stream_split_d_sptohp_32ns_16_1_no_dsp_1.v:29]
WARNING: [VRFC 10-3091] actual bit length 33 differs from formal bit length 32 for port 'm_axis_result_tdata' [/home/zhangchenxuan/FSA_HLS/hls/fsa_stream_split_d/build/solution1/sim/verilog/fsa_stream_split_d_hptosp_16ns_32_1_no_dsp_1.v:29]
Completed static elaboration
Starting simulation data flow analysis
Completed simulation data flow analysis
Time Resolution for simulation is 1ps
Compiling package std.standard
Compiling package std.textio
Compiling package ieee.std_logic_1164
Compiling package floating_point_v7_1_19.floating_point_v7_1_19_viv_comp
Compiling package ieee.numeric_std
Compiling package xbip_utils_v3_0_14.xbip_utils_v3_0_14_pkg
Compiling package axi_utils_v2_0_10.axi_utils_v2_0_10_pkg
Compiling package floating_point_v7_1_19.floating_point_v7_1_19_consts
Compiling package ieee.math_real
Compiling package floating_point_v7_1_19.floating_point_v7_1_19_exp_table...
Compiling package mult_gen_v12_0_22.mult_gen_v12_0_22_pkg
Compiling package ieee.std_logic_arith
Compiling package ieee.std_logic_signed
Compiling package floating_point_v7_1_19.floating_point_v7_1_19_pkg
Compiling package floating_point_v7_1_19.flt_utils
Compiling package unisim.vcomponents
Compiling package xbip_pipe_v3_0_10.xbip_pipe_v3_0_10_viv_comp
Compiling package ieee.vital_timing
Compiling package ieee.vital_primitives
Compiling package unisim.vpkg
Compiling package xil_defaultlib.$unit_dataflow_monitor_sv
Compiling module xil_defaultlib.fsa_stream_split_d_runController...
Compiling module xil_defaultlib.fsa_stream_split_d_runController...
Compiling module xil_defaultlib.fsa_stream_split_d_flow_control_...
Compiling module xil_defaultlib.fsa_stream_split_d_runController...
Compiling module xil_defaultlib.fsa_stream_split_d_runController...
Compiling module xil_defaultlib.fsa_stream_split_d_runController...
Compiling module xil_defaultlib.fsa_stream_split_d_runController...
Compiling module xil_defaultlib.fsa_stream_split_d_runController...
Compiling module xil_defaultlib.fsa_stream_split_d_runController...
Compiling module xil_defaultlib.fsa_stream_split_d_runController...
Compiling module xil_defaultlib.fsa_stream_split_d_runController...
Compiling module xil_defaultlib.fsa_stream_split_d_runController...
Compiling module xil_defaultlib.fsa_stream_split_d_runController...
Compiling module xil_defaultlib.fsa_stream_split_d_runPeAccumula...
Compiling module xil_defaultlib.fsa_stream_split_d_sparsemux_9_2...
Compiling module xil_defaultlib.fsa_stream_split_d_sparsemux_9_2...
Compiling module xil_defaultlib.fsa_stream_split_d_sparsemux_11_...
Compiling module xil_defaultlib.fsa_stream_split_d_runController...
Compiling module xil_defaultlib.fsa_stream_split_d_runController...
Compiling module xil_defaultlib.fsa_stream_split_d_runController...
Compiling module xil_defaultlib.fsa_stream_split_d_runController...
Compiling architecture struct of entity floating_point_v7_1_19.carry_chain [\carry_chain(c_xdevicefamily="vi...]
Compiling architecture synth of entity floating_point_v7_1_19.compare_ne_im [\compare_ne_im(c_xdevicefamily="...]
Compiling architecture synth of entity xbip_pipe_v3_0_10.xbip_pipe_v3_0_10_viv [\xbip_pipe_v3_0_10_viv(c_has_ce=...]
Compiling architecture rtl of entity floating_point_v7_1_19.delay [\delay(width=11,length=0)\]
Compiling architecture xorcy_v of entity unisim.XORCY [xorcy_default]
Compiling architecture synth of entity xbip_pipe_v3_0_10.xbip_pipe_v3_0_10_viv [\xbip_pipe_v3_0_10_viv(c_has_ce=...]
Compiling architecture rtl of entity floating_point_v7_1_19.delay [\delay(width=5,length=0,fast_inp...]
Compiling architecture struct of entity floating_point_v7_1_19.carry_chain [\carry_chain(c_xdevicefamily="vi...]
Compiling architecture synth of entity xbip_pipe_v3_0_10.xbip_pipe_v3_0_10_viv [\xbip_pipe_v3_0_10_viv(c_has_ce=...]
Compiling architecture rtl of entity floating_point_v7_1_19.delay [\delay(width=6,length=0,fast_inp...]
Compiling architecture struct of entity floating_point_v7_1_19.carry_chain [\carry_chain(c_xdevicefamily="vi...]
Compiling architecture struct of entity floating_point_v7_1_19.carry_chain [\carry_chain(c_xdevicefamily="vi...]
Compiling architecture synth of entity xbip_pipe_v3_0_10.xbip_pipe_v3_0_10_viv [\xbip_pipe_v3_0_10_viv(c_has_ce=...]
Compiling architecture rtl of entity floating_point_v7_1_19.delay [\delay(width=7,length=0)\]
Compiling architecture synth of entity xbip_pipe_v3_0_10.xbip_pipe_v3_0_10_viv [\xbip_pipe_v3_0_10_viv(c_has_ce=...]
Compiling architecture rtl of entity floating_point_v7_1_19.delay [\delay(width=8,length=0)\]
Compiling architecture synth of entity xbip_pipe_v3_0_10.xbip_pipe_v3_0_10_viv [\xbip_pipe_v3_0_10_viv(c_has_ce=...]
Compiling architecture rtl of entity floating_point_v7_1_19.delay [\delay(width=12,length=0,fast_in...]
Compiling architecture synth of entity xbip_pipe_v3_0_10.xbip_pipe_v3_0_10_viv [\xbip_pipe_v3_0_10_viv(c_has_ce=...]
Compiling architecture rtl of entity floating_point_v7_1_19.delay [\delay(width=3,length=0)\]
Compiling architecture synth of entity xbip_pipe_v3_0_10.xbip_pipe_v3_0_10_viv [\xbip_pipe_v3_0_10_viv(c_has_ce=...]
Compiling architecture rtl of entity floating_point_v7_1_19.delay [\delay(width=2,length=0,fast_inp...]
Compiling architecture struct of entity floating_point_v7_1_19.carry_chain [\carry_chain(c_xdevicefamily="vi...]
Compiling architecture rtl of entity floating_point_v7_1_19.flt_round_bit [\flt_round_bit(c_xdevicefamily="...]
Compiling architecture rtl of entity floating_point_v7_1_19.renorm_and_round_logic [\renorm_and_round_logic(c_xdevic...]
Compiling architecture synth of entity xbip_pipe_v3_0_10.xbip_pipe_v3_0_10_viv [\xbip_pipe_v3_0_10_viv(c_has_ce=...]
Compiling architecture rtl of entity floating_point_v7_1_19.delay [\delay(width=4,length=0,fast_inp...]
Compiling architecture synth of entity xbip_pipe_v3_0_10.xbip_pipe_v3_0_10_viv [\xbip_pipe_v3_0_10_viv(c_has_ce=...]
Compiling architecture rtl of entity floating_point_v7_1_19.delay [\delay(width=5,length=0)\]
Compiling architecture muxcy_v of entity unisim.MUXCY [muxcy_default]
Compiling architecture synth of entity xbip_pipe_v3_0_10.xbip_pipe_v3_0_10_viv [\xbip_pipe_v3_0_10_viv(c_has_ce=...]
Compiling architecture rtl of entity floating_point_v7_1_19.delay [\delay(width=4,length=0)\]
Compiling architecture struct of entity floating_point_v7_1_19.carry_chain [\carry_chain(c_xdevicefamily="ki...]
Compiling architecture synth of entity floating_point_v7_1_19.compare_eq_im [\compare_eq_im(c_xdevicefamily="...]
Compiling architecture rtl of entity floating_point_v7_1_19.delay [\delay(length=0,fast_input=true)...]
Compiling architecture rtl of entity floating_point_v7_1_19.special_detect [\special_detect(a_fw=24,op_delay...]
Compiling architecture synth of entity xbip_pipe_v3_0_10.xbip_pipe_v3_0_10_viv [\xbip_pipe_v3_0_10_viv(c_has_ce=...]
Compiling architecture rtl of entity floating_point_v7_1_19.delay [\delay(length=0)\]
Compiling architecture synth of entity xbip_pipe_v3_0_10.xbip_pipe_v3_0_10_viv [\xbip_pipe_v3_0_10_viv(c_has_ce=...]
Compiling architecture rtl of entity floating_point_v7_1_19.delay [\delay(width=2,length=0)\]
Compiling architecture rtl of entity floating_point_v7_1_19.flt_to_flt_conv_exp [\flt_to_flt_conv_exp(r_w=16,r_ew...]
Compiling architecture synth of entity floating_point_v7_1_19.flt_dec_op [\flt_dec_op(c_xdevicefamily="vir...]
Compiling architecture rtl of entity floating_point_v7_1_19.flt_to_flt_conv [\flt_to_flt_conv(c_xdevicefamily...]
Compiling module unisims_ver.x_lut1_mux2
Compiling module unisims_ver.LUT1
Compiling architecture synth of entity xbip_pipe_v3_0_10.xbip_pipe_v3_0_10_viv [\xbip_pipe_v3_0_10_viv(c_has_ce=...]
Compiling architecture synth of entity xbip_pipe_v3_0_10.xbip_pipe_v3_0_10_viv [\xbip_pipe_v3_0_10_viv(c_has_ce=...]
Compiling architecture rtl of entity floating_point_v7_1_19.delay [\delay(width=16,length=0)\]
Compiling architecture xilinx of entity floating_point_v7_1_19.floating_point_v7_1_19_viv [\floating_point_v7_1_19_viv(c_xd...]
Compiling architecture xilinx of entity floating_point_v7_1_19.floating_point_v7_1_19 [\floating_point_v7_1_19(c_xdevic...]
Compiling module xil_defaultlib.fsa_stream_split_d_sptohp_32ns_1...
Compiling module xil_defaultlib.fsa_stream_split_d_sptohp_32ns_1...
Compiling module xil_defaultlib.fsa_stream_split_d_cvtAtoE
Compiling module xil_defaultlib.fsa_stream_split_d_runController...
Compiling module xil_defaultlib.fsa_stream_split_d_sparsemux_7_2...
Compiling module xil_defaultlib.fsa_stream_split_d_sparsemux_7_2...
Compiling module xil_defaultlib.fsa_stream_split_d_sparsemux_7_2...
Compiling module xil_defaultlib.fsa_stream_split_d_mul_11ns_11ns...
Compiling module xil_defaultlib.fsa_stream_split_d_ctlz_22_22_1_...
Compiling module xil_defaultlib.fsa_stream_split_d_sparsemux_7_2...
Compiling module xil_defaultlib.fsa_stream_split_d_sparsemux_7_2...
Compiling module xil_defaultlib.fsa_stream_split_d_ctlz_27_27_1_...
Compiling module xil_defaultlib.fsa_stream_split_d_sparsemux_13_...
Compiling module xil_defaultlib.fsa_stream_split_d_sparsemux_13_...
Compiling module xil_defaultlib.fsa_stream_split_d_runPeArray
Compiling module xil_defaultlib.fsa_stream_split_d_runController...
Compiling module xil_defaultlib.fsa_stream_split_d_runController...
Compiling architecture synth of entity xbip_pipe_v3_0_10.xbip_pipe_v3_0_10_viv [\xbip_pipe_v3_0_10_viv(c_has_ce=...]
Compiling architecture rtl of entity floating_point_v7_1_19.delay [\delay(width=10,length=0)\]
Compiling architecture struct of entity floating_point_v7_1_19.carry_chain [\carry_chain(c_xdevicefamily="ki...]
Compiling architecture synth of entity floating_point_v7_1_19.compare_eq_im [\compare_eq_im(c_xdevicefamily="...]
Compiling architecture rtl of entity floating_point_v7_1_19.special_detect [\special_detect(a_w=16,a_fw=11,o...]
Compiling architecture rtl of entity floating_point_v7_1_19.flt_to_flt_conv_exp [\flt_to_flt_conv_exp(a_w=16,a_ew...]
Compiling architecture synth of entity floating_point_v7_1_19.flt_dec_op [\flt_dec_op(c_xdevicefamily="vir...]
Compiling architecture rtl of entity floating_point_v7_1_19.flt_to_flt_conv [\flt_to_flt_conv(c_xdevicefamily...]
Compiling architecture synth of entity xbip_pipe_v3_0_10.xbip_pipe_v3_0_10_viv [\xbip_pipe_v3_0_10_viv(c_has_ce=...]
Compiling architecture rtl of entity floating_point_v7_1_19.delay [\delay(width=32,length=0)\]
Compiling architecture xilinx of entity floating_point_v7_1_19.floating_point_v7_1_19_viv [\floating_point_v7_1_19_viv(c_xd...]
Compiling architecture xilinx of entity floating_point_v7_1_19.floating_point_v7_1_19 [\floating_point_v7_1_19(c_xdevic...]
Compiling module xil_defaultlib.fsa_stream_split_d_hptosp_16ns_3...
Compiling module xil_defaultlib.fsa_stream_split_d_hptosp_16ns_3...
Compiling module xil_defaultlib.fsa_stream_split_d_runController...
Compiling module xil_defaultlib.fsa_stream_split_d_runPeRowSum
Compiling module xil_defaultlib.fsa_stream_split_d_sparsemux_17_...
Compiling module xil_defaultlib.fsa_stream_split_d_sparsemux_17_...
Compiling module xil_defaultlib.fsa_stream_split_d_runController...
Compiling architecture struct of entity floating_point_v7_1_19.carry_chain [\carry_chain(c_xdevicefamily="vi...]
Compiling architecture synth of entity floating_point_v7_1_19.compare_eq_im [\compare_eq_im(c_xdevicefamily="...]
Compiling architecture struct of entity floating_point_v7_1_19.carry_chain [\carry_chain(c_xdevicefamily="vi...]
Compiling architecture synth of entity xbip_pipe_v3_0_10.xbip_pipe_v3_0_10_viv [\xbip_pipe_v3_0_10_viv(c_has_ce=...]
Compiling architecture rtl of entity floating_point_v7_1_19.delay [\delay(width=24,length=0,fast_in...]
Compiling architecture dsp48e1_v of entity unisim.DSP48E1 [\DSP48E1(acascreg=0,adreg=0,alum...]
Compiling architecture synth of entity xbip_pipe_v3_0_10.xbip_pipe_v3_0_10_viv [\xbip_pipe_v3_0_10_viv(c_has_ce=...]
Compiling architecture rtl of entity floating_point_v7_1_19.delay [\delay(width=48,length=0)\]
Compiling architecture synth of entity xbip_pipe_v3_0_10.xbip_pipe_v3_0_10_viv [\xbip_pipe_v3_0_10_viv(c_has_ce=...]
Compiling architecture rtl of entity floating_point_v7_1_19.delay [\delay(width=24,length=0)\]
Compiling architecture rtl of entity floating_point_v7_1_19.dsp48e1_wrapper [\dsp48e1_wrapper(c_part="xcvu37p...]
Compiling architecture synth of entity xbip_pipe_v3_0_10.xbip_pipe_v3_0_10_viv [\xbip_pipe_v3_0_10_viv(c_has_ce=...]
Compiling architecture rtl of entity floating_point_v7_1_19.delay [\delay(width=13,length=0)\]
Compiling architecture synth of entity xbip_pipe_v3_0_10.xbip_pipe_v3_0_10_viv [\xbip_pipe_v3_0_10_viv(c_has_ce=...]
Compiling architecture rtl of entity floating_point_v7_1_19.delay [\delay(width=27,length=0)\]
Compiling architecture synth of entity floating_point_v7_1_19.align_add_dsp48e1_sgl [\align_add_dsp48e1_sgl(c_xdevice...]
Compiling architecture lut5_v of entity unisim.LUT5 [\LUT5(init="00000000000000001111...]
Compiling architecture lut5_v of entity unisim.LUT5 [\LUT5(init="00000000000000000000...]
Compiling architecture rtl of entity floating_point_v7_1_19.lead_zero_encode_shift [\lead_zero_encode_shift(ab_fw=24...]
Compiling architecture lut6_v of entity unisim.LUT6 [\LUT6(init="11111110010101001011...]
Compiling architecture lut5_v of entity unisim.LUT5 [\LUT5(init="00010001010111110000...]
Compiling architecture lut5_v of entity unisim.LUT5 [\LUT5(init="11101110101000001111...]
Compiling architecture dsp48e1_v of entity unisim.DSP48E1 [\DSP48E1(acascreg=0,adreg=0,alum...]
Compiling architecture synth of entity xbip_pipe_v3_0_10.xbip_pipe_v3_0_10_viv [\xbip_pipe_v3_0_10_viv(c_has_ce=...]
Compiling architecture rtl of entity floating_point_v7_1_19.delay [\delay(width=25,length=0)\]
Compiling architecture rtl of entity floating_point_v7_1_19.dsp48e1_wrapper [\dsp48e1_wrapper(a_width=24,c_wi...]
Compiling architecture rtl of entity floating_point_v7_1_19.norm_and_round_dsp48e1_sgl [\norm_and_round_dsp48e1_sgl(c_mu...]
Compiling architecture lut5_v of entity unisim.LUT5 [\LUT5(init="10011001100110011001...]
Compiling architecture lut5_v of entity unisim.LUT5 [\LUT5(init="11111111000000001111...]
Compiling architecture synth of entity xbip_pipe_v3_0_10.xbip_pipe_v3_0_10_viv [\xbip_pipe_v3_0_10_viv(c_has_ce=...]
Compiling architecture rtl of entity floating_point_v7_1_19.delay [\delay(width=9,length=0)\]
Compiling architecture struct of entity floating_point_v7_1_19.carry_chain [\carry_chain(c_xdevicefamily="vi...]
Compiling architecture fdre_v of entity unisim.FDRE [fdre_default]
Compiling architecture fde_v of entity unisim.FDE [fde_default]
Compiling architecture struct of entity floating_point_v7_1_19.carry_chain [\carry_chain(c_xdevicefamily="vi...]
Compiling architecture synth of entity floating_point_v7_1_19.compare_eq_im [\compare_eq_im(c_xdevicefamily="...]
Compiling architecture rtl of entity floating_point_v7_1_19.delay [\delay(fast_input=true)\]
Compiling architecture rtl of entity floating_point_v7_1_19.special_detect [\special_detect(c_xdevicefamily=...]
Compiling architecture struct of entity floating_point_v7_1_19.carry_chain [\carry_chain(c_xdevicefamily="vi...]
Compiling architecture synth of entity floating_point_v7_1_19.compare_gt [\compare_gt(c_xdevicefamily="vir...]
Compiling architecture synth of entity floating_point_v7_1_19.compare [\compare(c_xdevicefamily="virtex...]
Compiling architecture synth of entity xbip_pipe_v3_0_10.xbip_pipe_v3_0_10_viv [\xbip_pipe_v3_0_10_viv(c_latency...]
Compiling architecture rtl of entity floating_point_v7_1_19.delay [\delay(width=8)\]
Compiling architecture synth of entity xbip_pipe_v3_0_10.xbip_pipe_v3_0_10_viv [\xbip_pipe_v3_0_10_viv(c_latency...]
Compiling architecture rtl of entity floating_point_v7_1_19.delay [delay_default]
Compiling architecture synth of entity xbip_pipe_v3_0_10.xbip_pipe_v3_0_10_viv [\xbip_pipe_v3_0_10_viv(c_latency...]
Compiling architecture rtl of entity floating_point_v7_1_19.delay [\delay(width=9)\]
Compiling architecture synth of entity xbip_pipe_v3_0_10.xbip_pipe_v3_0_10_viv [\xbip_pipe_v3_0_10_viv(c_has_ce=...]
Compiling architecture rtl of entity floating_point_v7_1_19.delay [\delay(width=12,length=0)\]
Compiling architecture rtl of entity floating_point_v7_1_19.flt_add_exp_sp [\flt_add_exp_sp(c_xdevicefamily=...]
Compiling architecture synth of entity xbip_pipe_v3_0_10.xbip_pipe_v3_0_10_viv [\xbip_pipe_v3_0_10_viv(c_latency...]
Compiling architecture rtl of entity floating_point_v7_1_19.delay [\delay(width=23)\]
Compiling architecture synth of entity floating_point_v7_1_19.flt_dec_op [\flt_dec_op(c_xdevicefamily="vir...]
Compiling architecture rtl of entity floating_point_v7_1_19.flt_add_dsp [\flt_add_dsp(c_xdevicefamily="vi...]
Compiling architecture rtl of entity floating_point_v7_1_19.flt_add [\flt_add(c_xdevicefamily="virtex...]
Compiling architecture synth of entity xbip_pipe_v3_0_10.xbip_pipe_v3_0_10_viv [\xbip_pipe_v3_0_10_viv(c_latency...]
Compiling architecture xilinx of entity floating_point_v7_1_19.floating_point_v7_1_19_viv [\floating_point_v7_1_19_viv(c_xd...]
Compiling architecture xilinx of entity floating_point_v7_1_19.floating_point_v7_1_19 [\floating_point_v7_1_19(c_xdevic...]
Compiling module xil_defaultlib.fsa_stream_split_d_fsub_32ns_32n...
Compiling module xil_defaultlib.fsa_stream_split_d_fsub_32ns_32n...
Compiling module xil_defaultlib.fsa_stream_split_d_sparsemux_9_3...
Compiling module xil_defaultlib.fsa_stream_split_d_runController...
Compiling module xil_defaultlib.fsa_stream_split_d_p_anonymous_n...
Compiling module xil_defaultlib.fsa_stream_split_d_reciprocalCol...
Compiling module xil_defaultlib.fsa_stream_split_d_sparsemux_9_3...
Compiling module xil_defaultlib.fsa_stream_split_d_sparsemux_7_2...
Compiling module xil_defaultlib.fsa_stream_split_d_p_anonymous_n...
Compiling module xil_defaultlib.fsa_stream_split_d_reciprocalCol...
Compiling module xil_defaultlib.fsa_stream_split_d_reciprocalCol...
Compiling module xil_defaultlib.fsa_stream_split_d_reciprocalCol...
Compiling architecture struct of entity floating_point_v7_1_19.carry_chain [\carry_chain(c_xdevicefamily="vi...]
Compiling architecture synth of entity floating_point_v7_1_19.compare_eq_im [\compare_eq_im(c_xdevicefamily="...]
Compiling architecture struct of entity floating_point_v7_1_19.carry_chain [\carry_chain(c_xdevicefamily="vi...]
Compiling architecture synth of entity floating_point_v7_1_19.compare_ne_im [\compare_ne_im(c_xdevicefamily="...]
Compiling architecture synth of entity floating_point_v7_1_19.compare_eq_im [\compare_eq_im(c_xdevicefamily="...]
Compiling architecture struct of entity floating_point_v7_1_19.carry_chain [\carry_chain(c_xdevicefamily="vi...]
Compiling architecture synth of entity floating_point_v7_1_19.compare_eq [\compare_eq(c_xdevicefamily="vir...]
Compiling architecture struct of entity floating_point_v7_1_19.carry_chain [\carry_chain(c_xdevicefamily="vi...]
Compiling architecture synth of entity floating_point_v7_1_19.compare_gt [\compare_gt(c_xdevicefamily="vir...]
Compiling architecture rtl of entity floating_point_v7_1_19.fp_cmp [\fp_cmp(c_xdevicefamily="virtexu...]
Compiling architecture xilinx of entity floating_point_v7_1_19.floating_point_v7_1_19_viv [\floating_point_v7_1_19_viv(c_xd...]
Compiling architecture xilinx of entity floating_point_v7_1_19.floating_point_v7_1_19 [\floating_point_v7_1_19(c_xdevic...]
Compiling module xil_defaultlib.fsa_stream_split_d_fcmp_32ns_32n...
Compiling module xil_defaultlib.fsa_stream_split_d_fcmp_32ns_32n...
Compiling module xil_defaultlib.fsa_stream_split_d_reciprocalCol...
Compiling module xil_defaultlib.fsa_stream_split_d_runController...
Compiling module xil_defaultlib.fsa_stream_split_d_storeOutputTi...
Compiling module xil_defaultlib.fsa_stream_split_d_storeOutputTi...
Compiling module xil_defaultlib.fsa_stream_split_d_runAccumulato...
Compiling module xil_defaultlib.fsa_stream_split_d_runAccumulato...
Compiling module xil_defaultlib.fsa_stream_split_d_p_anonymous_n...
Compiling module xil_defaultlib.fsa_stream_split_d_stageAccumula...
Compiling module xil_defaultlib.fsa_stream_split_d_mul_24ns_24ns...
Compiling module xil_defaultlib.fsa_stream_split_d_sparsemux_7_2...
Compiling module xil_defaultlib.fsa_stream_split_d_ctlz_48_48_1_...
Compiling module xil_defaultlib.fsa_stream_split_d_ctlz_24_24_1_...
Compiling module xil_defaultlib.fsa_stream_split_d_sparsemux_7_2...
Compiling module xil_defaultlib.fsa_stream_split_d_sparsemux_7_2...
Compiling module xil_defaultlib.fsa_stream_split_d_ctlz_51_51_1_...
Compiling module xil_defaultlib.fsa_stream_split_d_sparsemux_19_...
Compiling module xil_defaultlib.fsa_stream_split_d_runAccumulato...
Compiling module xil_defaultlib.fsa_stream_split_d_runController
Compiling module xil_defaultlib.fsa_stream_split_d_run
Compiling module xil_defaultlib.fsa_stream_split_d_control_s_axi
Compiling module xil_defaultlib.fsa_stream_split_d_k_gmem_m_axi_...
Compiling module xil_defaultlib.fsa_stream_split_d_k_gmem_m_axi_...
Compiling module xil_defaultlib.fsa_stream_split_d_k_gmem_m_axi_...
Compiling module xil_defaultlib.fsa_stream_split_d_k_gmem_m_axi_...
Compiling module xil_defaultlib.fsa_stream_split_d_k_gmem_m_axi_...
Compiling module xil_defaultlib.fsa_stream_split_d_k_gmem_m_axi_...
Compiling module xil_defaultlib.fsa_stream_split_d_k_gmem_m_axi_...
Compiling module xil_defaultlib.fsa_stream_split_d_k_gmem_m_axi_...
Compiling module xil_defaultlib.fsa_stream_split_d_k_gmem_m_axi_...
Compiling module xil_defaultlib.fsa_stream_split_d_k_gmem_m_axi_...
Compiling module xil_defaultlib.fsa_stream_split_d_k_gmem_m_axi_...
Compiling module xil_defaultlib.fsa_stream_split_d_k_gmem_m_axi(...
Compiling module xil_defaultlib.fsa_stream_split_d_o_gmem_m_axi_...
Compiling module xil_defaultlib.fsa_stream_split_d_o_gmem_m_axi_...
Compiling module xil_defaultlib.fsa_stream_split_d_o_gmem_m_axi_...
Compiling module xil_defaultlib.fsa_stream_split_d_o_gmem_m_axi_...
Compiling module xil_defaultlib.fsa_stream_split_d_o_gmem_m_axi_...
Compiling module xil_defaultlib.fsa_stream_split_d_o_gmem_m_axi_...
Compiling module xil_defaultlib.fsa_stream_split_d_o_gmem_m_axi_...
Compiling module xil_defaultlib.fsa_stream_split_d_o_gmem_m_axi_...
Compiling module xil_defaultlib.fsa_stream_split_d_o_gmem_m_axi_...
Compiling module xil_defaultlib.fsa_stream_split_d_o_gmem_m_axi_...
Compiling module xil_defaultlib.fsa_stream_split_d_o_gmem_m_axi_...
Compiling module xil_defaultlib.fsa_stream_split_d_o_gmem_m_axi_...
Compiling module xil_defaultlib.fsa_stream_split_d_o_gmem_m_axi_...
Compiling module xil_defaultlib.fsa_stream_split_d_o_gmem_m_axi_...
Compiling module xil_defaultlib.fsa_stream_split_d_o_gmem_m_axi_...
Compiling module xil_defaultlib.fsa_stream_split_d_o_gmem_m_axi_...
Compiling module xil_defaultlib.fsa_stream_split_d_o_gmem_m_axi_...
Compiling module xil_defaultlib.fsa_stream_split_d_o_gmem_m_axi_...
Compiling module xil_defaultlib.fsa_stream_split_d_o_gmem_m_axi_...
Compiling module xil_defaultlib.fsa_stream_split_d_o_gmem_m_axi_...
Compiling module xil_defaultlib.fsa_stream_split_d_o_gmem_m_axi_...
Compiling module xil_defaultlib.fsa_stream_split_d_o_gmem_m_axi(...
Compiling module xil_defaultlib.fsa_stream_split_d_q_gmem_m_axi_...
Compiling module xil_defaultlib.fsa_stream_split_d_q_gmem_m_axi_...
Compiling module xil_defaultlib.fsa_stream_split_d_q_gmem_m_axi_...
Compiling module xil_defaultlib.fsa_stream_split_d_q_gmem_m_axi_...
Compiling module xil_defaultlib.fsa_stream_split_d_q_gmem_m_axi_...
Compiling module xil_defaultlib.fsa_stream_split_d_q_gmem_m_axi_...
Compiling module xil_defaultlib.fsa_stream_split_d_q_gmem_m_axi_...
Compiling module xil_defaultlib.fsa_stream_split_d_q_gmem_m_axi_...
Compiling module xil_defaultlib.fsa_stream_split_d_q_gmem_m_axi_...
Compiling module xil_defaultlib.fsa_stream_split_d_q_gmem_m_axi_...
Compiling module xil_defaultlib.fsa_stream_split_d_q_gmem_m_axi_...
Compiling module xil_defaultlib.fsa_stream_split_d_q_gmem_m_axi(...
Compiling module xil_defaultlib.fsa_stream_split_d_v_gmem_m_axi_...
Compiling module xil_defaultlib.fsa_stream_split_d_v_gmem_m_axi_...
Compiling module xil_defaultlib.fsa_stream_split_d_v_gmem_m_axi_...
Compiling module xil_defaultlib.fsa_stream_split_d_v_gmem_m_axi_...
Compiling module xil_defaultlib.fsa_stream_split_d_v_gmem_m_axi_...
Compiling module xil_defaultlib.fsa_stream_split_d_v_gmem_m_axi_...
Compiling module xil_defaultlib.fsa_stream_split_d_v_gmem_m_axi_...
Compiling module xil_defaultlib.fsa_stream_split_d_v_gmem_m_axi_...
Compiling module xil_defaultlib.fsa_stream_split_d_v_gmem_m_axi_...
Compiling module xil_defaultlib.fsa_stream_split_d_v_gmem_m_axi_...
Compiling module xil_defaultlib.fsa_stream_split_d_v_gmem_m_axi_...
Compiling module xil_defaultlib.fsa_stream_split_d_v_gmem_m_axi(...
Compiling module xil_defaultlib.fsa_stream_split_d
Compiling module xil_defaultlib.AESL_axi_master_q_gmem
Compiling module xil_defaultlib.AESL_axi_master_k_gmem
Compiling module xil_defaultlib.AESL_axi_master_v_gmem
Compiling module xil_defaultlib.AESL_axi_master_o_gmem
Compiling module xil_defaultlib.AESL_axi_slave_control
Compiling module xil_defaultlib.nodf_module_intf_default
Compiling module xil_defaultlib.seq_loop_intf(FSM_WIDTH=83)
Compiling module xil_defaultlib.seq_loop_intf(FSM_WIDTH=107)
Compiling module xil_defaultlib.upc_loop_intf(FSM_WIDTH=1)
Compiling module xil_defaultlib.upc_loop_intf(FSM_WIDTH=5)
Compiling module xil_defaultlib.dataflow_monitor_1
Compiling module xil_defaultlib.apatb_fsa_stream_split_d_top
Compiling module work.glbl
Built simulation snapshot fsa_stream_split_d

****** xsim v2024.2 (64-bit)
  **** SW Build 5239630 on Fri Nov 08 22:34:34 MST 2024
  **** IP Build 5239520 on Sun Nov 10 16:12:51 MST 2024
  **** SharedData Build 5239561 on Fri Nov 08 14:39:27 MST 2024
  **** Start of session at: Sat Oct 10 01:19:13 2026
    ** Copyright 1986-2022 Xilinx, Inc. All Rights Reserved.
    ** Copyright 2022-2024 Advanced Micro Devices, Inc. All Rights Reserved.

source xsim.dir/fsa_stream_split_d/xsim_script.tcl
# xsim {fsa_stream_split_d} -autoloadwcfg -tclbatch {fsa_stream_split_d.tcl}
Time resolution is 1 ps
source fsa_stream_split_d.tcl
## run all
////////////////////////////////////////////////////////////////////////////////////
// Inter-Transaction Progress: Completed Transaction / Total Transaction
// Intra-Transaction Progress: Measured Latency / Latency Estimation * 100%
//
// RTL Simulation : "Inter-Transaction Progress" ["Intra-Transaction Progress"] @ "Simulation Time"
////////////////////////////////////////////////////////////////////////////////////
// RTL Simulation : 0 / 26 [0.00%] @ "125000"
// RTL Simulation : 1 / 26 [0.00%] @ "8055000"
// RTL Simulation : 2 / 26 [0.00%] @ "15875000"
// RTL Simulation : 3 / 26 [0.00%] @ "23575000"
// RTL Simulation : 4 / 26 [0.00%] @ "31275000"
// RTL Simulation : 5 / 26 [0.00%] @ "55335000"
// RTL Simulation : 6 / 26 [0.00%] @ "75475000"
// RTL Simulation : 7 / 26 [0.00%] @ "155445000"
// RTL Simulation : 8 / 26 [0.00%] @ "211775000"
// RTL Simulation : 9 / 26 [0.00%] @ "219995000"
// RTL Simulation : 10 / 26 [0.00%] @ "228165000"
// RTL Simulation : 11 / 26 [0.00%] @ "236665000"
// RTL Simulation : 12 / 26 [0.00%] @ "245115000"
// RTL Simulation : 13 / 26 [0.00%] @ "268595000"
// RTL Simulation : 14 / 26 [0.00%] @ "288035000"
// RTL Simulation : 15 / 26 [0.00%] @ "312495000"
// RTL Simulation : 16 / 26 [0.00%] @ "332985000"
// RTL Simulation : 17 / 26 [0.00%] @ "380265000"
// RTL Simulation : 18 / 26 [0.00%] @ "415665000"
// RTL Simulation : 19 / 26 [0.00%] @ "462895000"
// RTL Simulation : 20 / 26 [0.00%] @ "498295000"
// RTL Simulation : 21 / 26 [0.00%] @ "545525000"
// RTL Simulation : 22 / 26 [0.00%] @ "580925000"
// RTL Simulation : 23 / 26 [0.00%] @ "802295000"
// RTL Simulation : 24 / 26 [0.00%] @ "940875000"
// RTL Simulation : 25 / 26 [0.00%] @ "941325000"
// RTL Simulation : 26 / 26 [100.00%] @ "941725000"
////////////////////////////////////////////////////////////////////////////////////
$finish called at time : 941785 ns : File "/home/zhangchenxuan/FSA_HLS/hls/fsa_stream_split_d/build/solution1/sim/verilog/fsa_stream_split_d.autotb.v" Line 905
run: Time (s): cpu = 00:00:00.01 ; elapsed = 00:00:25 . Memory (MB): peak = 1316.891 ; gain = 0.000 ; free physical = 25838 ; free virtual = 58715
## quit
INFO: xsimkernel Simulation Memory Usage: 309420 KB (Peak: 354848 KB), Simulation CPU Usage: 26000 ms
INFO: [Common 17-206] Exiting xsim at Sat Oct 10 01:19:42 2026...
non-finite output: case=self-test-nan L=1 causal=0 at=[0][0] actual=nan actual_bits=0x7fc00000 expected=0 expected_bits=0x0
non-finite failure: case=self-test-nan first_at=[0][0]
non-finite output: case=self-test-inf L=1 causal=0 at=[0][0] actual=inf actual_bits=0x7f800000 expected=inf expected_bits=0x7ff0000000000000
non-finite failure: case=self-test-inf first_at=[0][0]
[bit-baseline] single-key-first L=1 causal=0 words=8
[bit-baseline] two-key-ones-v L=2 causal=0 words=16
[bit-baseline] two-key-basis-v L=2 causal=0 words=16
[bit-baseline] two-key-basis-v-last-feature L=2 causal=0 words=16
[bit-baseline] primary-noncausal L=7 causal=0 words=56
[bit-baseline] primary-causal L=7 causal=1 words=56
[bit-baseline] full-tile-noncausal L=16 causal=0 words=128
[bit-baseline] full-tile-causal L=16 causal=1 words=128
[bit-baseline] boundary-noncausal L=3 causal=0 words=24
[bit-baseline] boundary-causal L=3 causal=1 words=24
[bit-baseline] boundary-noncausal L=4 causal=0 words=32
[bit-baseline] boundary-causal L=4 causal=1 words=32
[bit-baseline] boundary-noncausal L=5 causal=0 words=40
[bit-baseline] boundary-causal L=5 causal=1 words=40
[bit-baseline] boundary-noncausal L=8 causal=0 words=64
[bit-baseline] boundary-causal L=8 causal=1 words=64
[bit-baseline] boundary-noncausal L=9 causal=0 words=72
[bit-baseline] boundary-causal L=9 causal=1 words=72
[rescale-probe] omitted-alpha gap=0.434121
[rescale-probe] omitted-alpha gap=0.434121
[bit-baseline] zero-qk-ones-v L=9 causal=0 words=72
[bit-baseline] zero-qk-ones-v-causal L=9 causal=1 words=72
[PWL-probe] boundary=1/8 side=-1 key_bits=0xb58b x_bits=0xafff x=-0.124939 piece=0
[PWL-probe] boundary=1/8 side=0 key_bits=0xb58c x_bits=0xb000 x=-0.125 piece=1
[PWL-probe] boundary=1/8 side=1 key_bits=0xb58d x_bits=0xb001 x=-0.125122 piece=1
[PWL-probe] boundary=2/8 side=-1 key_bits=0xb98b x_bits=0xb3ff x=-0.249878 piece=1
[PWL-probe] boundary=2/8 side=0 key_bits=0xb98c x_bits=0xb400 x=-0.25 piece=2
[PWL-probe] boundary=2/8 side=1 key_bits=0xb98d x_bits=0xb401 x=-0.250244 piece=2
[PWL-probe] boundary=3/8 side=-1 key_bits=0xbc28 x_bits=0xb5ff x=-0.374756 piece=2
[PWL-probe] boundary=3/8 side=0 key_bits=0xbc29 x_bits=0xb600 x=-0.375 piece=3
[PWL-probe] boundary=3/8 side=1 key_bits=0xbc2a x_bits=0xb602 x=-0.375488 piece=3
[PWL-probe] boundary=4/8 side=-1 key_bits=0xbd8b x_bits=0xb7ff x=-0.499756 piece=3
[PWL-probe] boundary=4/8 side=0 key_bits=0xbd8c x_bits=0xb800 x=-0.5 piece=4
[PWL-probe] boundary=4/8 side=1 key_bits=0xbd8d x_bits=0xb801 x=-0.500488 piece=4
[PWL-probe] boundary=5/8 side=-1 key_bits=0xbeee x_bits=0xb8ff x=-0.624512 piece=4
[PWL-probe] boundary=5/8 side=0 key_bits=0xbeef x_bits=0xb900 x=-0.625 piece=5
[PWL-probe] boundary=5/8 side=1 key_bits=0xbef0 x_bits=0xb901 x=-0.625488 piece=5
[PWL-probe] boundary=6/8 side=-1 key_bits=0xc028 x_bits=0xb9ff x=-0.749512 piece=5
[PWL-probe] boundary=6/8 side=0 key_bits=0xc029 x_bits=0xba00 x=-0.75 piece=6
[PWL-probe] boundary=6/8 side=1 key_bits=0xc02a x_bits=0xba02 x=-0.750977 piece=6
[PWL-probe] boundary=7/8 side=-1 key_bits=0xc0da x_bits=0xbaff x=-0.874512 piece=6
[PWL-unreachable] boundary=7/8 adjacent_key_bits=0x40da/0x40db
[PWL-probe] boundary=7/8 side=1 key_bits=0xc0db x_bits=0xbb01 x=-0.875488 piece=7
[PWL-probe] boundary=8/8 side=-1 key_bits=0xc18b x_bits=0xbbff x=-0.999512 piece=7
[PWL-probe] boundary=8/8 side=0 key_bits=0xc18c x_bits=0xbc00 x=-1 piece=0
[PWL-probe] boundary=8/8 side=1 key_bits=0xc18d x_bits=0xbc01 x=-1.00098 piece=0
[PWL-probe] boundary=1/8 side=-1 key_bits=0xb58b x_bits=0xafff x=-0.124939 piece=0
[PWL-probe] boundary=1/8 side=0 key_bits=0xb58c x_bits=0xb000 x=-0.125 piece=1
[PWL-probe] boundary=1/8 side=1 key_bits=0xb58d x_bits=0xb001 x=-0.125122 piece=1
[PWL-probe] boundary=2/8 side=-1 key_bits=0xb98b x_bits=0xb3ff x=-0.249878 piece=1
[PWL-probe] boundary=2/8 side=0 key_bits=0xb98c x_bits=0xb400 x=-0.25 piece=2
[PWL-probe] boundary=2/8 side=1 key_bits=0xb98d x_bits=0xb401 x=-0.250244 piece=2
[PWL-probe] boundary=3/8 side=-1 key_bits=0xbc28 x_bits=0xb5ff x=-0.374756 piece=2
[PWL-probe] boundary=3/8 side=0 key_bits=0xbc29 x_bits=0xb600 x=-0.375 piece=3
[PWL-probe] boundary=3/8 side=1 key_bits=0xbc2a x_bits=0xb602 x=-0.375488 piece=3
[PWL-probe] boundary=4/8 side=-1 key_bits=0xbd8b x_bits=0xb7ff x=-0.499756 piece=3
[PWL-probe] boundary=4/8 side=0 key_bits=0xbd8c x_bits=0xb800 x=-0.5 piece=4
[PWL-probe] boundary=4/8 side=1 key_bits=0xbd8d x_bits=0xb801 x=-0.500488 piece=4
[PWL-probe] boundary=5/8 side=-1 key_bits=0xbeee x_bits=0xb8ff x=-0.624512 piece=4
[PWL-probe] boundary=5/8 side=0 key_bits=0xbeef x_bits=0xb900 x=-0.625 piece=5
[PWL-probe] boundary=5/8 side=1 key_bits=0xbef0 x_bits=0xb901 x=-0.625488 piece=5
[PWL-probe] boundary=6/8 side=-1 key_bits=0xc028 x_bits=0xb9ff x=-0.749512 piece=5
[PWL-probe] boundary=6/8 side=0 key_bits=0xc029 x_bits=0xba00 x=-0.75 piece=6
[PWL-probe] boundary=6/8 side=1 key_bits=0xc02a x_bits=0xba02 x=-0.750977 piece=6
[PWL-probe] boundary=7/8 side=-1 key_bits=0xc0da x_bits=0xbaff x=-0.874512 piece=6
[PWL-unreachable] boundary=7/8 adjacent_key_bits=0x40da/0x40db
[PWL-probe] boundary=7/8 side=1 key_bits=0xc0db x_bits=0xbb01 x=-0.875488 piece=7
[PWL-probe] boundary=8/8 side=-1 key_bits=0xc18b x_bits=0xbbff x=-0.999512 piece=7
[PWL-probe] boundary=8/8 side=0 key_bits=0xc18c x_bits=0xbc00 x=-1 piece=0
[PWL-probe] boundary=8/8 side=1 key_bits=0xc18d x_bits=0xbc01 x=-1.00098 piece=0
[math-summary] 24/24
[bit-summary] 20/20
[PASS] fsa_stream_split_d: PE=4x4 HEAD_DIM=16 DIM_BLOCKS=4
INFO: [COSIM-1000] *** C/RTL co-simulation finished: PASS ***
