

================================================================
== Vitis HLS Report for 'runController_Pipeline_VITIS_LOOP_294_20'
================================================================
* Date:           Sat Oct 10 01:16:13 2026

* Version:        2024.2 (Build 5238294 on Nov  8 2024)
* Project:        build
* Solution:       solution1 (Vivado IP Flow Target)
* Product family: virtexuplusHBM
* Target device:  xcvu37p_CIV-fsvh2892-2-e


================================================================
== Performance Estimates
================================================================
+ Timing: 
    * Summary: 
    +--------+----------+----------+------------+
    |  Clock |  Target  | Estimated| Uncertainty|
    +--------+----------+----------+------------+
    |ap_clk  |  10.00 ns|  7.054 ns|     2.70 ns|
    +--------+----------+----------+------------+

+ Latency: 
    * Summary: 
    +---------+---------+----------+----------+-----+-----+------------------------------------------------+
    |  Latency (cycles) |  Latency (absolute) |  Interval |                    Pipeline                    |
    |   min   |   max   |    min   |    max   | min | max |                      Type                      |
    +---------+---------+----------+----------+-----+-----+------------------------------------------------+
    |       14|       14|  0.140 us|  0.140 us|    9|    9|  loop auto-rewind stp (delay=0 clock cycles(s))|
    +---------+---------+----------+----------+-----+-----+------------------------------------------------+

    + Detail: 
        * Instance: 
        +------------------------+------------+---------+---------+-----------+-----------+-----+-----+---------+
        |                        |            |  Latency (cycles) |   Latency (absolute)  |  Interval | Pipeline|
        |        Instance        |   Module   |   min   |   max   |    min    |    max    | min | max |   Type  |
        +------------------------+------------+---------+---------+-----------+-----------+-----+-----+---------+
        |grp_runPeArray_fu_1018  |runPeArray  |        3|        3|  30.000 ns|  30.000 ns|    1|    1|      yes|
        +------------------------+------------+---------+---------+-----------+-----------+-----+-----+---------+

        * Loop: 
        +---------------------+---------+---------+----------+-----------+-----------+------+----------+
        |                     |  Latency (cycles) | Iteration|  Initiation Interval  | Trip |          |
        |      Loop Name      |   min   |   max   |  Latency |  achieved |   target  | Count| Pipelined|
        +---------------------+---------+---------+----------+-----------+-----------+------+----------+
        |- VITIS_LOOP_294_20  |       12|       12|         6|          1|          1|     8|       yes|
        +---------------------+---------+---------+----------+-----------+-----------+------+----------+



================================================================
== Utilization Estimates
================================================================
* Summary: 
+---------------------+---------+------+---------+---------+-----+
|         Name        | BRAM_18K|  DSP |    FF   |   LUT   | URAM|
+---------------------+---------+------+---------+---------+-----+
|DSP                  |        -|     -|        -|        -|    -|
|Expression           |        -|     -|        0|      730|    -|
|FIFO                 |        -|     -|        -|        -|    -|
|Instance             |        -|     -|        -|        -|    -|
|Memory               |        0|     -|       48|       50|    -|
|Multiplexer          |        -|     -|        0|      324|    -|
|Register             |        -|     -|      881|       32|    -|
+---------------------+---------+------+---------+---------+-----+
|Total                |        0|     0|      929|     1136|    0|
+---------------------+---------+------+---------+---------+-----+
|Available SLR        |     1344|  3008|   869120|   434560|  320|
+---------------------+---------+------+---------+---------+-----+
|Utilization SLR (%)  |        0|     0|       ~0|       ~0|    0|
+---------------------+---------+------+---------+---------+-----+
|Available            |     4032|  9024|  2607360|  1303680|  960|
+---------------------+---------+------+---------+---------+-----+
|Utilization (%)      |        0|     0|       ~0|       ~0|    0|
+---------------------+---------+------+---------+---------+-----+

+ Detail: 
    * Instance: 
    +--------------------------------+---------------------------+---------+----+---+----+-----+
    |            Instance            |           Module          | BRAM_18K| DSP| FF| LUT| URAM|
    +--------------------------------+---------------------------+---------+----+---+----+-----+
    |hptosp_16ns_32_1_no_dsp_1_U539  |hptosp_16ns_32_1_no_dsp_1  |        0|   0|  0|   0|    0|
    |hptosp_16ns_32_1_no_dsp_1_U540  |hptosp_16ns_32_1_no_dsp_1  |        0|   0|  0|   0|    0|
    |hptosp_16ns_32_1_no_dsp_1_U541  |hptosp_16ns_32_1_no_dsp_1  |        0|   0|  0|   0|    0|
    |hptosp_16ns_32_1_no_dsp_1_U542  |hptosp_16ns_32_1_no_dsp_1  |        0|   0|  0|   0|    0|
    |hptosp_16ns_32_1_no_dsp_1_U543  |hptosp_16ns_32_1_no_dsp_1  |        0|   0|  0|   0|    0|
    |hptosp_16ns_32_1_no_dsp_1_U544  |hptosp_16ns_32_1_no_dsp_1  |        0|   0|  0|   0|    0|
    |hptosp_16ns_32_1_no_dsp_1_U545  |hptosp_16ns_32_1_no_dsp_1  |        0|   0|  0|   0|    0|
    |hptosp_16ns_32_1_no_dsp_1_U546  |hptosp_16ns_32_1_no_dsp_1  |        0|   0|  0|   0|    0|
    |hptosp_16ns_32_1_no_dsp_1_U547  |hptosp_16ns_32_1_no_dsp_1  |        0|   0|  0|   0|    0|
    |hptosp_16ns_32_1_no_dsp_1_U548  |hptosp_16ns_32_1_no_dsp_1  |        0|   0|  0|   0|    0|
    |hptosp_16ns_32_1_no_dsp_1_U549  |hptosp_16ns_32_1_no_dsp_1  |        0|   0|  0|   0|    0|
    |hptosp_16ns_32_1_no_dsp_1_U550  |hptosp_16ns_32_1_no_dsp_1  |        0|   0|  0|   0|    0|
    |hptosp_16ns_32_1_no_dsp_1_U551  |hptosp_16ns_32_1_no_dsp_1  |        0|   0|  0|   0|    0|
    |hptosp_16ns_32_1_no_dsp_1_U552  |hptosp_16ns_32_1_no_dsp_1  |        0|   0|  0|   0|    0|
    |hptosp_16ns_32_1_no_dsp_1_U553  |hptosp_16ns_32_1_no_dsp_1  |        0|   0|  0|   0|    0|
    |hptosp_16ns_32_1_no_dsp_1_U554  |hptosp_16ns_32_1_no_dsp_1  |        0|   0|  0|   0|    0|
    +--------------------------------+---------------------------+---------+----+---+----+-----+
    |Total                           |                           |        0|   0|  0|   0|    0|
    +--------------------------------+---------------------------+---------+----+---+----+-----+

    * DSP: 
    N/A

    * Memory: 
    +---------------------------------------------------+----------------------------------------------------------------------------------+---------+----+----+-----+------+-----+------+-------------+
    |                       Memory                      |                                      Module                                      | BRAM_18K| FF | LUT| URAM| Words| Bits| Banks| W*Bits*Banks|
    +---------------------------------------------------+----------------------------------------------------------------------------------+---------+----+----+-----+------+-----+------+-------------+
    |fsa_anonymous_namespace_EXP2_PWL_INTERCEPT_BITS_U  |runController_Pipeline_VITIS_LOOP_294_20_fsa_anonymous_namespace_EXP2_PWL_INTeOg  |        0|  32|  33|    0|     8|   27|     1|          216|
    |fsa_split_d_detail_EXP2_SLOPES_U                   |runController_Pipeline_VITIS_LOOP_294_20_fsa_split_d_detail_EXP2_SLOPES_ROM_AdEe  |        0|  16|  17|    0|     8|   16|     1|          128|
    +---------------------------------------------------+----------------------------------------------------------------------------------+---------+----+----+-----+------+-----+------+-------------+
    |Total                                              |                                                                                  |        0|  48|  50|    0|    16|   43|     2|          344|
    +---------------------------------------------------+----------------------------------------------------------------------------------+---------+----+----+-----+------+-----+------+-------------+

    * FIFO: 
    N/A

    * Expression: 
    +---------------------------------+----------+----+---+----+------------+------------+
    |          Variable Name          | Operation| DSP| FF| LUT| Bitwidth P0| Bitwidth P1|
    +---------------------------------+----------+----+---+----+------------+------------+
    |piece_2_fu_1230_p2               |         +|   0|  0|  12|           4|           1|
    |tmp198_not_fu_1484_p2            |       and|   0|  0|   2|           1|           1|
    |tmp199_not_fu_1524_p2            |       and|   0|  0|   2|           1|           1|
    |tmp200_not_fu_1564_p2            |       and|   0|  0|   2|           1|           1|
    |tmp201_not_fu_1604_p2            |       and|   0|  0|   2|           1|           1|
    |tmp202_not_fu_1644_p2            |       and|   0|  0|   2|           1|           1|
    |tmp203_not_fu_1684_p2            |       and|   0|  0|   2|           1|           1|
    |tmp204_not_fu_1724_p2            |       and|   0|  0|   2|           1|           1|
    |tmp205_not_fu_1764_p2            |       and|   0|  0|   2|           1|           1|
    |tmp206_not_fu_1804_p2            |       and|   0|  0|   2|           1|           1|
    |tmp207_not_fu_1844_p2            |       and|   0|  0|   2|           1|           1|
    |tmp208_not_fu_1884_p2            |       and|   0|  0|   2|           1|           1|
    |tmp209_not_fu_1924_p2            |       and|   0|  0|   2|           1|           1|
    |tmp210_not_fu_1964_p2            |       and|   0|  0|   2|           1|           1|
    |tmp211_not_fu_2004_p2            |       and|   0|  0|   2|           1|           1|
    |tmp212_not_fu_2044_p2            |       and|   0|  0|   2|           1|           1|
    |tmp213_not_fu_2084_p2            |       and|   0|  0|   2|           1|           1|
    |icmp_ln294_fu_1224_p2            |      icmp|   0|  0|  12|           4|           5|
    |or_ln314_10_fu_1660_p2           |        or|   0|  0|   2|           1|           1|
    |or_ln314_11_fu_1665_p2           |        or|   0|  0|   2|           1|           1|
    |or_ln314_12_fu_1700_p2           |        or|   0|  0|   2|           1|           1|
    |or_ln314_13_fu_1705_p2           |        or|   0|  0|   2|           1|           1|
    |or_ln314_14_fu_1740_p2           |        or|   0|  0|   2|           1|           1|
    |or_ln314_15_fu_1745_p2           |        or|   0|  0|   2|           1|           1|
    |or_ln314_16_fu_1780_p2           |        or|   0|  0|   2|           1|           1|
    |or_ln314_17_fu_1785_p2           |        or|   0|  0|   2|           1|           1|
    |or_ln314_18_fu_1820_p2           |        or|   0|  0|   2|           1|           1|
    |or_ln314_19_fu_1825_p2           |        or|   0|  0|   2|           1|           1|
    |or_ln314_1_fu_1465_p2            |        or|   0|  0|   2|           1|           1|
    |or_ln314_20_fu_1860_p2           |        or|   0|  0|   2|           1|           1|
    |or_ln314_21_fu_1865_p2           |        or|   0|  0|   2|           1|           1|
    |or_ln314_22_fu_1900_p2           |        or|   0|  0|   2|           1|           1|
    |or_ln314_23_fu_1905_p2           |        or|   0|  0|   2|           1|           1|
    |or_ln314_24_fu_1940_p2           |        or|   0|  0|   2|           1|           1|
    |or_ln314_25_fu_1945_p2           |        or|   0|  0|   2|           1|           1|
    |or_ln314_26_fu_1980_p2           |        or|   0|  0|   2|           1|           1|
    |or_ln314_27_fu_1985_p2           |        or|   0|  0|   2|           1|           1|
    |or_ln314_28_fu_2020_p2           |        or|   0|  0|   2|           1|           1|
    |or_ln314_29_fu_2025_p2           |        or|   0|  0|   2|           1|           1|
    |or_ln314_2_fu_1500_p2            |        or|   0|  0|   2|           1|           1|
    |or_ln314_30_fu_2060_p2           |        or|   0|  0|   2|           1|           1|
    |or_ln314_31_fu_2065_p2           |        or|   0|  0|   2|           1|           1|
    |or_ln314_3_fu_1505_p2            |        or|   0|  0|   2|           1|           1|
    |or_ln314_4_fu_1540_p2            |        or|   0|  0|   2|           1|           1|
    |or_ln314_5_fu_1545_p2            |        or|   0|  0|   2|           1|           1|
    |or_ln314_6_fu_1580_p2            |        or|   0|  0|   2|           1|           1|
    |or_ln314_7_fu_1585_p2            |        or|   0|  0|   2|           1|           1|
    |or_ln314_8_fu_1620_p2            |        or|   0|  0|   2|           1|           1|
    |or_ln314_9_fu_1625_p2            |        or|   0|  0|   2|           1|           1|
    |or_ln314_fu_1460_p2              |        or|   0|  0|   2|           1|           1|
    |probability_ready_10_fu_1889_p2  |        or|   0|  0|   2|           1|           1|
    |probability_ready_11_fu_1929_p2  |        or|   0|  0|   2|           1|           1|
    |probability_ready_12_fu_1969_p2  |        or|   0|  0|   2|           1|           1|
    |probability_ready_13_fu_2009_p2  |        or|   0|  0|   2|           1|           1|
    |probability_ready_14_fu_2049_p2  |        or|   0|  0|   2|           1|           1|
    |probability_ready_15_fu_2089_p2  |        or|   0|  0|   2|           1|           1|
    |probability_ready_1_fu_1529_p2   |        or|   0|  0|   2|           1|           1|
    |probability_ready_2_fu_1569_p2   |        or|   0|  0|   2|           1|           1|
    |probability_ready_3_fu_1609_p2   |        or|   0|  0|   2|           1|           1|
    |probability_ready_4_fu_1649_p2   |        or|   0|  0|   2|           1|           1|
    |probability_ready_5_fu_1689_p2   |        or|   0|  0|   2|           1|           1|
    |probability_ready_6_fu_1729_p2   |        or|   0|  0|   2|           1|           1|
    |probability_ready_7_fu_1769_p2   |        or|   0|  0|   2|           1|           1|
    |probability_ready_8_fu_1809_p2   |        or|   0|  0|   2|           1|           1|
    |probability_ready_9_fu_1849_p2   |        or|   0|  0|   2|           1|           1|
    |probability_ready_fu_1489_p2     |        or|   0|  0|   2|           1|           1|
    |conv1916_fu_1471_p3              |    select|   0|  0|  32|           1|          32|
    |conv_11928_fu_1631_p3            |    select|   0|  0|  32|           1|          32|
    |conv_12251919_fu_1511_p3         |    select|   0|  0|  32|           1|          32|
    |conv_1_11931_fu_1671_p3          |    select|   0|  0|  32|           1|          32|
    |conv_1_21934_fu_1711_p3          |    select|   0|  0|  32|           1|          32|
    |conv_1_31937_fu_1751_p3          |    select|   0|  0|  32|           1|          32|
    |conv_21940_fu_1791_p3            |    select|   0|  0|  32|           1|          32|
    |conv_22371922_fu_1551_p3         |    select|   0|  0|  32|           1|          32|
    |conv_2_11943_fu_1831_p3          |    select|   0|  0|  32|           1|          32|
    |conv_2_21946_fu_1871_p3          |    select|   0|  0|  32|           1|          32|
    |conv_2_31949_fu_1911_p3          |    select|   0|  0|  32|           1|          32|
    |conv_31952_fu_1951_p3            |    select|   0|  0|  32|           1|          32|
    |conv_32491925_fu_1591_p3         |    select|   0|  0|  32|           1|          32|
    |conv_3_11955_fu_1991_p3          |    select|   0|  0|  32|           1|          32|
    |conv_3_21958_fu_2031_p3          |    select|   0|  0|  32|           1|          32|
    |conv_3_31961_fu_2071_p3          |    select|   0|  0|  32|           1|          32|
    |ap_enable_pp0                    |       xor|   0|  0|   2|           1|           2|
    |p_not585_not_fu_1519_p2          |       xor|   0|  0|   2|           1|           2|
    |p_not588_not_fu_1559_p2          |       xor|   0|  0|   2|           1|           2|
    |p_not591_not_fu_1599_p2          |       xor|   0|  0|   2|           1|           2|
    |p_not594_not_fu_1639_p2          |       xor|   0|  0|   2|           1|           2|
    |p_not597_not_fu_1679_p2          |       xor|   0|  0|   2|           1|           2|
    |p_not600_not_fu_1719_p2          |       xor|   0|  0|   2|           1|           2|
    |p_not603_not_fu_1759_p2          |       xor|   0|  0|   2|           1|           2|
    |p_not606_not_fu_1799_p2          |       xor|   0|  0|   2|           1|           2|
    |p_not609_not_fu_1839_p2          |       xor|   0|  0|   2|           1|           2|
    |p_not612_not_fu_1879_p2          |       xor|   0|  0|   2|           1|           2|
    |p_not615_not_fu_1919_p2          |       xor|   0|  0|   2|           1|           2|
    |p_not618_not_fu_1959_p2          |       xor|   0|  0|   2|           1|           2|
    |p_not621_not_fu_1999_p2          |       xor|   0|  0|   2|           1|           2|
    |p_not624_not_fu_2039_p2          |       xor|   0|  0|   2|           1|           2|
    |p_not627_not_fu_2079_p2          |       xor|   0|  0|   2|           1|           2|
    |p_not_not_fu_1479_p2             |       xor|   0|  0|   2|           1|           2|
    |xor_ln314_10_fu_1855_p2          |       xor|   0|  0|   2|           1|           2|
    |xor_ln314_11_fu_1895_p2          |       xor|   0|  0|   2|           1|           2|
    |xor_ln314_12_fu_1935_p2          |       xor|   0|  0|   2|           1|           2|
    |xor_ln314_13_fu_1975_p2          |       xor|   0|  0|   2|           1|           2|
    |xor_ln314_14_fu_2015_p2          |       xor|   0|  0|   2|           1|           2|
    |xor_ln314_15_fu_2055_p2          |       xor|   0|  0|   2|           1|           2|
    |xor_ln314_1_fu_1495_p2           |       xor|   0|  0|   2|           1|           2|
    |xor_ln314_2_fu_1535_p2           |       xor|   0|  0|   2|           1|           2|
    |xor_ln314_3_fu_1575_p2           |       xor|   0|  0|   2|           1|           2|
    |xor_ln314_4_fu_1615_p2           |       xor|   0|  0|   2|           1|           2|
    |xor_ln314_5_fu_1655_p2           |       xor|   0|  0|   2|           1|           2|
    |xor_ln314_6_fu_1695_p2           |       xor|   0|  0|   2|           1|           2|
    |xor_ln314_7_fu_1735_p2           |       xor|   0|  0|   2|           1|           2|
    |xor_ln314_8_fu_1775_p2           |       xor|   0|  0|   2|           1|           2|
    |xor_ln314_9_fu_1815_p2           |       xor|   0|  0|   2|           1|           2|
    |xor_ln314_fu_1455_p2             |       xor|   0|  0|   2|           1|           2|
    +---------------------------------+----------+----+---+----+------------+------------+
    |Total                            |          |   0|  0| 730|         121|         648|
    +---------------------------------+----------+----+---+----+------------+------------+

    * Multiplexer: 
    +--------------------------+----+-----------+-----+-----------+
    |           Name           | LUT| Input Size| Bits| Total Bits|
    +--------------------------+----+-----------+-----+-----------+
    |ap_done_int               |   9|          2|    1|          2|
    |ap_enable_reg_pp0_iter5   |   9|          2|    1|          2|
    |ap_sig_allocacmp_piece_1  |   9|          2|    4|          8|
    |empty_174_reg_823         |   9|          2|    1|          2|
    |empty_175_reg_836         |   9|          2|    1|          2|
    |empty_176_reg_849         |   9|          2|    1|          2|
    |empty_177_reg_862         |   9|          2|    1|          2|
    |empty_178_reg_875         |   9|          2|    1|          2|
    |empty_179_reg_888         |   9|          2|    1|          2|
    |empty_180_reg_901         |   9|          2|    1|          2|
    |empty_181_reg_914         |   9|          2|    1|          2|
    |empty_182_reg_927         |   9|          2|    1|          2|
    |empty_183_reg_940         |   9|          2|    1|          2|
    |empty_184_reg_953         |   9|          2|    1|          2|
    |empty_185_reg_966         |   9|          2|    1|          2|
    |empty_186_reg_979         |   9|          2|    1|          2|
    |empty_187_reg_992         |   9|          2|    1|          2|
    |empty_188_reg_1005        |   9|          2|    1|          2|
    |empty_reg_810             |   9|          2|    1|          2|
    |pe_score_acc_16_fu_208    |   9|          2|   32|         64|
    |pe_score_acc_17_fu_212    |   9|          2|   32|         64|
    |pe_score_acc_18_fu_216    |   9|          2|   32|         64|
    |pe_score_acc_19_fu_220    |   9|          2|   32|         64|
    |pe_score_acc_20_fu_224    |   9|          2|   32|         64|
    |pe_score_acc_21_fu_228    |   9|          2|   32|         64|
    |pe_score_acc_22_fu_232    |   9|          2|   32|         64|
    |pe_score_acc_23_fu_236    |   9|          2|   32|         64|
    |pe_score_acc_24_fu_240    |   9|          2|   32|         64|
    |pe_score_acc_25_fu_244    |   9|          2|   32|         64|
    |pe_score_acc_26_fu_248    |   9|          2|   32|         64|
    |pe_score_acc_27_fu_252    |   9|          2|   32|         64|
    |pe_score_acc_28_fu_256    |   9|          2|   32|         64|
    |pe_score_acc_29_fu_260    |   9|          2|   32|         64|
    |pe_score_acc_30_fu_264    |   9|          2|   32|         64|
    |pe_score_acc_31_fu_268    |   9|          2|   32|         64|
    |piece_fu_204              |   9|          2|    4|          8|
    +--------------------------+----+-----------+-----+-----------+
    |Total                     | 324|         72|  538|       1076|
    +--------------------------+----+-----------+-----+-----------+

    * Register: 
    +-------------------------------------+----+----+-----+-----------+
    |                 Name                | FF | LUT| Bits| Const Bits|
    +-------------------------------------+----+----+-----+-----------+
    |ap_CS_fsm                            |   1|   0|    1|          0|
    |ap_done_reg                          |   1|   0|    1|          0|
    |ap_enable_reg_pp0_iter1              |   1|   0|    1|          0|
    |ap_enable_reg_pp0_iter2              |   1|   0|    1|          0|
    |ap_enable_reg_pp0_iter3              |   1|   0|    1|          0|
    |ap_enable_reg_pp0_iter4              |   1|   0|    1|          0|
    |ap_enable_reg_pp0_iter5              |   1|   0|    1|          0|
    |ap_loop_exit_ready_pp0_iter1_reg     |   1|   0|    1|          0|
    |ap_loop_exit_ready_pp0_iter2_reg     |   1|   0|    1|          0|
    |ap_loop_exit_ready_pp0_iter3_reg     |   1|   0|    1|          0|
    |ap_loop_exit_ready_pp0_iter4_reg     |   1|   0|    1|          0|
    |empty_174_reg_823                    |   1|   0|    1|          0|
    |empty_175_reg_836                    |   1|   0|    1|          0|
    |empty_176_reg_849                    |   1|   0|    1|          0|
    |empty_177_reg_862                    |   1|   0|    1|          0|
    |empty_178_reg_875                    |   1|   0|    1|          0|
    |empty_179_reg_888                    |   1|   0|    1|          0|
    |empty_180_reg_901                    |   1|   0|    1|          0|
    |empty_181_reg_914                    |   1|   0|    1|          0|
    |empty_182_reg_927                    |   1|   0|    1|          0|
    |empty_183_reg_940                    |   1|   0|    1|          0|
    |empty_184_reg_953                    |   1|   0|    1|          0|
    |empty_185_reg_966                    |   1|   0|    1|          0|
    |empty_186_reg_979                    |   1|   0|    1|          0|
    |empty_187_reg_992                    |   1|   0|    1|          0|
    |empty_188_reg_1005                   |   1|   0|    1|          0|
    |empty_reg_810                        |   1|   0|    1|          0|
    |grp_runPeArray_fu_1018_ap_start_reg  |   1|   0|    1|          0|
    |icmp_ln294_reg_2550                  |   1|   0|    1|          0|
    |pe_result_out_elemType_10_reg_2614   |  16|   0|   16|          0|
    |pe_result_out_elemType_11_reg_2619   |  16|   0|   16|          0|
    |pe_result_out_elemType_12_reg_2624   |  16|   0|   16|          0|
    |pe_result_out_elemType_13_reg_2629   |  16|   0|   16|          0|
    |pe_result_out_elemType_14_reg_2634   |  16|   0|   16|          0|
    |pe_result_out_elemType_15_reg_2639   |  16|   0|   16|          0|
    |pe_result_out_elemType_1_reg_2569    |  16|   0|   16|          0|
    |pe_result_out_elemType_2_reg_2574    |  16|   0|   16|          0|
    |pe_result_out_elemType_3_reg_2579    |  16|   0|   16|          0|
    |pe_result_out_elemType_4_reg_2584    |  16|   0|   16|          0|
    |pe_result_out_elemType_5_reg_2589    |  16|   0|   16|          0|
    |pe_result_out_elemType_6_reg_2594    |  16|   0|   16|          0|
    |pe_result_out_elemType_7_reg_2599    |  16|   0|   16|          0|
    |pe_result_out_elemType_8_reg_2604    |  16|   0|   16|          0|
    |pe_result_out_elemType_9_reg_2609    |  16|   0|   16|          0|
    |pe_result_out_elemType_reg_2564      |  16|   0|   16|          0|
    |pe_result_out_exp2_10_reg_2704       |   1|   0|    1|          0|
    |pe_result_out_exp2_11_reg_2710       |   1|   0|    1|          0|
    |pe_result_out_exp2_12_reg_2716       |   1|   0|    1|          0|
    |pe_result_out_exp2_13_reg_2722       |   1|   0|    1|          0|
    |pe_result_out_exp2_14_reg_2728       |   1|   0|    1|          0|
    |pe_result_out_exp2_15_reg_2734       |   1|   0|    1|          0|
    |pe_result_out_exp2_1_reg_2650        |   1|   0|    1|          0|
    |pe_result_out_exp2_2_reg_2656        |   1|   0|    1|          0|
    |pe_result_out_exp2_3_reg_2662        |   1|   0|    1|          0|
    |pe_result_out_exp2_4_reg_2668        |   1|   0|    1|          0|
    |pe_result_out_exp2_5_reg_2674        |   1|   0|    1|          0|
    |pe_result_out_exp2_6_reg_2680        |   1|   0|    1|          0|
    |pe_result_out_exp2_7_reg_2686        |   1|   0|    1|          0|
    |pe_result_out_exp2_8_reg_2692        |   1|   0|    1|          0|
    |pe_result_out_exp2_9_reg_2698        |   1|   0|    1|          0|
    |pe_result_out_exp2_reg_2644          |   1|   0|    1|          0|
    |pe_score_acc_16_fu_208               |  32|   0|   32|          0|
    |pe_score_acc_17_fu_212               |  32|   0|   32|          0|
    |pe_score_acc_18_fu_216               |  32|   0|   32|          0|
    |pe_score_acc_19_fu_220               |  32|   0|   32|          0|
    |pe_score_acc_20_fu_224               |  32|   0|   32|          0|
    |pe_score_acc_21_fu_228               |  32|   0|   32|          0|
    |pe_score_acc_22_fu_232               |  32|   0|   32|          0|
    |pe_score_acc_23_fu_236               |  32|   0|   32|          0|
    |pe_score_acc_24_fu_240               |  32|   0|   32|          0|
    |pe_score_acc_25_fu_244               |  32|   0|   32|          0|
    |pe_score_acc_26_fu_248               |  32|   0|   32|          0|
    |pe_score_acc_27_fu_252               |  32|   0|   32|          0|
    |pe_score_acc_28_fu_256               |  32|   0|   32|          0|
    |pe_score_acc_29_fu_260               |  32|   0|   32|          0|
    |pe_score_acc_30_fu_264               |  32|   0|   32|          0|
    |pe_score_acc_31_fu_268               |  32|   0|   32|          0|
    |piece_fu_204                         |   4|   0|    4|          0|
    |icmp_ln294_reg_2550                  |  64|  32|    1|          0|
    +-------------------------------------+----+----+-----+-----------+
    |Total                                | 881|  32|  818|          0|
    +-------------------------------------+----+----+-----+-----------+



================================================================
== Interface
================================================================
* Summary: 
+----------------------------------+-----+-----+------------+------------------------------------------+--------------+
|             RTL Ports            | Dir | Bits|  Protocol  |               Source Object              |    C Type    |
+----------------------------------+-----+-----+------------+------------------------------------------+--------------+
|ap_clk                            |   in|    1|  ap_ctrl_hs|  runController_Pipeline_VITIS_LOOP_294_20|  return value|
|ap_rst                            |   in|    1|  ap_ctrl_hs|  runController_Pipeline_VITIS_LOOP_294_20|  return value|
|ap_start                          |   in|    1|  ap_ctrl_hs|  runController_Pipeline_VITIS_LOOP_294_20|  return value|
|ap_done                           |  out|    1|  ap_ctrl_hs|  runController_Pipeline_VITIS_LOOP_294_20|  return value|
|ap_idle                           |  out|    1|  ap_ctrl_hs|  runController_Pipeline_VITIS_LOOP_294_20|  return value|
|ap_ready                          |  out|    1|  ap_ctrl_hs|  runController_Pipeline_VITIS_LOOP_294_20|  return value|
|grp_runPeArray_fu_985_p_din1      |  out|   16|  ap_ctrl_hs|  runController_Pipeline_VITIS_LOOP_294_20|  return value|
|grp_runPeArray_fu_985_p_din2      |  out|   16|  ap_ctrl_hs|  runController_Pipeline_VITIS_LOOP_294_20|  return value|
|grp_runPeArray_fu_985_p_din3      |  out|   16|  ap_ctrl_hs|  runController_Pipeline_VITIS_LOOP_294_20|  return value|
|grp_runPeArray_fu_985_p_din4      |  out|   16|  ap_ctrl_hs|  runController_Pipeline_VITIS_LOOP_294_20|  return value|
|grp_runPeArray_fu_985_p_din5      |  out|   16|  ap_ctrl_hs|  runController_Pipeline_VITIS_LOOP_294_20|  return value|
|grp_runPeArray_fu_985_p_din6      |  out|   16|  ap_ctrl_hs|  runController_Pipeline_VITIS_LOOP_294_20|  return value|
|grp_runPeArray_fu_985_p_din7      |  out|   16|  ap_ctrl_hs|  runController_Pipeline_VITIS_LOOP_294_20|  return value|
|grp_runPeArray_fu_985_p_din8      |  out|   16|  ap_ctrl_hs|  runController_Pipeline_VITIS_LOOP_294_20|  return value|
|grp_runPeArray_fu_985_p_din9      |  out|   16|  ap_ctrl_hs|  runController_Pipeline_VITIS_LOOP_294_20|  return value|
|grp_runPeArray_fu_985_p_din10     |  out|   16|  ap_ctrl_hs|  runController_Pipeline_VITIS_LOOP_294_20|  return value|
|grp_runPeArray_fu_985_p_din11     |  out|   16|  ap_ctrl_hs|  runController_Pipeline_VITIS_LOOP_294_20|  return value|
|grp_runPeArray_fu_985_p_din12     |  out|   16|  ap_ctrl_hs|  runController_Pipeline_VITIS_LOOP_294_20|  return value|
|grp_runPeArray_fu_985_p_din13     |  out|   16|  ap_ctrl_hs|  runController_Pipeline_VITIS_LOOP_294_20|  return value|
|grp_runPeArray_fu_985_p_din14     |  out|   16|  ap_ctrl_hs|  runController_Pipeline_VITIS_LOOP_294_20|  return value|
|grp_runPeArray_fu_985_p_din15     |  out|   16|  ap_ctrl_hs|  runController_Pipeline_VITIS_LOOP_294_20|  return value|
|grp_runPeArray_fu_985_p_din16     |  out|   16|  ap_ctrl_hs|  runController_Pipeline_VITIS_LOOP_294_20|  return value|
|grp_runPeArray_fu_985_p_din17     |  out|   16|  ap_ctrl_hs|  runController_Pipeline_VITIS_LOOP_294_20|  return value|
|grp_runPeArray_fu_985_p_din18     |  out|   16|  ap_ctrl_hs|  runController_Pipeline_VITIS_LOOP_294_20|  return value|
|grp_runPeArray_fu_985_p_din19     |  out|   16|  ap_ctrl_hs|  runController_Pipeline_VITIS_LOOP_294_20|  return value|
|grp_runPeArray_fu_985_p_din20     |  out|   16|  ap_ctrl_hs|  runController_Pipeline_VITIS_LOOP_294_20|  return value|
|grp_runPeArray_fu_985_p_din21     |  out|   16|  ap_ctrl_hs|  runController_Pipeline_VITIS_LOOP_294_20|  return value|
|grp_runPeArray_fu_985_p_din22     |  out|   16|  ap_ctrl_hs|  runController_Pipeline_VITIS_LOOP_294_20|  return value|
|grp_runPeArray_fu_985_p_din23     |  out|   16|  ap_ctrl_hs|  runController_Pipeline_VITIS_LOOP_294_20|  return value|
|grp_runPeArray_fu_985_p_din24     |  out|   16|  ap_ctrl_hs|  runController_Pipeline_VITIS_LOOP_294_20|  return value|
|grp_runPeArray_fu_985_p_din25     |  out|   16|  ap_ctrl_hs|  runController_Pipeline_VITIS_LOOP_294_20|  return value|
|grp_runPeArray_fu_985_p_din26     |  out|   16|  ap_ctrl_hs|  runController_Pipeline_VITIS_LOOP_294_20|  return value|
|grp_runPeArray_fu_985_p_din27     |  out|   16|  ap_ctrl_hs|  runController_Pipeline_VITIS_LOOP_294_20|  return value|
|grp_runPeArray_fu_985_p_din28     |  out|   16|  ap_ctrl_hs|  runController_Pipeline_VITIS_LOOP_294_20|  return value|
|grp_runPeArray_fu_985_p_din29     |  out|   16|  ap_ctrl_hs|  runController_Pipeline_VITIS_LOOP_294_20|  return value|
|grp_runPeArray_fu_985_p_din30     |  out|   16|  ap_ctrl_hs|  runController_Pipeline_VITIS_LOOP_294_20|  return value|
|grp_runPeArray_fu_985_p_din31     |  out|   16|  ap_ctrl_hs|  runController_Pipeline_VITIS_LOOP_294_20|  return value|
|grp_runPeArray_fu_985_p_din32     |  out|   16|  ap_ctrl_hs|  runController_Pipeline_VITIS_LOOP_294_20|  return value|
|grp_runPeArray_fu_985_p_din33     |  out|   32|  ap_ctrl_hs|  runController_Pipeline_VITIS_LOOP_294_20|  return value|
|grp_runPeArray_fu_985_p_din34     |  out|   32|  ap_ctrl_hs|  runController_Pipeline_VITIS_LOOP_294_20|  return value|
|grp_runPeArray_fu_985_p_din35     |  out|   32|  ap_ctrl_hs|  runController_Pipeline_VITIS_LOOP_294_20|  return value|
|grp_runPeArray_fu_985_p_din36     |  out|   32|  ap_ctrl_hs|  runController_Pipeline_VITIS_LOOP_294_20|  return value|
|grp_runPeArray_fu_985_p_din37     |  out|   32|  ap_ctrl_hs|  runController_Pipeline_VITIS_LOOP_294_20|  return value|
|grp_runPeArray_fu_985_p_din38     |  out|   32|  ap_ctrl_hs|  runController_Pipeline_VITIS_LOOP_294_20|  return value|
|grp_runPeArray_fu_985_p_din39     |  out|   32|  ap_ctrl_hs|  runController_Pipeline_VITIS_LOOP_294_20|  return value|
|grp_runPeArray_fu_985_p_din40     |  out|   32|  ap_ctrl_hs|  runController_Pipeline_VITIS_LOOP_294_20|  return value|
|grp_runPeArray_fu_985_p_din41     |  out|   32|  ap_ctrl_hs|  runController_Pipeline_VITIS_LOOP_294_20|  return value|
|grp_runPeArray_fu_985_p_din42     |  out|   32|  ap_ctrl_hs|  runController_Pipeline_VITIS_LOOP_294_20|  return value|
|grp_runPeArray_fu_985_p_din43     |  out|   32|  ap_ctrl_hs|  runController_Pipeline_VITIS_LOOP_294_20|  return value|
|grp_runPeArray_fu_985_p_din44     |  out|   32|  ap_ctrl_hs|  runController_Pipeline_VITIS_LOOP_294_20|  return value|
|grp_runPeArray_fu_985_p_din45     |  out|   32|  ap_ctrl_hs|  runController_Pipeline_VITIS_LOOP_294_20|  return value|
|grp_runPeArray_fu_985_p_din46     |  out|   32|  ap_ctrl_hs|  runController_Pipeline_VITIS_LOOP_294_20|  return value|
|grp_runPeArray_fu_985_p_din47     |  out|   32|  ap_ctrl_hs|  runController_Pipeline_VITIS_LOOP_294_20|  return value|
|grp_runPeArray_fu_985_p_din48     |  out|   32|  ap_ctrl_hs|  runController_Pipeline_VITIS_LOOP_294_20|  return value|
|grp_runPeArray_fu_985_p_din49     |  out|    1|  ap_ctrl_hs|  runController_Pipeline_VITIS_LOOP_294_20|  return value|
|grp_runPeArray_fu_985_p_dout0_0   |   in|   32|  ap_ctrl_hs|  runController_Pipeline_VITIS_LOOP_294_20|  return value|
|grp_runPeArray_fu_985_p_dout0_1   |   in|   32|  ap_ctrl_hs|  runController_Pipeline_VITIS_LOOP_294_20|  return value|
|grp_runPeArray_fu_985_p_dout0_2   |   in|   32|  ap_ctrl_hs|  runController_Pipeline_VITIS_LOOP_294_20|  return value|
|grp_runPeArray_fu_985_p_dout0_3   |   in|   32|  ap_ctrl_hs|  runController_Pipeline_VITIS_LOOP_294_20|  return value|
|grp_runPeArray_fu_985_p_dout0_4   |   in|   32|  ap_ctrl_hs|  runController_Pipeline_VITIS_LOOP_294_20|  return value|
|grp_runPeArray_fu_985_p_dout0_5   |   in|   32|  ap_ctrl_hs|  runController_Pipeline_VITIS_LOOP_294_20|  return value|
|grp_runPeArray_fu_985_p_dout0_6   |   in|   32|  ap_ctrl_hs|  runController_Pipeline_VITIS_LOOP_294_20|  return value|
|grp_runPeArray_fu_985_p_dout0_7   |   in|   32|  ap_ctrl_hs|  runController_Pipeline_VITIS_LOOP_294_20|  return value|
|grp_runPeArray_fu_985_p_dout0_8   |   in|   32|  ap_ctrl_hs|  runController_Pipeline_VITIS_LOOP_294_20|  return value|
|grp_runPeArray_fu_985_p_dout0_9   |   in|   32|  ap_ctrl_hs|  runController_Pipeline_VITIS_LOOP_294_20|  return value|
|grp_runPeArray_fu_985_p_dout0_10  |   in|   32|  ap_ctrl_hs|  runController_Pipeline_VITIS_LOOP_294_20|  return value|
|grp_runPeArray_fu_985_p_dout0_11  |   in|   32|  ap_ctrl_hs|  runController_Pipeline_VITIS_LOOP_294_20|  return value|
|grp_runPeArray_fu_985_p_dout0_12  |   in|   32|  ap_ctrl_hs|  runController_Pipeline_VITIS_LOOP_294_20|  return value|
|grp_runPeArray_fu_985_p_dout0_13  |   in|   32|  ap_ctrl_hs|  runController_Pipeline_VITIS_LOOP_294_20|  return value|
|grp_runPeArray_fu_985_p_dout0_14  |   in|   32|  ap_ctrl_hs|  runController_Pipeline_VITIS_LOOP_294_20|  return value|
|grp_runPeArray_fu_985_p_dout0_15  |   in|   32|  ap_ctrl_hs|  runController_Pipeline_VITIS_LOOP_294_20|  return value|
|grp_runPeArray_fu_985_p_dout0_16  |   in|   16|  ap_ctrl_hs|  runController_Pipeline_VITIS_LOOP_294_20|  return value|
|grp_runPeArray_fu_985_p_dout0_17  |   in|   16|  ap_ctrl_hs|  runController_Pipeline_VITIS_LOOP_294_20|  return value|
|grp_runPeArray_fu_985_p_dout0_18  |   in|   16|  ap_ctrl_hs|  runController_Pipeline_VITIS_LOOP_294_20|  return value|
|grp_runPeArray_fu_985_p_dout0_19  |   in|   16|  ap_ctrl_hs|  runController_Pipeline_VITIS_LOOP_294_20|  return value|
|grp_runPeArray_fu_985_p_dout0_20  |   in|   16|  ap_ctrl_hs|  runController_Pipeline_VITIS_LOOP_294_20|  return value|
|grp_runPeArray_fu_985_p_dout0_21  |   in|   16|  ap_ctrl_hs|  runController_Pipeline_VITIS_LOOP_294_20|  return value|
|grp_runPeArray_fu_985_p_dout0_22  |   in|   16|  ap_ctrl_hs|  runController_Pipeline_VITIS_LOOP_294_20|  return value|
|grp_runPeArray_fu_985_p_dout0_23  |   in|   16|  ap_ctrl_hs|  runController_Pipeline_VITIS_LOOP_294_20|  return value|
|grp_runPeArray_fu_985_p_dout0_24  |   in|   16|  ap_ctrl_hs|  runController_Pipeline_VITIS_LOOP_294_20|  return value|
|grp_runPeArray_fu_985_p_dout0_25  |   in|   16|  ap_ctrl_hs|  runController_Pipeline_VITIS_LOOP_294_20|  return value|
|grp_runPeArray_fu_985_p_dout0_26  |   in|   16|  ap_ctrl_hs|  runController_Pipeline_VITIS_LOOP_294_20|  return value|
|grp_runPeArray_fu_985_p_dout0_27  |   in|   16|  ap_ctrl_hs|  runController_Pipeline_VITIS_LOOP_294_20|  return value|
|grp_runPeArray_fu_985_p_dout0_28  |   in|   16|  ap_ctrl_hs|  runController_Pipeline_VITIS_LOOP_294_20|  return value|
|grp_runPeArray_fu_985_p_dout0_29  |   in|   16|  ap_ctrl_hs|  runController_Pipeline_VITIS_LOOP_294_20|  return value|
|grp_runPeArray_fu_985_p_dout0_30  |   in|   16|  ap_ctrl_hs|  runController_Pipeline_VITIS_LOOP_294_20|  return value|
|grp_runPeArray_fu_985_p_dout0_31  |   in|   16|  ap_ctrl_hs|  runController_Pipeline_VITIS_LOOP_294_20|  return value|
|grp_runPeArray_fu_985_p_dout0_32  |   in|    1|  ap_ctrl_hs|  runController_Pipeline_VITIS_LOOP_294_20|  return value|
|grp_runPeArray_fu_985_p_dout0_33  |   in|    1|  ap_ctrl_hs|  runController_Pipeline_VITIS_LOOP_294_20|  return value|
|grp_runPeArray_fu_985_p_dout0_34  |   in|    1|  ap_ctrl_hs|  runController_Pipeline_VITIS_LOOP_294_20|  return value|
|grp_runPeArray_fu_985_p_dout0_35  |   in|    1|  ap_ctrl_hs|  runController_Pipeline_VITIS_LOOP_294_20|  return value|
|grp_runPeArray_fu_985_p_dout0_36  |   in|    1|  ap_ctrl_hs|  runController_Pipeline_VITIS_LOOP_294_20|  return value|
|grp_runPeArray_fu_985_p_dout0_37  |   in|    1|  ap_ctrl_hs|  runController_Pipeline_VITIS_LOOP_294_20|  return value|
|grp_runPeArray_fu_985_p_dout0_38  |   in|    1|  ap_ctrl_hs|  runController_Pipeline_VITIS_LOOP_294_20|  return value|
|grp_runPeArray_fu_985_p_dout0_39  |   in|    1|  ap_ctrl_hs|  runController_Pipeline_VITIS_LOOP_294_20|  return value|
|grp_runPeArray_fu_985_p_dout0_40  |   in|    1|  ap_ctrl_hs|  runController_Pipeline_VITIS_LOOP_294_20|  return value|
|grp_runPeArray_fu_985_p_dout0_41  |   in|    1|  ap_ctrl_hs|  runController_Pipeline_VITIS_LOOP_294_20|  return value|
|grp_runPeArray_fu_985_p_dout0_42  |   in|    1|  ap_ctrl_hs|  runController_Pipeline_VITIS_LOOP_294_20|  return value|
|grp_runPeArray_fu_985_p_dout0_43  |   in|    1|  ap_ctrl_hs|  runController_Pipeline_VITIS_LOOP_294_20|  return value|
|grp_runPeArray_fu_985_p_dout0_44  |   in|    1|  ap_ctrl_hs|  runController_Pipeline_VITIS_LOOP_294_20|  return value|
|grp_runPeArray_fu_985_p_dout0_45  |   in|    1|  ap_ctrl_hs|  runController_Pipeline_VITIS_LOOP_294_20|  return value|
|grp_runPeArray_fu_985_p_dout0_46  |   in|    1|  ap_ctrl_hs|  runController_Pipeline_VITIS_LOOP_294_20|  return value|
|grp_runPeArray_fu_985_p_dout0_47  |   in|    1|  ap_ctrl_hs|  runController_Pipeline_VITIS_LOOP_294_20|  return value|
|grp_runPeArray_fu_985_p_ce        |  out|    1|  ap_ctrl_hs|  runController_Pipeline_VITIS_LOOP_294_20|  return value|
|grp_runPeArray_fu_985_p_start     |  out|    1|  ap_ctrl_hs|  runController_Pipeline_VITIS_LOOP_294_20|  return value|
|grp_runPeArray_fu_985_p_ready     |   in|    1|  ap_ctrl_hs|  runController_Pipeline_VITIS_LOOP_294_20|  return value|
|grp_runPeArray_fu_985_p_done      |   in|    1|  ap_ctrl_hs|  runController_Pipeline_VITIS_LOOP_294_20|  return value|
|grp_runPeArray_fu_985_p_idle      |   in|    1|  ap_ctrl_hs|  runController_Pipeline_VITIS_LOOP_294_20|  return value|
|pe_score_acc_15                   |   in|   32|     ap_none|                           pe_score_acc_15|        scalar|
|pe_score_acc_14                   |   in|   32|     ap_none|                           pe_score_acc_14|        scalar|
|pe_score_acc_13                   |   in|   32|     ap_none|                           pe_score_acc_13|        scalar|
|pe_score_acc_12                   |   in|   32|     ap_none|                           pe_score_acc_12|        scalar|
|pe_score_acc_11                   |   in|   32|     ap_none|                           pe_score_acc_11|        scalar|
|pe_score_acc_10                   |   in|   32|     ap_none|                           pe_score_acc_10|        scalar|
|pe_score_acc_9                    |   in|   32|     ap_none|                            pe_score_acc_9|        scalar|
|pe_score_acc_8                    |   in|   32|     ap_none|                            pe_score_acc_8|        scalar|
|pe_score_acc_7                    |   in|   32|     ap_none|                            pe_score_acc_7|        scalar|
|pe_score_acc_6                    |   in|   32|     ap_none|                            pe_score_acc_6|        scalar|
|pe_score_acc_5                    |   in|   32|     ap_none|                            pe_score_acc_5|        scalar|
|pe_score_acc_4                    |   in|   32|     ap_none|                            pe_score_acc_4|        scalar|
|pe_score_acc_3                    |   in|   32|     ap_none|                            pe_score_acc_3|        scalar|
|pe_score_acc_2                    |   in|   32|     ap_none|                            pe_score_acc_2|        scalar|
|pe_score_acc_1                    |   in|   32|     ap_none|                            pe_score_acc_1|        scalar|
|pe_score_acc                      |   in|   32|     ap_none|                              pe_score_acc|        scalar|
|pe_reg_48                         |   in|   16|     ap_none|                                 pe_reg_48|        scalar|
|pe_reg_49                         |   in|   16|     ap_none|                                 pe_reg_49|        scalar|
|pe_reg_50                         |   in|   16|     ap_none|                                 pe_reg_50|        scalar|
|pe_reg_51                         |   in|   16|     ap_none|                                 pe_reg_51|        scalar|
|pe_reg_52                         |   in|   16|     ap_none|                                 pe_reg_52|        scalar|
|pe_reg_53                         |   in|   16|     ap_none|                                 pe_reg_53|        scalar|
|pe_reg_54                         |   in|   16|     ap_none|                                 pe_reg_54|        scalar|
|pe_reg_55                         |   in|   16|     ap_none|                                 pe_reg_55|        scalar|
|pe_reg_56                         |   in|   16|     ap_none|                                 pe_reg_56|        scalar|
|pe_reg_57                         |   in|   16|     ap_none|                                 pe_reg_57|        scalar|
|pe_reg_58                         |   in|   16|     ap_none|                                 pe_reg_58|        scalar|
|pe_reg_59                         |   in|   16|     ap_none|                                 pe_reg_59|        scalar|
|pe_reg_60                         |   in|   16|     ap_none|                                 pe_reg_60|        scalar|
|pe_reg_61                         |   in|   16|     ap_none|                                 pe_reg_61|        scalar|
|pe_reg_62                         |   in|   16|     ap_none|                                 pe_reg_62|        scalar|
|pe_reg_63                         |   in|   16|     ap_none|                                 pe_reg_63|        scalar|
|p_not                             |   in|    1|     ap_none|                                     p_not|        scalar|
|p_not585                          |   in|    1|     ap_none|                                  p_not585|        scalar|
|p_not588                          |   in|    1|     ap_none|                                  p_not588|        scalar|
|p_not591                          |   in|    1|     ap_none|                                  p_not591|        scalar|
|p_not594                          |   in|    1|     ap_none|                                  p_not594|        scalar|
|p_not597                          |   in|    1|     ap_none|                                  p_not597|        scalar|
|p_not600                          |   in|    1|     ap_none|                                  p_not600|        scalar|
|p_not603                          |   in|    1|     ap_none|                                  p_not603|        scalar|
|p_not606                          |   in|    1|     ap_none|                                  p_not606|        scalar|
|p_not609                          |   in|    1|     ap_none|                                  p_not609|        scalar|
|p_not612                          |   in|    1|     ap_none|                                  p_not612|        scalar|
|p_not615                          |   in|    1|     ap_none|                                  p_not615|        scalar|
|p_not618                          |   in|    1|     ap_none|                                  p_not618|        scalar|
|p_not621                          |   in|    1|     ap_none|                                  p_not621|        scalar|
|p_not624                          |   in|    1|     ap_none|                                  p_not624|        scalar|
|p_not627                          |   in|    1|     ap_none|                                  p_not627|        scalar|
|pe_score_acc_31_out               |  out|   32|      ap_vld|                       pe_score_acc_31_out|       pointer|
|pe_score_acc_31_out_ap_vld        |  out|    1|      ap_vld|                       pe_score_acc_31_out|       pointer|
|pe_score_acc_30_out               |  out|   32|      ap_vld|                       pe_score_acc_30_out|       pointer|
|pe_score_acc_30_out_ap_vld        |  out|    1|      ap_vld|                       pe_score_acc_30_out|       pointer|
|pe_score_acc_29_out               |  out|   32|      ap_vld|                       pe_score_acc_29_out|       pointer|
|pe_score_acc_29_out_ap_vld        |  out|    1|      ap_vld|                       pe_score_acc_29_out|       pointer|
|pe_score_acc_28_out               |  out|   32|      ap_vld|                       pe_score_acc_28_out|       pointer|
|pe_score_acc_28_out_ap_vld        |  out|    1|      ap_vld|                       pe_score_acc_28_out|       pointer|
|pe_score_acc_27_out               |  out|   32|      ap_vld|                       pe_score_acc_27_out|       pointer|
|pe_score_acc_27_out_ap_vld        |  out|    1|      ap_vld|                       pe_score_acc_27_out|       pointer|
|pe_score_acc_26_out               |  out|   32|      ap_vld|                       pe_score_acc_26_out|       pointer|
|pe_score_acc_26_out_ap_vld        |  out|    1|      ap_vld|                       pe_score_acc_26_out|       pointer|
|pe_score_acc_25_out               |  out|   32|      ap_vld|                       pe_score_acc_25_out|       pointer|
|pe_score_acc_25_out_ap_vld        |  out|    1|      ap_vld|                       pe_score_acc_25_out|       pointer|
|pe_score_acc_24_out               |  out|   32|      ap_vld|                       pe_score_acc_24_out|       pointer|
|pe_score_acc_24_out_ap_vld        |  out|    1|      ap_vld|                       pe_score_acc_24_out|       pointer|
|pe_score_acc_23_out               |  out|   32|      ap_vld|                       pe_score_acc_23_out|       pointer|
|pe_score_acc_23_out_ap_vld        |  out|    1|      ap_vld|                       pe_score_acc_23_out|       pointer|
|pe_score_acc_22_out               |  out|   32|      ap_vld|                       pe_score_acc_22_out|       pointer|
|pe_score_acc_22_out_ap_vld        |  out|    1|      ap_vld|                       pe_score_acc_22_out|       pointer|
|pe_score_acc_21_out               |  out|   32|      ap_vld|                       pe_score_acc_21_out|       pointer|
|pe_score_acc_21_out_ap_vld        |  out|    1|      ap_vld|                       pe_score_acc_21_out|       pointer|
|pe_score_acc_20_out               |  out|   32|      ap_vld|                       pe_score_acc_20_out|       pointer|
|pe_score_acc_20_out_ap_vld        |  out|    1|      ap_vld|                       pe_score_acc_20_out|       pointer|
|pe_score_acc_19_out               |  out|   32|      ap_vld|                       pe_score_acc_19_out|       pointer|
|pe_score_acc_19_out_ap_vld        |  out|    1|      ap_vld|                       pe_score_acc_19_out|       pointer|
|pe_score_acc_18_out               |  out|   32|      ap_vld|                       pe_score_acc_18_out|       pointer|
|pe_score_acc_18_out_ap_vld        |  out|    1|      ap_vld|                       pe_score_acc_18_out|       pointer|
|pe_score_acc_17_out               |  out|   32|      ap_vld|                       pe_score_acc_17_out|       pointer|
|pe_score_acc_17_out_ap_vld        |  out|    1|      ap_vld|                       pe_score_acc_17_out|       pointer|
|pe_score_acc_16_out               |  out|   32|      ap_vld|                       pe_score_acc_16_out|       pointer|
|pe_score_acc_16_out_ap_vld        |  out|    1|      ap_vld|                       pe_score_acc_16_out|       pointer|
|p_out                             |  out|    1|      ap_vld|                                     p_out|       pointer|
|p_out_ap_vld                      |  out|    1|      ap_vld|                                     p_out|       pointer|
|p_out1                            |  out|    1|      ap_vld|                                    p_out1|       pointer|
|p_out1_ap_vld                     |  out|    1|      ap_vld|                                    p_out1|       pointer|
|p_out2                            |  out|    1|      ap_vld|                                    p_out2|       pointer|
|p_out2_ap_vld                     |  out|    1|      ap_vld|                                    p_out2|       pointer|
|p_out3                            |  out|    1|      ap_vld|                                    p_out3|       pointer|
|p_out3_ap_vld                     |  out|    1|      ap_vld|                                    p_out3|       pointer|
|p_out4                            |  out|    1|      ap_vld|                                    p_out4|       pointer|
|p_out4_ap_vld                     |  out|    1|      ap_vld|                                    p_out4|       pointer|
|p_out5                            |  out|    1|      ap_vld|                                    p_out5|       pointer|
|p_out5_ap_vld                     |  out|    1|      ap_vld|                                    p_out5|       pointer|
|p_out6                            |  out|    1|      ap_vld|                                    p_out6|       pointer|
|p_out6_ap_vld                     |  out|    1|      ap_vld|                                    p_out6|       pointer|
|p_out7                            |  out|    1|      ap_vld|                                    p_out7|       pointer|
|p_out7_ap_vld                     |  out|    1|      ap_vld|                                    p_out7|       pointer|
|p_out8                            |  out|    1|      ap_vld|                                    p_out8|       pointer|
|p_out8_ap_vld                     |  out|    1|      ap_vld|                                    p_out8|       pointer|
|p_out9                            |  out|    1|      ap_vld|                                    p_out9|       pointer|
|p_out9_ap_vld                     |  out|    1|      ap_vld|                                    p_out9|       pointer|
|p_out10                           |  out|    1|      ap_vld|                                   p_out10|       pointer|
|p_out10_ap_vld                    |  out|    1|      ap_vld|                                   p_out10|       pointer|
|p_out11                           |  out|    1|      ap_vld|                                   p_out11|       pointer|
|p_out11_ap_vld                    |  out|    1|      ap_vld|                                   p_out11|       pointer|
|p_out12                           |  out|    1|      ap_vld|                                   p_out12|       pointer|
|p_out12_ap_vld                    |  out|    1|      ap_vld|                                   p_out12|       pointer|
|p_out13                           |  out|    1|      ap_vld|                                   p_out13|       pointer|
|p_out13_ap_vld                    |  out|    1|      ap_vld|                                   p_out13|       pointer|
|p_out14                           |  out|    1|      ap_vld|                                   p_out14|       pointer|
|p_out14_ap_vld                    |  out|    1|      ap_vld|                                   p_out14|       pointer|
|p_out15                           |  out|    1|      ap_vld|                                   p_out15|       pointer|
|p_out15_ap_vld                    |  out|    1|      ap_vld|                                   p_out15|       pointer|
+----------------------------------+-----+-----+------------+------------------------------------------+--------------+

