

================================================================
== Vitis HLS Report for 'runController'
================================================================
* Date:           Sat Oct 10 01:16:18 2026

* Version:        2024.2 (Build 5238294 on Nov  8 2024)
* Project:        build
* Solution:       solution1 (Vivado IP Flow Target)
* Product family: virtexuplusHBM
* Target device:  xcvu37p_CIV-fsvh2892-2-e


================================================================
== Performance Estimates
================================================================
+ Timing: 
    * Summary: 
    +--------+----------+----------+------------+
    |  Clock |  Target  | Estimated| Uncertainty|
    +--------+----------+----------+------------+
    |ap_clk  |  10.00 ns|  7.300 ns|     2.70 ns|
    +--------+----------+----------+------------+

+ Latency: 
    * Summary: 
    +---------+-----------+----------+-----------+-----+-----------+---------+
    |   Latency (cycles)  |  Latency (absolute)  |     Interval    | Pipeline|
    |   min   |    max    |    min   |    max    | min |    max    |   Type  |
    +---------+-----------+----------+-----------+-----+-----------+---------+
    |      681|  426114049|  6.810 us|  4.261 sec|  681|  426114049|       no|
    +---------+-----------+----------+-----------+-----+-----------+---------+

    + Detail: 
        * Instance: 
        +-------------------------------------------------------------------+--------------------------------------------------------+---------+---------+-----------+----------+-----+--------+------------------------------------------------+
        |                                                                   |                                                        |  Latency (cycles) |  Latency (absolute)  |   Interval   |                    Pipeline                    |
        |                              Instance                             |                         Module                         |   min   |   max   |    min    |    max   | min |   max  |                      Type                      |
        +-------------------------------------------------------------------+--------------------------------------------------------+---------+---------+-----------+----------+-----+--------+------------------------------------------------+
        |grp_runController_Pipeline_1_fu_266                                |runController_Pipeline_1                                |       66|       66|   0.660 us|  0.660 us|   65|      65|  loop auto-rewind stp (delay=0 clock cycles(s))|
        |grp_runController_Pipeline_2_fu_278                                |runController_Pipeline_2                                |       66|       66|   0.660 us|  0.660 us|   65|      65|  loop auto-rewind stp (delay=0 clock cycles(s))|
        |grp_runController_Pipeline_17_fu_286                               |runController_Pipeline_17                               |       66|       66|   0.660 us|  0.660 us|   65|      65|  loop auto-rewind stp (delay=0 clock cycles(s))|
        |grp_runController_Pipeline_VITIS_LOOP_16_1_VITIS_LOOP_17_2_fu_294  |runController_Pipeline_VITIS_LOOP_16_1_VITIS_LOOP_17_2  |       19|       19|   0.190 us|  0.190 us|   17|      17|  loop auto-rewind stp (delay=0 clock cycles(s))|
        |grp_runController_Outline_VITIS_LOOP_121_3_fu_310                  |runController_Outline_VITIS_LOOP_121_3                  |      407|   415745|   4.070 us|  4.157 ms|  407|  415745|                                              no|
        |grp_reciprocalColumns_fu_358                                       |reciprocalColumns                                       |        8|       84|  80.000 ns|  0.840 us|    8|      84|                                              no|
        |grp_runController_Pipeline_VITIS_LOOP_445_35_fu_366                |runController_Pipeline_VITIS_LOOP_445_35                |       25|       25|   0.250 us|  0.250 us|   17|      17|  loop auto-rewind stp (delay=0 clock cycles(s))|
        |grp_storeOutputTile_fu_386                                         |storeOutputTile                                         |       73|      106|   0.730 us|  1.060 us|   73|     106|                                              no|
        +-------------------------------------------------------------------+--------------------------------------------------------+---------+---------+-----------+----------+-----+--------+------------------------------------------------+

        * Loop: 
        +-------------------+---------+-----------+--------------+-----------+-----------+----------+----------+
        |                   |   Latency (cycles)  |   Iteration  |  Initiation Interval  |   Trip   |          |
        |     Loop Name     |   min   |    max    |    Latency   |  achieved |   target  |   Count  | Pipelined|
        +-------------------+---------+-----------+--------------+-----------+-----------+----------+----------+
        |- VITIS_LOOP_90_1  |      680|  426114048|  680 ~ 416127|          -|          -|  1 ~ 1024|        no|
        +-------------------+---------+-----------+--------------+-----------+-----------+----------+----------+



================================================================
== Utilization Estimates
================================================================
* Summary: 
+---------------------+---------+------+---------+---------+-----+
|         Name        | BRAM_18K|  DSP |    FF   |   LUT   | URAM|
+---------------------+---------+------+---------+---------+-----+
|DSP                  |        -|     -|        -|        -|    -|
|Expression           |        -|     -|        0|      565|    -|
|FIFO                 |        -|     -|        -|        -|    -|
|Instance             |        0|    40|    27252|   117781|    0|
|Memory               |        0|     -|      384|      400|    0|
|Multiplexer          |        -|     -|        0|     2067|    -|
|Register             |        -|     -|      722|        -|    -|
+---------------------+---------+------+---------+---------+-----+
|Total                |        0|    40|    28358|   120813|    0|
+---------------------+---------+------+---------+---------+-----+
|Available SLR        |     1344|  3008|   869120|   434560|  320|
+---------------------+---------+------+---------+---------+-----+
|Utilization SLR (%)  |        0|     1|        3|       27|    0|
+---------------------+---------+------+---------+---------+-----+
|Available            |     4032|  9024|  2607360|  1303680|  960|
+---------------------+---------+------+---------+---------+-----+
|Utilization (%)      |        0|    ~0|        1|        9|    0|
+---------------------+---------+------+---------+---------+-----+

+ Detail: 
    * Instance: 
    +-------------------------------------------------------------------+--------------------------------------------------------+---------+----+-------+-------+-----+
    |                              Instance                             |                         Module                         | BRAM_18K| DSP|   FF  |  LUT  | URAM|
    +-------------------------------------------------------------------+--------------------------------------------------------+---------+----+-------+-------+-----+
    |grp_reciprocalColumns_fu_358                                       |reciprocalColumns                                       |        0|   0|    944|   4458|    0|
    |grp_runAccumulatorColumns_fu_875                                   |runAccumulatorColumns                                   |        0|   8|   4952|  28480|    0|
    |grp_runController_Outline_VITIS_LOOP_121_3_fu_310                  |runController_Outline_VITIS_LOOP_121_3                  |        0|  32|  20860|  83459|    0|
    |grp_runController_Pipeline_1_fu_266                                |runController_Pipeline_1                                |        0|   0|      9|     56|    0|
    |grp_runController_Pipeline_17_fu_286                               |runController_Pipeline_17                               |        0|   0|      9|     56|    0|
    |grp_runController_Pipeline_2_fu_278                                |runController_Pipeline_2                                |        0|   0|      9|     56|    0|
    |grp_runController_Pipeline_VITIS_LOOP_16_1_VITIS_LOOP_17_2_fu_294  |runController_Pipeline_VITIS_LOOP_16_1_VITIS_LOOP_17_2  |        0|   0|    163|    440|    0|
    |grp_runController_Pipeline_VITIS_LOOP_445_35_fu_366                |runController_Pipeline_VITIS_LOOP_445_35                |        0|   0|     92|     95|    0|
    |grp_storeOutputTile_fu_386                                         |storeOutputTile                                         |        0|   0|    214|    681|    0|
    +-------------------------------------------------------------------+--------------------------------------------------------+---------+----+-------+-------+-----+
    |Total                                                              |                                                        |        0|  40|  27252| 117781|    0|
    +-------------------------------------------------------------------+--------------------------------------------------------+---------+----+-------+-------+-----+

    * DSP: 
    N/A

    * Memory: 
    +----------------+----------------------------------------+---------+----+----+-----+------+-----+------+-------------+
    |     Memory     |                 Module                 | BRAM_18K| FF | LUT| URAM| Words| Bits| Banks| W*Bits*Banks|
    +----------------+----------------------------------------+---------+----+----+-----+------+-----+------+-------------+
    |output_acc_U    |runController_output_acc_RAM_AUTO_1R1W  |        0|  32|  33|    0|    16|   32|     1|          512|
    |output_acc_1_U  |runController_output_acc_RAM_AUTO_1R1W  |        0|  32|  33|    0|    16|   32|     1|          512|
    |output_acc_2_U  |runController_output_acc_RAM_AUTO_1R1W  |        0|  32|  33|    0|    16|   32|     1|          512|
    |output_acc_3_U  |runController_output_acc_RAM_AUTO_1R1W  |        0|  32|  33|    0|    16|   32|     1|          512|
    |normalized_U    |runController_output_acc_RAM_AUTO_1R1W  |        0|  32|  33|    0|    16|   32|     1|          512|
    |normalized_1_U  |runController_output_acc_RAM_AUTO_1R1W  |        0|  32|  33|    0|    16|   32|     1|          512|
    |normalized_2_U  |runController_output_acc_RAM_AUTO_1R1W  |        0|  32|  33|    0|    16|   32|     1|          512|
    |normalized_3_U  |runController_output_acc_RAM_AUTO_1R1W  |        0|  32|  33|    0|    16|   32|     1|          512|
    |q_tile_U        |runController_q_tile_RAM_AUTO_1R1W      |        0|  16|  17|    0|     8|   16|     1|          128|
    |q_tile_1_U      |runController_q_tile_RAM_AUTO_1R1W      |        0|  16|  17|    0|     8|   16|     1|          128|
    |q_tile_2_U      |runController_q_tile_RAM_AUTO_1R1W      |        0|  16|  17|    0|     8|   16|     1|          128|
    |q_tile_3_U      |runController_q_tile_RAM_AUTO_1R1W      |        0|  16|  17|    0|     8|   16|     1|          128|
    |q_tile_4_U      |runController_q_tile_RAM_AUTO_1R1W      |        0|  16|  17|    0|     8|   16|     1|          128|
    |q_tile_5_U      |runController_q_tile_RAM_AUTO_1R1W      |        0|  16|  17|    0|     8|   16|     1|          128|
    |q_tile_6_U      |runController_q_tile_RAM_AUTO_1R1W      |        0|  16|  17|    0|     8|   16|     1|          128|
    |q_tile_7_U      |runController_q_tile_RAM_AUTO_1R1W      |        0|  16|  17|    0|     8|   16|     1|          128|
    +----------------+----------------------------------------+---------+----+----+-----+------+-----+------+-------------+
    |Total           |                                        |        0| 384| 400|    0|   192|  384|    16|         5120|
    +----------------+----------------------------------------+---------+----+----+-----+------+-----+------+-------------+

    * FIFO: 
    N/A

    * Expression: 
    +---------------------------------+----------+----+---+----+------------+------------+
    |          Variable Name          | Operation| DSP| FF| LUT| Bitwidth P0| Bitwidth P1|
    +---------------------------------+----------+----+---+----+------------+------------+
    |add_ln120_fu_440_p2              |         +|   0|  0|  37|          30|           1|
    |add_ln88_fu_399_p2               |         +|   0|  0|  39|          32|           2|
    |add_ln90_1_fu_462_p2             |         +|   0|  0|  71|          64|          64|
    |add_ln90_fu_484_p2               |         +|   0|  0|  39|          32|          32|
    |empty_203_fu_603_p2              |         +|   0|  0|  32|          32|          32|
    |empty_202_fu_598_p2              |         -|   0|  0|  32|          32|          32|
    |remaining_queries_fu_531_p2      |         -|   0|  0|  39|          32|          32|
    |cmp74_275_fu_618_p2              |      icmp|   0|  0|  10|           3|           2|
    |cmp74_fu_592_p2                  |      icmp|   0|  0|  10|           3|           1|
    |icmp808_fu_574_p2                |      icmp|   0|  0|   9|           2|           1|
    |icmp_ln90_1_fu_489_p2            |      icmp|   0|  0|  39|          32|           4|
    |icmp_ln90_fu_435_p2              |      icmp|   0|  0|  37|          30|          30|
    |icmp_ln95_fu_549_p2              |      icmp|   0|  0|  37|          30|           1|
    |ap_block_state3_on_subcall_done  |        or|   0|  0|   2|           1|           1|
    |active_queries_fu_555_p3         |    select|   0|  0|   4|           1|           3|
    |key_tiles_fu_586_p3              |    select|   0|  0|  30|           1|          30|
    |select_ln90_fu_501_p3            |    select|   0|  0|  32|           1|          32|
    |xor_ln163_fu_421_p2              |       xor|   0|  0|   2|           1|           2|
    |xor_ln90_1_fu_495_p2             |       xor|   0|  0|  32|           2|          32|
    |xor_ln90_fu_415_p2               |       xor|   0|  0|  32|          32|           2|
    +---------------------------------+----------+----+---+----+------------+------------+
    |Total                            |          |   0|  0| 565|         393|         336|
    +---------------------------------+----------+----+---+----+------------+------------+

    * Multiplexer: 
    +----------------------------------------------+-----+-----------+-----+-----------+
    |                     Name                     | LUT | Input Size| Bits| Total Bits|
    +----------------------------------------------+-----+-----------+-----+-----------+
    |ap_NS_fsm                                     |  403|         84|    1|         84|
    |grp_runAccumulatorColumns_fu_875_ap_ce        |   14|          3|    1|          3|
    |grp_runAccumulatorColumns_fu_875_ap_start     |   14|          3|    1|          3|
    |grp_runAccumulatorColumns_fu_875_exp2_mode    |   14|          3|    1|          3|
    |grp_runAccumulatorColumns_fu_875_in_a_read    |   14|          3|   32|         96|
    |grp_runAccumulatorColumns_fu_875_in_a_read_4  |   14|          3|   32|         96|
    |grp_runAccumulatorColumns_fu_875_in_a_read_5  |   14|          3|   32|         96|
    |grp_runAccumulatorColumns_fu_875_in_a_read_6  |   14|          3|   32|         96|
    |grp_runAccumulatorColumns_fu_875_in_b_read    |   14|          3|   32|         96|
    |grp_runAccumulatorColumns_fu_875_in_b_read_4  |   14|          3|   32|         96|
    |grp_runAccumulatorColumns_fu_875_in_b_read_5  |   14|          3|   32|         96|
    |grp_runAccumulatorColumns_fu_875_in_b_read_6  |   14|          3|   32|         96|
    |grp_runAccumulatorColumns_fu_875_in_c_read    |   14|          3|   32|         96|
    |grp_runAccumulatorColumns_fu_875_in_c_read_4  |   14|          3|   32|         96|
    |grp_runAccumulatorColumns_fu_875_in_c_read_5  |   14|          3|   32|         96|
    |grp_runAccumulatorColumns_fu_875_in_c_read_6  |   14|          3|   32|         96|
    |m_axi_q_gmem_0_ARADDR                         |   14|          3|   64|        192|
    |m_axi_q_gmem_0_ARBURST                        |    9|          2|    2|          4|
    |m_axi_q_gmem_0_ARCACHE                        |    9|          2|    4|          8|
    |m_axi_q_gmem_0_ARID                           |    9|          2|    1|          2|
    |m_axi_q_gmem_0_ARLEN                          |   14|          3|   32|         96|
    |m_axi_q_gmem_0_ARLOCK                         |    9|          2|    2|          4|
    |m_axi_q_gmem_0_ARPROT                         |    9|          2|    3|          6|
    |m_axi_q_gmem_0_ARQOS                          |    9|          2|    4|          8|
    |m_axi_q_gmem_0_ARREGION                       |    9|          2|    4|          8|
    |m_axi_q_gmem_0_ARSIZE                         |    9|          2|    3|          6|
    |m_axi_q_gmem_0_ARUSER                         |    9|          2|    1|          2|
    |m_axi_q_gmem_0_ARVALID                        |   14|          3|    1|          3|
    |m_axi_q_gmem_0_RREADY                         |    9|          2|    1|          2|
    |normalized_1_address0                         |   20|          4|    4|         16|
    |normalized_1_ce0                              |   20|          4|    1|          4|
    |normalized_1_ce1                              |    9|          2|    1|          2|
    |normalized_1_d0                               |   14|          3|   32|         96|
    |normalized_1_we0                              |   14|          3|    1|          3|
    |normalized_2_address0                         |   20|          4|    4|         16|
    |normalized_2_ce0                              |   20|          4|    1|          4|
    |normalized_2_ce1                              |    9|          2|    1|          2|
    |normalized_2_d0                               |   14|          3|   32|         96|
    |normalized_2_we0                              |   14|          3|    1|          3|
    |normalized_3_address0                         |   20|          4|    4|         16|
    |normalized_3_ce0                              |   20|          4|    1|          4|
    |normalized_3_ce1                              |    9|          2|    1|          2|
    |normalized_3_d0                               |   14|          3|   32|         96|
    |normalized_3_we0                              |   14|          3|    1|          3|
    |normalized_address0                           |   20|          4|    4|         16|
    |normalized_ce0                                |   20|          4|    1|          4|
    |normalized_ce1                                |    9|          2|    1|          2|
    |normalized_d0                                 |   14|          3|   32|         96|
    |normalized_we0                                |   14|          3|    1|          3|
    |output_acc_1_address0                         |   20|          4|    4|         16|
    |output_acc_1_ce0                              |   20|          4|    1|          4|
    |output_acc_1_ce1                              |    9|          2|    1|          2|
    |output_acc_1_d0                               |   14|          3|   32|         96|
    |output_acc_1_we0                              |   14|          3|    1|          3|
    |output_acc_2_address0                         |   20|          4|    4|         16|
    |output_acc_2_ce0                              |   20|          4|    1|          4|
    |output_acc_2_ce1                              |    9|          2|    1|          2|
    |output_acc_2_d0                               |   14|          3|   32|         96|
    |output_acc_2_we0                              |   14|          3|    1|          3|
    |output_acc_3_address0                         |   20|          4|    4|         16|
    |output_acc_3_ce0                              |   20|          4|    1|          4|
    |output_acc_3_ce1                              |    9|          2|    1|          2|
    |output_acc_3_d0                               |   14|          3|   32|         96|
    |output_acc_3_we0                              |   14|          3|    1|          3|
    |output_acc_address0                           |   20|          4|    4|         16|
    |output_acc_ce0                                |   20|          4|    1|          4|
    |output_acc_ce1                                |    9|          2|    1|          2|
    |output_acc_d0                                 |   14|          3|   32|         96|
    |output_acc_we0                                |   14|          3|    1|          3|
    |q_gmem_blk_n_AR                               |    9|          2|    1|          2|
    |q_tile_1_address0                             |   20|          4|    3|         12|
    |q_tile_1_ce0                                  |   20|          4|    1|          4|
    |q_tile_1_ce1                                  |    9|          2|    1|          2|
    |q_tile_1_d0                                   |   14|          3|   16|         48|
    |q_tile_1_we0                                  |   14|          3|    1|          3|
    |q_tile_1_we1                                  |    9|          2|    1|          2|
    |q_tile_2_address0                             |   20|          4|    3|         12|
    |q_tile_2_ce0                                  |   20|          4|    1|          4|
    |q_tile_2_ce1                                  |    9|          2|    1|          2|
    |q_tile_2_d0                                   |   14|          3|   16|         48|
    |q_tile_2_we0                                  |   14|          3|    1|          3|
    |q_tile_2_we1                                  |    9|          2|    1|          2|
    |q_tile_3_address0                             |   20|          4|    3|         12|
    |q_tile_3_ce0                                  |   20|          4|    1|          4|
    |q_tile_3_ce1                                  |    9|          2|    1|          2|
    |q_tile_3_d0                                   |   14|          3|   16|         48|
    |q_tile_3_we0                                  |   14|          3|    1|          3|
    |q_tile_3_we1                                  |    9|          2|    1|          2|
    |q_tile_4_address0                             |   20|          4|    3|         12|
    |q_tile_4_ce0                                  |   20|          4|    1|          4|
    |q_tile_4_ce1                                  |    9|          2|    1|          2|
    |q_tile_4_d0                                   |   14|          3|   16|         48|
    |q_tile_4_we0                                  |   14|          3|    1|          3|
    |q_tile_4_we1                                  |    9|          2|    1|          2|
    |q_tile_5_address0                             |   20|          4|    3|         12|
    |q_tile_5_ce0                                  |   20|          4|    1|          4|
    |q_tile_5_ce1                                  |    9|          2|    1|          2|
    |q_tile_5_d0                                   |   14|          3|   16|         48|
    |q_tile_5_we0                                  |   14|          3|    1|          3|
    |q_tile_5_we1                                  |    9|          2|    1|          2|
    |q_tile_6_address0                             |   20|          4|    3|         12|
    |q_tile_6_ce0                                  |   20|          4|    1|          4|
    |q_tile_6_ce1                                  |    9|          2|    1|          2|
    |q_tile_6_d0                                   |   14|          3|   16|         48|
    |q_tile_6_we0                                  |   14|          3|    1|          3|
    |q_tile_6_we1                                  |    9|          2|    1|          2|
    |q_tile_7_address0                             |   20|          4|    3|         12|
    |q_tile_7_ce0                                  |   20|          4|    1|          4|
    |q_tile_7_ce1                                  |    9|          2|    1|          2|
    |q_tile_7_d0                                   |   14|          3|   16|         48|
    |q_tile_7_we0                                  |   14|          3|    1|          3|
    |q_tile_7_we1                                  |    9|          2|    1|          2|
    |q_tile_address0                               |   20|          4|    3|         12|
    |q_tile_ce0                                    |   20|          4|    1|          4|
    |q_tile_ce1                                    |    9|          2|    1|          2|
    |q_tile_d0                                     |   14|          3|   16|         48|
    |q_tile_we0                                    |   14|          3|    1|          3|
    |q_tile_we1                                    |    9|          2|    1|          2|
    |query_tile_fu_140                             |    9|          2|   30|         60|
    +----------------------------------------------+-----+-----------+-----+-----------+
    |Total                                         | 2067|        434| 1037|       3184|
    +----------------------------------------------+-----+-----------+-----+-----------+

    * Register: 
    +--------------------------------------------------------------------------------+----+----+-----+-----------+
    |                                      Name                                      | FF | LUT| Bits| Const Bits|
    +--------------------------------------------------------------------------------+----+----+-----+-----------+
    |active_queries_reg_799                                                          |   3|   0|    3|          0|
    |add_ln120_reg_758                                                               |  30|   0|   30|          0|
    |ap_CS_fsm                                                                       |  83|   0|   83|          0|
    |cmp74_275_reg_833                                                               |   1|   0|    1|          0|
    |cmp74_reg_818                                                                   |   1|   0|    1|          0|
    |empty_203_reg_823                                                               |  32|   0|   32|          0|
    |grp_reciprocalColumns_fu_358_ap_start_reg                                       |   1|   0|    1|          0|
    |grp_runController_Outline_VITIS_LOOP_121_3_fu_310_ap_start_reg                  |   1|   0|    1|          0|
    |grp_runController_Pipeline_17_fu_286_ap_start_reg                               |   1|   0|    1|          0|
    |grp_runController_Pipeline_1_fu_266_ap_start_reg                                |   1|   0|    1|          0|
    |grp_runController_Pipeline_2_fu_278_ap_start_reg                                |   1|   0|    1|          0|
    |grp_runController_Pipeline_VITIS_LOOP_16_1_VITIS_LOOP_17_2_fu_294_ap_start_reg  |   1|   0|    1|          0|
    |grp_runController_Pipeline_VITIS_LOOP_445_35_fu_366_ap_start_reg                |   1|   0|    1|          0|
    |grp_storeOutputTile_fu_386_ap_start_reg                                         |   1|   0|    1|          0|
    |icmp808_reg_808                                                                 |   1|   0|    1|          0|
    |icmp_ln95_reg_794                                                               |   1|   0|    1|          0|
    |inverse_sum_1_reg_860                                                           |  32|   0|   32|          0|
    |inverse_sum_2_reg_865                                                           |  32|   0|   32|          0|
    |inverse_sum_3_reg_870                                                           |  32|   0|   32|          0|
    |inverse_sum_reg_855                                                             |  32|   0|   32|          0|
    |key_tiles_reg_813                                                               |  30|   0|   30|          0|
    |query_tile_fu_140                                                               |  30|   0|   30|          0|
    |running_sum_0_loc_fu_144                                                        |  32|   0|   32|          0|
    |running_sum_1_0_loc_fu_148                                                      |  32|   0|   32|          0|
    |running_sum_2_0_loc_fu_152                                                      |  32|   0|   32|          0|
    |running_sum_3_0_loc_fu_156                                                      |  32|   0|   32|          0|
    |select_ln90_reg_779                                                             |  32|   0|   32|          0|
    |shl_ln_reg_771                                                                  |  30|   0|   32|          2|
    |tmp_294_reg_838                                                                 |  30|   0|   32|          2|
    |tmp_s_reg_828                                                                   |  30|   0|   32|          2|
    |trunc_ln1_reg_765                                                               |  61|   0|   61|          0|
    |trunc_ln_reg_735                                                                |  30|   0|   30|          0|
    |xor_ln163_reg_747                                                               |   1|   0|    1|          0|
    |xor_ln90_reg_741                                                                |  32|   0|   32|          0|
    +--------------------------------------------------------------------------------+----+----+-----+-----------+
    |Total                                                                           | 722|   0|  728|          6|
    +--------------------------------------------------------------------------------+----+----+-----+-----------+



================================================================
== Interface
================================================================
* Summary: 
+-------------------------+-----+-----+------------+---------------+--------------+
|        RTL Ports        | Dir | Bits|  Protocol  | Source Object |    C Type    |
+-------------------------+-----+-----+------------+---------------+--------------+
|ap_clk                   |   in|    1|  ap_ctrl_hs|  runController|  return value|
|ap_rst                   |   in|    1|  ap_ctrl_hs|  runController|  return value|
|ap_start                 |   in|    1|  ap_ctrl_hs|  runController|  return value|
|ap_done                  |  out|    1|  ap_ctrl_hs|  runController|  return value|
|ap_idle                  |  out|    1|  ap_ctrl_hs|  runController|  return value|
|ap_ready                 |  out|    1|  ap_ctrl_hs|  runController|  return value|
|m_axi_q_gmem_0_AWVALID   |  out|    1|       m_axi|         q_gmem|       pointer|
|m_axi_q_gmem_0_AWREADY   |   in|    1|       m_axi|         q_gmem|       pointer|
|m_axi_q_gmem_0_AWADDR    |  out|   64|       m_axi|         q_gmem|       pointer|
|m_axi_q_gmem_0_AWID      |  out|    1|       m_axi|         q_gmem|       pointer|
|m_axi_q_gmem_0_AWLEN     |  out|   32|       m_axi|         q_gmem|       pointer|
|m_axi_q_gmem_0_AWSIZE    |  out|    3|       m_axi|         q_gmem|       pointer|
|m_axi_q_gmem_0_AWBURST   |  out|    2|       m_axi|         q_gmem|       pointer|
|m_axi_q_gmem_0_AWLOCK    |  out|    2|       m_axi|         q_gmem|       pointer|
|m_axi_q_gmem_0_AWCACHE   |  out|    4|       m_axi|         q_gmem|       pointer|
|m_axi_q_gmem_0_AWPROT    |  out|    3|       m_axi|         q_gmem|       pointer|
|m_axi_q_gmem_0_AWQOS     |  out|    4|       m_axi|         q_gmem|       pointer|
|m_axi_q_gmem_0_AWREGION  |  out|    4|       m_axi|         q_gmem|       pointer|
|m_axi_q_gmem_0_AWUSER    |  out|    1|       m_axi|         q_gmem|       pointer|
|m_axi_q_gmem_0_WVALID    |  out|    1|       m_axi|         q_gmem|       pointer|
|m_axi_q_gmem_0_WREADY    |   in|    1|       m_axi|         q_gmem|       pointer|
|m_axi_q_gmem_0_WDATA     |  out|   64|       m_axi|         q_gmem|       pointer|
|m_axi_q_gmem_0_WSTRB     |  out|    8|       m_axi|         q_gmem|       pointer|
|m_axi_q_gmem_0_WLAST     |  out|    1|       m_axi|         q_gmem|       pointer|
|m_axi_q_gmem_0_WID       |  out|    1|       m_axi|         q_gmem|       pointer|
|m_axi_q_gmem_0_WUSER     |  out|    1|       m_axi|         q_gmem|       pointer|
|m_axi_q_gmem_0_ARVALID   |  out|    1|       m_axi|         q_gmem|       pointer|
|m_axi_q_gmem_0_ARREADY   |   in|    1|       m_axi|         q_gmem|       pointer|
|m_axi_q_gmem_0_ARADDR    |  out|   64|       m_axi|         q_gmem|       pointer|
|m_axi_q_gmem_0_ARID      |  out|    1|       m_axi|         q_gmem|       pointer|
|m_axi_q_gmem_0_ARLEN     |  out|   32|       m_axi|         q_gmem|       pointer|
|m_axi_q_gmem_0_ARSIZE    |  out|    3|       m_axi|         q_gmem|       pointer|
|m_axi_q_gmem_0_ARBURST   |  out|    2|       m_axi|         q_gmem|       pointer|
|m_axi_q_gmem_0_ARLOCK    |  out|    2|       m_axi|         q_gmem|       pointer|
|m_axi_q_gmem_0_ARCACHE   |  out|    4|       m_axi|         q_gmem|       pointer|
|m_axi_q_gmem_0_ARPROT    |  out|    3|       m_axi|         q_gmem|       pointer|
|m_axi_q_gmem_0_ARQOS     |  out|    4|       m_axi|         q_gmem|       pointer|
|m_axi_q_gmem_0_ARREGION  |  out|    4|       m_axi|         q_gmem|       pointer|
|m_axi_q_gmem_0_ARUSER    |  out|    1|       m_axi|         q_gmem|       pointer|
|m_axi_q_gmem_0_RVALID    |   in|    1|       m_axi|         q_gmem|       pointer|
|m_axi_q_gmem_0_RREADY    |  out|    1|       m_axi|         q_gmem|       pointer|
|m_axi_q_gmem_0_RDATA     |   in|   64|       m_axi|         q_gmem|       pointer|
|m_axi_q_gmem_0_RLAST     |   in|    1|       m_axi|         q_gmem|       pointer|
|m_axi_q_gmem_0_RID       |   in|    1|       m_axi|         q_gmem|       pointer|
|m_axi_q_gmem_0_RFIFONUM  |   in|   11|       m_axi|         q_gmem|       pointer|
|m_axi_q_gmem_0_RUSER     |   in|    1|       m_axi|         q_gmem|       pointer|
|m_axi_q_gmem_0_RRESP     |   in|    2|       m_axi|         q_gmem|       pointer|
|m_axi_q_gmem_0_BVALID    |   in|    1|       m_axi|         q_gmem|       pointer|
|m_axi_q_gmem_0_BREADY    |  out|    1|       m_axi|         q_gmem|       pointer|
|m_axi_q_gmem_0_BRESP     |   in|    2|       m_axi|         q_gmem|       pointer|
|m_axi_q_gmem_0_BID       |   in|    1|       m_axi|         q_gmem|       pointer|
|m_axi_q_gmem_0_BUSER     |   in|    1|       m_axi|         q_gmem|       pointer|
|q_address                |   in|   64|     ap_none|      q_address|        scalar|
|m_axi_k_gmem_0_AWVALID   |  out|    1|       m_axi|         k_gmem|       pointer|
|m_axi_k_gmem_0_AWREADY   |   in|    1|       m_axi|         k_gmem|       pointer|
|m_axi_k_gmem_0_AWADDR    |  out|   64|       m_axi|         k_gmem|       pointer|
|m_axi_k_gmem_0_AWID      |  out|    1|       m_axi|         k_gmem|       pointer|
|m_axi_k_gmem_0_AWLEN     |  out|   32|       m_axi|         k_gmem|       pointer|
|m_axi_k_gmem_0_AWSIZE    |  out|    3|       m_axi|         k_gmem|       pointer|
|m_axi_k_gmem_0_AWBURST   |  out|    2|       m_axi|         k_gmem|       pointer|
|m_axi_k_gmem_0_AWLOCK    |  out|    2|       m_axi|         k_gmem|       pointer|
|m_axi_k_gmem_0_AWCACHE   |  out|    4|       m_axi|         k_gmem|       pointer|
|m_axi_k_gmem_0_AWPROT    |  out|    3|       m_axi|         k_gmem|       pointer|
|m_axi_k_gmem_0_AWQOS     |  out|    4|       m_axi|         k_gmem|       pointer|
|m_axi_k_gmem_0_AWREGION  |  out|    4|       m_axi|         k_gmem|       pointer|
|m_axi_k_gmem_0_AWUSER    |  out|    1|       m_axi|         k_gmem|       pointer|
|m_axi_k_gmem_0_WVALID    |  out|    1|       m_axi|         k_gmem|       pointer|
|m_axi_k_gmem_0_WREADY    |   in|    1|       m_axi|         k_gmem|       pointer|
|m_axi_k_gmem_0_WDATA     |  out|   64|       m_axi|         k_gmem|       pointer|
|m_axi_k_gmem_0_WSTRB     |  out|    8|       m_axi|         k_gmem|       pointer|
|m_axi_k_gmem_0_WLAST     |  out|    1|       m_axi|         k_gmem|       pointer|
|m_axi_k_gmem_0_WID       |  out|    1|       m_axi|         k_gmem|       pointer|
|m_axi_k_gmem_0_WUSER     |  out|    1|       m_axi|         k_gmem|       pointer|
|m_axi_k_gmem_0_ARVALID   |  out|    1|       m_axi|         k_gmem|       pointer|
|m_axi_k_gmem_0_ARREADY   |   in|    1|       m_axi|         k_gmem|       pointer|
|m_axi_k_gmem_0_ARADDR    |  out|   64|       m_axi|         k_gmem|       pointer|
|m_axi_k_gmem_0_ARID      |  out|    1|       m_axi|         k_gmem|       pointer|
|m_axi_k_gmem_0_ARLEN     |  out|   32|       m_axi|         k_gmem|       pointer|
|m_axi_k_gmem_0_ARSIZE    |  out|    3|       m_axi|         k_gmem|       pointer|
|m_axi_k_gmem_0_ARBURST   |  out|    2|       m_axi|         k_gmem|       pointer|
|m_axi_k_gmem_0_ARLOCK    |  out|    2|       m_axi|         k_gmem|       pointer|
|m_axi_k_gmem_0_ARCACHE   |  out|    4|       m_axi|         k_gmem|       pointer|
|m_axi_k_gmem_0_ARPROT    |  out|    3|       m_axi|         k_gmem|       pointer|
|m_axi_k_gmem_0_ARQOS     |  out|    4|       m_axi|         k_gmem|       pointer|
|m_axi_k_gmem_0_ARREGION  |  out|    4|       m_axi|         k_gmem|       pointer|
|m_axi_k_gmem_0_ARUSER    |  out|    1|       m_axi|         k_gmem|       pointer|
|m_axi_k_gmem_0_RVALID    |   in|    1|       m_axi|         k_gmem|       pointer|
|m_axi_k_gmem_0_RREADY    |  out|    1|       m_axi|         k_gmem|       pointer|
|m_axi_k_gmem_0_RDATA     |   in|   64|       m_axi|         k_gmem|       pointer|
|m_axi_k_gmem_0_RLAST     |   in|    1|       m_axi|         k_gmem|       pointer|
|m_axi_k_gmem_0_RID       |   in|    1|       m_axi|         k_gmem|       pointer|
|m_axi_k_gmem_0_RFIFONUM  |   in|   11|       m_axi|         k_gmem|       pointer|
|m_axi_k_gmem_0_RUSER     |   in|    1|       m_axi|         k_gmem|       pointer|
|m_axi_k_gmem_0_RRESP     |   in|    2|       m_axi|         k_gmem|       pointer|
|m_axi_k_gmem_0_BVALID    |   in|    1|       m_axi|         k_gmem|       pointer|
|m_axi_k_gmem_0_BREADY    |  out|    1|       m_axi|         k_gmem|       pointer|
|m_axi_k_gmem_0_BRESP     |   in|    2|       m_axi|         k_gmem|       pointer|
|m_axi_k_gmem_0_BID       |   in|    1|       m_axi|         k_gmem|       pointer|
|m_axi_k_gmem_0_BUSER     |   in|    1|       m_axi|         k_gmem|       pointer|
|k_address                |   in|   64|     ap_none|      k_address|        scalar|
|m_axi_v_gmem_0_AWVALID   |  out|    1|       m_axi|         v_gmem|       pointer|
|m_axi_v_gmem_0_AWREADY   |   in|    1|       m_axi|         v_gmem|       pointer|
|m_axi_v_gmem_0_AWADDR    |  out|   64|       m_axi|         v_gmem|       pointer|
|m_axi_v_gmem_0_AWID      |  out|    1|       m_axi|         v_gmem|       pointer|
|m_axi_v_gmem_0_AWLEN     |  out|   32|       m_axi|         v_gmem|       pointer|
|m_axi_v_gmem_0_AWSIZE    |  out|    3|       m_axi|         v_gmem|       pointer|
|m_axi_v_gmem_0_AWBURST   |  out|    2|       m_axi|         v_gmem|       pointer|
|m_axi_v_gmem_0_AWLOCK    |  out|    2|       m_axi|         v_gmem|       pointer|
|m_axi_v_gmem_0_AWCACHE   |  out|    4|       m_axi|         v_gmem|       pointer|
|m_axi_v_gmem_0_AWPROT    |  out|    3|       m_axi|         v_gmem|       pointer|
|m_axi_v_gmem_0_AWQOS     |  out|    4|       m_axi|         v_gmem|       pointer|
|m_axi_v_gmem_0_AWREGION  |  out|    4|       m_axi|         v_gmem|       pointer|
|m_axi_v_gmem_0_AWUSER    |  out|    1|       m_axi|         v_gmem|       pointer|
|m_axi_v_gmem_0_WVALID    |  out|    1|       m_axi|         v_gmem|       pointer|
|m_axi_v_gmem_0_WREADY    |   in|    1|       m_axi|         v_gmem|       pointer|
|m_axi_v_gmem_0_WDATA     |  out|   64|       m_axi|         v_gmem|       pointer|
|m_axi_v_gmem_0_WSTRB     |  out|    8|       m_axi|         v_gmem|       pointer|
|m_axi_v_gmem_0_WLAST     |  out|    1|       m_axi|         v_gmem|       pointer|
|m_axi_v_gmem_0_WID       |  out|    1|       m_axi|         v_gmem|       pointer|
|m_axi_v_gmem_0_WUSER     |  out|    1|       m_axi|         v_gmem|       pointer|
|m_axi_v_gmem_0_ARVALID   |  out|    1|       m_axi|         v_gmem|       pointer|
|m_axi_v_gmem_0_ARREADY   |   in|    1|       m_axi|         v_gmem|       pointer|
|m_axi_v_gmem_0_ARADDR    |  out|   64|       m_axi|         v_gmem|       pointer|
|m_axi_v_gmem_0_ARID      |  out|    1|       m_axi|         v_gmem|       pointer|
|m_axi_v_gmem_0_ARLEN     |  out|   32|       m_axi|         v_gmem|       pointer|
|m_axi_v_gmem_0_ARSIZE    |  out|    3|       m_axi|         v_gmem|       pointer|
|m_axi_v_gmem_0_ARBURST   |  out|    2|       m_axi|         v_gmem|       pointer|
|m_axi_v_gmem_0_ARLOCK    |  out|    2|       m_axi|         v_gmem|       pointer|
|m_axi_v_gmem_0_ARCACHE   |  out|    4|       m_axi|         v_gmem|       pointer|
|m_axi_v_gmem_0_ARPROT    |  out|    3|       m_axi|         v_gmem|       pointer|
|m_axi_v_gmem_0_ARQOS     |  out|    4|       m_axi|         v_gmem|       pointer|
|m_axi_v_gmem_0_ARREGION  |  out|    4|       m_axi|         v_gmem|       pointer|
|m_axi_v_gmem_0_ARUSER    |  out|    1|       m_axi|         v_gmem|       pointer|
|m_axi_v_gmem_0_RVALID    |   in|    1|       m_axi|         v_gmem|       pointer|
|m_axi_v_gmem_0_RREADY    |  out|    1|       m_axi|         v_gmem|       pointer|
|m_axi_v_gmem_0_RDATA     |   in|   64|       m_axi|         v_gmem|       pointer|
|m_axi_v_gmem_0_RLAST     |   in|    1|       m_axi|         v_gmem|       pointer|
|m_axi_v_gmem_0_RID       |   in|    1|       m_axi|         v_gmem|       pointer|
|m_axi_v_gmem_0_RFIFONUM  |   in|   11|       m_axi|         v_gmem|       pointer|
|m_axi_v_gmem_0_RUSER     |   in|    1|       m_axi|         v_gmem|       pointer|
|m_axi_v_gmem_0_RRESP     |   in|    2|       m_axi|         v_gmem|       pointer|
|m_axi_v_gmem_0_BVALID    |   in|    1|       m_axi|         v_gmem|       pointer|
|m_axi_v_gmem_0_BREADY    |  out|    1|       m_axi|         v_gmem|       pointer|
|m_axi_v_gmem_0_BRESP     |   in|    2|       m_axi|         v_gmem|       pointer|
|m_axi_v_gmem_0_BID       |   in|    1|       m_axi|         v_gmem|       pointer|
|m_axi_v_gmem_0_BUSER     |   in|    1|       m_axi|         v_gmem|       pointer|
|v_address                |   in|   64|     ap_none|      v_address|        scalar|
|m_axi_o_gmem_0_AWVALID   |  out|    1|       m_axi|         o_gmem|       pointer|
|m_axi_o_gmem_0_AWREADY   |   in|    1|       m_axi|         o_gmem|       pointer|
|m_axi_o_gmem_0_AWADDR    |  out|   64|       m_axi|         o_gmem|       pointer|
|m_axi_o_gmem_0_AWID      |  out|    1|       m_axi|         o_gmem|       pointer|
|m_axi_o_gmem_0_AWLEN     |  out|   32|       m_axi|         o_gmem|       pointer|
|m_axi_o_gmem_0_AWSIZE    |  out|    3|       m_axi|         o_gmem|       pointer|
|m_axi_o_gmem_0_AWBURST   |  out|    2|       m_axi|         o_gmem|       pointer|
|m_axi_o_gmem_0_AWLOCK    |  out|    2|       m_axi|         o_gmem|       pointer|
|m_axi_o_gmem_0_AWCACHE   |  out|    4|       m_axi|         o_gmem|       pointer|
|m_axi_o_gmem_0_AWPROT    |  out|    3|       m_axi|         o_gmem|       pointer|
|m_axi_o_gmem_0_AWQOS     |  out|    4|       m_axi|         o_gmem|       pointer|
|m_axi_o_gmem_0_AWREGION  |  out|    4|       m_axi|         o_gmem|       pointer|
|m_axi_o_gmem_0_AWUSER    |  out|    1|       m_axi|         o_gmem|       pointer|
|m_axi_o_gmem_0_WVALID    |  out|    1|       m_axi|         o_gmem|       pointer|
|m_axi_o_gmem_0_WREADY    |   in|    1|       m_axi|         o_gmem|       pointer|
|m_axi_o_gmem_0_WDATA     |  out|   64|       m_axi|         o_gmem|       pointer|
|m_axi_o_gmem_0_WSTRB     |  out|    8|       m_axi|         o_gmem|       pointer|
|m_axi_o_gmem_0_WLAST     |  out|    1|       m_axi|         o_gmem|       pointer|
|m_axi_o_gmem_0_WID       |  out|    1|       m_axi|         o_gmem|       pointer|
|m_axi_o_gmem_0_WUSER     |  out|    1|       m_axi|         o_gmem|       pointer|
|m_axi_o_gmem_0_ARVALID   |  out|    1|       m_axi|         o_gmem|       pointer|
|m_axi_o_gmem_0_ARREADY   |   in|    1|       m_axi|         o_gmem|       pointer|
|m_axi_o_gmem_0_ARADDR    |  out|   64|       m_axi|         o_gmem|       pointer|
|m_axi_o_gmem_0_ARID      |  out|    1|       m_axi|         o_gmem|       pointer|
|m_axi_o_gmem_0_ARLEN     |  out|   32|       m_axi|         o_gmem|       pointer|
|m_axi_o_gmem_0_ARSIZE    |  out|    3|       m_axi|         o_gmem|       pointer|
|m_axi_o_gmem_0_ARBURST   |  out|    2|       m_axi|         o_gmem|       pointer|
|m_axi_o_gmem_0_ARLOCK    |  out|    2|       m_axi|         o_gmem|       pointer|
|m_axi_o_gmem_0_ARCACHE   |  out|    4|       m_axi|         o_gmem|       pointer|
|m_axi_o_gmem_0_ARPROT    |  out|    3|       m_axi|         o_gmem|       pointer|
|m_axi_o_gmem_0_ARQOS     |  out|    4|       m_axi|         o_gmem|       pointer|
|m_axi_o_gmem_0_ARREGION  |  out|    4|       m_axi|         o_gmem|       pointer|
|m_axi_o_gmem_0_ARUSER    |  out|    1|       m_axi|         o_gmem|       pointer|
|m_axi_o_gmem_0_RVALID    |   in|    1|       m_axi|         o_gmem|       pointer|
|m_axi_o_gmem_0_RREADY    |  out|    1|       m_axi|         o_gmem|       pointer|
|m_axi_o_gmem_0_RDATA     |   in|   64|       m_axi|         o_gmem|       pointer|
|m_axi_o_gmem_0_RLAST     |   in|    1|       m_axi|         o_gmem|       pointer|
|m_axi_o_gmem_0_RID       |   in|    1|       m_axi|         o_gmem|       pointer|
|m_axi_o_gmem_0_RFIFONUM  |   in|    9|       m_axi|         o_gmem|       pointer|
|m_axi_o_gmem_0_RUSER     |   in|    1|       m_axi|         o_gmem|       pointer|
|m_axi_o_gmem_0_RRESP     |   in|    2|       m_axi|         o_gmem|       pointer|
|m_axi_o_gmem_0_BVALID    |   in|    1|       m_axi|         o_gmem|       pointer|
|m_axi_o_gmem_0_BREADY    |  out|    1|       m_axi|         o_gmem|       pointer|
|m_axi_o_gmem_0_BRESP     |   in|    2|       m_axi|         o_gmem|       pointer|
|m_axi_o_gmem_0_BID       |   in|    1|       m_axi|         o_gmem|       pointer|
|m_axi_o_gmem_0_BUSER     |   in|    1|       m_axi|         o_gmem|       pointer|
|o_address                |   in|   64|     ap_none|      o_address|        scalar|
|length_r                 |   in|   32|     ap_none|       length_r|        scalar|
|causal                   |   in|    1|     ap_none|         causal|        scalar|
+-------------------------+-----+-----+------------+---------------+--------------+

