

================================================================
== Vitis HLS Report for 'runPeAccumulateTile'
================================================================
* Date:           Sat Oct 10 01:16:09 2026

* Version:        2024.2 (Build 5238294 on Nov  8 2024)
* Project:        build
* Solution:       solution1 (Vivado IP Flow Target)
* Product family: virtexuplusHBM
* Target device:  xcvu37p_CIV-fsvh2892-2-e


================================================================
== Performance Estimates
================================================================
+ Timing: 
    * Summary: 
    +--------+----------+----------+------------+
    |  Clock |  Target  | Estimated| Uncertainty|
    +--------+----------+----------+------------+
    |ap_clk  |  10.00 ns|  7.194 ns|     2.70 ns|
    +--------+----------+----------+------------+

+ Latency: 
    * Summary: 
    +---------+---------+----------+----------+-----+-----+------------------------------------------------+
    |  Latency (cycles) |  Latency (absolute) |  Interval |                    Pipeline                    |
    |   min   |   max   |    min   |    max   | min | max |                      Type                      |
    +---------+---------+----------+----------+-----+-----+------------------------------------------------+
    |       82|       82|  0.820 us|  0.820 us|   81|   81|  loop auto-rewind stp (delay=0 clock cycles(s))|
    +---------+---------+----------+----------+-----+-----+------------------------------------------------+

    + Detail: 
        * Instance: 
        +-----------------------+------------+---------+---------+-----------+-----------+-----+-----+---------+
        |                       |            |  Latency (cycles) |   Latency (absolute)  |  Interval | Pipeline|
        |        Instance       |   Module   |   min   |   max   |    min    |    max    | min | max |   Type  |
        +-----------------------+------------+---------+---------+-----------+-----------+-----+-----+---------+
        |grp_runPeArray_fu_402  |runPeArray  |        3|        3|  30.000 ns|  30.000 ns|    1|    1|      yes|
        +-----------------------+------------+---------+---------+-----------+-----------+-----+-----+---------+

        * Loop: 
        +-------------------------------------+---------+---------+----------+-----------+-----------+------+----------+
        |                                     |  Latency (cycles) | Iteration|  Initiation Interval  | Trip |          |
        |              Loop Name              |   min   |   max   |  Latency |  achieved |   target  | Count| Pipelined|
        +-------------------------------------+---------+---------+----------+-----------+-----------+------+----------+
        |- VITIS_LOOP_148_1_VITIS_LOOP_149_2  |       80|       80|         6|          5|          5|    16|       yes|
        +-------------------------------------+---------+---------+----------+-----------+-----------+------+----------+



================================================================
== Utilization Estimates
================================================================
* Summary: 
+---------------------+---------+------+---------+---------+-----+
|         Name        | BRAM_18K|  DSP |    FF   |   LUT   | URAM|
+---------------------+---------+------+---------+---------+-----+
|DSP                  |        -|     -|        -|        -|    -|
|Expression           |        -|     -|        0|      389|    -|
|FIFO                 |        -|     -|        -|        -|    -|
|Instance             |        -|     -|        -|        -|    -|
|Memory               |        -|     -|        -|        -|    -|
|Multiplexer          |        -|     -|        0|      561|    -|
|Register             |        -|     -|     1118|        -|    -|
+---------------------+---------+------+---------+---------+-----+
|Total                |        0|     0|     1118|      950|    0|
+---------------------+---------+------+---------+---------+-----+
|Available SLR        |     1344|  3008|   869120|   434560|  320|
+---------------------+---------+------+---------+---------+-----+
|Utilization SLR (%)  |        0|     0|       ~0|       ~0|    0|
+---------------------+---------+------+---------+---------+-----+
|Available            |     4032|  9024|  2607360|  1303680|  960|
+---------------------+---------+------+---------+---------+-----+
|Utilization (%)      |        0|     0|       ~0|       ~0|    0|
+---------------------+---------+------+---------+---------+-----+

+ Detail: 
    * Instance: 
    N/A

    * DSP: 
    N/A

    * Memory: 
    N/A

    * FIFO: 
    N/A

    * Expression: 
    +--------------------------+----------+----+---+----+------------+------------+
    |       Variable Name      | Operation| DSP| FF| LUT| Bitwidth P0| Bitwidth P1|
    +--------------------------+----------+----+---+----+------------+------------+
    |add_ln148_1_fu_678_p2     |         +|   0|  0|  10|           3|           1|
    |add_ln148_fu_652_p2       |         +|   0|  0|  12|           5|           1|
    |add_ln149_fu_742_p2       |         +|   0|  0|  10|           3|           1|
    |add_ln152_fu_716_p2       |         +|   0|  0|  10|           3|           3|
    |cmp21_234_fu_484_p2       |      icmp|   0|  0|  10|           3|           2|
    |cmp21_fu_462_p2           |      icmp|   0|  0|  10|           3|           1|
    |cmp28_2_fu_514_p2         |      icmp|   0|  0|  10|           3|           2|
    |cmp28_fu_456_p2           |      icmp|   0|  0|  10|           3|           1|
    |icmp100_fu_508_p2         |      icmp|   0|  0|   9|           2|           1|
    |icmp_fu_478_p2            |      icmp|   0|  0|   9|           2|           1|
    |icmp_ln148_fu_646_p2      |      icmp|   0|  0|  13|           5|           6|
    |icmp_ln149_fu_664_p2      |      icmp|   0|  0|  12|           3|           4|
    |cond_124_fu_870_p3        |    select|   0|  0|  16|           1|          16|
    |cond_239_fu_888_p3        |    select|   0|  0|  16|           1|          16|
    |cond_354_fu_906_p3        |    select|   0|  0|  16|           1|          16|
    |cond_fu_834_p3            |    select|   0|  0|  16|           1|          16|
    |operand_b_1_fu_924_p3     |    select|   0|  0|  16|           1|          16|
    |operand_b_2_fu_942_p3     |    select|   0|  0|  16|           1|          16|
    |operand_b_3_fu_960_p3     |    select|   0|  0|  16|           1|          16|
    |operand_b_fu_852_p3       |    select|   0|  0|  16|           1|          16|
    |select_ln148_1_fu_684_p3  |    select|   0|  0|   3|           1|           3|
    |select_ln148_fu_670_p3    |    select|   0|  0|   3|           1|           1|
    |select_ln165_1_fu_863_p3  |    select|   0|  0|  16|           1|          16|
    |select_ln165_2_fu_881_p3  |    select|   0|  0|  16|           1|          16|
    |select_ln165_3_fu_899_p3  |    select|   0|  0|  16|           1|          16|
    |select_ln165_fu_827_p3    |    select|   0|  0|  16|           1|          16|
    |select_ln168_1_fu_917_p3  |    select|   0|  0|  16|           1|          16|
    |select_ln168_2_fu_935_p3  |    select|   0|  0|  16|           1|          16|
    |select_ln168_3_fu_953_p3  |    select|   0|  0|  16|           1|          16|
    |select_ln168_fu_845_p3    |    select|   0|  0|  16|           1|          16|
    |ap_enable_pp0             |       xor|   0|  0|   2|           1|           2|
    +--------------------------+----------+----+---+----+------------+------------+
    |Total                     |          |   0|  0| 389|          57|         286|
    +--------------------------+----------+----+---+----+------------+------------+

    * Multiplexer: 
    +--------------------------------------+----+-----------+-----+-----------+
    |                 Name                 | LUT| Input Size| Bits| Total Bits|
    +--------------------------------------+----+-----------+-----+-----------+
    |ap_NS_fsm                             |  31|          6|    1|          6|
    |ap_done_int                           |   9|          2|    1|          2|
    |ap_enable_reg_pp0_iter0               |   9|          2|    1|          2|
    |ap_enable_reg_pp0_iter0_reg           |   9|          2|    1|          2|
    |ap_enable_reg_pp0_iter1               |   9|          2|    1|          2|
    |ap_sig_allocacmp_block_load           |   9|          2|    3|          6|
    |ap_sig_allocacmp_indvar_flatten_load  |   9|          2|    5|         10|
    |ap_sig_allocacmp_lane_load            |   9|          2|    3|          6|
    |ap_sig_allocacmp_operand_c_16_load    |  14|          3|   32|         96|
    |ap_sig_allocacmp_operand_c_17_load    |  14|          3|   32|         96|
    |ap_sig_allocacmp_operand_c_18_load    |  14|          3|   32|         96|
    |ap_sig_allocacmp_operand_c_19_load    |  14|          3|   32|         96|
    |ap_sig_allocacmp_operand_c_20_load    |  14|          3|   32|         96|
    |ap_sig_allocacmp_operand_c_21_load    |  14|          3|   32|         96|
    |ap_sig_allocacmp_operand_c_22_load    |  14|          3|   32|         96|
    |ap_sig_allocacmp_operand_c_23_load    |  14|          3|   32|         96|
    |ap_sig_allocacmp_operand_c_24_load    |  14|          3|   32|         96|
    |ap_sig_allocacmp_operand_c_25_load    |  14|          3|   32|         96|
    |ap_sig_allocacmp_operand_c_26_load    |  14|          3|   32|         96|
    |ap_sig_allocacmp_operand_c_27_load    |  14|          3|   32|         96|
    |ap_sig_allocacmp_operand_c_28_load    |  14|          3|   32|         96|
    |ap_sig_allocacmp_operand_c_29_load    |  14|          3|   32|         96|
    |ap_sig_allocacmp_operand_c_30_load    |  14|          3|   32|         96|
    |ap_sig_allocacmp_operand_c_load       |  14|          3|   32|         96|
    |ap_sig_allocacmp_pe_reg_3_0_1_load    |   9|          2|   16|         32|
    |ap_sig_allocacmp_pe_reg_3_1_1_load    |   9|          2|   16|         32|
    |ap_sig_allocacmp_pe_reg_3_2_1_load    |   9|          2|   16|         32|
    |ap_sig_allocacmp_pe_reg_3_3_1_load    |   9|          2|   16|         32|
    |block_fu_174                          |   9|          2|    3|          6|
    |indvar_flatten_fu_178                 |   9|          2|    5|         10|
    |lane_fu_90                            |   9|          2|    3|          6|
    |operand_c_16_fu_98                    |   9|          2|   32|         64|
    |operand_c_17_fu_102                   |   9|          2|   32|         64|
    |operand_c_18_fu_106                   |   9|          2|   32|         64|
    |operand_c_19_fu_110                   |   9|          2|   32|         64|
    |operand_c_20_fu_114                   |   9|          2|   32|         64|
    |operand_c_21_fu_118                   |   9|          2|   32|         64|
    |operand_c_22_fu_122                   |   9|          2|   32|         64|
    |operand_c_23_fu_126                   |   9|          2|   32|         64|
    |operand_c_24_fu_130                   |   9|          2|   32|         64|
    |operand_c_25_fu_134                   |   9|          2|   32|         64|
    |operand_c_26_fu_138                   |   9|          2|   32|         64|
    |operand_c_27_fu_142                   |   9|          2|   32|         64|
    |operand_c_28_fu_146                   |   9|          2|   32|         64|
    |operand_c_29_fu_150                   |   9|          2|   32|         64|
    |operand_c_30_fu_154                   |   9|          2|   32|         64|
    |operand_c_fu_94                       |   9|          2|   32|         64|
    |pe_reg_3_0_1_fu_158                   |   9|          2|   16|         32|
    |pe_reg_3_1_1_fu_162                   |   9|          2|   16|         32|
    |pe_reg_3_2_1_fu_166                   |   9|          2|   16|         32|
    |pe_reg_3_3_1_fu_170                   |   9|          2|   16|         32|
    +--------------------------------------+----+-----------+-----+-----------+
    |Total                                 | 561|        122| 1179|       2874|
    +--------------------------------------+----+-----------+-----+-----------+

    * Register: 
    +------------------------------------+----+----+-----+-----------+
    |                Name                | FF | LUT| Bits| Const Bits|
    +------------------------------------+----+----+-----+-----------+
    |ap_CS_fsm                           |   5|   0|    5|          0|
    |ap_done_reg                         |   1|   0|    1|          0|
    |ap_enable_reg_pp0_iter0_reg         |   1|   0|    1|          0|
    |ap_enable_reg_pp0_iter1             |   1|   0|    1|          0|
    |block_fu_174                        |   3|   0|    3|          0|
    |cmp21_234_reg_1563                  |   1|   0|    1|          0|
    |cmp21_reg_1553                      |   1|   0|    1|          0|
    |cmp28_2_reg_1578                    |   1|   0|    1|          0|
    |cmp28_reg_1548                      |   1|   0|    1|          0|
    |grp_runPeArray_fu_402_ap_start_reg  |   1|   0|    1|          0|
    |icmp100_reg_1573                    |   1|   0|    1|          0|
    |icmp_ln148_reg_1588                 |   1|   0|    1|          0|
    |icmp_reg_1558                       |   1|   0|    1|          0|
    |indvar_flatten_fu_178               |   5|   0|    5|          0|
    |lane_fu_90                          |   3|   0|    3|          0|
    |operand_c_16_fu_98                  |  32|   0|   32|          0|
    |operand_c_17_fu_102                 |  32|   0|   32|          0|
    |operand_c_18_fu_106                 |  32|   0|   32|          0|
    |operand_c_19_fu_110                 |  32|   0|   32|          0|
    |operand_c_20_fu_114                 |  32|   0|   32|          0|
    |operand_c_21_fu_118                 |  32|   0|   32|          0|
    |operand_c_22_fu_122                 |  32|   0|   32|          0|
    |operand_c_23_fu_126                 |  32|   0|   32|          0|
    |operand_c_24_fu_130                 |  32|   0|   32|          0|
    |operand_c_25_fu_134                 |  32|   0|   32|          0|
    |operand_c_26_fu_138                 |  32|   0|   32|          0|
    |operand_c_27_fu_142                 |  32|   0|   32|          0|
    |operand_c_28_fu_146                 |  32|   0|   32|          0|
    |operand_c_29_fu_150                 |  32|   0|   32|          0|
    |operand_c_30_fu_154                 |  32|   0|   32|          0|
    |operand_c_fu_94                     |  32|   0|   32|          0|
    |pe_reg_3_0_1_fu_158                 |  16|   0|   16|          0|
    |pe_reg_3_1_1_fu_162                 |  16|   0|   16|          0|
    |pe_reg_3_2_1_fu_166                 |  16|   0|   16|          0|
    |pe_reg_3_3_1_fu_170                 |  16|   0|   16|          0|
    |pe_result_out_accType_16_reg_1689   |  32|   0|   32|          0|
    |pe_result_out_accType_17_reg_1694   |  32|   0|   32|          0|
    |pe_result_out_accType_18_reg_1699   |  32|   0|   32|          0|
    |pe_result_out_accType_19_reg_1704   |  32|   0|   32|          0|
    |pe_result_out_accType_20_reg_1709   |  32|   0|   32|          0|
    |pe_result_out_accType_21_reg_1714   |  32|   0|   32|          0|
    |pe_result_out_accType_22_reg_1719   |  32|   0|   32|          0|
    |pe_result_out_accType_23_reg_1724   |  32|   0|   32|          0|
    |pe_result_out_accType_24_reg_1729   |  32|   0|   32|          0|
    |pe_result_out_accType_25_reg_1734   |  32|   0|   32|          0|
    |pe_result_out_accType_26_reg_1739   |  32|   0|   32|          0|
    |pe_result_out_accType_27_reg_1744   |  32|   0|   32|          0|
    |pe_result_out_accType_28_reg_1749   |  32|   0|   32|          0|
    |pe_result_out_accType_29_reg_1754   |  32|   0|   32|          0|
    |pe_result_out_accType_30_reg_1759   |  32|   0|   32|          0|
    |pe_result_out_accType_reg_1684      |  32|   0|   32|          0|
    |tmp_813_reg_1568                    |   1|   0|    1|          0|
    |tmp_815_reg_1583                    |   1|   0|    1|          0|
    |trunc_ln149_reg_1592                |   1|   0|    1|          0|
    +------------------------------------+----+----+-----+-----------+
    |Total                               |1118|   0| 1118|          0|
    +------------------------------------+----+----+-----+-----------+



================================================================
== Interface
================================================================
* Summary: 
+----------------------------------+-----+-----+------------+---------------------+--------------+
|             RTL Ports            | Dir | Bits|  Protocol  |    Source Object    |    C Type    |
+----------------------------------+-----+-----+------------+---------------------+--------------+
|ap_clk                            |   in|    1|  ap_ctrl_hs|  runPeAccumulateTile|  return value|
|ap_rst                            |   in|    1|  ap_ctrl_hs|  runPeAccumulateTile|  return value|
|ap_start                          |   in|    1|  ap_ctrl_hs|  runPeAccumulateTile|  return value|
|ap_done                           |  out|    1|  ap_ctrl_hs|  runPeAccumulateTile|  return value|
|ap_idle                           |  out|    1|  ap_ctrl_hs|  runPeAccumulateTile|  return value|
|ap_ready                          |  out|    1|  ap_ctrl_hs|  runPeAccumulateTile|  return value|
|ap_return_0                       |  out|   16|  ap_ctrl_hs|  runPeAccumulateTile|  return value|
|ap_return_1                       |  out|   16|  ap_ctrl_hs|  runPeAccumulateTile|  return value|
|ap_return_2                       |  out|   16|  ap_ctrl_hs|  runPeAccumulateTile|  return value|
|ap_return_3                       |  out|   16|  ap_ctrl_hs|  runPeAccumulateTile|  return value|
|ap_return_4                       |  out|   16|  ap_ctrl_hs|  runPeAccumulateTile|  return value|
|ap_return_5                       |  out|   16|  ap_ctrl_hs|  runPeAccumulateTile|  return value|
|ap_return_6                       |  out|   16|  ap_ctrl_hs|  runPeAccumulateTile|  return value|
|ap_return_7                       |  out|   16|  ap_ctrl_hs|  runPeAccumulateTile|  return value|
|ap_return_8                       |  out|   16|  ap_ctrl_hs|  runPeAccumulateTile|  return value|
|ap_return_9                       |  out|   16|  ap_ctrl_hs|  runPeAccumulateTile|  return value|
|ap_return_10                      |  out|   16|  ap_ctrl_hs|  runPeAccumulateTile|  return value|
|ap_return_11                      |  out|   16|  ap_ctrl_hs|  runPeAccumulateTile|  return value|
|ap_return_12                      |  out|   16|  ap_ctrl_hs|  runPeAccumulateTile|  return value|
|ap_return_13                      |  out|   16|  ap_ctrl_hs|  runPeAccumulateTile|  return value|
|ap_return_14                      |  out|   16|  ap_ctrl_hs|  runPeAccumulateTile|  return value|
|ap_return_15                      |  out|   16|  ap_ctrl_hs|  runPeAccumulateTile|  return value|
|ap_return_16                      |  out|   32|  ap_ctrl_hs|  runPeAccumulateTile|  return value|
|ap_return_17                      |  out|   32|  ap_ctrl_hs|  runPeAccumulateTile|  return value|
|ap_return_18                      |  out|   32|  ap_ctrl_hs|  runPeAccumulateTile|  return value|
|ap_return_19                      |  out|   32|  ap_ctrl_hs|  runPeAccumulateTile|  return value|
|ap_return_20                      |  out|   32|  ap_ctrl_hs|  runPeAccumulateTile|  return value|
|ap_return_21                      |  out|   32|  ap_ctrl_hs|  runPeAccumulateTile|  return value|
|ap_return_22                      |  out|   32|  ap_ctrl_hs|  runPeAccumulateTile|  return value|
|ap_return_23                      |  out|   32|  ap_ctrl_hs|  runPeAccumulateTile|  return value|
|ap_return_24                      |  out|   32|  ap_ctrl_hs|  runPeAccumulateTile|  return value|
|ap_return_25                      |  out|   32|  ap_ctrl_hs|  runPeAccumulateTile|  return value|
|ap_return_26                      |  out|   32|  ap_ctrl_hs|  runPeAccumulateTile|  return value|
|ap_return_27                      |  out|   32|  ap_ctrl_hs|  runPeAccumulateTile|  return value|
|ap_return_28                      |  out|   32|  ap_ctrl_hs|  runPeAccumulateTile|  return value|
|ap_return_29                      |  out|   32|  ap_ctrl_hs|  runPeAccumulateTile|  return value|
|ap_return_30                      |  out|   32|  ap_ctrl_hs|  runPeAccumulateTile|  return value|
|ap_return_31                      |  out|   32|  ap_ctrl_hs|  runPeAccumulateTile|  return value|
|grp_runPeArray_fu_985_p_din1      |  out|   16|  ap_ctrl_hs|  runPeAccumulateTile|  return value|
|grp_runPeArray_fu_985_p_din2      |  out|   16|  ap_ctrl_hs|  runPeAccumulateTile|  return value|
|grp_runPeArray_fu_985_p_din3      |  out|   16|  ap_ctrl_hs|  runPeAccumulateTile|  return value|
|grp_runPeArray_fu_985_p_din4      |  out|   16|  ap_ctrl_hs|  runPeAccumulateTile|  return value|
|grp_runPeArray_fu_985_p_din5      |  out|   16|  ap_ctrl_hs|  runPeAccumulateTile|  return value|
|grp_runPeArray_fu_985_p_din6      |  out|   16|  ap_ctrl_hs|  runPeAccumulateTile|  return value|
|grp_runPeArray_fu_985_p_din7      |  out|   16|  ap_ctrl_hs|  runPeAccumulateTile|  return value|
|grp_runPeArray_fu_985_p_din8      |  out|   16|  ap_ctrl_hs|  runPeAccumulateTile|  return value|
|grp_runPeArray_fu_985_p_din9      |  out|   16|  ap_ctrl_hs|  runPeAccumulateTile|  return value|
|grp_runPeArray_fu_985_p_din10     |  out|   16|  ap_ctrl_hs|  runPeAccumulateTile|  return value|
|grp_runPeArray_fu_985_p_din11     |  out|   16|  ap_ctrl_hs|  runPeAccumulateTile|  return value|
|grp_runPeArray_fu_985_p_din12     |  out|   16|  ap_ctrl_hs|  runPeAccumulateTile|  return value|
|grp_runPeArray_fu_985_p_din13     |  out|   16|  ap_ctrl_hs|  runPeAccumulateTile|  return value|
|grp_runPeArray_fu_985_p_din14     |  out|   16|  ap_ctrl_hs|  runPeAccumulateTile|  return value|
|grp_runPeArray_fu_985_p_din15     |  out|   16|  ap_ctrl_hs|  runPeAccumulateTile|  return value|
|grp_runPeArray_fu_985_p_din16     |  out|   16|  ap_ctrl_hs|  runPeAccumulateTile|  return value|
|grp_runPeArray_fu_985_p_din17     |  out|   16|  ap_ctrl_hs|  runPeAccumulateTile|  return value|
|grp_runPeArray_fu_985_p_din18     |  out|   16|  ap_ctrl_hs|  runPeAccumulateTile|  return value|
|grp_runPeArray_fu_985_p_din19     |  out|   16|  ap_ctrl_hs|  runPeAccumulateTile|  return value|
|grp_runPeArray_fu_985_p_din20     |  out|   16|  ap_ctrl_hs|  runPeAccumulateTile|  return value|
|grp_runPeArray_fu_985_p_din21     |  out|   16|  ap_ctrl_hs|  runPeAccumulateTile|  return value|
|grp_runPeArray_fu_985_p_din22     |  out|   16|  ap_ctrl_hs|  runPeAccumulateTile|  return value|
|grp_runPeArray_fu_985_p_din23     |  out|   16|  ap_ctrl_hs|  runPeAccumulateTile|  return value|
|grp_runPeArray_fu_985_p_din24     |  out|   16|  ap_ctrl_hs|  runPeAccumulateTile|  return value|
|grp_runPeArray_fu_985_p_din25     |  out|   16|  ap_ctrl_hs|  runPeAccumulateTile|  return value|
|grp_runPeArray_fu_985_p_din26     |  out|   16|  ap_ctrl_hs|  runPeAccumulateTile|  return value|
|grp_runPeArray_fu_985_p_din27     |  out|   16|  ap_ctrl_hs|  runPeAccumulateTile|  return value|
|grp_runPeArray_fu_985_p_din28     |  out|   16|  ap_ctrl_hs|  runPeAccumulateTile|  return value|
|grp_runPeArray_fu_985_p_din29     |  out|   16|  ap_ctrl_hs|  runPeAccumulateTile|  return value|
|grp_runPeArray_fu_985_p_din30     |  out|   16|  ap_ctrl_hs|  runPeAccumulateTile|  return value|
|grp_runPeArray_fu_985_p_din31     |  out|   16|  ap_ctrl_hs|  runPeAccumulateTile|  return value|
|grp_runPeArray_fu_985_p_din32     |  out|   16|  ap_ctrl_hs|  runPeAccumulateTile|  return value|
|grp_runPeArray_fu_985_p_din33     |  out|   32|  ap_ctrl_hs|  runPeAccumulateTile|  return value|
|grp_runPeArray_fu_985_p_din34     |  out|   32|  ap_ctrl_hs|  runPeAccumulateTile|  return value|
|grp_runPeArray_fu_985_p_din35     |  out|   32|  ap_ctrl_hs|  runPeAccumulateTile|  return value|
|grp_runPeArray_fu_985_p_din36     |  out|   32|  ap_ctrl_hs|  runPeAccumulateTile|  return value|
|grp_runPeArray_fu_985_p_din37     |  out|   32|  ap_ctrl_hs|  runPeAccumulateTile|  return value|
|grp_runPeArray_fu_985_p_din38     |  out|   32|  ap_ctrl_hs|  runPeAccumulateTile|  return value|
|grp_runPeArray_fu_985_p_din39     |  out|   32|  ap_ctrl_hs|  runPeAccumulateTile|  return value|
|grp_runPeArray_fu_985_p_din40     |  out|   32|  ap_ctrl_hs|  runPeAccumulateTile|  return value|
|grp_runPeArray_fu_985_p_din41     |  out|   32|  ap_ctrl_hs|  runPeAccumulateTile|  return value|
|grp_runPeArray_fu_985_p_din42     |  out|   32|  ap_ctrl_hs|  runPeAccumulateTile|  return value|
|grp_runPeArray_fu_985_p_din43     |  out|   32|  ap_ctrl_hs|  runPeAccumulateTile|  return value|
|grp_runPeArray_fu_985_p_din44     |  out|   32|  ap_ctrl_hs|  runPeAccumulateTile|  return value|
|grp_runPeArray_fu_985_p_din45     |  out|   32|  ap_ctrl_hs|  runPeAccumulateTile|  return value|
|grp_runPeArray_fu_985_p_din46     |  out|   32|  ap_ctrl_hs|  runPeAccumulateTile|  return value|
|grp_runPeArray_fu_985_p_din47     |  out|   32|  ap_ctrl_hs|  runPeAccumulateTile|  return value|
|grp_runPeArray_fu_985_p_din48     |  out|   32|  ap_ctrl_hs|  runPeAccumulateTile|  return value|
|grp_runPeArray_fu_985_p_din49     |  out|    1|  ap_ctrl_hs|  runPeAccumulateTile|  return value|
|grp_runPeArray_fu_985_p_dout0_0   |   in|   32|  ap_ctrl_hs|  runPeAccumulateTile|  return value|
|grp_runPeArray_fu_985_p_dout0_1   |   in|   32|  ap_ctrl_hs|  runPeAccumulateTile|  return value|
|grp_runPeArray_fu_985_p_dout0_2   |   in|   32|  ap_ctrl_hs|  runPeAccumulateTile|  return value|
|grp_runPeArray_fu_985_p_dout0_3   |   in|   32|  ap_ctrl_hs|  runPeAccumulateTile|  return value|
|grp_runPeArray_fu_985_p_dout0_4   |   in|   32|  ap_ctrl_hs|  runPeAccumulateTile|  return value|
|grp_runPeArray_fu_985_p_dout0_5   |   in|   32|  ap_ctrl_hs|  runPeAccumulateTile|  return value|
|grp_runPeArray_fu_985_p_dout0_6   |   in|   32|  ap_ctrl_hs|  runPeAccumulateTile|  return value|
|grp_runPeArray_fu_985_p_dout0_7   |   in|   32|  ap_ctrl_hs|  runPeAccumulateTile|  return value|
|grp_runPeArray_fu_985_p_dout0_8   |   in|   32|  ap_ctrl_hs|  runPeAccumulateTile|  return value|
|grp_runPeArray_fu_985_p_dout0_9   |   in|   32|  ap_ctrl_hs|  runPeAccumulateTile|  return value|
|grp_runPeArray_fu_985_p_dout0_10  |   in|   32|  ap_ctrl_hs|  runPeAccumulateTile|  return value|
|grp_runPeArray_fu_985_p_dout0_11  |   in|   32|  ap_ctrl_hs|  runPeAccumulateTile|  return value|
|grp_runPeArray_fu_985_p_dout0_12  |   in|   32|  ap_ctrl_hs|  runPeAccumulateTile|  return value|
|grp_runPeArray_fu_985_p_dout0_13  |   in|   32|  ap_ctrl_hs|  runPeAccumulateTile|  return value|
|grp_runPeArray_fu_985_p_dout0_14  |   in|   32|  ap_ctrl_hs|  runPeAccumulateTile|  return value|
|grp_runPeArray_fu_985_p_dout0_15  |   in|   32|  ap_ctrl_hs|  runPeAccumulateTile|  return value|
|grp_runPeArray_fu_985_p_dout0_16  |   in|   16|  ap_ctrl_hs|  runPeAccumulateTile|  return value|
|grp_runPeArray_fu_985_p_dout0_17  |   in|   16|  ap_ctrl_hs|  runPeAccumulateTile|  return value|
|grp_runPeArray_fu_985_p_dout0_18  |   in|   16|  ap_ctrl_hs|  runPeAccumulateTile|  return value|
|grp_runPeArray_fu_985_p_dout0_19  |   in|   16|  ap_ctrl_hs|  runPeAccumulateTile|  return value|
|grp_runPeArray_fu_985_p_dout0_20  |   in|   16|  ap_ctrl_hs|  runPeAccumulateTile|  return value|
|grp_runPeArray_fu_985_p_dout0_21  |   in|   16|  ap_ctrl_hs|  runPeAccumulateTile|  return value|
|grp_runPeArray_fu_985_p_dout0_22  |   in|   16|  ap_ctrl_hs|  runPeAccumulateTile|  return value|
|grp_runPeArray_fu_985_p_dout0_23  |   in|   16|  ap_ctrl_hs|  runPeAccumulateTile|  return value|
|grp_runPeArray_fu_985_p_dout0_24  |   in|   16|  ap_ctrl_hs|  runPeAccumulateTile|  return value|
|grp_runPeArray_fu_985_p_dout0_25  |   in|   16|  ap_ctrl_hs|  runPeAccumulateTile|  return value|
|grp_runPeArray_fu_985_p_dout0_26  |   in|   16|  ap_ctrl_hs|  runPeAccumulateTile|  return value|
|grp_runPeArray_fu_985_p_dout0_27  |   in|   16|  ap_ctrl_hs|  runPeAccumulateTile|  return value|
|grp_runPeArray_fu_985_p_dout0_28  |   in|   16|  ap_ctrl_hs|  runPeAccumulateTile|  return value|
|grp_runPeArray_fu_985_p_dout0_29  |   in|   16|  ap_ctrl_hs|  runPeAccumulateTile|  return value|
|grp_runPeArray_fu_985_p_dout0_30  |   in|   16|  ap_ctrl_hs|  runPeAccumulateTile|  return value|
|grp_runPeArray_fu_985_p_dout0_31  |   in|   16|  ap_ctrl_hs|  runPeAccumulateTile|  return value|
|grp_runPeArray_fu_985_p_dout0_32  |   in|    1|  ap_ctrl_hs|  runPeAccumulateTile|  return value|
|grp_runPeArray_fu_985_p_dout0_33  |   in|    1|  ap_ctrl_hs|  runPeAccumulateTile|  return value|
|grp_runPeArray_fu_985_p_dout0_34  |   in|    1|  ap_ctrl_hs|  runPeAccumulateTile|  return value|
|grp_runPeArray_fu_985_p_dout0_35  |   in|    1|  ap_ctrl_hs|  runPeAccumulateTile|  return value|
|grp_runPeArray_fu_985_p_dout0_36  |   in|    1|  ap_ctrl_hs|  runPeAccumulateTile|  return value|
|grp_runPeArray_fu_985_p_dout0_37  |   in|    1|  ap_ctrl_hs|  runPeAccumulateTile|  return value|
|grp_runPeArray_fu_985_p_dout0_38  |   in|    1|  ap_ctrl_hs|  runPeAccumulateTile|  return value|
|grp_runPeArray_fu_985_p_dout0_39  |   in|    1|  ap_ctrl_hs|  runPeAccumulateTile|  return value|
|grp_runPeArray_fu_985_p_dout0_40  |   in|    1|  ap_ctrl_hs|  runPeAccumulateTile|  return value|
|grp_runPeArray_fu_985_p_dout0_41  |   in|    1|  ap_ctrl_hs|  runPeAccumulateTile|  return value|
|grp_runPeArray_fu_985_p_dout0_42  |   in|    1|  ap_ctrl_hs|  runPeAccumulateTile|  return value|
|grp_runPeArray_fu_985_p_dout0_43  |   in|    1|  ap_ctrl_hs|  runPeAccumulateTile|  return value|
|grp_runPeArray_fu_985_p_dout0_44  |   in|    1|  ap_ctrl_hs|  runPeAccumulateTile|  return value|
|grp_runPeArray_fu_985_p_dout0_45  |   in|    1|  ap_ctrl_hs|  runPeAccumulateTile|  return value|
|grp_runPeArray_fu_985_p_dout0_46  |   in|    1|  ap_ctrl_hs|  runPeAccumulateTile|  return value|
|grp_runPeArray_fu_985_p_dout0_47  |   in|    1|  ap_ctrl_hs|  runPeAccumulateTile|  return value|
|grp_runPeArray_fu_985_p_ce        |  out|    1|  ap_ctrl_hs|  runPeAccumulateTile|  return value|
|grp_runPeArray_fu_985_p_start     |  out|    1|  ap_ctrl_hs|  runPeAccumulateTile|  return value|
|grp_runPeArray_fu_985_p_ready     |   in|    1|  ap_ctrl_hs|  runPeAccumulateTile|  return value|
|grp_runPeArray_fu_985_p_done      |   in|    1|  ap_ctrl_hs|  runPeAccumulateTile|  return value|
|grp_runPeArray_fu_985_p_idle      |   in|    1|  ap_ctrl_hs|  runPeAccumulateTile|  return value|
|q_tile_0_0_address0               |  out|    3|   ap_memory|           q_tile_0_0|         array|
|q_tile_0_0_ce0                    |  out|    1|   ap_memory|           q_tile_0_0|         array|
|q_tile_0_0_q0                     |   in|   16|   ap_memory|           q_tile_0_0|         array|
|q_tile_0_1_address0               |  out|    3|   ap_memory|           q_tile_0_1|         array|
|q_tile_0_1_ce0                    |  out|    1|   ap_memory|           q_tile_0_1|         array|
|q_tile_0_1_q0                     |   in|   16|   ap_memory|           q_tile_0_1|         array|
|q_tile_1_0_address0               |  out|    3|   ap_memory|           q_tile_1_0|         array|
|q_tile_1_0_ce0                    |  out|    1|   ap_memory|           q_tile_1_0|         array|
|q_tile_1_0_q0                     |   in|   16|   ap_memory|           q_tile_1_0|         array|
|q_tile_1_1_address0               |  out|    3|   ap_memory|           q_tile_1_1|         array|
|q_tile_1_1_ce0                    |  out|    1|   ap_memory|           q_tile_1_1|         array|
|q_tile_1_1_q0                     |   in|   16|   ap_memory|           q_tile_1_1|         array|
|q_tile_2_0_address0               |  out|    3|   ap_memory|           q_tile_2_0|         array|
|q_tile_2_0_ce0                    |  out|    1|   ap_memory|           q_tile_2_0|         array|
|q_tile_2_0_q0                     |   in|   16|   ap_memory|           q_tile_2_0|         array|
|q_tile_2_1_address0               |  out|    3|   ap_memory|           q_tile_2_1|         array|
|q_tile_2_1_ce0                    |  out|    1|   ap_memory|           q_tile_2_1|         array|
|q_tile_2_1_q0                     |   in|   16|   ap_memory|           q_tile_2_1|         array|
|q_tile_3_0_address0               |  out|    3|   ap_memory|           q_tile_3_0|         array|
|q_tile_3_0_ce0                    |  out|    1|   ap_memory|           q_tile_3_0|         array|
|q_tile_3_0_q0                     |   in|   16|   ap_memory|           q_tile_3_0|         array|
|q_tile_3_1_address0               |  out|    3|   ap_memory|           q_tile_3_1|         array|
|q_tile_3_1_ce0                    |  out|    1|   ap_memory|           q_tile_3_1|         array|
|q_tile_3_1_q0                     |   in|   16|   ap_memory|           q_tile_3_1|         array|
|k_tile_0_0_address0               |  out|    3|   ap_memory|           k_tile_0_0|         array|
|k_tile_0_0_ce0                    |  out|    1|   ap_memory|           k_tile_0_0|         array|
|k_tile_0_0_q0                     |   in|   16|   ap_memory|           k_tile_0_0|         array|
|k_tile_0_1_address0               |  out|    3|   ap_memory|           k_tile_0_1|         array|
|k_tile_0_1_ce0                    |  out|    1|   ap_memory|           k_tile_0_1|         array|
|k_tile_0_1_q0                     |   in|   16|   ap_memory|           k_tile_0_1|         array|
|k_tile_1_0_address0               |  out|    3|   ap_memory|           k_tile_1_0|         array|
|k_tile_1_0_ce0                    |  out|    1|   ap_memory|           k_tile_1_0|         array|
|k_tile_1_0_q0                     |   in|   16|   ap_memory|           k_tile_1_0|         array|
|k_tile_1_1_address0               |  out|    3|   ap_memory|           k_tile_1_1|         array|
|k_tile_1_1_ce0                    |  out|    1|   ap_memory|           k_tile_1_1|         array|
|k_tile_1_1_q0                     |   in|   16|   ap_memory|           k_tile_1_1|         array|
|k_tile_2_0_address0               |  out|    3|   ap_memory|           k_tile_2_0|         array|
|k_tile_2_0_ce0                    |  out|    1|   ap_memory|           k_tile_2_0|         array|
|k_tile_2_0_q0                     |   in|   16|   ap_memory|           k_tile_2_0|         array|
|k_tile_2_1_address0               |  out|    3|   ap_memory|           k_tile_2_1|         array|
|k_tile_2_1_ce0                    |  out|    1|   ap_memory|           k_tile_2_1|         array|
|k_tile_2_1_q0                     |   in|   16|   ap_memory|           k_tile_2_1|         array|
|k_tile_3_0_address0               |  out|    3|   ap_memory|           k_tile_3_0|         array|
|k_tile_3_0_ce0                    |  out|    1|   ap_memory|           k_tile_3_0|         array|
|k_tile_3_0_q0                     |   in|   16|   ap_memory|           k_tile_3_0|         array|
|k_tile_3_1_address0               |  out|    3|   ap_memory|           k_tile_3_1|         array|
|k_tile_3_1_ce0                    |  out|    1|   ap_memory|           k_tile_3_1|         array|
|k_tile_3_1_q0                     |   in|   16|   ap_memory|           k_tile_3_1|         array|
|active_queries                    |   in|    3|     ap_none|       active_queries|        scalar|
|active_keys                       |   in|    3|     ap_none|          active_keys|        scalar|
+----------------------------------+-----+-----+------------+---------------------+--------------+

