Copyright 1986-2022 Xilinx, Inc. All Rights Reserved. Copyright 2022-2024 Advanced Micro Devices, Inc. All Rights Reserved.
--------------------------------------------------------------------------------------------------------------------------------------------------
| Tool Version      : Vivado v.2024.2 (lin64) Build 5239630 Fri Nov 08 22:34:34 MST 2024
| Date              : Sat Oct 10 20:21:51 2026
| Host              : lenovo-ThinkStation-P920 running 64-bit Ubuntu 24.04.3 LTS
| Command           : report_clocks -file /home/zhangchenxuan/FSA_HLS/build/split_d_nm37_4a5c803_phys_ipbf/reports/clocks.rpt
| Design            : split_d_nm37_top
| Device            : xcvu37p_CIV-fsvh2892
| Speed File        : -2  PRODUCTION 1.30 05-01-2022
| Design State      : Routed
| Temperature Grade : E
--------------------------------------------------------------------------------------------------------------------------------------------------

Clock Report


Attributes
  P: Propagated
  G: Generated
  A: Auto-derived
  R: Renamed
  V: Virtual
  I: Inverted
  S: Pin phase-shifted with Latency mode

Clock                                                                                                Period(ns)  Waveform(ns)    Attributes  Sources
board_clk_100                                                                                        10.000      {0.000 5.000}   P           {board_clk_p}
dbg_hub/inst/BSCANID.u_xsdbm_id/SWITCH_N_EXT_BSCAN.bscan_inst/SERIES7_BSCAN.bscan_inst/INTERNAL_TCK  50.000      {0.000 25.000}  P           {dbg_hub/inst/BSCANID.u_xsdbm_id/SWITCH_N_EXT_BSCAN.bscan_inst/SERIES7_BSCAN.bscan_inst/INTERNAL_TCK}
u_bd/split_d_system_i/hbm_0/inst/HBM_REF_CLK_0                                                       10.000      {0.000 5.000}   P,G         {u_bd/split_d_system_i/hbm_0/inst/HBM_REF_CLK_0}
u_bd/split_d_system_i/hbm_0/inst/HBM_REF_CLK_1                                                       10.000      {0.000 5.000}   P,G         {u_bd/split_d_system_i/hbm_0/inst/HBM_REF_CLK_1}
clk_out1_split_d_system_clk_wiz_0_0                                                                  10.000      {0.000 5.000}   P,G,A       {u_bd/split_d_system_i/clk_wiz_0/inst/mmcme4_adv_inst/CLKOUT0}
clk_out2_split_d_system_clk_wiz_0_0                                                                  4.444       {0.000 2.222}   P,G,A       {u_bd/split_d_system_i/clk_wiz_0/inst/mmcme4_adv_inst/CLKOUT1}


====================================================
Generated Clocks
====================================================

Generated Clock     : u_bd/split_d_system_i/hbm_0/inst/HBM_REF_CLK_0
Master Source       : board_clk_p
Master Clock        : board_clk_100
Divide By           : 1
Generated Sources   : {u_bd/split_d_system_i/hbm_0/inst/HBM_REF_CLK_0}

Generated Clock     : u_bd/split_d_system_i/hbm_0/inst/HBM_REF_CLK_1
Master Source       : board_clk_p
Master Clock        : board_clk_100
Divide By           : 1
Generated Sources   : {u_bd/split_d_system_i/hbm_0/inst/HBM_REF_CLK_1}

Generated Clock     : clk_out1_split_d_system_clk_wiz_0_0
Master Source       : u_bd/split_d_system_i/clk_wiz_0/inst/mmcme4_adv_inst/CLKIN1
Master Clock        : board_clk_100
Multiply By         : 1
Generated Sources   : {u_bd/split_d_system_i/clk_wiz_0/inst/mmcme4_adv_inst/CLKOUT0}

Generated Clock     : clk_out2_split_d_system_clk_wiz_0_0
Master Source       : u_bd/split_d_system_i/clk_wiz_0/inst/mmcme4_adv_inst/CLKIN1
Master Clock        : board_clk_100
Edges               : {1 2 3}
Edge Shifts(ns)     : {0.000 -2.778 -5.556}
Generated Sources   : {u_bd/split_d_system_i/clk_wiz_0/inst/mmcme4_adv_inst/CLKOUT1}



====================================================
User Uncertainty
====================================================

From Clock                           To Clock                             Setup(ns)  Hold(ns)  Edges
clk_out1_split_d_system_clk_wiz_0_0  clk_out1_split_d_system_clk_wiz_0_0  2.700                rf -> rf


====================================================
User Jitter
====================================================


