

================================================================
== Vitis HLS Report for 'fsa_stream_split_d'
================================================================
* Date:           Sat Oct 10 01:50:28 2026

* Version:        2024.2 (Build 5238294 on Nov  8 2024)
* Project:        build
* Solution:       solution1 (Vivado IP Flow Target)
* Product family: virtexuplusHBM
* Target device:  xcvu37p_CIV-fsvh2892-2-e


================================================================
== Performance Estimates
================================================================
+ Timing: 
    * Summary: 
    +--------+----------+----------+------------+
    |  Clock |  Target  | Estimated| Uncertainty|
    +--------+----------+----------+------------+
    |ap_clk  |  10.00 ns|  7.300 ns|     2.70 ns|
    +--------+----------+----------+------------+

+ Latency: 
    * Summary: 
    +---------+-----------+-----------+-----------+-----+-----------+---------+
    |   Latency (cycles)  |   Latency (absolute)  |     Interval    | Pipeline|
    |   min   |    max    |    min    |    max    | min |    max    |   Type  |
    +---------+-----------+-----------+-----------+-----+-----------+---------+
    |        1|  400892931|  10.000 ns|  4.009 sec|    2|  400892932|       no|
    +---------+-----------+-----------+-----------+-----+-----------+---------+

    + Detail: 
        * Instance: 
        +----------------+-------+---------+-----------+----------+-----------+-----+-----------+---------+
        |                |       |   Latency (cycles)  |  Latency (absolute)  |     Interval    | Pipeline|
        |    Instance    | Module|   min   |    max    |    min   |    max    | min |    max    |   Type  |
        +----------------+-------+---------+-----------+----------+-----------+-----+-----------+---------+
        |grp_run_fu_161  |run    |      675|  400892930|  6.750 us|  4.009 sec|  675|  400892930|       no|
        +----------------+-------+---------+-----------+----------+-----------+-----+-----------+---------+

        * Loop: 
        N/A



================================================================
== Utilization Estimates
================================================================
* Summary: 
+---------------------+---------+------+---------+---------+-----+
|         Name        | BRAM_18K|  DSP |    FF   |   LUT   | URAM|
+---------------------+---------+------+---------+---------+-----+
|DSP                  |        -|     -|        -|        -|    -|
|Expression           |        -|     -|        0|       68|    -|
|FIFO                 |        -|     -|        -|        -|    -|
|Instance             |        8|    72|    54610|   249285|    0|
|Memory               |        -|     -|        -|        -|    -|
|Multiplexer          |        -|     -|        0|      109|    -|
|Register             |        -|     -|      293|        -|    -|
+---------------------+---------+------+---------+---------+-----+
|Total                |        8|    72|    54903|   249462|    0|
+---------------------+---------+------+---------+---------+-----+
|Available SLR        |     1344|  3008|   869120|   434560|  320|
+---------------------+---------+------+---------+---------+-----+
|Utilization SLR (%)  |       ~0|     2|        6|       57|    0|
+---------------------+---------+------+---------+---------+-----+
|Available            |     4032|  9024|  2607360|  1303680|  960|
+---------------------+---------+------+---------+---------+-----+
|Utilization (%)      |       ~0|    ~0|        2|       19|    0|
+---------------------+---------+------+---------+---------+-----+

+ Detail: 
    * Instance: 
    +-----------------+---------------+---------+----+-------+--------+-----+
    |     Instance    |     Module    | BRAM_18K| DSP|   FF  |   LUT  | URAM|
    +-----------------+---------------+---------+----+-------+--------+-----+
    |control_s_axi_U  |control_s_axi  |        0|   0|    375|     634|    0|
    |k_gmem_m_axi_U   |k_gmem_m_axi   |        2|   0|    725|     874|    0|
    |o_gmem_m_axi_U   |o_gmem_m_axi   |        2|   0|    719|     863|    0|
    |q_gmem_m_axi_U   |q_gmem_m_axi   |        2|   0|    725|     874|    0|
    |grp_run_fu_161   |run            |        0|  72|  51341|  245166|    0|
    |v_gmem_m_axi_U   |v_gmem_m_axi   |        2|   0|    725|     874|    0|
    +-----------------+---------------+---------+----+-------+--------+-----+
    |Total            |               |        8|  72|  54610|  249285|    0|
    +-----------------+---------------+---------+----+-------+--------+-----+

    * DSP: 
    N/A

    * Memory: 
    N/A

    * FIFO: 
    N/A

    * Expression: 
    +---------------------------------+----------+----+---+----+------------+------------+
    |          Variable Name          | Operation| DSP| FF| LUT| Bitwidth P0| Bitwidth P1|
    +---------------------------------+----------+----+---+----+------------+------------+
    |add_ln44_fu_197_p2               |         +|   0|  0|  39|          32|           2|
    |ap_block_state2_on_subcall_done  |       and|   0|  0|   2|           1|           1|
    |icmp_ln44_fu_213_p2              |      icmp|   0|  0|  27|          20|           1|
    +---------------------------------+----------+----+---+----+------------+------------+
    |Total                            |          |   0|  0|  68|          53|           4|
    +---------------------------------+----------+----+---+----+------------+------------+

    * Multiplexer: 
    +------------------+----+-----------+-----+-----------+
    |       Name       | LUT| Input Size| Bits| Total Bits|
    +------------------+----+-----------+-----+-----------+
    |ap_NS_fsm         |  14|          3|    1|          3|
    |k_gmem_0_ARVALID  |   9|          2|    1|          2|
    |k_gmem_0_RREADY   |   9|          2|    1|          2|
    |o_gmem_0_AWVALID  |   9|          2|    1|          2|
    |o_gmem_0_BREADY   |   9|          2|    1|          2|
    |o_gmem_0_WVALID   |   9|          2|    1|          2|
    |q_gmem_0_ARVALID  |   9|          2|    1|          2|
    |q_gmem_0_RREADY   |   9|          2|    1|          2|
    |status            |  14|          3|    8|         24|
    |v_gmem_0_ARVALID  |   9|          2|    1|          2|
    |v_gmem_0_RREADY   |   9|          2|    1|          2|
    +------------------+----+-----------+-----+-----------+
    |Total             | 109|         24|   18|         45|
    +------------------+----+-----------+-----+-----------+

    * Register: 
    +------------------------------+----+----+-----+-----------+
    |             Name             | FF | LUT| Bits| Const Bits|
    +------------------------------+----+----+-----+-----------+
    |ap_CS_fsm                     |   2|   0|    2|          0|
    |causal_read_reg_219           |   1|   0|    1|          0|
    |grp_run_fu_161_ap_start_reg   |   1|   0|    1|          0|
    |icmp_ln44_reg_249             |   1|   0|    1|          0|
    |k_address_read_reg_239        |  64|   0|   64|          0|
    |o_address_read_reg_229        |  64|   0|   64|          0|
    |q_address_read_reg_244        |  64|   0|   64|          0|
    |sequence_length_read_reg_224  |  32|   0|   32|          0|
    |v_address_read_reg_234        |  64|   0|   64|          0|
    +------------------------------+----+----+-----+-----------+
    |Total                         | 293|   0|  293|          0|
    +------------------------------+----+----+-----+-----------+



================================================================
== Interface
================================================================
* Summary: 
+-----------------------+-----+-----+------------+--------------------+--------------+
|       RTL Ports       | Dir | Bits|  Protocol  |    Source Object   |    C Type    |
+-----------------------+-----+-----+------------+--------------------+--------------+
|s_axi_control_AWVALID  |   in|    1|       s_axi|             control|       pointer|
|s_axi_control_AWREADY  |  out|    1|       s_axi|             control|       pointer|
|s_axi_control_AWADDR   |   in|    7|       s_axi|             control|       pointer|
|s_axi_control_WVALID   |   in|    1|       s_axi|             control|       pointer|
|s_axi_control_WREADY   |  out|    1|       s_axi|             control|       pointer|
|s_axi_control_WDATA    |   in|   32|       s_axi|             control|       pointer|
|s_axi_control_WSTRB    |   in|    4|       s_axi|             control|       pointer|
|s_axi_control_ARVALID  |   in|    1|       s_axi|             control|       pointer|
|s_axi_control_ARREADY  |  out|    1|       s_axi|             control|       pointer|
|s_axi_control_ARADDR   |   in|    7|       s_axi|             control|       pointer|
|s_axi_control_RVALID   |  out|    1|       s_axi|             control|       pointer|
|s_axi_control_RREADY   |   in|    1|       s_axi|             control|       pointer|
|s_axi_control_RDATA    |  out|   32|       s_axi|             control|       pointer|
|s_axi_control_RRESP    |  out|    2|       s_axi|             control|       pointer|
|s_axi_control_BVALID   |  out|    1|       s_axi|             control|       pointer|
|s_axi_control_BREADY   |   in|    1|       s_axi|             control|       pointer|
|s_axi_control_BRESP    |  out|    2|       s_axi|             control|       pointer|
|ap_clk                 |   in|    1|  ap_ctrl_hs|  fsa_stream_split_d|  return value|
|ap_rst_n               |   in|    1|  ap_ctrl_hs|  fsa_stream_split_d|  return value|
|interrupt              |  out|    1|  ap_ctrl_hs|  fsa_stream_split_d|  return value|
|m_axi_q_gmem_AWVALID   |  out|    1|       m_axi|              q_gmem|       pointer|
|m_axi_q_gmem_AWREADY   |   in|    1|       m_axi|              q_gmem|       pointer|
|m_axi_q_gmem_AWADDR    |  out|   64|       m_axi|              q_gmem|       pointer|
|m_axi_q_gmem_AWID      |  out|    1|       m_axi|              q_gmem|       pointer|
|m_axi_q_gmem_AWLEN     |  out|    8|       m_axi|              q_gmem|       pointer|
|m_axi_q_gmem_AWSIZE    |  out|    3|       m_axi|              q_gmem|       pointer|
|m_axi_q_gmem_AWBURST   |  out|    2|       m_axi|              q_gmem|       pointer|
|m_axi_q_gmem_AWLOCK    |  out|    2|       m_axi|              q_gmem|       pointer|
|m_axi_q_gmem_AWCACHE   |  out|    4|       m_axi|              q_gmem|       pointer|
|m_axi_q_gmem_AWPROT    |  out|    3|       m_axi|              q_gmem|       pointer|
|m_axi_q_gmem_AWQOS     |  out|    4|       m_axi|              q_gmem|       pointer|
|m_axi_q_gmem_AWREGION  |  out|    4|       m_axi|              q_gmem|       pointer|
|m_axi_q_gmem_AWUSER    |  out|    1|       m_axi|              q_gmem|       pointer|
|m_axi_q_gmem_WVALID    |  out|    1|       m_axi|              q_gmem|       pointer|
|m_axi_q_gmem_WREADY    |   in|    1|       m_axi|              q_gmem|       pointer|
|m_axi_q_gmem_WDATA     |  out|   64|       m_axi|              q_gmem|       pointer|
|m_axi_q_gmem_WSTRB     |  out|    8|       m_axi|              q_gmem|       pointer|
|m_axi_q_gmem_WLAST     |  out|    1|       m_axi|              q_gmem|       pointer|
|m_axi_q_gmem_WID       |  out|    1|       m_axi|              q_gmem|       pointer|
|m_axi_q_gmem_WUSER     |  out|    1|       m_axi|              q_gmem|       pointer|
|m_axi_q_gmem_ARVALID   |  out|    1|       m_axi|              q_gmem|       pointer|
|m_axi_q_gmem_ARREADY   |   in|    1|       m_axi|              q_gmem|       pointer|
|m_axi_q_gmem_ARADDR    |  out|   64|       m_axi|              q_gmem|       pointer|
|m_axi_q_gmem_ARID      |  out|    1|       m_axi|              q_gmem|       pointer|
|m_axi_q_gmem_ARLEN     |  out|    8|       m_axi|              q_gmem|       pointer|
|m_axi_q_gmem_ARSIZE    |  out|    3|       m_axi|              q_gmem|       pointer|
|m_axi_q_gmem_ARBURST   |  out|    2|       m_axi|              q_gmem|       pointer|
|m_axi_q_gmem_ARLOCK    |  out|    2|       m_axi|              q_gmem|       pointer|
|m_axi_q_gmem_ARCACHE   |  out|    4|       m_axi|              q_gmem|       pointer|
|m_axi_q_gmem_ARPROT    |  out|    3|       m_axi|              q_gmem|       pointer|
|m_axi_q_gmem_ARQOS     |  out|    4|       m_axi|              q_gmem|       pointer|
|m_axi_q_gmem_ARREGION  |  out|    4|       m_axi|              q_gmem|       pointer|
|m_axi_q_gmem_ARUSER    |  out|    1|       m_axi|              q_gmem|       pointer|
|m_axi_q_gmem_RVALID    |   in|    1|       m_axi|              q_gmem|       pointer|
|m_axi_q_gmem_RREADY    |  out|    1|       m_axi|              q_gmem|       pointer|
|m_axi_q_gmem_RDATA     |   in|   64|       m_axi|              q_gmem|       pointer|
|m_axi_q_gmem_RLAST     |   in|    1|       m_axi|              q_gmem|       pointer|
|m_axi_q_gmem_RID       |   in|    1|       m_axi|              q_gmem|       pointer|
|m_axi_q_gmem_RUSER     |   in|    1|       m_axi|              q_gmem|       pointer|
|m_axi_q_gmem_RRESP     |   in|    2|       m_axi|              q_gmem|       pointer|
|m_axi_q_gmem_BVALID    |   in|    1|       m_axi|              q_gmem|       pointer|
|m_axi_q_gmem_BREADY    |  out|    1|       m_axi|              q_gmem|       pointer|
|m_axi_q_gmem_BRESP     |   in|    2|       m_axi|              q_gmem|       pointer|
|m_axi_q_gmem_BID       |   in|    1|       m_axi|              q_gmem|       pointer|
|m_axi_q_gmem_BUSER     |   in|    1|       m_axi|              q_gmem|       pointer|
|m_axi_k_gmem_AWVALID   |  out|    1|       m_axi|              k_gmem|       pointer|
|m_axi_k_gmem_AWREADY   |   in|    1|       m_axi|              k_gmem|       pointer|
|m_axi_k_gmem_AWADDR    |  out|   64|       m_axi|              k_gmem|       pointer|
|m_axi_k_gmem_AWID      |  out|    1|       m_axi|              k_gmem|       pointer|
|m_axi_k_gmem_AWLEN     |  out|    8|       m_axi|              k_gmem|       pointer|
|m_axi_k_gmem_AWSIZE    |  out|    3|       m_axi|              k_gmem|       pointer|
|m_axi_k_gmem_AWBURST   |  out|    2|       m_axi|              k_gmem|       pointer|
|m_axi_k_gmem_AWLOCK    |  out|    2|       m_axi|              k_gmem|       pointer|
|m_axi_k_gmem_AWCACHE   |  out|    4|       m_axi|              k_gmem|       pointer|
|m_axi_k_gmem_AWPROT    |  out|    3|       m_axi|              k_gmem|       pointer|
|m_axi_k_gmem_AWQOS     |  out|    4|       m_axi|              k_gmem|       pointer|
|m_axi_k_gmem_AWREGION  |  out|    4|       m_axi|              k_gmem|       pointer|
|m_axi_k_gmem_AWUSER    |  out|    1|       m_axi|              k_gmem|       pointer|
|m_axi_k_gmem_WVALID    |  out|    1|       m_axi|              k_gmem|       pointer|
|m_axi_k_gmem_WREADY    |   in|    1|       m_axi|              k_gmem|       pointer|
|m_axi_k_gmem_WDATA     |  out|   64|       m_axi|              k_gmem|       pointer|
|m_axi_k_gmem_WSTRB     |  out|    8|       m_axi|              k_gmem|       pointer|
|m_axi_k_gmem_WLAST     |  out|    1|       m_axi|              k_gmem|       pointer|
|m_axi_k_gmem_WID       |  out|    1|       m_axi|              k_gmem|       pointer|
|m_axi_k_gmem_WUSER     |  out|    1|       m_axi|              k_gmem|       pointer|
|m_axi_k_gmem_ARVALID   |  out|    1|       m_axi|              k_gmem|       pointer|
|m_axi_k_gmem_ARREADY   |   in|    1|       m_axi|              k_gmem|       pointer|
|m_axi_k_gmem_ARADDR    |  out|   64|       m_axi|              k_gmem|       pointer|
|m_axi_k_gmem_ARID      |  out|    1|       m_axi|              k_gmem|       pointer|
|m_axi_k_gmem_ARLEN     |  out|    8|       m_axi|              k_gmem|       pointer|
|m_axi_k_gmem_ARSIZE    |  out|    3|       m_axi|              k_gmem|       pointer|
|m_axi_k_gmem_ARBURST   |  out|    2|       m_axi|              k_gmem|       pointer|
|m_axi_k_gmem_ARLOCK    |  out|    2|       m_axi|              k_gmem|       pointer|
|m_axi_k_gmem_ARCACHE   |  out|    4|       m_axi|              k_gmem|       pointer|
|m_axi_k_gmem_ARPROT    |  out|    3|       m_axi|              k_gmem|       pointer|
|m_axi_k_gmem_ARQOS     |  out|    4|       m_axi|              k_gmem|       pointer|
|m_axi_k_gmem_ARREGION  |  out|    4|       m_axi|              k_gmem|       pointer|
|m_axi_k_gmem_ARUSER    |  out|    1|       m_axi|              k_gmem|       pointer|
|m_axi_k_gmem_RVALID    |   in|    1|       m_axi|              k_gmem|       pointer|
|m_axi_k_gmem_RREADY    |  out|    1|       m_axi|              k_gmem|       pointer|
|m_axi_k_gmem_RDATA     |   in|   64|       m_axi|              k_gmem|       pointer|
|m_axi_k_gmem_RLAST     |   in|    1|       m_axi|              k_gmem|       pointer|
|m_axi_k_gmem_RID       |   in|    1|       m_axi|              k_gmem|       pointer|
|m_axi_k_gmem_RUSER     |   in|    1|       m_axi|              k_gmem|       pointer|
|m_axi_k_gmem_RRESP     |   in|    2|       m_axi|              k_gmem|       pointer|
|m_axi_k_gmem_BVALID    |   in|    1|       m_axi|              k_gmem|       pointer|
|m_axi_k_gmem_BREADY    |  out|    1|       m_axi|              k_gmem|       pointer|
|m_axi_k_gmem_BRESP     |   in|    2|       m_axi|              k_gmem|       pointer|
|m_axi_k_gmem_BID       |   in|    1|       m_axi|              k_gmem|       pointer|
|m_axi_k_gmem_BUSER     |   in|    1|       m_axi|              k_gmem|       pointer|
|m_axi_v_gmem_AWVALID   |  out|    1|       m_axi|              v_gmem|       pointer|
|m_axi_v_gmem_AWREADY   |   in|    1|       m_axi|              v_gmem|       pointer|
|m_axi_v_gmem_AWADDR    |  out|   64|       m_axi|              v_gmem|       pointer|
|m_axi_v_gmem_AWID      |  out|    1|       m_axi|              v_gmem|       pointer|
|m_axi_v_gmem_AWLEN     |  out|    8|       m_axi|              v_gmem|       pointer|
|m_axi_v_gmem_AWSIZE    |  out|    3|       m_axi|              v_gmem|       pointer|
|m_axi_v_gmem_AWBURST   |  out|    2|       m_axi|              v_gmem|       pointer|
|m_axi_v_gmem_AWLOCK    |  out|    2|       m_axi|              v_gmem|       pointer|
|m_axi_v_gmem_AWCACHE   |  out|    4|       m_axi|              v_gmem|       pointer|
|m_axi_v_gmem_AWPROT    |  out|    3|       m_axi|              v_gmem|       pointer|
|m_axi_v_gmem_AWQOS     |  out|    4|       m_axi|              v_gmem|       pointer|
|m_axi_v_gmem_AWREGION  |  out|    4|       m_axi|              v_gmem|       pointer|
|m_axi_v_gmem_AWUSER    |  out|    1|       m_axi|              v_gmem|       pointer|
|m_axi_v_gmem_WVALID    |  out|    1|       m_axi|              v_gmem|       pointer|
|m_axi_v_gmem_WREADY    |   in|    1|       m_axi|              v_gmem|       pointer|
|m_axi_v_gmem_WDATA     |  out|   64|       m_axi|              v_gmem|       pointer|
|m_axi_v_gmem_WSTRB     |  out|    8|       m_axi|              v_gmem|       pointer|
|m_axi_v_gmem_WLAST     |  out|    1|       m_axi|              v_gmem|       pointer|
|m_axi_v_gmem_WID       |  out|    1|       m_axi|              v_gmem|       pointer|
|m_axi_v_gmem_WUSER     |  out|    1|       m_axi|              v_gmem|       pointer|
|m_axi_v_gmem_ARVALID   |  out|    1|       m_axi|              v_gmem|       pointer|
|m_axi_v_gmem_ARREADY   |   in|    1|       m_axi|              v_gmem|       pointer|
|m_axi_v_gmem_ARADDR    |  out|   64|       m_axi|              v_gmem|       pointer|
|m_axi_v_gmem_ARID      |  out|    1|       m_axi|              v_gmem|       pointer|
|m_axi_v_gmem_ARLEN     |  out|    8|       m_axi|              v_gmem|       pointer|
|m_axi_v_gmem_ARSIZE    |  out|    3|       m_axi|              v_gmem|       pointer|
|m_axi_v_gmem_ARBURST   |  out|    2|       m_axi|              v_gmem|       pointer|
|m_axi_v_gmem_ARLOCK    |  out|    2|       m_axi|              v_gmem|       pointer|
|m_axi_v_gmem_ARCACHE   |  out|    4|       m_axi|              v_gmem|       pointer|
|m_axi_v_gmem_ARPROT    |  out|    3|       m_axi|              v_gmem|       pointer|
|m_axi_v_gmem_ARQOS     |  out|    4|       m_axi|              v_gmem|       pointer|
|m_axi_v_gmem_ARREGION  |  out|    4|       m_axi|              v_gmem|       pointer|
|m_axi_v_gmem_ARUSER    |  out|    1|       m_axi|              v_gmem|       pointer|
|m_axi_v_gmem_RVALID    |   in|    1|       m_axi|              v_gmem|       pointer|
|m_axi_v_gmem_RREADY    |  out|    1|       m_axi|              v_gmem|       pointer|
|m_axi_v_gmem_RDATA     |   in|   64|       m_axi|              v_gmem|       pointer|
|m_axi_v_gmem_RLAST     |   in|    1|       m_axi|              v_gmem|       pointer|
|m_axi_v_gmem_RID       |   in|    1|       m_axi|              v_gmem|       pointer|
|m_axi_v_gmem_RUSER     |   in|    1|       m_axi|              v_gmem|       pointer|
|m_axi_v_gmem_RRESP     |   in|    2|       m_axi|              v_gmem|       pointer|
|m_axi_v_gmem_BVALID    |   in|    1|       m_axi|              v_gmem|       pointer|
|m_axi_v_gmem_BREADY    |  out|    1|       m_axi|              v_gmem|       pointer|
|m_axi_v_gmem_BRESP     |   in|    2|       m_axi|              v_gmem|       pointer|
|m_axi_v_gmem_BID       |   in|    1|       m_axi|              v_gmem|       pointer|
|m_axi_v_gmem_BUSER     |   in|    1|       m_axi|              v_gmem|       pointer|
|m_axi_o_gmem_AWVALID   |  out|    1|       m_axi|              o_gmem|       pointer|
|m_axi_o_gmem_AWREADY   |   in|    1|       m_axi|              o_gmem|       pointer|
|m_axi_o_gmem_AWADDR    |  out|   64|       m_axi|              o_gmem|       pointer|
|m_axi_o_gmem_AWID      |  out|    1|       m_axi|              o_gmem|       pointer|
|m_axi_o_gmem_AWLEN     |  out|    8|       m_axi|              o_gmem|       pointer|
|m_axi_o_gmem_AWSIZE    |  out|    3|       m_axi|              o_gmem|       pointer|
|m_axi_o_gmem_AWBURST   |  out|    2|       m_axi|              o_gmem|       pointer|
|m_axi_o_gmem_AWLOCK    |  out|    2|       m_axi|              o_gmem|       pointer|
|m_axi_o_gmem_AWCACHE   |  out|    4|       m_axi|              o_gmem|       pointer|
|m_axi_o_gmem_AWPROT    |  out|    3|       m_axi|              o_gmem|       pointer|
|m_axi_o_gmem_AWQOS     |  out|    4|       m_axi|              o_gmem|       pointer|
|m_axi_o_gmem_AWREGION  |  out|    4|       m_axi|              o_gmem|       pointer|
|m_axi_o_gmem_AWUSER    |  out|    1|       m_axi|              o_gmem|       pointer|
|m_axi_o_gmem_WVALID    |  out|    1|       m_axi|              o_gmem|       pointer|
|m_axi_o_gmem_WREADY    |   in|    1|       m_axi|              o_gmem|       pointer|
|m_axi_o_gmem_WDATA     |  out|   64|       m_axi|              o_gmem|       pointer|
|m_axi_o_gmem_WSTRB     |  out|    8|       m_axi|              o_gmem|       pointer|
|m_axi_o_gmem_WLAST     |  out|    1|       m_axi|              o_gmem|       pointer|
|m_axi_o_gmem_WID       |  out|    1|       m_axi|              o_gmem|       pointer|
|m_axi_o_gmem_WUSER     |  out|    1|       m_axi|              o_gmem|       pointer|
|m_axi_o_gmem_ARVALID   |  out|    1|       m_axi|              o_gmem|       pointer|
|m_axi_o_gmem_ARREADY   |   in|    1|       m_axi|              o_gmem|       pointer|
|m_axi_o_gmem_ARADDR    |  out|   64|       m_axi|              o_gmem|       pointer|
|m_axi_o_gmem_ARID      |  out|    1|       m_axi|              o_gmem|       pointer|
|m_axi_o_gmem_ARLEN     |  out|    8|       m_axi|              o_gmem|       pointer|
|m_axi_o_gmem_ARSIZE    |  out|    3|       m_axi|              o_gmem|       pointer|
|m_axi_o_gmem_ARBURST   |  out|    2|       m_axi|              o_gmem|       pointer|
|m_axi_o_gmem_ARLOCK    |  out|    2|       m_axi|              o_gmem|       pointer|
|m_axi_o_gmem_ARCACHE   |  out|    4|       m_axi|              o_gmem|       pointer|
|m_axi_o_gmem_ARPROT    |  out|    3|       m_axi|              o_gmem|       pointer|
|m_axi_o_gmem_ARQOS     |  out|    4|       m_axi|              o_gmem|       pointer|
|m_axi_o_gmem_ARREGION  |  out|    4|       m_axi|              o_gmem|       pointer|
|m_axi_o_gmem_ARUSER    |  out|    1|       m_axi|              o_gmem|       pointer|
|m_axi_o_gmem_RVALID    |   in|    1|       m_axi|              o_gmem|       pointer|
|m_axi_o_gmem_RREADY    |  out|    1|       m_axi|              o_gmem|       pointer|
|m_axi_o_gmem_RDATA     |   in|   64|       m_axi|              o_gmem|       pointer|
|m_axi_o_gmem_RLAST     |   in|    1|       m_axi|              o_gmem|       pointer|
|m_axi_o_gmem_RID       |   in|    1|       m_axi|              o_gmem|       pointer|
|m_axi_o_gmem_RUSER     |   in|    1|       m_axi|              o_gmem|       pointer|
|m_axi_o_gmem_RRESP     |   in|    2|       m_axi|              o_gmem|       pointer|
|m_axi_o_gmem_BVALID    |   in|    1|       m_axi|              o_gmem|       pointer|
|m_axi_o_gmem_BREADY    |  out|    1|       m_axi|              o_gmem|       pointer|
|m_axi_o_gmem_BRESP     |   in|    2|       m_axi|              o_gmem|       pointer|
|m_axi_o_gmem_BID       |   in|    1|       m_axi|              o_gmem|       pointer|
|m_axi_o_gmem_BUSER     |   in|    1|       m_axi|              o_gmem|       pointer|
+-----------------------+-----+-----+------------+--------------------+--------------+

