

================================================================
== Vitis HLS Report for 'reciprocalColumns'
================================================================
* Date:           Sat Oct 10 01:50:18 2026

* Version:        2024.2 (Build 5238294 on Nov  8 2024)
* Project:        build
* Solution:       solution1 (Vivado IP Flow Target)
* Product family: virtexuplusHBM
* Target device:  xcvu37p_CIV-fsvh2892-2-e


================================================================
== Performance Estimates
================================================================
+ Timing: 
    * Summary: 
    +--------+----------+----------+------------+
    |  Clock |  Target  | Estimated| Uncertainty|
    +--------+----------+----------+------------+
    |ap_clk  |  10.00 ns|  7.281 ns|     2.70 ns|
    +--------+----------+----------+------------+

+ Latency: 
    * Summary: 
    +---------+---------+-----------+----------+-----+-----+---------+
    |  Latency (cycles) |  Latency (absolute)  |  Interval | Pipeline|
    |   min   |   max   |    min    |    max   | min | max |   Type  |
    +---------+---------+-----------+----------+-----+-----+---------+
    |        4|       42|  40.000 ns|  0.420 us|    4|   42|       no|
    +---------+---------+-----------+----------+-----+-----+---------+

    + Detail: 
        * Instance: 
        +---------------------------------------------------------+----------------------------------------------+---------+---------+-----------+-----------+-----+-----+------------------------------------------------+
        |                                                         |                                              |  Latency (cycles) |   Latency (absolute)  |  Interval |                    Pipeline                    |
        |                         Instance                        |                    Module                    |   min   |   max   |    min    |    max    | min | max |                      Type                      |
        +---------------------------------------------------------+----------------------------------------------+---------+---------+-----------+-----------+-----+-----+------------------------------------------------+
        |grp_p_anonymous_namespace_begin_reciprocal_fu_97         |p_anonymous_namespace_begin_reciprocal        |        1|        1|  10.000 ns|  10.000 ns|    1|    1|                                              no|
        |grp_reciprocalColumns_Pipeline_VITIS_LOOP_369_1_fu_102   |reciprocalColumns_Pipeline_VITIS_LOOP_369_1   |       15|       15|   0.150 us|   0.150 us|   14|   14|  loop auto-rewind stp (delay=0 clock cycles(s))|
        |grp_p_anonymous_namespace_normalize_and_round_fu_115     |p_anonymous_namespace_normalize_and_round     |        0|        0|       0 ns|       0 ns|    0|    0|                                              no|
        |grp_reciprocalColumns_Pipeline_VITIS_LOOP_369_13_fu_125  |reciprocalColumns_Pipeline_VITIS_LOOP_369_13  |       15|       15|   0.150 us|   0.150 us|   14|   14|  loop auto-rewind stp (delay=0 clock cycles(s))|
        +---------------------------------------------------------+----------------------------------------------+---------+---------+-----------+-----------+-----+-----+------------------------------------------------+

        * Loop: 
        N/A



================================================================
== Utilization Estimates
================================================================
* Summary: 
+---------------------+---------+------+---------+---------+-----+
|         Name        | BRAM_18K|  DSP |    FF   |   LUT   | URAM|
+---------------------+---------+------+---------+---------+-----+
|DSP                  |        -|     -|        -|        -|    -|
|Expression           |        -|     -|        0|      128|    -|
|FIFO                 |        -|     -|        -|        -|    -|
|Instance             |        -|     -|      347|     2869|    -|
|Memory               |        -|     -|        -|        -|    -|
|Multiplexer          |        -|     -|        0|      194|    -|
|Register             |        -|     -|      333|        -|    -|
+---------------------+---------+------+---------+---------+-----+
|Total                |        0|     0|      680|     3191|    0|
+---------------------+---------+------+---------+---------+-----+
|Available SLR        |     1344|  3008|   869120|   434560|  320|
+---------------------+---------+------+---------+---------+-----+
|Utilization SLR (%)  |        0|     0|       ~0|       ~0|    0|
+---------------------+---------+------+---------+---------+-----+
|Available            |     4032|  9024|  2607360|  1303680|  960|
+---------------------+---------+------+---------+---------+-----+
|Utilization (%)      |        0|     0|       ~0|       ~0|    0|
+---------------------+---------+------+---------+---------+-----+

+ Detail: 
    * Instance: 
    +---------------------------------------------------------+----------------------------------------------+---------+----+-----+------+-----+
    |                         Instance                        |                    Module                    | BRAM_18K| DSP|  FF |  LUT | URAM|
    +---------------------------------------------------------+----------------------------------------------+---------+----+-----+------+-----+
    |fcmp_32ns_32ns_1_1_no_dsp_1_U539                         |fcmp_32ns_32ns_1_1_no_dsp_1                   |        0|   0|    0|     0|    0|
    |grp_p_anonymous_namespace_begin_reciprocal_fu_97         |p_anonymous_namespace_begin_reciprocal        |        0|   0|  169|   783|    0|
    |grp_p_anonymous_namespace_normalize_and_round_fu_115     |p_anonymous_namespace_normalize_and_round     |        0|   0|    0|  1274|    0|
    |grp_reciprocalColumns_Pipeline_VITIS_LOOP_369_1_fu_102   |reciprocalColumns_Pipeline_VITIS_LOOP_369_1   |        0|   0|   89|   406|    0|
    |grp_reciprocalColumns_Pipeline_VITIS_LOOP_369_13_fu_125  |reciprocalColumns_Pipeline_VITIS_LOOP_369_13  |        0|   0|   89|   406|    0|
    +---------------------------------------------------------+----------------------------------------------+---------+----+-----+------+-----+
    |Total                                                    |                                              |        0|   0|  347|  2869|    0|
    +---------------------------------------------------------+----------------------------------------------+---------+----+-----+------+-----+

    * DSP: 
    N/A

    * Memory: 
    N/A

    * FIFO: 
    N/A

    * Expression: 
    +------------------------+----------+----+---+----+------------+------------+
    |      Variable Name     | Operation| DSP| FF| LUT| Bitwidth P0| Bitwidth P1|
    +------------------------+----------+----+---+----+------------+------------+
    |and_ln228_1_fu_312_p2   |       and|   0|  0|   2|           1|           1|
    |and_ln228_fu_254_p2     |       and|   0|  0|   2|           1|           1|
    |icmp_ln228_1_fu_242_p2  |      icmp|   0|  0|  30|          23|           1|
    |icmp_ln228_2_fu_294_p2  |      icmp|   0|  0|  15|           8|           2|
    |icmp_ln228_3_fu_300_p2  |      icmp|   0|  0|  30|          23|           1|
    |icmp_ln228_fu_236_p2    |      icmp|   0|  0|  15|           8|           2|
    |icmp_ln249_1_fu_329_p2  |      icmp|   0|  0|  15|           8|           2|
    |icmp_ln249_fu_271_p2    |      icmp|   0|  0|  15|           8|           2|
    |or_ln228_1_fu_306_p2    |        or|   0|  0|   2|           1|           1|
    |or_ln228_fu_248_p2      |        or|   0|  0|   2|           1|           1|
    +------------------------+----------+----+---+----+------------+------------+
    |Total                   |          |   0|  0| 128|          82|          14|
    +------------------------+----------+----+---+----+------------+------------+

    * Multiplexer: 
    +----------------------------------------------------------------------------+----+-----------+-----+-----------+
    |                                    Name                                    | LUT| Input Size| Bits| Total Bits|
    +----------------------------------------------------------------------------+----+-----------+-----+-----------+
    |ap_NS_fsm                                                                   |  65|         12|    1|         12|
    |ap_phi_mux_result_write_assign_1_phi_fu_87_p6                               |   9|          2|   32|         64|
    |ap_return_0                                                                 |   9|          2|   32|         64|
    |ap_return_1                                                                 |   9|          2|   32|         64|
    |grp_fu_138_p0                                                               |  14|          3|   32|         96|
    |grp_p_anonymous_namespace_begin_reciprocal_fu_97_denominator                |  14|          3|   32|         96|
    |grp_p_anonymous_namespace_normalize_and_round_fu_115_state_quotient_val     |  14|          3|   26|         78|
    |grp_p_anonymous_namespace_normalize_and_round_fu_115_state_remainder_val    |  14|          3|   25|         75|
    |grp_p_anonymous_namespace_normalize_and_round_fu_115_state_result_sign_val  |  14|          3|    1|          3|
    |grp_p_anonymous_namespace_normalize_and_round_fu_115_state_special_val      |  14|          3|    1|          3|
    |result_write_assign_1_reg_83                                                |   9|          2|   32|         64|
    |result_write_assign_reg_68                                                  |   9|          2|   32|         64|
    +----------------------------------------------------------------------------+----+-----------+-----+-----------+
    |Total                                                                       | 194|         40|  278|        683|
    +----------------------------------------------------------------------------+----+-----------+-----+-----------+

    * Register: 
    +----------------------------------------------------------------------+----+----+-----+-----------+
    |                                 Name                                 | FF | LUT| Bits| Const Bits|
    +----------------------------------------------------------------------+----+----+-----+-----------+
    |and_ln228_1_reg_424                                                   |   1|   0|    1|          0|
    |and_ln228_reg_388                                                     |   1|   0|    1|          0|
    |ap_CS_fsm                                                             |  11|   0|   11|          0|
    |ap_return_0_preg                                                      |  32|   0|   32|          0|
    |ap_return_1_preg                                                      |  32|   0|   32|          0|
    |grp_p_anonymous_namespace_begin_reciprocal_fu_97_ap_start_reg         |   1|   0|    1|          0|
    |grp_reciprocalColumns_Pipeline_VITIS_LOOP_369_13_fu_125_ap_start_reg  |   1|   0|    1|          0|
    |grp_reciprocalColumns_Pipeline_VITIS_LOOP_369_1_fu_102_ap_start_reg   |   1|   0|    1|          0|
    |icmp_ln249_1_reg_444                                                  |   1|   0|    1|          0|
    |icmp_ln249_reg_415                                                    |   1|   0|    1|          0|
    |output_value_1_reg_448                                                |  32|   0|   32|          0|
    |output_value_reg_419                                                  |  32|   0|   32|          0|
    |reg_188                                                               |  25|   0|   25|          0|
    |reg_194                                                               |  24|   0|   24|          0|
    |reg_202                                                               |  26|   0|   26|          0|
    |reg_208                                                               |  10|   0|   10|          0|
    |reg_213                                                               |  32|   0|   32|          0|
    |result_write_assign_1_reg_83                                          |  32|   0|   32|          0|
    |result_write_assign_reg_68                                            |  32|   0|   32|          0|
    |state_exact_power_of_two_1_reg_439                                    |   1|   0|    1|          0|
    |state_exact_power_of_two_reg_410                                      |   1|   0|    1|          0|
    |state_result_sign_1_reg_428                                           |   1|   0|    1|          0|
    |state_result_sign_reg_399                                             |   1|   0|    1|          0|
    |state_special_1_reg_433                                               |   1|   0|    1|          0|
    |state_special_reg_404                                                 |   1|   0|    1|          0|
    +----------------------------------------------------------------------+----+----+-----+-----------+
    |Total                                                                 | 333|   0|  333|          0|
    +----------------------------------------------------------------------+----+----+-----+-----------+



================================================================
== Interface
================================================================
* Summary: 
+-------------------+-----+-----+------------+-------------------+--------------+
|     RTL Ports     | Dir | Bits|  Protocol  |   Source Object   |    C Type    |
+-------------------+-----+-----+------------+-------------------+--------------+
|ap_clk             |   in|    1|  ap_ctrl_hs|  reciprocalColumns|  return value|
|ap_rst             |   in|    1|  ap_ctrl_hs|  reciprocalColumns|  return value|
|ap_start           |   in|    1|  ap_ctrl_hs|  reciprocalColumns|  return value|
|ap_done            |  out|    1|  ap_ctrl_hs|  reciprocalColumns|  return value|
|ap_idle            |  out|    1|  ap_ctrl_hs|  reciprocalColumns|  return value|
|ap_ready           |  out|    1|  ap_ctrl_hs|  reciprocalColumns|  return value|
|ap_return_0        |  out|   32|  ap_ctrl_hs|  reciprocalColumns|  return value|
|ap_return_1        |  out|   32|  ap_ctrl_hs|  reciprocalColumns|  return value|
|denominator_0_val  |   in|   32|     ap_none|  denominator_0_val|        scalar|
|denominator_1_val  |   in|   32|     ap_none|  denominator_1_val|        scalar|
+-------------------+-----+-----+------------+-------------------+--------------+

