                             latency        interval
transaction       0:             987             977
transaction       1:             988             978
transaction       2:             976             966
transaction       3:             976             966
transaction       4:            2703            2693
transaction       5:            2332            2322
transaction       6:            8336            8326
transaction       7:            6119            6109
transaction       8:            1007             997
transaction       9:            1002             992
transaction      10:            1021            1011
transaction      11:            1016            1006
transaction      12:            2659            2649
transaction      13:            2283            2273
transaction      14:            2722            2712
transaction      15:            2353            2343
transaction      16:            5095            5085
transaction      17:            3984            3974
transaction      18:            5090            5080
transaction      19:            3984            3974
transaction      20:            5090            5080
transaction      21:            3984            3974
transaction      22:           22203           22193
transaction      23:           14470           14460
transaction      24:              55              45
transaction      25:              50               x
