

================================================================
== Vitis HLS Report for 'runQueryBlock_0_Outline_VITIS_LOOP_111_4'
================================================================
* Date:           Sat Oct 10 01:50:17 2026

* Version:        2024.2 (Build 5238294 on Nov  8 2024)
* Project:        build
* Solution:       solution1 (Vivado IP Flow Target)
* Product family: virtexuplusHBM
* Target device:  xcvu37p_CIV-fsvh2892-2-e


================================================================
== Performance Estimates
================================================================
+ Timing: 
    * Summary: 
    +--------+----------+----------+------------+
    |  Clock |  Target  | Estimated| Uncertainty|
    +--------+----------+----------+------------+
    |ap_clk  |  10.00 ns|  7.299 ns|     2.70 ns|
    +--------+----------+----------+------------+

+ Latency: 
    * Summary: 
    +---------+---------+----------+----------+-----+--------+---------+
    |  Latency (cycles) |  Latency (absolute) |   Interval   | Pipeline|
    |   min   |   max   |    min   |    max   | min |   max  |   Type  |
    +---------+---------+----------+----------+-----+--------+---------+
    |      383|   391169|  3.830 us|  3.912 ms|  383|  391169|       no|
    +---------+---------+----------+----------+-----+--------+---------+

    + Detail: 
        * Instance: 
        +-----------------------------------------------------------------------+------------------------------------------------------------+---------+---------+-----------+-----------+-----+-----+------------------------------------------------+
        |                                                                       |                                                            |  Latency (cycles) |   Latency (absolute)  |  Interval |                    Pipeline                    |
        |                                Instance                               |                           Module                           |   min   |   max   |    min    |    max    | min | max |                      Type                      |
        +-----------------------------------------------------------------------+------------------------------------------------------------+---------+---------+-----------+-----------+-----+-----+------------------------------------------------+
        |grp_runQueryBlock_0_Pipeline_5_fu_410                                  |runQueryBlock_0_Pipeline_5                                  |       66|       66|   0.660 us|   0.660 us|   65|   65|  loop auto-rewind stp (delay=0 clock cycles(s))|
        |grp_runQueryBlock_0_Pipeline_6_fu_418                                  |runQueryBlock_0_Pipeline_6                                  |       66|       66|   0.660 us|   0.660 us|   65|   65|  loop auto-rewind stp (delay=0 clock cycles(s))|
        |grp_runQueryBlock_0_Pipeline_7_fu_426                                  |runQueryBlock_0_Pipeline_7                                  |       10|       10|   0.100 us|   0.100 us|    9|    9|  loop auto-rewind stp (delay=0 clock cycles(s))|
        |grp_runQueryBlock_0_Pipeline_VITIS_LOOP_135_5_VITIS_LOOP_136_6_fu_430  |runQueryBlock_0_Pipeline_VITIS_LOOP_135_5_VITIS_LOOP_136_6  |       66|       66|   0.660 us|   0.660 us|   65|   65|  loop auto-rewind stp (delay=0 clock cycles(s))|
        |grp_runPeAccumulateTile_fu_444                                         |runPeAccumulateTile                                         |       82|       82|   0.820 us|   0.820 us|   81|   81|  loop auto-rewind stp (delay=0 clock cycles(s))|
        |grp_runQueryBlock_0_Pipeline_VITIS_LOOP_177_10_fu_458                  |runQueryBlock_0_Pipeline_VITIS_LOOP_177_10                  |        6|        6|  60.000 ns|  60.000 ns|    5|    5|  loop auto-rewind stp (delay=0 clock cycles(s))|
        |grp_runQueryBlock_0_Pipeline_VITIS_LOOP_177_102_fu_472                 |runQueryBlock_0_Pipeline_VITIS_LOOP_177_102                 |        6|        6|  60.000 ns|  60.000 ns|    5|    5|  loop auto-rewind stp (delay=0 clock cycles(s))|
        |grp_runQueryBlock_0_Pipeline_VITIS_LOOP_229_13_fu_486                  |runQueryBlock_0_Pipeline_VITIS_LOOP_229_13                  |        8|        8|  80.000 ns|  80.000 ns|    5|    5|  loop auto-rewind stp (delay=0 clock cycles(s))|
        |grp_runAccumulatorColumns_fu_522                                       |runAccumulatorColumns                                       |        7|        7|  70.000 ns|  70.000 ns|    1|    1|                                             yes|
        |grp_runPeArray_fu_543                                                  |runPeArray                                                  |        3|        3|  30.000 ns|  30.000 ns|    1|    1|                                             yes|
        |grp_runQueryBlock_0_Pipeline_VITIS_LOOP_287_23_fu_597                  |runQueryBlock_0_Pipeline_VITIS_LOOP_287_23                  |       14|       14|   0.140 us|   0.140 us|    9|    9|  loop auto-rewind stp (delay=0 clock cycles(s))|
        |grp_runPeRowSum_fu_645                                                 |runPeRowSum                                                 |       22|       22|   0.220 us|   0.220 us|   21|   21|  loop auto-rewind stp (delay=0 clock cycles(s))|
        |grp_runQueryBlock_0_Pipeline_VITIS_LOOP_356_31_fu_657                  |runQueryBlock_0_Pipeline_VITIS_LOOP_356_31                  |       89|       89|   0.890 us|   0.890 us|   81|   81|  loop auto-rewind stp (delay=0 clock cycles(s))|
        +-----------------------------------------------------------------------+------------------------------------------------------------+---------+---------+-----------+-----------+-----+-----+------------------------------------------------+

        * Loop: 
        +--------------------+---------+---------+----------+-----------+-----------+----------+----------+
        |                    |  Latency (cycles) | Iteration|  Initiation Interval  |   Trip   |          |
        |      Loop Name     |   min   |   max   |  Latency |  achieved |   target  |   Count  | Pipelined|
        +--------------------+---------+---------+----------+-----------+-----------+----------+----------+
        |- VITIS_LOOP_111_4  |      382|   391168|       382|          -|          -|  1 ~ 1024|        no|
        +--------------------+---------+---------+----------+-----------+-----------+----------+----------+



================================================================
== Utilization Estimates
================================================================
* Summary: 
+---------------------+---------+------+---------+---------+-----+
|         Name        | BRAM_18K|  DSP |    FF   |   LUT   | URAM|
+---------------------+---------+------+---------+---------+-----+
|DSP                  |        -|     -|        -|        -|    -|
|Expression           |        -|     -|        0|     2003|    -|
|FIFO                 |        -|     -|        -|        -|    -|
|Instance             |        0|    32|    18508|    95342|    -|
|Memory               |        0|     -|      128|      136|    0|
|Multiplexer          |        -|     -|        0|     1620|    -|
|Register             |        -|     -|     1529|        -|    -|
+---------------------+---------+------+---------+---------+-----+
|Total                |        0|    32|    20165|    99101|    0|
+---------------------+---------+------+---------+---------+-----+
|Available SLR        |     1344|  3008|   869120|   434560|  320|
+---------------------+---------+------+---------+---------+-----+
|Utilization SLR (%)  |        0|     1|        2|       22|    0|
+---------------------+---------+------+---------+---------+-----+
|Available            |     4032|  9024|  2607360|  1303680|  960|
+---------------------+---------+------+---------+---------+-----+
|Utilization (%)      |        0|    ~0|       ~0|        7|    0|
+---------------------+---------+------+---------+---------+-----+

+ Detail: 
    * Instance: 
    +-----------------------------------------------------------------------+------------------------------------------------------------+---------+----+------+-------+-----+
    |                                Instance                               |                           Module                           | BRAM_18K| DSP|  FF  |  LUT  | URAM|
    +-----------------------------------------------------------------------+------------------------------------------------------------+---------+----+------+-------+-----+
    |fsub_32ns_32ns_32_3_full_dsp_1_U474                                    |fsub_32ns_32ns_32_3_full_dsp_1                              |        0|   2|   177|    226|    0|
    |fsub_32ns_32ns_32_3_full_dsp_1_U475                                    |fsub_32ns_32ns_32_3_full_dsp_1                              |        0|   2|   177|    226|    0|
    |fsub_32ns_32ns_32_3_full_dsp_1_U476                                    |fsub_32ns_32ns_32_3_full_dsp_1                              |        0|   2|   177|    226|    0|
    |fsub_32ns_32ns_32_3_full_dsp_1_U477                                    |fsub_32ns_32ns_32_3_full_dsp_1                              |        0|   2|   177|    226|    0|
    |grp_runPeAccumulateTile_fu_444                                         |runPeAccumulateTile                                         |        0|   8|  5174|  30122|    0|
    |grp_runPeArray_fu_543                                                  |runPeArray                                                  |        0|   8|  4603|  29570|    0|
    |grp_runPeRowSum_fu_645                                                 |runPeRowSum                                                 |        0|   8|  4941|  30061|    0|
    |grp_runQueryBlock_0_Pipeline_5_fu_410                                  |runQueryBlock_0_Pipeline_5                                  |        0|   0|     9|     56|    0|
    |grp_runQueryBlock_0_Pipeline_6_fu_418                                  |runQueryBlock_0_Pipeline_6                                  |        0|   0|     9|     56|    0|
    |grp_runQueryBlock_0_Pipeline_7_fu_426                                  |runQueryBlock_0_Pipeline_7                                  |        0|   0|     6|     51|    0|
    |grp_runQueryBlock_0_Pipeline_VITIS_LOOP_135_5_VITIS_LOOP_136_6_fu_430  |runQueryBlock_0_Pipeline_VITIS_LOOP_135_5_VITIS_LOOP_136_6  |        0|   0|    18|    139|    0|
    |grp_runQueryBlock_0_Pipeline_VITIS_LOOP_177_10_fu_458                  |runQueryBlock_0_Pipeline_VITIS_LOOP_177_10                  |        0|   0|    39|    325|    0|
    |grp_runQueryBlock_0_Pipeline_VITIS_LOOP_177_102_fu_472                 |runQueryBlock_0_Pipeline_VITIS_LOOP_177_102                 |        0|   0|    39|    325|    0|
    |grp_runQueryBlock_0_Pipeline_VITIS_LOOP_229_13_fu_486                  |runQueryBlock_0_Pipeline_VITIS_LOOP_229_13                  |        0|   0|   631|    546|    0|
    |grp_runQueryBlock_0_Pipeline_VITIS_LOOP_287_23_fu_597                  |runQueryBlock_0_Pipeline_VITIS_LOOP_287_23                  |        0|   0|   529|    640|    0|
    |grp_runQueryBlock_0_Pipeline_VITIS_LOOP_356_31_fu_657                  |runQueryBlock_0_Pipeline_VITIS_LOOP_356_31                  |        0|   0|  1802|   2519|    0|
    |sparsemux_9_3_32_1_1_U486                                              |sparsemux_9_3_32_1_1                                        |        0|   0|     0|     14|    0|
    |sparsemux_9_3_32_1_1_U487                                              |sparsemux_9_3_32_1_1                                        |        0|   0|     0|     14|    0|
    |sptohp_32ns_16_1_no_dsp_1_U478                                         |sptohp_32ns_16_1_no_dsp_1                                   |        0|   0|     0|      0|    0|
    |sptohp_32ns_16_1_no_dsp_1_U479                                         |sptohp_32ns_16_1_no_dsp_1                                   |        0|   0|     0|      0|    0|
    |sptohp_32ns_16_1_no_dsp_1_U480                                         |sptohp_32ns_16_1_no_dsp_1                                   |        0|   0|     0|      0|    0|
    |sptohp_32ns_16_1_no_dsp_1_U481                                         |sptohp_32ns_16_1_no_dsp_1                                   |        0|   0|     0|      0|    0|
    |sptohp_32ns_16_1_no_dsp_1_U482                                         |sptohp_32ns_16_1_no_dsp_1                                   |        0|   0|     0|      0|    0|
    |sptohp_32ns_16_1_no_dsp_1_U483                                         |sptohp_32ns_16_1_no_dsp_1                                   |        0|   0|     0|      0|    0|
    |sptohp_32ns_16_1_no_dsp_1_U484                                         |sptohp_32ns_16_1_no_dsp_1                                   |        0|   0|     0|      0|    0|
    |sptohp_32ns_16_1_no_dsp_1_U485                                         |sptohp_32ns_16_1_no_dsp_1                                   |        0|   0|     0|      0|    0|
    +-----------------------------------------------------------------------+------------------------------------------------------------+---------+----+------+-------+-----+
    |Total                                                                  |                                                            |        0|  32| 18508|  95342|    0|
    +-----------------------------------------------------------------------+------------------------------------------------------------+---------+----+------+-------+-----+

    * DSP: 
    N/A

    * Memory: 
    +------------+-----------------------------------------------------------------+---------+----+----+-----+------+-----+------+-------------+
    |   Memory   |                              Module                             | BRAM_18K| FF | LUT| URAM| Words| Bits| Banks| W*Bits*Banks|
    +------------+-----------------------------------------------------------------+---------+----+----+-----+------+-----+------+-------------+
    |v_tile_3_U  |runQueryBlock_0_Outline_VITIS_LOOP_111_4_v_tile_3_RAM_AUTO_1R1W  |        0|  16|  17|    0|    16|   16|     1|          256|
    |v_tile_2_U  |runQueryBlock_0_Outline_VITIS_LOOP_111_4_v_tile_3_RAM_AUTO_1R1W  |        0|  16|  17|    0|    16|   16|     1|          256|
    |v_tile_1_U  |runQueryBlock_0_Outline_VITIS_LOOP_111_4_v_tile_3_RAM_AUTO_1R1W  |        0|  16|  17|    0|    16|   16|     1|          256|
    |v_tile_U    |runQueryBlock_0_Outline_VITIS_LOOP_111_4_v_tile_3_RAM_AUTO_1R1W  |        0|  16|  17|    0|    16|   16|     1|          256|
    |k_tile_3_U  |runQueryBlock_0_Outline_VITIS_LOOP_111_4_v_tile_3_RAM_AUTO_1R1W  |        0|  16|  17|    0|    16|   16|     1|          256|
    |k_tile_2_U  |runQueryBlock_0_Outline_VITIS_LOOP_111_4_v_tile_3_RAM_AUTO_1R1W  |        0|  16|  17|    0|    16|   16|     1|          256|
    |k_tile_1_U  |runQueryBlock_0_Outline_VITIS_LOOP_111_4_v_tile_3_RAM_AUTO_1R1W  |        0|  16|  17|    0|    16|   16|     1|          256|
    |k_tile_U    |runQueryBlock_0_Outline_VITIS_LOOP_111_4_v_tile_3_RAM_AUTO_1R1W  |        0|  16|  17|    0|    16|   16|     1|          256|
    +------------+-----------------------------------------------------------------+---------+----+----+-----+------+-----+------+-------------+
    |Total       |                                                                 |        0| 128| 136|    0|   128|  128|     8|         2048|
    +------------+-----------------------------------------------------------------+---------+----+----+-----+------+-----+------+-------------+

    * FIFO: 
    N/A

    * Expression: 
    +---------------------------------+----------+----+---+----+------------+------------+
    |          Variable Name          | Operation| DSP| FF| LUT| Bitwidth P0| Bitwidth P1|
    +---------------------------------+----------+----+---+----+------------+------------+
    |key_tile_4_fu_778_p2             |         +|   0|  0|  39|          32|           1|
    |remaining_keys_fu_794_p2         |         -|   0|  0|  39|          32|          32|
    |and_ln188_2_fu_1533_p2           |       and|   0|  0|   2|           1|           1|
    |and_ln188_fu_1383_p2             |       and|   0|  0|   2|           1|           1|
    |and_ln314_7_fu_1487_p2           |       and|   0|  0|   2|           1|           1|
    |and_ln314_8_fu_1631_p2           |       and|   0|  0|   2|           1|           1|
    |and_ln314_9_fu_1637_p2           |       and|   0|  0|   2|           1|           1|
    |and_ln314_fu_1481_p2             |       and|   0|  0|   2|           1|           1|
    |and_ln48_2_fu_1613_p2            |       and|   0|  0|   2|           1|           1|
    |and_ln48_fu_1463_p2              |       and|   0|  0|   2|           1|           1|
    |or_ln156_10_not_fu_1292_p2       |       and|   0|  0|   2|           1|           1|
    |or_ln156_11_not_fu_1309_p2       |       and|   0|  0|   2|           1|           1|
    |or_ln156_12_not_fu_1326_p2       |       and|   0|  0|   2|           1|           1|
    |or_ln156_13_not_fu_1343_p2       |       and|   0|  0|   2|           1|           1|
    |or_ln156_14_not_fu_1360_p2       |       and|   0|  0|   2|           1|           1|
    |or_ln156_8_not_fu_1258_p2        |       and|   0|  0|   2|           1|           1|
    |or_ln156_9_not_fu_1275_p2        |       and|   0|  0|   2|           1|           1|
    |or_ln156_not_fu_1241_p2          |       and|   0|  0|   2|           1|           1|
    |score_valid_10_fu_1027_p2        |       and|   0|  0|   2|           1|           1|
    |score_valid_11_fu_1055_p2        |       and|   0|  0|   2|           1|           1|
    |score_valid_12_fu_1083_p2        |       and|   0|  0|   2|           1|           1|
    |score_valid_13_fu_1111_p2        |       and|   0|  0|   2|           1|           1|
    |score_valid_14_fu_1139_p2        |       and|   0|  0|   2|           1|           1|
    |score_valid_8_fu_971_p2          |       and|   0|  0|   2|           1|           1|
    |score_valid_9_fu_999_p2          |       and|   0|  0|   2|           1|           1|
    |score_valid_fu_943_p2            |       and|   0|  0|   2|           1|           1|
    |cmp117_2_fu_917_p2               |      icmp|   0|  0|  10|           3|           2|
    |cmp117_fu_895_p2                 |      icmp|   0|  0|  10|           3|           1|
    |icmp281_fu_911_p2                |      icmp|   0|  0|   9|           2|           1|
    |icmp_ln111_fu_773_p2             |      icmp|   0|  0|  39|          32|          32|
    |icmp_ln116_fu_813_p2             |      icmp|   0|  0|  37|          30|           1|
    |icmp_ln156_10_fu_842_p2          |      icmp|   0|  0|  39|          32|          32|
    |icmp_ln156_11_fu_855_p2          |      icmp|   0|  0|  39|          32|          32|
    |icmp_ln156_12_fu_860_p2          |      icmp|   0|  0|  39|          32|          32|
    |icmp_ln156_13_fu_873_p2          |      icmp|   0|  0|  39|          32|          32|
    |icmp_ln156_14_fu_878_p2          |      icmp|   0|  0|  39|          32|          32|
    |icmp_ln156_8_fu_824_p2           |      icmp|   0|  0|  39|          32|          32|
    |icmp_ln156_9_fu_837_p2           |      icmp|   0|  0|  39|          32|          32|
    |icmp_ln156_fu_819_p2             |      icmp|   0|  0|  39|          32|          32|
    |icmp_ln52_2_fu_1585_p2           |      icmp|   0|  0|  39|          32|          32|
    |icmp_ln52_fu_1435_p2             |      icmp|   0|  0|  39|          32|          32|
    |icmp_ln54_2_fu_1599_p2           |      icmp|   0|  0|  39|          32|          32|
    |icmp_ln54_fu_1449_p2             |      icmp|   0|  0|  39|          32|          32|
    |ap_block_state3_on_subcall_done  |        or|   0|  0|   2|           1|           1|
    |ap_block_state8_on_subcall_done  |        or|   0|  0|   2|           1|           1|
    |or_ln154_10_fu_1007_p2           |        or|   0|  0|   2|           1|           1|
    |or_ln154_11_fu_1035_p2           |        or|   0|  0|   2|           1|           1|
    |or_ln154_12_fu_1063_p2           |        or|   0|  0|   2|           1|           1|
    |or_ln154_13_fu_1091_p2           |        or|   0|  0|   2|           1|           1|
    |or_ln154_14_fu_1119_p2           |        or|   0|  0|   2|           1|           1|
    |or_ln154_8_fu_951_p2             |        or|   0|  0|   2|           1|           1|
    |or_ln154_9_fu_979_p2             |        or|   0|  0|   2|           1|           1|
    |or_ln154_fu_923_p2               |        or|   0|  0|   2|           1|           1|
    |or_ln156_10_fu_1016_p2           |        or|   0|  0|   2|           1|           1|
    |or_ln156_11_fu_1044_p2           |        or|   0|  0|   2|           1|           1|
    |or_ln156_12_fu_1072_p2           |        or|   0|  0|   2|           1|           1|
    |or_ln156_13_fu_1100_p2           |        or|   0|  0|   2|           1|           1|
    |or_ln156_14_fu_1128_p2           |        or|   0|  0|   2|           1|           1|
    |or_ln156_8_fu_960_p2             |        or|   0|  0|   2|           1|           1|
    |or_ln156_9_fu_988_p2             |        or|   0|  0|   2|           1|           1|
    |or_ln156_fu_932_p2               |        or|   0|  0|   2|           1|           1|
    |or_ln321_10_fu_2088_p2           |        or|   0|  0|   2|           1|           1|
    |or_ln321_11_fu_2099_p2           |        or|   0|  0|   2|           1|           1|
    |or_ln321_12_fu_2110_p2           |        or|   0|  0|   2|           1|           1|
    |or_ln321_13_fu_2121_p2           |        or|   0|  0|   2|           1|           1|
    |or_ln321_14_fu_2132_p2           |        or|   0|  0|   2|           1|           1|
    |or_ln321_8_fu_2066_p2            |        or|   0|  0|   2|           1|           1|
    |or_ln321_9_fu_2077_p2            |        or|   0|  0|   2|           1|           1|
    |or_ln321_fu_2055_p2              |        or|   0|  0|   2|           1|           1|
    |or_ln426_2_fu_1691_p2            |        or|   0|  0|   2|           1|           1|
    |or_ln426_fu_1677_p2              |        or|   0|  0|   2|           1|           1|
    |p_not259_fu_1246_p2              |        or|   0|  0|   2|           1|           1|
    |p_not262_fu_1263_p2              |        or|   0|  0|   2|           1|           1|
    |p_not265_fu_1280_p2              |        or|   0|  0|   2|           1|           1|
    |p_not268_fu_1297_p2              |        or|   0|  0|   2|           1|           1|
    |p_not271_fu_1314_p2              |        or|   0|  0|   2|           1|           1|
    |p_not274_fu_1331_p2              |        or|   0|  0|   2|           1|           1|
    |p_not277_fu_1348_p2              |        or|   0|  0|   2|           1|           1|
    |p_not280_fu_1365_p2              |        or|   0|  0|   2|           1|           1|
    |acc_a_5_fu_2224_p3               |    select|   0|  0|  32|           1|          32|
    |acc_a_6_fu_2240_p3               |    select|   0|  0|  32|           1|          32|
    |acc_b_6_fu_1722_p3               |    select|   0|  0|  32|           1|          32|
    |acc_b_fu_1715_p3                 |    select|   0|  0|  32|           1|          32|
    |active_keys_fu_888_p3            |    select|   0|  0|   4|           1|           3|
    |in_b_assign_fu_1653_p2           |    select|   0|  0|  32|           1|          32|
    |in_b_assign_fu_1653_p4           |    select|   0|  0|  32|           1|          32|
    |in_b_assign_fu_1653_p6           |    select|   0|  0|  32|           1|          32|
    |in_b_assign_fu_1653_p8           |    select|   0|  0|  32|           1|          32|
    |operand_c_22_fu_1768_p3          |    select|   0|  0|  32|           1|          32|
    |operand_c_23_fu_1775_p3          |    select|   0|  0|  32|           1|          32|
    |operand_c_24_fu_1782_p3          |    select|   0|  0|  32|           1|          32|
    |operand_c_25_fu_1789_p3          |    select|   0|  0|  32|           1|          32|
    |operand_c_26_fu_1796_p3          |    select|   0|  0|  32|           1|          32|
    |operand_c_27_fu_1803_p3          |    select|   0|  0|  32|           1|          32|
    |operand_c_28_fu_1810_p3          |    select|   0|  0|  32|           1|          32|
    |operand_c_fu_1761_p3             |    select|   0|  0|  32|           1|          32|
    |pe_reg_33_fu_1849_p3             |    select|   0|  0|  16|           1|          16|
    |pe_reg_34_fu_1856_p3             |    select|   0|  0|  16|           1|          16|
    |pe_reg_35_fu_1863_p3             |    select|   0|  0|  16|           1|          16|
    |pe_reg_36_fu_1870_p3             |    select|   0|  0|  16|           1|          16|
    |pe_reg_37_fu_1877_p3             |    select|   0|  0|  16|           1|          16|
    |pe_reg_38_fu_1884_p3             |    select|   0|  0|  16|           1|          16|
    |pe_reg_39_fu_1891_p3             |    select|   0|  0|  16|           1|          16|
    |pe_reg_40_fu_1898_p3             |    select|   0|  0|  16|           1|          16|
    |pe_reg_41_fu_1937_p3             |    select|   0|  0|  16|           1|          16|
    |pe_reg_42_fu_1944_p3             |    select|   0|  0|  16|           1|          16|
    |pe_reg_43_fu_1951_p3             |    select|   0|  0|  16|           1|          16|
    |pe_reg_44_fu_1958_p3             |    select|   0|  0|  16|           1|          16|
    |pe_reg_45_fu_1965_p3             |    select|   0|  0|  16|           1|          16|
    |pe_reg_46_fu_1972_p3             |    select|   0|  0|  16|           1|          16|
    |pe_reg_47_fu_1979_p3             |    select|   0|  0|  16|           1|          16|
    |pe_reg_48_fu_1986_p3             |    select|   0|  0|  16|           1|          16|
    |pe_reg_49_fu_2137_p3             |    select|   0|  0|  16|           1|           1|
    |pe_reg_50_fu_2145_p3             |    select|   0|  0|  16|           1|           1|
    |pe_reg_51_fu_2153_p3             |    select|   0|  0|  16|           1|           1|
    |pe_reg_52_fu_2161_p3             |    select|   0|  0|  16|           1|           1|
    |pe_reg_53_fu_2169_p3             |    select|   0|  0|  16|           1|           1|
    |pe_reg_54_fu_2177_p3             |    select|   0|  0|  16|           1|           1|
    |pe_reg_55_fu_2185_p3             |    select|   0|  0|  16|           1|           1|
    |pe_reg_56_fu_2193_p3             |    select|   0|  0|  16|           1|           1|
    |select_ln223_2_fu_2233_p3        |    select|   0|  0|  32|           1|          32|
    |select_ln223_fu_2217_p3          |    select|   0|  0|  32|           1|          32|
    |select_ln426_2_fu_1697_p3        |    select|   0|  0|  32|           1|          32|
    |select_ln426_fu_1683_p3          |    select|   0|  0|  32|           1|          32|
    |tmp_7_fu_1503_p2                 |    select|   0|  0|  32|           1|          32|
    |tmp_7_fu_1503_p4                 |    select|   0|  0|  32|           1|          32|
    |tmp_7_fu_1503_p6                 |    select|   0|  0|  32|           1|          32|
    |tmp_7_fu_1503_p8                 |    select|   0|  0|  32|           1|          32|
    |icmp_ln156_10_not_fu_1286_p2     |       xor|   0|  0|   2|           1|           2|
    |icmp_ln156_11_not_fu_1303_p2     |       xor|   0|  0|   2|           1|           2|
    |icmp_ln156_12_not_fu_1320_p2     |       xor|   0|  0|   2|           1|           2|
    |icmp_ln156_13_not_fu_1337_p2     |       xor|   0|  0|   2|           1|           2|
    |icmp_ln156_14_not_fu_1354_p2     |       xor|   0|  0|   2|           1|           2|
    |icmp_ln156_8_not_fu_1252_p2      |       xor|   0|  0|   2|           1|           2|
    |icmp_ln156_9_not_fu_1269_p2      |       xor|   0|  0|   2|           1|           2|
    |icmp_ln156_not_fu_1235_p2        |       xor|   0|  0|   2|           1|           2|
    |not_or_ln154_10_fu_1021_p2       |       xor|   0|  0|   2|           1|           2|
    |not_or_ln154_11_fu_1049_p2       |       xor|   0|  0|   2|           1|           2|
    |not_or_ln154_12_fu_1077_p2       |       xor|   0|  0|   2|           1|           2|
    |not_or_ln154_13_fu_1105_p2       |       xor|   0|  0|   2|           1|           2|
    |not_or_ln154_14_fu_1133_p2       |       xor|   0|  0|   2|           1|           2|
    |not_or_ln154_8_fu_965_p2         |       xor|   0|  0|   2|           1|           2|
    |not_or_ln154_9_fu_993_p2         |       xor|   0|  0|   2|           1|           2|
    |not_or_ln154_fu_937_p2           |       xor|   0|  0|   2|           1|           2|
    |xor_ln156_10_fu_955_p2           |       xor|   0|  0|   2|           1|           2|
    |xor_ln156_11_fu_983_p2           |       xor|   0|  0|   2|           1|           2|
    |xor_ln156_12_fu_1011_p2          |       xor|   0|  0|   2|           1|           2|
    |xor_ln156_13_fu_1039_p2          |       xor|   0|  0|   2|           1|           2|
    |xor_ln156_14_fu_1067_p2          |       xor|   0|  0|   2|           1|           2|
    |xor_ln156_15_fu_1095_p2          |       xor|   0|  0|   2|           1|           2|
    |xor_ln156_16_fu_1123_p2          |       xor|   0|  0|   2|           1|           2|
    |xor_ln156_9_fu_927_p2            |       xor|   0|  0|   2|           1|           2|
    |xor_ln188_2_fu_1619_p2           |       xor|   0|  0|   2|           2|           1|
    |xor_ln188_fu_1469_p2             |       xor|   0|  0|   2|           2|           1|
    |xor_ln321_10_fu_2082_p2          |       xor|   0|  0|   2|           1|           2|
    |xor_ln321_11_fu_2093_p2          |       xor|   0|  0|   2|           1|           2|
    |xor_ln321_12_fu_2104_p2          |       xor|   0|  0|   2|           1|           2|
    |xor_ln321_13_fu_2115_p2          |       xor|   0|  0|   2|           1|           2|
    |xor_ln321_14_fu_2126_p2          |       xor|   0|  0|   2|           1|           2|
    |xor_ln321_8_fu_2060_p2           |       xor|   0|  0|   2|           1|           2|
    |xor_ln321_9_fu_2071_p2           |       xor|   0|  0|   2|           1|           2|
    |xor_ln321_fu_2049_p2             |       xor|   0|  0|   2|           1|           2|
    |xor_ln48_5_fu_1571_p2            |       xor|   0|  0|   2|           1|           1|
    |xor_ln48_6_fu_1475_p2            |       xor|   0|  0|   2|           1|           2|
    |xor_ln48_7_fu_1625_p2            |       xor|   0|  0|   2|           1|           2|
    |xor_ln48_fu_1421_p2              |       xor|   0|  0|   2|           1|           1|
    +---------------------------------+----------+----+---+----+------------+------------+
    |Total                            |          |   0|  0|2003|         667|        1621|
    +---------------------------------+----------+----+---+----+------------+------------+

    * Multiplexer: 
    +----------------------------------------------+-----+-----------+-----+-----------+
    |                     Name                     | LUT | Input Size| Bits| Total Bits|
    +----------------------------------------------+-----+-----------+-----+-----------+
    |ap_NS_fsm                                     |  166|         37|    1|         37|
    |dc_12_fu_162                                  |    9|          2|   32|         64|
    |dc_fu_158                                     |    9|          2|   32|         64|
    |empty_159_reg_386                             |    9|          2|    1|          2|
    |empty_160_reg_398                             |    9|          2|    1|          2|
    |grp_runAccumulatorColumns_fu_522_ap_ce        |   14|          3|    1|          3|
    |grp_runAccumulatorColumns_fu_522_ap_start     |    9|          2|    1|          2|
    |grp_runAccumulatorColumns_fu_522_exp2_mode    |   20|          4|    1|          4|
    |grp_runAccumulatorColumns_fu_522_in_a_read    |   26|          5|   32|        160|
    |grp_runAccumulatorColumns_fu_522_in_a_read_2  |   26|          5|   32|        160|
    |grp_runAccumulatorColumns_fu_522_in_b_read    |   20|          4|   32|        128|
    |grp_runAccumulatorColumns_fu_522_in_b_read_2  |   20|          4|   32|        128|
    |grp_runAccumulatorColumns_fu_522_in_c_read    |   20|          4|   32|        128|
    |grp_runAccumulatorColumns_fu_522_in_c_read_2  |   20|          4|   32|        128|
    |grp_runPeArray_fu_543_ap_ce                   |   14|          3|    1|          3|
    |grp_runPeArray_fu_543_ap_start                |   14|          3|    1|          3|
    |grp_runPeArray_fu_543_exp2_mode               |   20|          4|    1|          4|
    |grp_runPeArray_fu_543_operand_b_read          |   26|          5|   16|         80|
    |grp_runPeArray_fu_543_operand_b_read_10       |   26|          5|   16|         80|
    |grp_runPeArray_fu_543_operand_b_read_11       |   26|          5|   16|         80|
    |grp_runPeArray_fu_543_operand_b_read_12       |   26|          5|   16|         80|
    |grp_runPeArray_fu_543_operand_b_read_13       |   26|          5|   16|         80|
    |grp_runPeArray_fu_543_operand_b_read_14       |   26|          5|   16|         80|
    |grp_runPeArray_fu_543_operand_b_read_8        |   26|          5|   16|         80|
    |grp_runPeArray_fu_543_operand_b_read_9        |   26|          5|   16|         80|
    |grp_runPeArray_fu_543_operand_c_read          |   26|          5|   32|        160|
    |grp_runPeArray_fu_543_operand_c_read_10       |   26|          5|   32|        160|
    |grp_runPeArray_fu_543_operand_c_read_11       |   26|          5|   32|        160|
    |grp_runPeArray_fu_543_operand_c_read_12       |   26|          5|   32|        160|
    |grp_runPeArray_fu_543_operand_c_read_13       |   26|          5|   32|        160|
    |grp_runPeArray_fu_543_operand_c_read_14       |   26|          5|   32|        160|
    |grp_runPeArray_fu_543_operand_c_read_8        |   26|          5|   32|        160|
    |grp_runPeArray_fu_543_operand_c_read_9        |   26|          5|   32|        160|
    |grp_runPeArray_fu_543_pe_reg_read             |   26|          5|   16|         80|
    |grp_runPeArray_fu_543_pe_reg_read_22          |   26|          5|   16|         80|
    |grp_runPeArray_fu_543_pe_reg_read_23          |   26|          5|   16|         80|
    |grp_runPeArray_fu_543_pe_reg_read_24          |   26|          5|   16|         80|
    |grp_runPeArray_fu_543_pe_reg_read_25          |   26|          5|   16|         80|
    |grp_runPeArray_fu_543_pe_reg_read_26          |   26|          5|   16|         80|
    |grp_runPeArray_fu_543_pe_reg_read_27          |   26|          5|   16|         80|
    |grp_runPeArray_fu_543_pe_reg_read_28          |   26|          5|   16|         80|
    |k_tile_1_address0                             |   20|          4|    4|         16|
    |k_tile_1_ce0                                  |   20|          4|    1|          4|
    |k_tile_1_d0                                   |   14|          3|   16|         48|
    |k_tile_1_we0                                  |   14|          3|    1|          3|
    |k_tile_2_address0                             |   20|          4|    4|         16|
    |k_tile_2_ce0                                  |   20|          4|    1|          4|
    |k_tile_2_d0                                   |   14|          3|   16|         48|
    |k_tile_2_we0                                  |   14|          3|    1|          3|
    |k_tile_3_address0                             |   20|          4|    4|         16|
    |k_tile_3_ce0                                  |   20|          4|    1|          4|
    |k_tile_3_d0                                   |   14|          3|   16|         48|
    |k_tile_3_we0                                  |   14|          3|    1|          3|
    |k_tile_address0                               |   20|          4|    4|         16|
    |k_tile_ce0                                    |   20|          4|    1|          4|
    |k_tile_d0                                     |   14|          3|   16|         48|
    |k_tile_we0                                    |   14|          3|    1|          3|
    |key_tile_fu_154                               |    9|          2|   32|         64|
    |running_sum_0_fu_166                          |    9|          2|   32|         64|
    |running_sum_1_0_fu_170                        |    9|          2|   32|         64|
    |v_tile_1_address0                             |   20|          4|    4|         16|
    |v_tile_1_ce0                                  |   20|          4|    1|          4|
    |v_tile_1_d0                                   |   14|          3|   16|         48|
    |v_tile_1_we0                                  |   14|          3|    1|          3|
    |v_tile_2_address0                             |   20|          4|    4|         16|
    |v_tile_2_ce0                                  |   20|          4|    1|          4|
    |v_tile_2_d0                                   |   14|          3|   16|         48|
    |v_tile_2_we0                                  |   14|          3|    1|          3|
    |v_tile_3_address0                             |   20|          4|    4|         16|
    |v_tile_3_ce0                                  |   20|          4|    1|          4|
    |v_tile_3_d0                                   |   14|          3|   16|         48|
    |v_tile_3_we0                                  |   14|          3|    1|          3|
    |v_tile_address0                               |   20|          4|    4|         16|
    |v_tile_ce0                                    |   20|          4|    1|          4|
    |v_tile_d0                                     |   14|          3|   16|         48|
    |v_tile_we0                                    |   14|          3|    1|          3|
    +----------------------------------------------+-----+-----------+-----+-----------+
    |Total                                         | 1620|        328| 1049|       4340|
    +----------------------------------------------+-----+-----------+-----+-----------+

    * Register: 
    +------------------------------------------------------------------------------------+----+----+-----+-----------+
    |                                        Name                                        | FF | LUT| Bits| Const Bits|
    +------------------------------------------------------------------------------------+----+----+-----+-----------+
    |acc_a_5_reg_3081                                                                    |  32|   0|   32|          0|
    |acc_a_6_reg_3087                                                                    |  32|   0|   32|          0|
    |acc_b_6_reg_2882                                                                    |  32|   0|   32|          0|
    |acc_b_reg_2877                                                                      |  32|   0|   32|          0|
    |active_keys_reg_2588                                                                |   3|   0|    3|          0|
    |and_ln188_2_reg_2856                                                                |   1|   0|    1|          0|
    |and_ln188_reg_2841                                                                  |   1|   0|    1|          0|
    |ap_CS_fsm                                                                           |  36|   0|   36|          0|
    |cmp117_2_reg_2605                                                                   |   1|   0|    1|          0|
    |cmp117_reg_2593                                                                     |   1|   0|    1|          0|
    |conv2_reg_2983                                                                      |  16|   0|   16|          0|
    |conv532_1_1_reg_2998                                                                |  16|   0|   16|          0|
    |conv532_1_reg_2993                                                                  |  16|   0|   16|          0|
    |conv532_2_1_reg_3008                                                                |  16|   0|   16|          0|
    |conv532_2_reg_3003                                                                  |  16|   0|   16|          0|
    |conv532_3_1_reg_3018                                                                |  16|   0|   16|          0|
    |conv532_3_reg_3013                                                                  |  16|   0|   16|          0|
    |conv532_s_reg_2988                                                                  |  16|   0|   16|          0|
    |dc_12_fu_162                                                                        |  32|   0|   32|          0|
    |dc_12_load_reg_2832                                                                 |  32|   0|   32|          0|
    |dc_fu_158                                                                           |  32|   0|   32|          0|
    |dc_load_reg_2827                                                                    |  32|   0|   32|          0|
    |empty_159_reg_386                                                                   |   1|   0|    1|          0|
    |empty_160_reg_398                                                                   |   1|   0|    1|          0|
    |grp_runAccumulatorColumns_fu_522_ap_start_reg                                       |   1|   0|    1|          0|
    |grp_runPeAccumulateTile_fu_444_ap_start_reg                                         |   1|   0|    1|          0|
    |grp_runPeArray_fu_543_ap_start_reg                                                  |   1|   0|    1|          0|
    |grp_runPeRowSum_fu_645_ap_start_reg                                                 |   1|   0|    1|          0|
    |grp_runQueryBlock_0_Pipeline_5_fu_410_ap_start_reg                                  |   1|   0|    1|          0|
    |grp_runQueryBlock_0_Pipeline_6_fu_418_ap_start_reg                                  |   1|   0|    1|          0|
    |grp_runQueryBlock_0_Pipeline_7_fu_426_ap_start_reg                                  |   1|   0|    1|          0|
    |grp_runQueryBlock_0_Pipeline_VITIS_LOOP_135_5_VITIS_LOOP_136_6_fu_430_ap_start_reg  |   1|   0|    1|          0|
    |grp_runQueryBlock_0_Pipeline_VITIS_LOOP_177_102_fu_472_ap_start_reg                 |   1|   0|    1|          0|
    |grp_runQueryBlock_0_Pipeline_VITIS_LOOP_177_10_fu_458_ap_start_reg                  |   1|   0|    1|          0|
    |grp_runQueryBlock_0_Pipeline_VITIS_LOOP_229_13_fu_486_ap_start_reg                  |   1|   0|    1|          0|
    |grp_runQueryBlock_0_Pipeline_VITIS_LOOP_287_23_fu_597_ap_start_reg                  |   1|   0|    1|          0|
    |grp_runQueryBlock_0_Pipeline_VITIS_LOOP_356_31_fu_657_ap_start_reg                  |   1|   0|    1|          0|
    |icmp281_reg_2599                                                                    |   1|   0|    1|          0|
    |icmp_ln116_reg_2541                                                                 |   1|   0|    1|          0|
    |icmp_ln156_10_reg_2563                                                              |   1|   0|    1|          0|
    |icmp_ln156_11_reg_2568                                                              |   1|   0|    1|          0|
    |icmp_ln156_12_reg_2573                                                              |   1|   0|    1|          0|
    |icmp_ln156_13_reg_2578                                                              |   1|   0|    1|          0|
    |icmp_ln156_14_reg_2583                                                              |   1|   0|    1|          0|
    |icmp_ln156_8_reg_2553                                                               |   1|   0|    1|          0|
    |icmp_ln156_9_reg_2558                                                               |   1|   0|    1|          0|
    |icmp_ln156_reg_2548                                                                 |   1|   0|    1|          0|
    |in_b_assign_reg_2861                                                                |  32|   0|   32|          0|
    |key_tile_fu_154                                                                     |  32|   0|   32|          0|
    |or_ln426_2_reg_2872                                                                 |   1|   0|    1|          0|
    |or_ln426_reg_2867                                                                   |   1|   0|    1|          0|
    |p_not259_reg_2779                                                                   |   1|   0|    1|          0|
    |p_not262_reg_2785                                                                   |   1|   0|    1|          0|
    |p_not265_reg_2791                                                                   |   1|   0|    1|          0|
    |p_not268_reg_2797                                                                   |   1|   0|    1|          0|
    |p_not271_reg_2803                                                                   |   1|   0|    1|          0|
    |p_not274_reg_2809                                                                   |   1|   0|    1|          0|
    |p_not277_reg_2815                                                                   |   1|   0|    1|          0|
    |p_not280_reg_2821                                                                   |   1|   0|    1|          0|
    |pe_reg_1_reg_2688                                                                   |  16|   0|   16|          0|
    |pe_reg_2_reg_2693                                                                   |  16|   0|   16|          0|
    |pe_reg_32_reg_2683                                                                  |  16|   0|   16|          0|
    |pe_reg_33_reg_2903                                                                  |  16|   0|   16|          0|
    |pe_reg_34_reg_2908                                                                  |  16|   0|   16|          0|
    |pe_reg_35_reg_2913                                                                  |  16|   0|   16|          0|
    |pe_reg_36_reg_2918                                                                  |  16|   0|   16|          0|
    |pe_reg_37_reg_2923                                                                  |  16|   0|   16|          0|
    |pe_reg_38_reg_2928                                                                  |  16|   0|   16|          0|
    |pe_reg_39_reg_2933                                                                  |  16|   0|   16|          0|
    |pe_reg_3_reg_2698                                                                   |  16|   0|   16|          0|
    |pe_reg_40_reg_2938                                                                  |  16|   0|   16|          0|
    |pe_reg_41_reg_2943                                                                  |  16|   0|   16|          0|
    |pe_reg_42_reg_2948                                                                  |  16|   0|   16|          0|
    |pe_reg_43_reg_2953                                                                  |  16|   0|   16|          0|
    |pe_reg_44_reg_2958                                                                  |  16|   0|   16|          0|
    |pe_reg_45_reg_2963                                                                  |  16|   0|   16|          0|
    |pe_reg_46_reg_2968                                                                  |  16|   0|   16|          0|
    |pe_reg_47_reg_2973                                                                  |  16|   0|   16|          0|
    |pe_reg_48_reg_2978                                                                  |  16|   0|   16|          0|
    |pe_reg_49_reg_3023                                                                  |  16|   0|   16|          0|
    |pe_reg_4_reg_2703                                                                   |  16|   0|   16|          0|
    |pe_reg_50_reg_3029                                                                  |  16|   0|   16|          0|
    |pe_reg_51_reg_3035                                                                  |  16|   0|   16|          0|
    |pe_reg_52_reg_3041                                                                  |  16|   0|   16|          0|
    |pe_reg_53_reg_3047                                                                  |  16|   0|   16|          0|
    |pe_reg_54_reg_3053                                                                  |  16|   0|   16|          0|
    |pe_reg_55_reg_3059                                                                  |  16|   0|   16|          0|
    |pe_reg_56_reg_3065                                                                  |  16|   0|   16|          0|
    |pe_reg_5_reg_2708                                                                   |  16|   0|   16|          0|
    |pe_reg_6_reg_2713                                                                   |  16|   0|   16|          0|
    |pe_reg_reg_2718                                                                     |  16|   0|   16|          0|
    |pe_score_acc_10_reg_2744                                                            |  32|   0|   32|          0|
    |pe_score_acc_11_reg_2751                                                            |  32|   0|   32|          0|
    |pe_score_acc_12_reg_2758                                                            |  32|   0|   32|          0|
    |pe_score_acc_13_reg_2765                                                            |  32|   0|   32|          0|
    |pe_score_acc_14_reg_2772                                                            |  32|   0|   32|          0|
    |pe_score_acc_8_reg_2730                                                             |  32|   0|   32|          0|
    |pe_score_acc_9_reg_2737                                                             |  32|   0|   32|          0|
    |pe_score_acc_reg_2723                                                               |  32|   0|   32|          0|
    |row_sum_2_reg_3076                                                                  |  32|   0|   32|          0|
    |row_sum_reg_3071                                                                    |  32|   0|   32|          0|
    |running_sum_0_fu_166                                                                |  32|   0|   32|          0|
    |running_sum_1_0_fu_170                                                              |  32|   0|   32|          0|
    |score_valid_10_reg_2638                                                             |   1|   0|    1|          0|
    |score_valid_11_reg_2647                                                             |   1|   0|    1|          0|
    |score_valid_12_reg_2656                                                             |   1|   0|    1|          0|
    |score_valid_13_reg_2665                                                             |   1|   0|    1|          0|
    |score_valid_14_reg_2674                                                             |   1|   0|    1|          0|
    |score_valid_8_reg_2620                                                              |   1|   0|    1|          0|
    |score_valid_9_reg_2629                                                              |   1|   0|    1|          0|
    |score_valid_reg_2611                                                                |   1|   0|    1|          0|
    |sub_i5_reg_2887                                                                     |  32|   0|   32|          0|
    |sub_i6_reg_2895                                                                     |  32|   0|   32|          0|
    |tmp_7_reg_2846                                                                      |  32|   0|   32|          0|
    |trunc_ln116_reg_2536                                                                |   3|   0|    3|          0|
    +------------------------------------------------------------------------------------+----+----+-----+-----------+
    |Total                                                                               |1529|   0| 1529|          0|
    +------------------------------------------------------------------------------------+----+----+-----+-----------+



================================================================
== Interface
================================================================
* Summary: 
+--------------------------------------------+-----+-----+------------+-------------------------------------------+--------------+
|                  RTL Ports                 | Dir | Bits|  Protocol  |               Source Object               |    C Type    |
+--------------------------------------------+-----+-----+------------+-------------------------------------------+--------------+
|ap_clk                                      |   in|    1|  ap_ctrl_hs|  runQueryBlock<0>_Outline_VITIS_LOOP_111_4|  return value|
|ap_rst                                      |   in|    1|  ap_ctrl_hs|  runQueryBlock<0>_Outline_VITIS_LOOP_111_4|  return value|
|ap_start                                    |   in|    1|  ap_ctrl_hs|  runQueryBlock<0>_Outline_VITIS_LOOP_111_4|  return value|
|ap_done                                     |  out|    1|  ap_ctrl_hs|  runQueryBlock<0>_Outline_VITIS_LOOP_111_4|  return value|
|ap_idle                                     |  out|    1|  ap_ctrl_hs|  runQueryBlock<0>_Outline_VITIS_LOOP_111_4|  return value|
|ap_ready                                    |  out|    1|  ap_ctrl_hs|  runQueryBlock<0>_Outline_VITIS_LOOP_111_4|  return value|
|grp_runAccumulatorColumns_fu_506_p_din1     |  out|    1|  ap_ctrl_hs|  runQueryBlock<0>_Outline_VITIS_LOOP_111_4|  return value|
|grp_runAccumulatorColumns_fu_506_p_din2     |  out|   32|  ap_ctrl_hs|  runQueryBlock<0>_Outline_VITIS_LOOP_111_4|  return value|
|grp_runAccumulatorColumns_fu_506_p_din3     |  out|   32|  ap_ctrl_hs|  runQueryBlock<0>_Outline_VITIS_LOOP_111_4|  return value|
|grp_runAccumulatorColumns_fu_506_p_din4     |  out|   32|  ap_ctrl_hs|  runQueryBlock<0>_Outline_VITIS_LOOP_111_4|  return value|
|grp_runAccumulatorColumns_fu_506_p_din5     |  out|   32|  ap_ctrl_hs|  runQueryBlock<0>_Outline_VITIS_LOOP_111_4|  return value|
|grp_runAccumulatorColumns_fu_506_p_din6     |  out|   32|  ap_ctrl_hs|  runQueryBlock<0>_Outline_VITIS_LOOP_111_4|  return value|
|grp_runAccumulatorColumns_fu_506_p_din7     |  out|   32|  ap_ctrl_hs|  runQueryBlock<0>_Outline_VITIS_LOOP_111_4|  return value|
|grp_runAccumulatorColumns_fu_506_p_dout0_0  |   in|   32|  ap_ctrl_hs|  runQueryBlock<0>_Outline_VITIS_LOOP_111_4|  return value|
|grp_runAccumulatorColumns_fu_506_p_dout0_1  |   in|   32|  ap_ctrl_hs|  runQueryBlock<0>_Outline_VITIS_LOOP_111_4|  return value|
|grp_runAccumulatorColumns_fu_506_p_ce       |  out|    1|  ap_ctrl_hs|  runQueryBlock<0>_Outline_VITIS_LOOP_111_4|  return value|
|grp_runAccumulatorColumns_fu_506_p_start    |  out|    1|  ap_ctrl_hs|  runQueryBlock<0>_Outline_VITIS_LOOP_111_4|  return value|
|grp_runAccumulatorColumns_fu_506_p_ready    |   in|    1|  ap_ctrl_hs|  runQueryBlock<0>_Outline_VITIS_LOOP_111_4|  return value|
|grp_runAccumulatorColumns_fu_506_p_done     |   in|    1|  ap_ctrl_hs|  runQueryBlock<0>_Outline_VITIS_LOOP_111_4|  return value|
|grp_runAccumulatorColumns_fu_506_p_idle     |   in|    1|  ap_ctrl_hs|  runQueryBlock<0>_Outline_VITIS_LOOP_111_4|  return value|
|header_key_tiles                            |   in|   32|     ap_none|                           header_key_tiles|        scalar|
|empty_41                                    |   in|    1|     ap_none|                                   empty_41|        scalar|
|header_length                               |   in|   32|     ap_none|                              header_length|        scalar|
|cmp116                                      |   in|    1|     ap_none|                                     cmp116|        scalar|
|empty                                       |   in|   32|     ap_none|                                      empty|        scalar|
|xor_ln156                                   |   in|    1|     ap_none|                                  xor_ln156|        scalar|
|icmp266                                     |   in|    1|     ap_none|                                    icmp266|        scalar|
|global_query_2                              |   in|   32|     ap_none|                             global_query_2|        scalar|
|q_tile_address0                             |  out|    4|   ap_memory|                                     q_tile|         array|
|q_tile_ce0                                  |  out|    1|   ap_memory|                                     q_tile|         array|
|q_tile_q0                                   |   in|   16|   ap_memory|                                     q_tile|         array|
|q_tile_1_address0                           |  out|    4|   ap_memory|                                   q_tile_1|         array|
|q_tile_1_ce0                                |  out|    1|   ap_memory|                                   q_tile_1|         array|
|q_tile_1_q0                                 |   in|   16|   ap_memory|                                   q_tile_1|         array|
|active_queries                              |   in|    2|     ap_none|                             active_queries|        scalar|
|kv0_dout                                    |   in|   32|     ap_fifo|                                        kv0|       pointer|
|kv0_empty_n                                 |   in|    1|     ap_fifo|                                        kv0|       pointer|
|kv0_read                                    |  out|    1|     ap_fifo|                                        kv0|       pointer|
|kv0_num_data_valid                          |   in|    4|     ap_fifo|                                        kv0|       pointer|
|kv0_fifo_cap                                |   in|    4|     ap_fifo|                                        kv0|       pointer|
|output_acc_1_address0                       |  out|    4|   ap_memory|                               output_acc_1|         array|
|output_acc_1_ce0                            |  out|    1|   ap_memory|                               output_acc_1|         array|
|output_acc_1_we0                            |  out|    1|   ap_memory|                               output_acc_1|         array|
|output_acc_1_d0                             |  out|   32|   ap_memory|                               output_acc_1|         array|
|output_acc_1_address1                       |  out|    4|   ap_memory|                               output_acc_1|         array|
|output_acc_1_ce1                            |  out|    1|   ap_memory|                               output_acc_1|         array|
|output_acc_1_q1                             |   in|   32|   ap_memory|                               output_acc_1|         array|
|output_acc_address0                         |  out|    4|   ap_memory|                                 output_acc|         array|
|output_acc_ce0                              |  out|    1|   ap_memory|                                 output_acc|         array|
|output_acc_we0                              |  out|    1|   ap_memory|                                 output_acc|         array|
|output_acc_d0                               |  out|   32|   ap_memory|                                 output_acc|         array|
|output_acc_address1                         |  out|    4|   ap_memory|                                 output_acc|         array|
|output_acc_ce1                              |  out|    1|   ap_memory|                                 output_acc|         array|
|output_acc_q1                               |   in|   32|   ap_memory|                                 output_acc|         array|
|running_sum_1_0_out                         |  out|   32|      ap_vld|                        running_sum_1_0_out|       pointer|
|running_sum_1_0_out_ap_vld                  |  out|    1|      ap_vld|                        running_sum_1_0_out|       pointer|
|running_sum_0_out                           |  out|   32|      ap_vld|                          running_sum_0_out|       pointer|
|running_sum_0_out_ap_vld                    |  out|    1|      ap_vld|                          running_sum_0_out|       pointer|
+--------------------------------------------+-----+-----+------------+-------------------------------------------+--------------+

