

================================================================
== Vitis HLS Report for 'runQueryBlock_0_Pipeline_VITIS_LOOP_356_31'
================================================================
* Date:           Sat Oct 10 01:50:17 2026

* Version:        2024.2 (Build 5238294 on Nov  8 2024)
* Project:        build
* Solution:       solution1 (Vivado IP Flow Target)
* Product family: virtexuplusHBM
* Target device:  xcvu37p_CIV-fsvh2892-2-e


================================================================
== Performance Estimates
================================================================
+ Timing: 
    * Summary: 
    +--------+----------+----------+------------+
    |  Clock |  Target  | Estimated| Uncertainty|
    +--------+----------+----------+------------+
    |ap_clk  |  10.00 ns|  7.299 ns|     2.70 ns|
    +--------+----------+----------+------------+

+ Latency: 
    * Summary: 
    +---------+---------+----------+----------+-----+-----+------------------------------------------------+
    |  Latency (cycles) |  Latency (absolute) |  Interval |                    Pipeline                    |
    |   min   |   max   |    min   |    max   | min | max |                      Type                      |
    +---------+---------+----------+----------+-----+-----+------------------------------------------------+
    |       89|       89|  0.890 us|  0.890 us|   81|   81|  loop auto-rewind stp (delay=0 clock cycles(s))|
    +---------+---------+----------+----------+-----+-----+------------------------------------------------+

    + Detail: 
        * Instance: 
        +----------------------------------+-----------------------+---------+---------+-----------+-----------+-----+-----+---------+
        |                                  |                       |  Latency (cycles) |   Latency (absolute)  |  Interval | Pipeline|
        |             Instance             |         Module        |   min   |   max   |    min    |    max    | min | max |   Type  |
        +----------------------------------+-----------------------+---------+---------+-----------+-----------+-----+-----+---------+
        |grp_runAccumulatorColumns_fu_394  |runAccumulatorColumns  |        7|        7|  70.000 ns|  70.000 ns|    1|    1|      yes|
        |grp_runPeArray_fu_412             |runPeArray             |        3|        3|  30.000 ns|  30.000 ns|    1|    1|      yes|
        +----------------------------------+-----------------------+---------+---------+-----------+-----------+-----+-----+---------+

        * Loop: 
        +---------------------+---------+---------+----------+-----------+-----------+------+----------+
        |                     |  Latency (cycles) | Iteration|  Initiation Interval  | Trip |          |
        |      Loop Name      |   min   |   max   |  Latency |  achieved |   target  | Count| Pipelined|
        +---------------------+---------+---------+----------+-----------+-----------+------+----------+
        |- VITIS_LOOP_356_31  |       87|       87|         9|          1|          1|    80|       yes|
        +---------------------+---------+---------+----------+-----------+-----------+------+----------+



================================================================
== Utilization Estimates
================================================================
* Summary: 
+---------------------+---------+------+---------+---------+-----+
|         Name        | BRAM_18K|  DSP |    FF   |   LUT   | URAM|
+---------------------+---------+------+---------+---------+-----+
|DSP                  |        -|     -|        -|        -|    -|
|Expression           |        -|     -|        0|     1213|    -|
|FIFO                 |        -|     -|        -|        -|    -|
|Instance             |        -|     -|        0|      212|    -|
|Memory               |        -|     -|        -|        -|    -|
|Multiplexer          |        -|     -|        0|      646|    -|
|Register             |        -|     -|     1802|      448|    -|
+---------------------+---------+------+---------+---------+-----+
|Total                |        0|     0|     1802|     2519|    0|
+---------------------+---------+------+---------+---------+-----+
|Available SLR        |     1344|  3008|   869120|   434560|  320|
+---------------------+---------+------+---------+---------+-----+
|Utilization SLR (%)  |        0|     0|       ~0|       ~0|    0|
+---------------------+---------+------+---------+---------+-----+
|Available            |     4032|  9024|  2607360|  1303680|  960|
+---------------------+---------+------+---------+---------+-----+
|Utilization (%)      |        0|     0|       ~0|       ~0|    0|
+---------------------+---------+------+---------+---------+-----+

+ Detail: 
    * Instance: 
    +----------------------------+-----------------------+---------+----+---+----+-----+
    |          Instance          |         Module        | BRAM_18K| DSP| FF| LUT| URAM|
    +----------------------------+-----------------------+---------+----+---+----+-----+
    |sparsemux_17_3_32_1_1_U452  |sparsemux_17_3_32_1_1  |        0|   0|  0|  43|    0|
    |sparsemux_17_3_32_1_1_U453  |sparsemux_17_3_32_1_1  |        0|   0|  0|  43|    0|
    |sparsemux_17_6_32_1_1_U450  |sparsemux_17_6_32_1_1  |        0|   0|  0|  43|    0|
    |sparsemux_17_6_32_1_1_U451  |sparsemux_17_6_32_1_1  |        0|   0|  0|  43|    0|
    |sparsemux_9_2_32_1_1_U454   |sparsemux_9_2_32_1_1   |        0|   0|  0|  20|    0|
    |sparsemux_9_2_32_1_1_U455   |sparsemux_9_2_32_1_1   |        0|   0|  0|  20|    0|
    +----------------------------+-----------------------+---------+----+---+----+-----+
    |Total                       |                       |        0|   0|  0| 212|    0|
    +----------------------------+-----------------------+---------+----+---+----+-----+

    * DSP: 
    N/A

    * Memory: 
    N/A

    * FIFO: 
    N/A

    * Expression: 
    +----------------------------------------+----------+----+---+----+------------+------------+
    |              Variable Name             | Operation| DSP| FF| LUT| Bitwidth P0| Bitwidth P1|
    +----------------------------------------+----------+----+---+----+------------+------------+
    |add_ln420_fu_848_p2                     |         +|   0|  0|  39|          32|           1|
    |context_2_fu_630_p2                     |         +|   0|  0|  39|          32|           7|
    |feature_4_fu_646_p2                     |         +|   0|  0|  12|           4|           4|
    |feature_fu_752_p2                       |         +|   0|  0|  12|           4|           4|
    |operation_4_fu_552_p2                   |         +|   0|  0|  14|           7|           1|
    |pv_group_operation_048_off11_fu_770_p2  |         +|   0|  0|  39|          32|           5|
    |pv_group_operation_048_off12_fu_792_p2  |         +|   0|  0|  39|          32|           6|
    |pv_group_operation_048_off13_fu_814_p2  |         +|   0|  0|  39|          32|           6|
    |pv_group_operation_048_off_fu_758_p2    |         +|   0|  0|  39|          32|           3|
    |pv_group_operation_7_fu_836_p2          |         +|   0|  0|  39|          32|           1|
    |remaining_features_fu_584_p2            |         -|   0|  0|  39|           5|          32|
    |sub_ln371_2_fu_682_p2                   |         -|   0|  0|   9|           1|           2|
    |sub_ln371_fu_666_p2                     |         -|   0|  0|  12|           1|           5|
    |sub_ln373_2_fu_724_p2                   |         -|   0|  0|  12|           1|           4|
    |sub_ln373_fu_714_p2                     |         -|   0|  0|  10|           1|           3|
    |ap_block_pp0                            |       and|   0|  0|   2|           1|           1|
    |ap_enable_state10_pp0_iter9_stage0      |       and|   0|  0|   2|           1|           1|
    |ap_enable_state2_pp0_iter1_stage0       |       and|   0|  0|   2|           1|           1|
    |ap_enable_state3_pp0_iter2_stage0       |       and|   0|  0|   2|           1|           1|
    |ap_predicate_op139_load_state3          |       and|   0|  0|   2|           1|           1|
    |ap_predicate_op159_call_state3_state2   |       and|   0|  0|   2|           1|           1|
    |ap_predicate_op206_call_state6_state5   |       and|   0|  0|   2|           1|           1|
    |ap_predicate_op248_store_state10        |       and|   0|  0|   2|           1|           1|
    |ap_predicate_pred677_state10            |       and|   0|  0|   2|           1|           1|
    |ap_predicate_pred690_state10            |       and|   0|  0|   2|           1|           1|
    |ap_predicate_pred719_state10            |       and|   0|  0|   2|           1|           1|
    |ap_predicate_pred728_state10            |       and|   0|  0|   2|           1|           1|
    |ap_predicate_pred753_state10            |       and|   0|  0|   2|           1|           1|
    |ap_predicate_pred762_state10            |       and|   0|  0|   2|           1|           1|
    |ap_predicate_pred787_state10            |       and|   0|  0|   2|           1|           1|
    |ap_predicate_pred796_state10            |       and|   0|  0|   2|           1|           1|
    |ap_predicate_pred821_state10            |       and|   0|  0|   2|           1|           1|
    |ap_predicate_pred830_state10            |       and|   0|  0|   2|           1|           1|
    |ap_predicate_pred855_state10            |       and|   0|  0|   2|           1|           1|
    |ap_predicate_pred864_state10            |       and|   0|  0|   2|           1|           1|
    |ap_predicate_pred889_state10            |       and|   0|  0|   2|           1|           1|
    |ap_predicate_pred898_state10            |       and|   0|  0|   2|           1|           1|
    |ap_predicate_pred934_state10            |       and|   0|  0|   2|           1|           1|
    |ap_predicate_pred943_state10            |       and|   0|  0|   2|           1|           1|
    |empty_fu_764_p2                         |      icmp|   0|  0|  39|          32|           4|
    |icmp308_fu_786_p2                       |      icmp|   0|  0|  36|          29|           1|
    |icmp311_fu_808_p2                       |      icmp|   0|  0|  36|          29|           1|
    |icmp314_fu_830_p2                       |      icmp|   0|  0|  36|          29|           1|
    |icmp_ln357_fu_546_p2                    |      icmp|   0|  0|  14|           7|           7|
    |icmp_ln366_fu_600_p2                    |      icmp|   0|  0|  36|          29|           1|
    |icmp_ln369_fu_624_p2                    |      icmp|   0|  0|  34|          27|           1|
    |icmp_ln374_fu_746_p2                    |      icmp|   0|  0|  39|          32|          32|
    |icmp_ln399_fu_640_p2                    |      icmp|   0|  0|  39|          32|          32|
    |icmp_ln418_fu_842_p2                    |      icmp|   0|  0|  39|          32|           6|
    |active_contexts_fu_606_p3               |    select|   0|  0|  32|           1|          32|
    |context_fu_730_p3                       |    select|   0|  0|   4|           1|           4|
    |operand_b_14_0_fu_1146_p3               |    select|   0|  0|  16|           1|          16|
    |operand_b_16_0_fu_1171_p3               |    select|   0|  0|  16|           1|          16|
    |operand_b_18_0_fu_1196_p3               |    select|   0|  0|  16|           1|          16|
    |operand_b_20_0_fu_1221_p3               |    select|   0|  0|  16|           1|          16|
    |operand_c_15_fu_1163_p3                 |    select|   0|  0|  32|           1|          32|
    |operand_c_16_fu_1180_p3                 |    select|   0|  0|  32|           1|          32|
    |operand_c_17_fu_1188_p3                 |    select|   0|  0|  32|           1|          32|
    |operand_c_18_fu_1205_p3                 |    select|   0|  0|  32|           1|          32|
    |operand_c_19_fu_1213_p3                 |    select|   0|  0|  32|           1|          32|
    |operand_c_20_fu_1230_p3                 |    select|   0|  0|  32|           1|          32|
    |operand_c_21_fu_1238_p3                 |    select|   0|  0|  32|           1|          32|
    |operand_c_fu_1155_p3                    |    select|   0|  0|  32|           1|          32|
    |pv_group_5_fu_854_p3                    |    select|   0|  0|  32|           1|          32|
    |pv_group_operation_8_fu_862_p3          |    select|   0|  0|  32|           1|           1|
    |row_fu_698_p3                           |    select|   0|  0|   2|           1|           2|
    |ap_enable_pp0                           |       xor|   0|  0|   2|           1|           2|
    +----------------------------------------+----------+----+---+----+------------+------------+
    |Total                                   |          |   0|  0|1213|         568|         587|
    +----------------------------------------+----------+----+---+----+------------+------------+

    * Multiplexer: 
    +-----------------------------------+----+-----------+-----+-----------+
    |                Name               | LUT| Input Size| Bits| Total Bits|
    +-----------------------------------+----+-----------+-----+-----------+
    |ap_done_int                        |   9|          2|    1|          2|
    |ap_enable_reg_pp0_iter1            |   9|          2|    1|          2|
    |ap_enable_reg_pp0_iter2            |   9|          2|    1|          2|
    |ap_sig_allocacmp_pv_sum_18_load    |  14|          3|   32|         96|
    |ap_sig_allocacmp_pv_sum_18_load_1  |  14|          3|   32|         96|
    |ap_sig_allocacmp_pv_sum_19_load    |  14|          3|   32|         96|
    |ap_sig_allocacmp_pv_sum_19_load_1  |  14|          3|   32|         96|
    |ap_sig_allocacmp_pv_sum_20_load    |  14|          3|   32|         96|
    |ap_sig_allocacmp_pv_sum_20_load_1  |  14|          3|   32|         96|
    |ap_sig_allocacmp_pv_sum_21_load    |  14|          3|   32|         96|
    |ap_sig_allocacmp_pv_sum_21_load_1  |  14|          3|   32|         96|
    |ap_sig_allocacmp_pv_sum_22_load    |  14|          3|   32|         96|
    |ap_sig_allocacmp_pv_sum_22_load_1  |  14|          3|   32|         96|
    |ap_sig_allocacmp_pv_sum_23_load    |  14|          3|   32|         96|
    |ap_sig_allocacmp_pv_sum_23_load_1  |  14|          3|   32|         96|
    |ap_sig_allocacmp_pv_sum_24_load    |  14|          3|   32|         96|
    |ap_sig_allocacmp_pv_sum_24_load_1  |  14|          3|   32|         96|
    |ap_sig_allocacmp_pv_sum_25_load    |  14|          3|   32|         96|
    |ap_sig_allocacmp_pv_sum_25_load_1  |  14|          3|   32|         96|
    |ap_sig_allocacmp_pv_sum_26_load    |  14|          3|   32|         96|
    |ap_sig_allocacmp_pv_sum_26_load_1  |  14|          3|   32|         96|
    |ap_sig_allocacmp_pv_sum_27_load    |  14|          3|   32|         96|
    |ap_sig_allocacmp_pv_sum_27_load_1  |  14|          3|   32|         96|
    |ap_sig_allocacmp_pv_sum_28_load    |  14|          3|   32|         96|
    |ap_sig_allocacmp_pv_sum_28_load_1  |  14|          3|   32|         96|
    |ap_sig_allocacmp_pv_sum_29_load    |  14|          3|   32|         96|
    |ap_sig_allocacmp_pv_sum_29_load_1  |  14|          3|   32|         96|
    |ap_sig_allocacmp_pv_sum_30_load    |  14|          3|   32|         96|
    |ap_sig_allocacmp_pv_sum_30_load_1  |  14|          3|   32|         96|
    |ap_sig_allocacmp_pv_sum_31_load    |  14|          3|   32|         96|
    |ap_sig_allocacmp_pv_sum_31_load_1  |  14|          3|   32|         96|
    |ap_sig_allocacmp_pv_sum_32_load    |  14|          3|   32|         96|
    |ap_sig_allocacmp_pv_sum_32_load_1  |  14|          3|   32|         96|
    |ap_sig_allocacmp_pv_sum_load       |  14|          3|   32|         96|
    |ap_sig_allocacmp_pv_sum_load_2     |  14|          3|   32|         96|
    |operation_fu_180                   |   9|          2|    7|         14|
    |pv_group_fu_172                    |   9|          2|   32|         64|
    |pv_group_operation_fu_176          |   9|          2|   32|         64|
    |pv_sum_18_fu_188                   |   9|          2|   32|         64|
    |pv_sum_19_fu_192                   |   9|          2|   32|         64|
    |pv_sum_20_fu_196                   |   9|          2|   32|         64|
    |pv_sum_21_fu_200                   |   9|          2|   32|         64|
    |pv_sum_22_fu_204                   |   9|          2|   32|         64|
    |pv_sum_23_fu_208                   |   9|          2|   32|         64|
    |pv_sum_24_fu_212                   |   9|          2|   32|         64|
    |pv_sum_25_fu_216                   |   9|          2|   32|         64|
    |pv_sum_26_fu_220                   |   9|          2|   32|         64|
    |pv_sum_27_fu_224                   |   9|          2|   32|         64|
    |pv_sum_28_fu_228                   |   9|          2|   32|         64|
    |pv_sum_29_fu_232                   |   9|          2|   32|         64|
    |pv_sum_30_fu_236                   |   9|          2|   32|         64|
    |pv_sum_31_fu_240                   |   9|          2|   32|         64|
    |pv_sum_32_fu_244                   |   9|          2|   32|         64|
    |pv_sum_fu_184                      |   9|          2|   32|         64|
    +-----------------------------------+----+-----------+-----+-----------+
    |Total                              | 646|        140| 1610|       4244|
    +-----------------------------------+----+-----------+-----+-----------+

    * Register: 
    +-----------------------------------------------+----+----+-----+-----------+
    |                      Name                     | FF | LUT| Bits| Const Bits|
    +-----------------------------------------------+----+----+-----+-----------+
    |ap_CS_fsm                                      |   1|   0|    1|          0|
    |ap_done_reg                                    |   1|   0|    1|          0|
    |ap_enable_reg_pp0_iter1                        |   1|   0|    1|          0|
    |ap_enable_reg_pp0_iter2                        |   1|   0|    1|          0|
    |ap_enable_reg_pp0_iter3                        |   1|   0|    1|          0|
    |ap_enable_reg_pp0_iter4                        |   1|   0|    1|          0|
    |ap_enable_reg_pp0_iter5                        |   1|   0|    1|          0|
    |ap_enable_reg_pp0_iter6                        |   1|   0|    1|          0|
    |ap_enable_reg_pp0_iter7                        |   1|   0|    1|          0|
    |ap_enable_reg_pp0_iter8                        |   1|   0|    1|          0|
    |ap_enable_reg_pp0_iter9                        |   1|   0|    1|          0|
    |ap_loop_exit_ready_pp0_iter2_reg               |   1|   0|    1|          0|
    |ap_loop_exit_ready_pp0_iter3_reg               |   1|   0|    1|          0|
    |ap_loop_exit_ready_pp0_iter4_reg               |   1|   0|    1|          0|
    |ap_loop_exit_ready_pp0_iter5_reg               |   1|   0|    1|          0|
    |ap_loop_exit_ready_pp0_iter6_reg               |   1|   0|    1|          0|
    |ap_loop_exit_ready_pp0_iter7_reg               |   1|   0|    1|          0|
    |ap_loop_exit_ready_pp0_iter8_reg               |   1|   0|    1|          0|
    |ap_predicate_pred677_state10                   |   1|   0|    1|          0|
    |ap_predicate_pred690_state10                   |   1|   0|    1|          0|
    |ap_predicate_pred719_state10                   |   1|   0|    1|          0|
    |ap_predicate_pred728_state10                   |   1|   0|    1|          0|
    |ap_predicate_pred753_state10                   |   1|   0|    1|          0|
    |ap_predicate_pred762_state10                   |   1|   0|    1|          0|
    |ap_predicate_pred787_state10                   |   1|   0|    1|          0|
    |ap_predicate_pred796_state10                   |   1|   0|    1|          0|
    |ap_predicate_pred821_state10                   |   1|   0|    1|          0|
    |ap_predicate_pred830_state10                   |   1|   0|    1|          0|
    |ap_predicate_pred855_state10                   |   1|   0|    1|          0|
    |ap_predicate_pred864_state10                   |   1|   0|    1|          0|
    |ap_predicate_pred889_state10                   |   1|   0|    1|          0|
    |ap_predicate_pred898_state10                   |   1|   0|    1|          0|
    |ap_predicate_pred934_state10                   |   1|   0|    1|          0|
    |ap_predicate_pred943_state10                   |   1|   0|    1|          0|
    |empty_reg_1752                                 |   1|   0|    1|          0|
    |feature_reg_1747                               |   4|   0|    4|          0|
    |grp_runAccumulatorColumns_fu_394_ap_start_reg  |   1|   0|    1|          0|
    |grp_runPeArray_fu_412_ap_start_reg             |   1|   0|    1|          0|
    |icmp308_reg_1759                               |   1|   0|    1|          0|
    |icmp311_reg_1766                               |   1|   0|    1|          0|
    |icmp314_reg_1773                               |   1|   0|    1|          0|
    |icmp_ln357_reg_1701                            |   1|   0|    1|          0|
    |icmp_ln369_reg_1711                            |   1|   0|    1|          0|
    |icmp_ln374_reg_1743                            |   1|   0|    1|          0|
    |icmp_ln399_reg_1715                            |   1|   0|    1|          0|
    |operation_fu_180                               |   7|   0|    7|          0|
    |output_acc_1_addr_reg_1725                     |   4|   0|    4|          0|
    |output_acc_addr_reg_1719                       |   4|   0|    4|          0|
    |pe_result_out_accType_10_reg_1815              |  32|   0|   32|          0|
    |pe_result_out_accType_11_reg_1820              |  32|   0|   32|          0|
    |pe_result_out_accType_12_reg_1825              |  32|   0|   32|          0|
    |pe_result_out_accType_13_reg_1830              |  32|   0|   32|          0|
    |pe_result_out_accType_14_reg_1835              |  32|   0|   32|          0|
    |pe_result_out_accType_8_reg_1805               |  32|   0|   32|          0|
    |pe_result_out_accType_9_reg_1810               |  32|   0|   32|          0|
    |pe_result_out_accType_reg_1800                 |  32|   0|   32|          0|
    |pv_group_fu_172                                |  32|   0|   32|          0|
    |pv_group_operation_fu_176                      |  32|   0|   32|          0|
    |pv_sum_18_fu_188                               |  32|   0|   32|          0|
    |pv_sum_19_fu_192                               |  32|   0|   32|          0|
    |pv_sum_20_fu_196                               |  32|   0|   32|          0|
    |pv_sum_21_fu_200                               |  32|   0|   32|          0|
    |pv_sum_22_fu_204                               |  32|   0|   32|          0|
    |pv_sum_23_fu_208                               |  32|   0|   32|          0|
    |pv_sum_24_fu_212                               |  32|   0|   32|          0|
    |pv_sum_25_fu_216                               |  32|   0|   32|          0|
    |pv_sum_26_fu_220                               |  32|   0|   32|          0|
    |pv_sum_27_fu_224                               |  32|   0|   32|          0|
    |pv_sum_28_fu_228                               |  32|   0|   32|          0|
    |pv_sum_29_fu_232                               |  32|   0|   32|          0|
    |pv_sum_30_fu_236                               |  32|   0|   32|          0|
    |pv_sum_31_fu_240                               |  32|   0|   32|          0|
    |pv_sum_32_fu_244                               |  32|   0|   32|          0|
    |pv_sum_fu_184                                  |  32|   0|   32|          0|
    |row_reg_1731                                   |   2|   0|    2|          0|
    |trunc_ln357_reg_1705                           |   6|   0|    6|          0|
    |trunc_ln372_reg_1737                           |   3|   0|    3|          0|
    |empty_reg_1752                                 |  64|  32|    1|          0|
    |feature_reg_1747                               |  64|  32|    4|          0|
    |icmp308_reg_1759                               |  64|  32|    1|          0|
    |icmp311_reg_1766                               |  64|  32|    1|          0|
    |icmp314_reg_1773                               |  64|  32|    1|          0|
    |icmp_ln357_reg_1701                            |  64|  32|    1|          0|
    |icmp_ln369_reg_1711                            |  64|  32|    1|          0|
    |icmp_ln374_reg_1743                            |  64|  32|    1|          0|
    |icmp_ln399_reg_1715                            |  64|  32|    1|          0|
    |output_acc_1_addr_reg_1725                     |  64|  32|    4|          0|
    |output_acc_addr_reg_1719                       |  64|  32|    4|          0|
    |row_reg_1731                                   |  64|  32|    2|          0|
    |trunc_ln357_reg_1705                           |  64|  32|    6|          0|
    |trunc_ln372_reg_1737                           |  64|  32|    3|          0|
    +-----------------------------------------------+----+----+-----+-----------+
    |Total                                          |1802| 448|  937|          0|
    +-----------------------------------------------+----+----+-----+-----------+



================================================================
== Interface
================================================================
* Summary: 
+--------------------------------------------+-----+-----+------------+---------------------------------------------+--------------+
|                  RTL Ports                 | Dir | Bits|  Protocol  |                Source Object                |    C Type    |
+--------------------------------------------+-----+-----+------------+---------------------------------------------+--------------+
|ap_clk                                      |   in|    1|  ap_ctrl_hs|  runQueryBlock<0>_Pipeline_VITIS_LOOP_356_31|  return value|
|ap_rst                                      |   in|    1|  ap_ctrl_hs|  runQueryBlock<0>_Pipeline_VITIS_LOOP_356_31|  return value|
|ap_start                                    |   in|    1|  ap_ctrl_hs|  runQueryBlock<0>_Pipeline_VITIS_LOOP_356_31|  return value|
|ap_done                                     |  out|    1|  ap_ctrl_hs|  runQueryBlock<0>_Pipeline_VITIS_LOOP_356_31|  return value|
|ap_idle                                     |  out|    1|  ap_ctrl_hs|  runQueryBlock<0>_Pipeline_VITIS_LOOP_356_31|  return value|
|ap_ready                                    |  out|    1|  ap_ctrl_hs|  runQueryBlock<0>_Pipeline_VITIS_LOOP_356_31|  return value|
|grp_runAccumulatorColumns_fu_522_p_din1     |  out|    1|  ap_ctrl_hs|  runQueryBlock<0>_Pipeline_VITIS_LOOP_356_31|  return value|
|grp_runAccumulatorColumns_fu_522_p_din2     |  out|   32|  ap_ctrl_hs|  runQueryBlock<0>_Pipeline_VITIS_LOOP_356_31|  return value|
|grp_runAccumulatorColumns_fu_522_p_din3     |  out|   32|  ap_ctrl_hs|  runQueryBlock<0>_Pipeline_VITIS_LOOP_356_31|  return value|
|grp_runAccumulatorColumns_fu_522_p_din4     |  out|   32|  ap_ctrl_hs|  runQueryBlock<0>_Pipeline_VITIS_LOOP_356_31|  return value|
|grp_runAccumulatorColumns_fu_522_p_din5     |  out|   32|  ap_ctrl_hs|  runQueryBlock<0>_Pipeline_VITIS_LOOP_356_31|  return value|
|grp_runAccumulatorColumns_fu_522_p_din6     |  out|   32|  ap_ctrl_hs|  runQueryBlock<0>_Pipeline_VITIS_LOOP_356_31|  return value|
|grp_runAccumulatorColumns_fu_522_p_din7     |  out|   32|  ap_ctrl_hs|  runQueryBlock<0>_Pipeline_VITIS_LOOP_356_31|  return value|
|grp_runAccumulatorColumns_fu_522_p_dout0_0  |   in|   32|  ap_ctrl_hs|  runQueryBlock<0>_Pipeline_VITIS_LOOP_356_31|  return value|
|grp_runAccumulatorColumns_fu_522_p_dout0_1  |   in|   32|  ap_ctrl_hs|  runQueryBlock<0>_Pipeline_VITIS_LOOP_356_31|  return value|
|grp_runAccumulatorColumns_fu_522_p_ce       |  out|    1|  ap_ctrl_hs|  runQueryBlock<0>_Pipeline_VITIS_LOOP_356_31|  return value|
|grp_runAccumulatorColumns_fu_522_p_start    |  out|    1|  ap_ctrl_hs|  runQueryBlock<0>_Pipeline_VITIS_LOOP_356_31|  return value|
|grp_runAccumulatorColumns_fu_522_p_ready    |   in|    1|  ap_ctrl_hs|  runQueryBlock<0>_Pipeline_VITIS_LOOP_356_31|  return value|
|grp_runAccumulatorColumns_fu_522_p_done     |   in|    1|  ap_ctrl_hs|  runQueryBlock<0>_Pipeline_VITIS_LOOP_356_31|  return value|
|grp_runAccumulatorColumns_fu_522_p_idle     |   in|    1|  ap_ctrl_hs|  runQueryBlock<0>_Pipeline_VITIS_LOOP_356_31|  return value|
|grp_runPeArray_fu_543_p_din1                |  out|   16|  ap_ctrl_hs|  runQueryBlock<0>_Pipeline_VITIS_LOOP_356_31|  return value|
|grp_runPeArray_fu_543_p_din2                |  out|   16|  ap_ctrl_hs|  runQueryBlock<0>_Pipeline_VITIS_LOOP_356_31|  return value|
|grp_runPeArray_fu_543_p_din3                |  out|   16|  ap_ctrl_hs|  runQueryBlock<0>_Pipeline_VITIS_LOOP_356_31|  return value|
|grp_runPeArray_fu_543_p_din4                |  out|   16|  ap_ctrl_hs|  runQueryBlock<0>_Pipeline_VITIS_LOOP_356_31|  return value|
|grp_runPeArray_fu_543_p_din5                |  out|   16|  ap_ctrl_hs|  runQueryBlock<0>_Pipeline_VITIS_LOOP_356_31|  return value|
|grp_runPeArray_fu_543_p_din6                |  out|   16|  ap_ctrl_hs|  runQueryBlock<0>_Pipeline_VITIS_LOOP_356_31|  return value|
|grp_runPeArray_fu_543_p_din7                |  out|   16|  ap_ctrl_hs|  runQueryBlock<0>_Pipeline_VITIS_LOOP_356_31|  return value|
|grp_runPeArray_fu_543_p_din8                |  out|   16|  ap_ctrl_hs|  runQueryBlock<0>_Pipeline_VITIS_LOOP_356_31|  return value|
|grp_runPeArray_fu_543_p_din9                |  out|   16|  ap_ctrl_hs|  runQueryBlock<0>_Pipeline_VITIS_LOOP_356_31|  return value|
|grp_runPeArray_fu_543_p_din10               |  out|   16|  ap_ctrl_hs|  runQueryBlock<0>_Pipeline_VITIS_LOOP_356_31|  return value|
|grp_runPeArray_fu_543_p_din11               |  out|   16|  ap_ctrl_hs|  runQueryBlock<0>_Pipeline_VITIS_LOOP_356_31|  return value|
|grp_runPeArray_fu_543_p_din12               |  out|   16|  ap_ctrl_hs|  runQueryBlock<0>_Pipeline_VITIS_LOOP_356_31|  return value|
|grp_runPeArray_fu_543_p_din13               |  out|   16|  ap_ctrl_hs|  runQueryBlock<0>_Pipeline_VITIS_LOOP_356_31|  return value|
|grp_runPeArray_fu_543_p_din14               |  out|   16|  ap_ctrl_hs|  runQueryBlock<0>_Pipeline_VITIS_LOOP_356_31|  return value|
|grp_runPeArray_fu_543_p_din15               |  out|   16|  ap_ctrl_hs|  runQueryBlock<0>_Pipeline_VITIS_LOOP_356_31|  return value|
|grp_runPeArray_fu_543_p_din16               |  out|   16|  ap_ctrl_hs|  runQueryBlock<0>_Pipeline_VITIS_LOOP_356_31|  return value|
|grp_runPeArray_fu_543_p_din17               |  out|   32|  ap_ctrl_hs|  runQueryBlock<0>_Pipeline_VITIS_LOOP_356_31|  return value|
|grp_runPeArray_fu_543_p_din18               |  out|   32|  ap_ctrl_hs|  runQueryBlock<0>_Pipeline_VITIS_LOOP_356_31|  return value|
|grp_runPeArray_fu_543_p_din19               |  out|   32|  ap_ctrl_hs|  runQueryBlock<0>_Pipeline_VITIS_LOOP_356_31|  return value|
|grp_runPeArray_fu_543_p_din20               |  out|   32|  ap_ctrl_hs|  runQueryBlock<0>_Pipeline_VITIS_LOOP_356_31|  return value|
|grp_runPeArray_fu_543_p_din21               |  out|   32|  ap_ctrl_hs|  runQueryBlock<0>_Pipeline_VITIS_LOOP_356_31|  return value|
|grp_runPeArray_fu_543_p_din22               |  out|   32|  ap_ctrl_hs|  runQueryBlock<0>_Pipeline_VITIS_LOOP_356_31|  return value|
|grp_runPeArray_fu_543_p_din23               |  out|   32|  ap_ctrl_hs|  runQueryBlock<0>_Pipeline_VITIS_LOOP_356_31|  return value|
|grp_runPeArray_fu_543_p_din24               |  out|   32|  ap_ctrl_hs|  runQueryBlock<0>_Pipeline_VITIS_LOOP_356_31|  return value|
|grp_runPeArray_fu_543_p_din25               |  out|    1|  ap_ctrl_hs|  runQueryBlock<0>_Pipeline_VITIS_LOOP_356_31|  return value|
|grp_runPeArray_fu_543_p_dout0_0             |   in|   32|  ap_ctrl_hs|  runQueryBlock<0>_Pipeline_VITIS_LOOP_356_31|  return value|
|grp_runPeArray_fu_543_p_dout0_1             |   in|   32|  ap_ctrl_hs|  runQueryBlock<0>_Pipeline_VITIS_LOOP_356_31|  return value|
|grp_runPeArray_fu_543_p_dout0_2             |   in|   32|  ap_ctrl_hs|  runQueryBlock<0>_Pipeline_VITIS_LOOP_356_31|  return value|
|grp_runPeArray_fu_543_p_dout0_3             |   in|   32|  ap_ctrl_hs|  runQueryBlock<0>_Pipeline_VITIS_LOOP_356_31|  return value|
|grp_runPeArray_fu_543_p_dout0_4             |   in|   32|  ap_ctrl_hs|  runQueryBlock<0>_Pipeline_VITIS_LOOP_356_31|  return value|
|grp_runPeArray_fu_543_p_dout0_5             |   in|   32|  ap_ctrl_hs|  runQueryBlock<0>_Pipeline_VITIS_LOOP_356_31|  return value|
|grp_runPeArray_fu_543_p_dout0_6             |   in|   32|  ap_ctrl_hs|  runQueryBlock<0>_Pipeline_VITIS_LOOP_356_31|  return value|
|grp_runPeArray_fu_543_p_dout0_7             |   in|   32|  ap_ctrl_hs|  runQueryBlock<0>_Pipeline_VITIS_LOOP_356_31|  return value|
|grp_runPeArray_fu_543_p_dout0_8             |   in|   16|  ap_ctrl_hs|  runQueryBlock<0>_Pipeline_VITIS_LOOP_356_31|  return value|
|grp_runPeArray_fu_543_p_dout0_9             |   in|   16|  ap_ctrl_hs|  runQueryBlock<0>_Pipeline_VITIS_LOOP_356_31|  return value|
|grp_runPeArray_fu_543_p_dout0_10            |   in|   16|  ap_ctrl_hs|  runQueryBlock<0>_Pipeline_VITIS_LOOP_356_31|  return value|
|grp_runPeArray_fu_543_p_dout0_11            |   in|   16|  ap_ctrl_hs|  runQueryBlock<0>_Pipeline_VITIS_LOOP_356_31|  return value|
|grp_runPeArray_fu_543_p_dout0_12            |   in|   16|  ap_ctrl_hs|  runQueryBlock<0>_Pipeline_VITIS_LOOP_356_31|  return value|
|grp_runPeArray_fu_543_p_dout0_13            |   in|   16|  ap_ctrl_hs|  runQueryBlock<0>_Pipeline_VITIS_LOOP_356_31|  return value|
|grp_runPeArray_fu_543_p_dout0_14            |   in|   16|  ap_ctrl_hs|  runQueryBlock<0>_Pipeline_VITIS_LOOP_356_31|  return value|
|grp_runPeArray_fu_543_p_dout0_15            |   in|   16|  ap_ctrl_hs|  runQueryBlock<0>_Pipeline_VITIS_LOOP_356_31|  return value|
|grp_runPeArray_fu_543_p_dout0_16            |   in|    1|  ap_ctrl_hs|  runQueryBlock<0>_Pipeline_VITIS_LOOP_356_31|  return value|
|grp_runPeArray_fu_543_p_dout0_17            |   in|    1|  ap_ctrl_hs|  runQueryBlock<0>_Pipeline_VITIS_LOOP_356_31|  return value|
|grp_runPeArray_fu_543_p_dout0_18            |   in|    1|  ap_ctrl_hs|  runQueryBlock<0>_Pipeline_VITIS_LOOP_356_31|  return value|
|grp_runPeArray_fu_543_p_dout0_19            |   in|    1|  ap_ctrl_hs|  runQueryBlock<0>_Pipeline_VITIS_LOOP_356_31|  return value|
|grp_runPeArray_fu_543_p_dout0_20            |   in|    1|  ap_ctrl_hs|  runQueryBlock<0>_Pipeline_VITIS_LOOP_356_31|  return value|
|grp_runPeArray_fu_543_p_dout0_21            |   in|    1|  ap_ctrl_hs|  runQueryBlock<0>_Pipeline_VITIS_LOOP_356_31|  return value|
|grp_runPeArray_fu_543_p_dout0_22            |   in|    1|  ap_ctrl_hs|  runQueryBlock<0>_Pipeline_VITIS_LOOP_356_31|  return value|
|grp_runPeArray_fu_543_p_dout0_23            |   in|    1|  ap_ctrl_hs|  runQueryBlock<0>_Pipeline_VITIS_LOOP_356_31|  return value|
|grp_runPeArray_fu_543_p_ce                  |  out|    1|  ap_ctrl_hs|  runQueryBlock<0>_Pipeline_VITIS_LOOP_356_31|  return value|
|grp_runPeArray_fu_543_p_start               |  out|    1|  ap_ctrl_hs|  runQueryBlock<0>_Pipeline_VITIS_LOOP_356_31|  return value|
|grp_runPeArray_fu_543_p_ready               |   in|    1|  ap_ctrl_hs|  runQueryBlock<0>_Pipeline_VITIS_LOOP_356_31|  return value|
|grp_runPeArray_fu_543_p_done                |   in|    1|  ap_ctrl_hs|  runQueryBlock<0>_Pipeline_VITIS_LOOP_356_31|  return value|
|grp_runPeArray_fu_543_p_idle                |   in|    1|  ap_ctrl_hs|  runQueryBlock<0>_Pipeline_VITIS_LOOP_356_31|  return value|
|output_acc_1_address0                       |  out|    4|   ap_memory|                                 output_acc_1|         array|
|output_acc_1_ce0                            |  out|    1|   ap_memory|                                 output_acc_1|         array|
|output_acc_1_we0                            |  out|    1|   ap_memory|                                 output_acc_1|         array|
|output_acc_1_d0                             |  out|   32|   ap_memory|                                 output_acc_1|         array|
|output_acc_1_address1                       |  out|    4|   ap_memory|                                 output_acc_1|         array|
|output_acc_1_ce1                            |  out|    1|   ap_memory|                                 output_acc_1|         array|
|output_acc_1_q1                             |   in|   32|   ap_memory|                                 output_acc_1|         array|
|output_acc_address0                         |  out|    4|   ap_memory|                                   output_acc|         array|
|output_acc_ce0                              |  out|    1|   ap_memory|                                   output_acc|         array|
|output_acc_we0                              |  out|    1|   ap_memory|                                   output_acc|         array|
|output_acc_d0                               |  out|   32|   ap_memory|                                   output_acc|         array|
|output_acc_address1                         |  out|    4|   ap_memory|                                   output_acc|         array|
|output_acc_ce1                              |  out|    1|   ap_memory|                                   output_acc|         array|
|output_acc_q1                               |   in|   32|   ap_memory|                                   output_acc|         array|
|acc_a_5                                     |   in|   32|     ap_none|                                      acc_a_5|        scalar|
|acc_a_6                                     |   in|   32|     ap_none|                                      acc_a_6|        scalar|
|v_tile_address0                             |  out|    4|   ap_memory|                                       v_tile|         array|
|v_tile_ce0                                  |  out|    1|   ap_memory|                                       v_tile|         array|
|v_tile_q0                                   |   in|   16|   ap_memory|                                       v_tile|         array|
|v_tile_1_address0                           |  out|    4|   ap_memory|                                     v_tile_1|         array|
|v_tile_1_ce0                                |  out|    1|   ap_memory|                                     v_tile_1|         array|
|v_tile_1_q0                                 |   in|   16|   ap_memory|                                     v_tile_1|         array|
|v_tile_2_address0                           |  out|    4|   ap_memory|                                     v_tile_2|         array|
|v_tile_2_ce0                                |  out|    1|   ap_memory|                                     v_tile_2|         array|
|v_tile_2_q0                                 |   in|   16|   ap_memory|                                     v_tile_2|         array|
|v_tile_3_address0                           |  out|    4|   ap_memory|                                     v_tile_3|         array|
|v_tile_3_ce0                                |  out|    1|   ap_memory|                                     v_tile_3|         array|
|v_tile_3_q0                                 |   in|   16|   ap_memory|                                     v_tile_3|         array|
|pe_reg_65                                   |   in|   16|     ap_none|                                    pe_reg_65|        scalar|
|pe_reg_66                                   |   in|   16|     ap_none|                                    pe_reg_66|        scalar|
|pe_reg_67                                   |   in|   16|     ap_none|                                    pe_reg_67|        scalar|
|pe_reg_68                                   |   in|   16|     ap_none|                                    pe_reg_68|        scalar|
|pe_reg_69                                   |   in|   16|     ap_none|                                    pe_reg_69|        scalar|
|pe_reg_70                                   |   in|   16|     ap_none|                                    pe_reg_70|        scalar|
|pe_reg_71                                   |   in|   16|     ap_none|                                    pe_reg_71|        scalar|
|pe_reg_72                                   |   in|   16|     ap_none|                                    pe_reg_72|        scalar|
+--------------------------------------------+-----+-----+------------+---------------------------------------------+--------------+

