

================================================================
== Vitis HLS Report for 'runQueryBlock_1_s'
================================================================
* Date:           Sat Oct 10 01:50:23 2026

* Version:        2024.2 (Build 5238294 on Nov  8 2024)
* Project:        build
* Solution:       solution1 (Vivado IP Flow Target)
* Product family: virtexuplusHBM
* Target device:  xcvu37p_CIV-fsvh2892-2-e


================================================================
== Performance Estimates
================================================================
+ Timing: 
    * Summary: 
    +--------+----------+----------+------------+
    |  Clock |  Target  | Estimated| Uncertainty|
    +--------+----------+----------+------------+
    |ap_clk  |  10.00 ns|  7.299 ns|     2.70 ns|
    +--------+----------+----------+------------+

+ Latency: 
    * Summary: 
    +---------+---------+----------+----------+-----+--------+---------+
    |  Latency (cycles) |  Latency (absolute) |   Interval   | Pipeline|
    |   min   |   max   |    min   |    max   | min |   max  |   Type  |
    +---------+---------+----------+----------+-----+--------+---------+
    |      524|   391348|  5.240 us|  3.913 ms|  524|  391348|       no|
    +---------+---------+----------+----------+-----+--------+---------+

    + Detail: 
        * Instance: 
        +-------------------------------------------------------------------------+--------------------------------------------------------------+---------+---------+-----------+----------+-----+--------+------------------------------------------------+
        |                                                                         |                                                              |  Latency (cycles) |  Latency (absolute)  |   Interval   |                    Pipeline                    |
        |                                 Instance                                |                            Module                            |   min   |   max   |    min    |    max   | min |   max  |                      Type                      |
        +-------------------------------------------------------------------------+--------------------------------------------------------------+---------+---------+-----------+----------+-----+--------+------------------------------------------------+
        |grp_runQueryBlock_1_Pipeline_1_fu_124                                    |runQueryBlock_1_Pipeline_1                                    |       34|       34|   0.340 us|  0.340 us|   33|      33|  loop auto-rewind stp (delay=0 clock cycles(s))|
        |grp_runQueryBlock_1_Pipeline_3_fu_132                                    |runQueryBlock_1_Pipeline_3                                    |       34|       34|   0.340 us|  0.340 us|   33|      33|  loop auto-rewind stp (delay=0 clock cycles(s))|
        |grp_runQueryBlock_1_Pipeline_14_fu_140                                   |runQueryBlock_1_Pipeline_14                                   |       34|       34|   0.340 us|  0.340 us|   33|      33|  loop auto-rewind stp (delay=0 clock cycles(s))|
        |grp_runQueryBlock_1_Pipeline_VITIS_LOOP_88_1_VITIS_LOOP_89_2_fu_148      |runQueryBlock_1_Pipeline_VITIS_LOOP_88_1_VITIS_LOOP_89_2      |       34|       34|   0.340 us|  0.340 us|   33|      33|  loop auto-rewind stp (delay=0 clock cycles(s))|
        |grp_runQueryBlock_1_Outline_VITIS_LOOP_111_4_fu_156                      |runQueryBlock_1_Outline_VITIS_LOOP_111_4                      |      383|   391169|   3.830 us|  3.912 ms|  383|  391169|                                              no|
        |grp_reciprocalColumns_fu_185                                             |reciprocalColumns                                             |        4|       42|  40.000 ns|  0.420 us|    4|      42|                                              no|
        |grp_runQueryBlock_1_Pipeline_VITIS_LOOP_438_38_fu_191                    |runQueryBlock_1_Pipeline_VITIS_LOOP_438_38                    |       25|       25|   0.250 us|  0.250 us|   17|      17|  loop auto-rewind stp (delay=0 clock cycles(s))|
        |grp_runQueryBlock_1_Pipeline_VITIS_LOOP_461_41_VITIS_LOOP_462_42_fu_205  |runQueryBlock_1_Pipeline_VITIS_LOOP_461_41_VITIS_LOOP_462_42  |       34|       34|   0.340 us|  0.340 us|   33|      33|  loop auto-rewind stp (delay=0 clock cycles(s))|
        +-------------------------------------------------------------------------+--------------------------------------------------------------+---------+---------+-----------+----------+-----+--------+------------------------------------------------+

        * Loop: 
        N/A



================================================================
== Utilization Estimates
================================================================
* Summary: 
+---------------------+---------+------+---------+---------+-----+
|         Name        | BRAM_18K|  DSP |    FF   |   LUT   | URAM|
+---------------------+---------+------+---------+---------+-----+
|DSP                  |        -|     -|        -|        -|    -|
|Expression           |        -|     -|        0|      244|    -|
|FIFO                 |        -|     -|        -|        -|    -|
|Instance             |        0|    36|    23536|   117137|    0|
|Memory               |        0|     -|      160|      166|    0|
|Multiplexer          |        -|     -|        0|      635|    -|
|Register             |        -|     -|      316|        -|    -|
+---------------------+---------+------+---------+---------+-----+
|Total                |        0|    36|    24012|   118182|    0|
+---------------------+---------+------+---------+---------+-----+
|Available SLR        |     1344|  3008|   869120|   434560|  320|
+---------------------+---------+------+---------+---------+-----+
|Utilization SLR (%)  |        0|     1|        2|       27|    0|
+---------------------+---------+------+---------+---------+-----+
|Available            |     4032|  9024|  2607360|  1303680|  960|
+---------------------+---------+------+---------+---------+-----+
|Utilization (%)      |        0|    ~0|       ~0|        9|    0|
+---------------------+---------+------+---------+---------+-----+

+ Detail: 
    * Instance: 
    +-------------------------------------------------------------------------+--------------------------------------------------------------+---------+----+-------+-------+-----+
    |                                 Instance                                |                            Module                            | BRAM_18K| DSP|   FF  |  LUT  | URAM|
    +-------------------------------------------------------------------------+--------------------------------------------------------------+---------+----+-------+-------+-----+
    |grp_reciprocalColumns_fu_185                                             |reciprocalColumns                                             |        0|   0|    680|   3191|    0|
    |grp_runAccumulatorColumns_fu_545                                         |runAccumulatorColumns                                         |        0|   4|   2542|  14232|    0|
    |grp_runQueryBlock_1_Outline_VITIS_LOOP_111_4_fu_156                      |runQueryBlock_1_Outline_VITIS_LOOP_111_4                      |        0|  32|  20165|  99101|    0|
    |grp_runQueryBlock_1_Pipeline_1_fu_124                                    |runQueryBlock_1_Pipeline_1                                    |        0|   0|      8|     63|    0|
    |grp_runQueryBlock_1_Pipeline_14_fu_140                                   |runQueryBlock_1_Pipeline_14                                   |        0|   0|      8|     63|    0|
    |grp_runQueryBlock_1_Pipeline_3_fu_132                                    |runQueryBlock_1_Pipeline_3                                    |        0|   0|      8|     63|    0|
    |grp_runQueryBlock_1_Pipeline_VITIS_LOOP_438_38_fu_191                    |runQueryBlock_1_Pipeline_VITIS_LOOP_438_38                    |        0|   0|     92|     95|    0|
    |grp_runQueryBlock_1_Pipeline_VITIS_LOOP_461_41_VITIS_LOOP_462_42_fu_205  |runQueryBlock_1_Pipeline_VITIS_LOOP_461_41_VITIS_LOOP_462_42  |        0|   0|     17|    185|    0|
    |grp_runQueryBlock_1_Pipeline_VITIS_LOOP_88_1_VITIS_LOOP_89_2_fu_148      |runQueryBlock_1_Pipeline_VITIS_LOOP_88_1_VITIS_LOOP_89_2      |        0|   0|     16|    144|    0|
    +-------------------------------------------------------------------------+--------------------------------------------------------------+---------+----+-------+-------+-----+
    |Total                                                                    |                                                              |        0|  36|  23536| 117137|    0|
    +-------------------------------------------------------------------------+--------------------------------------------------------------+---------+----+-------+-------+-----+

    * DSP: 
    N/A

    * Memory: 
    +----------------+--------------------------------------------+---------+----+----+-----+------+-----+------+-------------+
    |     Memory     |                   Module                   | BRAM_18K| FF | LUT| URAM| Words| Bits| Banks| W*Bits*Banks|
    +----------------+--------------------------------------------+---------+----+----+-----+------+-----+------+-------------+
    |normalized_U    |runQueryBlock_1_s_normalized_RAM_AUTO_1R1W  |        0|  32|  33|    0|    16|   32|     1|          512|
    |normalized_1_U  |runQueryBlock_1_s_normalized_RAM_AUTO_1R1W  |        0|  32|  33|    0|    16|   32|     1|          512|
    |output_acc_U    |runQueryBlock_1_s_output_acc_RAM_AUTO_1R1W  |        0|  32|  33|    0|    16|   32|     1|          512|
    |output_acc_1_U  |runQueryBlock_1_s_output_acc_RAM_AUTO_1R1W  |        0|  32|  33|    0|    16|   32|     1|          512|
    |q_tile_U        |runQueryBlock_1_s_q_tile_RAM_AUTO_1R1W      |        0|  16|  17|    0|    16|   16|     1|          256|
    |q_tile_1_U      |runQueryBlock_1_s_q_tile_RAM_AUTO_1R1W      |        0|  16|  17|    0|    16|   16|     1|          256|
    +----------------+--------------------------------------------+---------+----+----+-----+------+-----+------+-------------+
    |Total           |                                            |        0| 160| 166|    0|    96|  160|     6|         2560|
    +----------------+--------------------------------------------+---------+----+----+-----+------+-----+------+-------------+

    * FIFO: 
    N/A

    * Expression: 
    +---------------------------------+----------+----+---+----+------------+------------+
    |          Variable Name          | Operation| DSP| FF| LUT| Bitwidth P0| Bitwidth P1|
    +---------------------------------+----------+----+---+----+------------+------------+
    |add_ln84_fu_255_p2               |         +|   0|  0|  39|          32|           3|
    |global_query_1_fu_365_p2         |         +|   0|  0|  39|          32|           2|
    |global_query_fu_352_p2           |         +|   0|  0|  39|          32|           2|
    |cmp116_fu_358_p2                 |      icmp|   0|  0|   9|           2|           1|
    |icmp_ln84_fu_261_p2              |      icmp|   0|  0|  39|          32|           2|
    |icmp_ln85_fu_289_p2              |      icmp|   0|  0|  38|          31|           1|
    |ap_block_state1                  |        or|   0|  0|   2|           1|           1|
    |ap_block_state2_on_subcall_done  |        or|   0|  0|   2|           1|           1|
    |active_queries_fu_345_p3         |    select|   0|  0|   3|           1|           2|
    |remaining_fu_267_p3              |    select|   0|  0|  32|           1|          32|
    |xor_ln156_fu_371_p2              |       xor|   0|  0|   2|           1|           2|
    +---------------------------------+----------+----+---+----+------------+------------+
    |Total                            |          |   0|  0| 244|         166|          49|
    +---------------------------------+----------+----+---+----+------------+------------+

    * Multiplexer: 
    +----------------------------------------------+----+-----------+-----+-----------+
    |                     Name                     | LUT| Input Size| Bits| Total Bits|
    +----------------------------------------------+----+-----------+-----+-----------+
    |ap_NS_fsm                                     |  65|         12|    1|         12|
    |ap_done                                       |   9|          2|    1|          2|
    |grp_runAccumulatorColumns_fu_545_ap_ce        |  14|          3|    1|          3|
    |grp_runAccumulatorColumns_fu_545_ap_start     |  14|          3|    1|          3|
    |grp_runAccumulatorColumns_fu_545_exp2_mode    |  14|          3|    1|          3|
    |grp_runAccumulatorColumns_fu_545_in_a_read    |  14|          3|   32|         96|
    |grp_runAccumulatorColumns_fu_545_in_a_read_2  |  14|          3|   32|         96|
    |grp_runAccumulatorColumns_fu_545_in_b_read    |  14|          3|   32|         96|
    |grp_runAccumulatorColumns_fu_545_in_b_read_2  |  14|          3|   32|         96|
    |grp_runAccumulatorColumns_fu_545_in_c_read    |  14|          3|   32|         96|
    |grp_runAccumulatorColumns_fu_545_in_c_read_2  |  14|          3|   32|         96|
    |header1_blk_n                                 |   9|          2|    1|          2|
    |normalized_1_address0                         |  20|          4|    4|         16|
    |normalized_1_ce0                              |  20|          4|    1|          4|
    |normalized_1_d0                               |  14|          3|   32|         96|
    |normalized_1_we0                              |  14|          3|    1|          3|
    |normalized_address0                           |  20|          4|    4|         16|
    |normalized_ce0                                |  20|          4|    1|          4|
    |normalized_d0                                 |  14|          3|   32|         96|
    |normalized_we0                                |  14|          3|    1|          3|
    |output_acc_1_address0                         |  20|          4|    4|         16|
    |output_acc_1_ce0                              |  20|          4|    1|          4|
    |output_acc_1_ce1                              |   9|          2|    1|          2|
    |output_acc_1_d0                               |  14|          3|   32|         96|
    |output_acc_1_we0                              |  14|          3|    1|          3|
    |output_acc_address0                           |  20|          4|    4|         16|
    |output_acc_ce0                                |  20|          4|    1|          4|
    |output_acc_ce1                                |   9|          2|    1|          2|
    |output_acc_d0                                 |  14|          3|   32|         96|
    |output_acc_we0                                |  14|          3|    1|          3|
    |q_tile_1_address0                             |  20|          4|    4|         16|
    |q_tile_1_ce0                                  |  20|          4|    1|          4|
    |q_tile_1_d0                                   |  14|          3|   16|         48|
    |q_tile_1_we0                                  |  14|          3|    1|          3|
    |q_tile_address0                               |  20|          4|    4|         16|
    |q_tile_ce0                                    |  20|          4|    1|          4|
    |q_tile_d0                                     |  14|          3|   16|         48|
    |q_tile_we0                                    |  14|          3|    1|          3|
    +----------------------------------------------+----+-----------+-----+-----------+
    |Total                                         | 635|        131|  396|       1223|
    +----------------------------------------------+----+-----------+-----+-----------+

    * Register: 
    +--------------------------------------------------------------------------------------+----+----+-----+-----------+
    |                                         Name                                         | FF | LUT| Bits| Const Bits|
    +--------------------------------------------------------------------------------------+----+----+-----+-----------+
    |active_queries_reg_504                                                                |   2|   0|    2|          0|
    |ap_CS_fsm                                                                             |  11|   0|   11|          0|
    |ap_done_reg                                                                           |   1|   0|    1|          0|
    |cmp116_reg_514                                                                        |   1|   0|    1|          0|
    |global_query_1_reg_519                                                                |  32|   0|   32|          0|
    |global_query_reg_509                                                                  |  32|   0|   32|          0|
    |grp_reciprocalColumns_fu_185_ap_start_reg                                             |   1|   0|    1|          0|
    |grp_runQueryBlock_1_Outline_VITIS_LOOP_111_4_fu_156_ap_start_reg                      |   1|   0|    1|          0|
    |grp_runQueryBlock_1_Pipeline_14_fu_140_ap_start_reg                                   |   1|   0|    1|          0|
    |grp_runQueryBlock_1_Pipeline_1_fu_124_ap_start_reg                                    |   1|   0|    1|          0|
    |grp_runQueryBlock_1_Pipeline_3_fu_132_ap_start_reg                                    |   1|   0|    1|          0|
    |grp_runQueryBlock_1_Pipeline_VITIS_LOOP_438_38_fu_191_ap_start_reg                    |   1|   0|    1|          0|
    |grp_runQueryBlock_1_Pipeline_VITIS_LOOP_461_41_VITIS_LOOP_462_42_fu_205_ap_start_reg  |   1|   0|    1|          0|
    |grp_runQueryBlock_1_Pipeline_VITIS_LOOP_88_1_VITIS_LOOP_89_2_fu_148_ap_start_reg      |   1|   0|    1|          0|
    |header_causal_reg_487                                                                 |   1|   0|    1|          0|
    |header_key_tiles_reg_477                                                              |  32|   0|   32|          0|
    |header_length_reg_482                                                                 |  32|   0|   32|          0|
    |header_query_base_reg_471                                                             |  32|   0|   32|          0|
    |icmp_ln85_reg_498                                                                     |   1|   0|    1|          0|
    |inverse_sum_1_reg_540                                                                 |  32|   0|   32|          0|
    |inverse_sum_reg_535                                                                   |  32|   0|   32|          0|
    |running_sum_0_loc_fu_86                                                               |  32|   0|   32|          0|
    |running_sum_1_0_loc_fu_90                                                             |  32|   0|   32|          0|
    |trunc_ln85_reg_493                                                                    |   2|   0|    2|          0|
    |xor_ln156_reg_524                                                                     |   1|   0|    1|          0|
    +--------------------------------------------------------------------------------------+----+----+-----+-----------+
    |Total                                                                                 | 316|   0|  316|          0|
    +--------------------------------------------------------------------------------------+----+----+-----+-----------+



================================================================
== Interface
================================================================
* Summary: 
+------------------------+-----+-----+------------+------------------+--------------+
|        RTL Ports       | Dir | Bits|  Protocol  |   Source Object  |    C Type    |
+------------------------+-----+-----+------------+------------------+--------------+
|ap_clk                  |   in|    1|  ap_ctrl_hs|  runQueryBlock<1>|  return value|
|ap_rst                  |   in|    1|  ap_ctrl_hs|  runQueryBlock<1>|  return value|
|ap_start                |   in|    1|  ap_ctrl_hs|  runQueryBlock<1>|  return value|
|ap_done                 |  out|    1|  ap_ctrl_hs|  runQueryBlock<1>|  return value|
|ap_continue             |   in|    1|  ap_ctrl_hs|  runQueryBlock<1>|  return value|
|ap_idle                 |  out|    1|  ap_ctrl_hs|  runQueryBlock<1>|  return value|
|ap_ready                |  out|    1|  ap_ctrl_hs|  runQueryBlock<1>|  return value|
|header1_dout            |   in|  129|     ap_fifo|           header1|       pointer|
|header1_empty_n         |   in|    1|     ap_fifo|           header1|       pointer|
|header1_read            |  out|    1|     ap_fifo|           header1|       pointer|
|header1_num_data_valid  |   in|    3|     ap_fifo|           header1|       pointer|
|header1_fifo_cap        |   in|    3|     ap_fifo|           header1|       pointer|
|q1_dout                 |   in|   16|     ap_fifo|                q1|       pointer|
|q1_empty_n              |   in|    1|     ap_fifo|                q1|       pointer|
|q1_read                 |  out|    1|     ap_fifo|                q1|       pointer|
|q1_num_data_valid       |   in|    4|     ap_fifo|                q1|       pointer|
|q1_fifo_cap             |   in|    4|     ap_fifo|                q1|       pointer|
|kv1_dout                |   in|   32|     ap_fifo|               kv1|       pointer|
|kv1_empty_n             |   in|    1|     ap_fifo|               kv1|       pointer|
|kv1_read                |  out|    1|     ap_fifo|               kv1|       pointer|
|kv1_num_data_valid      |   in|    4|     ap_fifo|               kv1|       pointer|
|kv1_fifo_cap            |   in|    4|     ap_fifo|               kv1|       pointer|
|output1_din             |  out|   32|     ap_fifo|           output1|       pointer|
|output1_full_n          |   in|    1|     ap_fifo|           output1|       pointer|
|output1_write           |  out|    1|     ap_fifo|           output1|       pointer|
|output1_num_data_valid  |   in|   32|     ap_fifo|           output1|       pointer|
|output1_fifo_cap        |   in|   32|     ap_fifo|           output1|       pointer|
+------------------------+-----+-----+------------+------------------+--------------+

