

================================================================
== Vitis HLS Report for 'runQueryBlock_1_Pipeline_VITIS_LOOP_229_13'
================================================================
* Date:           Sat Oct 10 01:50:21 2026

* Version:        2024.2 (Build 5238294 on Nov  8 2024)
* Project:        build
* Solution:       solution1 (Vivado IP Flow Target)
* Product family: virtexuplusHBM
* Target device:  xcvu37p_CIV-fsvh2892-2-e


================================================================
== Performance Estimates
================================================================
+ Timing: 
    * Summary: 
    +--------+----------+----------+------------+
    |  Clock |  Target  | Estimated| Uncertainty|
    +--------+----------+----------+------------+
    |ap_clk  |  10.00 ns|  7.120 ns|     2.70 ns|
    +--------+----------+----------+------------+

+ Latency: 
    * Summary: 
    +---------+---------+-----------+-----------+-----+-----+------------------------------------------------+
    |  Latency (cycles) |   Latency (absolute)  |  Interval |                    Pipeline                    |
    |   min   |   max   |    min    |    max    | min | max |                      Type                      |
    +---------+---------+-----------+-----------+-----+-----+------------------------------------------------+
    |        8|        8|  80.000 ns|  80.000 ns|    5|    5|  loop auto-rewind stp (delay=0 clock cycles(s))|
    +---------+---------+-----------+-----------+-----+-----+------------------------------------------------+

    + Detail: 
        * Instance: 
        +--------------------+---------+---------+---------+-----------+-----------+-----+-----+---------+
        |                    |         |  Latency (cycles) |   Latency (absolute)  |  Interval | Pipeline|
        |      Instance      |  Module |   min   |   max   |    min    |    max    | min | max |   Type  |
        +--------------------+---------+---------+---------+-----------+-----------+-----+-----+---------+
        |grp_cvtAtoE_fu_374  |cvtAtoE  |        2|        2|  20.000 ns|  20.000 ns|    1|    1|      yes|
        |grp_cvtAtoE_fu_380  |cvtAtoE  |        2|        2|  20.000 ns|  20.000 ns|    1|    1|      yes|
        +--------------------+---------+---------+---------+-----------+-----------+-----+-----+---------+

        * Loop: 
        +---------------------+---------+---------+----------+-----------+-----------+------+----------+
        |                     |  Latency (cycles) | Iteration|  Initiation Interval  | Trip |          |
        |      Loop Name      |   min   |   max   |  Latency |  achieved |   target  | Count| Pipelined|
        +---------------------+---------+---------+----------+-----------+-----------+------+----------+
        |- VITIS_LOOP_229_13  |        6|        6|         4|          1|          1|     4|       yes|
        +---------------------+---------+---------+----------+-----------+-----------+------+----------+



================================================================
== Utilization Estimates
================================================================
* Summary: 
+---------------------+---------+------+---------+---------+-----+
|         Name        | BRAM_18K|  DSP |    FF   |   LUT   | URAM|
+---------------------+---------+------+---------+---------+-----+
|DSP                  |        -|     -|        -|        -|    -|
|Expression           |        -|     -|        0|      190|    -|
|FIFO                 |        -|     -|        -|        -|    -|
|Instance             |        -|     -|       70|       84|    -|
|Memory               |        -|     -|        -|        -|    -|
|Multiplexer          |        -|     -|        0|      144|    -|
|Register             |        -|     -|      561|      128|    -|
+---------------------+---------+------+---------+---------+-----+
|Total                |        0|     0|      631|      546|    0|
+---------------------+---------+------+---------+---------+-----+
|Available SLR        |     1344|  3008|   869120|   434560|  320|
+---------------------+---------+------+---------+---------+-----+
|Utilization SLR (%)  |        0|     0|       ~0|       ~0|    0|
+---------------------+---------+------+---------+---------+-----+
|Available            |     4032|  9024|  2607360|  1303680|  960|
+---------------------+---------+------+---------+---------+-----+
|Utilization (%)      |        0|     0|       ~0|       ~0|    0|
+---------------------+---------+------+---------+---------+-----+

+ Detail: 
    * Instance: 
    +---------------------------+----------------------+---------+----+----+----+-----+
    |          Instance         |        Module        | BRAM_18K| DSP| FF | LUT| URAM|
    +---------------------------+----------------------+---------+----+----+----+-----+
    |grp_cvtAtoE_fu_374         |cvtAtoE               |        0|   0|  35|   2|    0|
    |grp_cvtAtoE_fu_380         |cvtAtoE               |        0|   0|  35|   2|    0|
    |sparsemux_9_2_1_1_1_U609   |sparsemux_9_2_1_1_1   |        0|   0|   0|  20|    0|
    |sparsemux_9_2_1_1_1_U611   |sparsemux_9_2_1_1_1   |        0|   0|   0|  20|    0|
    |sparsemux_9_2_32_1_1_U610  |sparsemux_9_2_32_1_1  |        0|   0|   0|  20|    0|
    |sparsemux_9_2_32_1_1_U612  |sparsemux_9_2_32_1_1  |        0|   0|   0|  20|    0|
    +---------------------------+----------------------+---------+----+----+----+-----+
    |Total                      |                      |        0|   0|  70|  84|    0|
    +---------------------------+----------------------+---------+----+----+----+-----+

    * DSP: 
    N/A

    * Memory: 
    N/A

    * FIFO: 
    N/A

    * Expression: 
    +--------------------------------------+----------+----+---+----+------------+------------+
    |             Variable Name            | Operation| DSP| FF| LUT| Bitwidth P0| Bitwidth P1|
    +--------------------------------------+----------+----+---+----+------------+------------+
    |add_ln229_fu_440_p2                   |         +|   0|  0|  10|           3|           1|
    |ap_condition_184                      |       and|   0|  0|   2|           1|           1|
    |ap_predicate_op65_call_state2_state1  |       and|   0|  0|   2|           1|           1|
    |ap_predicate_op66_call_state2_state1  |       and|   0|  0|   2|           1|           1|
    |icmp_ln229_fu_434_p2                  |      icmp|   0|  0|  12|           3|           4|
    |icmp_ln232_1_fu_568_p2                |      icmp|   0|  0|   9|           2|           1|
    |icmp_ln232_2_fu_573_p2                |      icmp|   0|  0|  10|           2|           3|
    |icmp_ln232_fu_563_p2                  |      icmp|   0|  0|   9|           2|           1|
    |or_ln232_1_fu_584_p2                  |        or|   0|  0|   2|           1|           1|
    |or_ln232_fu_578_p2                    |        or|   0|  0|   2|           1|           1|
    |cond267276_fu_614_p3                  |    select|   0|  0|  16|           1|          16|
    |cond267279_fu_606_p3                  |    select|   0|  0|  16|           1|          16|
    |cond267282_fu_598_p3                  |    select|   0|  0|  16|           1|          16|
    |cond267285_fu_590_p3                  |    select|   0|  0|  16|           1|          16|
    |cond267_1288_fu_658_p3                |    select|   0|  0|  16|           1|          16|
    |cond267_1291_fu_650_p3                |    select|   0|  0|  16|           1|          16|
    |cond267_1294_fu_642_p3                |    select|   0|  0|  16|           1|          16|
    |cond267_1297_fu_634_p3                |    select|   0|  0|  16|           1|          16|
    |ap_enable_pp0                         |       xor|   0|  0|   2|           1|           2|
    +--------------------------------------+----------+----+---+----+------------+------------+
    |Total                                 |          |   0|  0| 190|          26|         145|
    +--------------------------------------+----------+----+---+----+------------+------------+

    * Multiplexer: 
    +----------------------------------------+----+-----------+-----+-----------+
    |                  Name                  | LUT| Input Size| Bits| Total Bits|
    +----------------------------------------+----+-----------+-----+-----------+
    |ap_done_int                             |   9|          2|    1|          2|
    |ap_enable_reg_pp0_iter1                 |   9|          2|    1|          2|
    |ap_phi_mux_cond267_1_phi_fu_367_p4      |   9|          2|   16|         32|
    |ap_phi_mux_cond267_phi_fu_356_p4        |   9|          2|   16|         32|
    |ap_phi_reg_pp0_iter1_cond267_1_reg_363  |   9|          2|   16|         32|
    |ap_phi_reg_pp0_iter1_cond267_reg_352    |   9|          2|   16|         32|
    |ap_sig_allocacmp_row_1                  |   9|          2|    3|          6|
    |pe_reg_10_fu_128                        |   9|          2|   16|         32|
    |pe_reg_11_fu_132                        |   9|          2|   16|         32|
    |pe_reg_12_fu_136                        |   9|          2|   16|         32|
    |pe_reg_13_fu_140                        |   9|          2|   16|         32|
    |pe_reg_14_fu_144                        |   9|          2|   16|         32|
    |pe_reg_15_fu_148                        |   9|          2|   16|         32|
    |pe_reg_8_fu_120                         |   9|          2|   16|         32|
    |pe_reg_9_fu_124                         |   9|          2|   16|         32|
    |row_fu_116                              |   9|          2|    3|          6|
    +----------------------------------------+----+-----------+-----+-----------+
    |Total                                   | 144|         32|  200|        400|
    +----------------------------------------+----+-----------+-----+-----------+

    * Register: 
    +----------------------------------------+----+----+-----+-----------+
    |                  Name                  | FF | LUT| Bits| Const Bits|
    +----------------------------------------+----+----+-----+-----------+
    |ap_CS_fsm                               |   1|   0|    1|          0|
    |ap_done_reg                             |   1|   0|    1|          0|
    |ap_enable_reg_pp0_iter1                 |   1|   0|    1|          0|
    |ap_enable_reg_pp0_iter2                 |   1|   0|    1|          0|
    |ap_enable_reg_pp0_iter3                 |   1|   0|    1|          0|
    |ap_loop_exit_ready_pp0_iter1_reg        |   1|   0|    1|          0|
    |ap_loop_exit_ready_pp0_iter2_reg        |   1|   0|    1|          0|
    |ap_phi_reg_pp0_iter1_cond267_1_reg_363  |  16|   0|   16|          0|
    |ap_phi_reg_pp0_iter1_cond267_reg_352    |  16|   0|   16|          0|
    |ap_phi_reg_pp0_iter2_cond267_1_reg_363  |  16|   0|   16|          0|
    |ap_phi_reg_pp0_iter2_cond267_reg_352    |  16|   0|   16|          0|
    |ap_phi_reg_pp0_iter3_cond267_1_reg_363  |  16|   0|   16|          0|
    |ap_phi_reg_pp0_iter3_cond267_reg_352    |  16|   0|   16|          0|
    |grp_cvtAtoE_fu_374_ap_start_reg         |   1|   0|    1|          0|
    |grp_cvtAtoE_fu_380_ap_start_reg         |   1|   0|    1|          0|
    |icmp_ln229_reg_809                      |   1|   0|    1|          0|
    |pe_reg_10_fu_128                        |  16|   0|   16|          0|
    |pe_reg_11_fu_132                        |  16|   0|   16|          0|
    |pe_reg_12_fu_136                        |  16|   0|   16|          0|
    |pe_reg_13_fu_140                        |  16|   0|   16|          0|
    |pe_reg_14_fu_144                        |  16|   0|   16|          0|
    |pe_reg_15_fu_148                        |  16|   0|   16|          0|
    |pe_reg_8_fu_120                         |  16|   0|   16|          0|
    |pe_reg_9_fu_124                         |  16|   0|   16|          0|
    |row_fu_116                              |   3|   0|    3|          0|
    |tmp_1_reg_833                           |  32|   0|   32|          0|
    |tmp_7_reg_824                           |  32|   0|   32|          0|
    |tmp_9_reg_829                           |   1|   0|    1|          0|
    |tmp_reg_820                             |   1|   0|    1|          0|
    |trunc_ln229_reg_813                     |   2|   0|    2|          0|
    |icmp_ln229_reg_809                      |  64|  32|    1|          0|
    |tmp_9_reg_829                           |  64|  32|    1|          0|
    |tmp_reg_820                             |  64|  32|    1|          0|
    |trunc_ln229_reg_813                     |  64|  32|    2|          0|
    +----------------------------------------+----+----+-----+-----------+
    |Total                                   | 561| 128|  310|          0|
    +----------------------------------------+----+----+-----+-----------+



================================================================
== Interface
================================================================
* Summary: 
+----------------------+-----+-----+------------+---------------------------------------------+--------------+
|       RTL Ports      | Dir | Bits|  Protocol  |                Source Object                |    C Type    |
+----------------------+-----+-----+------------+---------------------------------------------+--------------+
|ap_clk                |   in|    1|  ap_ctrl_hs|  runQueryBlock<1>_Pipeline_VITIS_LOOP_229_13|  return value|
|ap_rst                |   in|    1|  ap_ctrl_hs|  runQueryBlock<1>_Pipeline_VITIS_LOOP_229_13|  return value|
|ap_start              |   in|    1|  ap_ctrl_hs|  runQueryBlock<1>_Pipeline_VITIS_LOOP_229_13|  return value|
|ap_done               |  out|    1|  ap_ctrl_hs|  runQueryBlock<1>_Pipeline_VITIS_LOOP_229_13|  return value|
|ap_idle               |  out|    1|  ap_ctrl_hs|  runQueryBlock<1>_Pipeline_VITIS_LOOP_229_13|  return value|
|ap_ready              |  out|    1|  ap_ctrl_hs|  runQueryBlock<1>_Pipeline_VITIS_LOOP_229_13|  return value|
|pe_reg_7              |   in|   16|     ap_none|                                     pe_reg_7|        scalar|
|pe_reg_1              |   in|   16|     ap_none|                                     pe_reg_1|        scalar|
|pe_reg_3              |   in|   16|     ap_none|                                     pe_reg_3|        scalar|
|pe_reg_5              |   in|   16|     ap_none|                                     pe_reg_5|        scalar|
|pe_reg_6              |   in|   16|     ap_none|                                     pe_reg_6|        scalar|
|pe_reg                |   in|   16|     ap_none|                                       pe_reg|        scalar|
|pe_reg_2              |   in|   16|     ap_none|                                     pe_reg_2|        scalar|
|pe_reg_4              |   in|   16|     ap_none|                                     pe_reg_4|        scalar|
|score_valid_1         |   in|    1|     ap_none|                                score_valid_1|        scalar|
|score_valid_3         |   in|    1|     ap_none|                                score_valid_3|        scalar|
|score_valid_5         |   in|    1|     ap_none|                                score_valid_5|        scalar|
|score_valid_7         |   in|    1|     ap_none|                                score_valid_7|        scalar|
|score_valid           |   in|    1|     ap_none|                                  score_valid|        scalar|
|score_valid_2         |   in|    1|     ap_none|                                score_valid_2|        scalar|
|score_valid_4         |   in|    1|     ap_none|                                score_valid_4|        scalar|
|score_valid_6         |   in|    1|     ap_none|                                score_valid_6|        scalar|
|pe_score_acc          |   in|   32|     ap_none|                                 pe_score_acc|        scalar|
|pe_score_acc_2        |   in|   32|     ap_none|                               pe_score_acc_2|        scalar|
|pe_score_acc_4        |   in|   32|     ap_none|                               pe_score_acc_4|        scalar|
|pe_score_acc_6        |   in|   32|     ap_none|                               pe_score_acc_6|        scalar|
|pe_score_acc_1        |   in|   32|     ap_none|                               pe_score_acc_1|        scalar|
|pe_score_acc_3        |   in|   32|     ap_none|                               pe_score_acc_3|        scalar|
|pe_score_acc_5        |   in|   32|     ap_none|                               pe_score_acc_5|        scalar|
|pe_score_acc_7        |   in|   32|     ap_none|                               pe_score_acc_7|        scalar|
|pe_reg_15_out         |  out|   16|      ap_vld|                                pe_reg_15_out|       pointer|
|pe_reg_15_out_ap_vld  |  out|    1|      ap_vld|                                pe_reg_15_out|       pointer|
|pe_reg_14_out         |  out|   16|      ap_vld|                                pe_reg_14_out|       pointer|
|pe_reg_14_out_ap_vld  |  out|    1|      ap_vld|                                pe_reg_14_out|       pointer|
|pe_reg_13_out         |  out|   16|      ap_vld|                                pe_reg_13_out|       pointer|
|pe_reg_13_out_ap_vld  |  out|    1|      ap_vld|                                pe_reg_13_out|       pointer|
|pe_reg_12_out         |  out|   16|      ap_vld|                                pe_reg_12_out|       pointer|
|pe_reg_12_out_ap_vld  |  out|    1|      ap_vld|                                pe_reg_12_out|       pointer|
|pe_reg_11_out         |  out|   16|      ap_vld|                                pe_reg_11_out|       pointer|
|pe_reg_11_out_ap_vld  |  out|    1|      ap_vld|                                pe_reg_11_out|       pointer|
|pe_reg_10_out         |  out|   16|      ap_vld|                                pe_reg_10_out|       pointer|
|pe_reg_10_out_ap_vld  |  out|    1|      ap_vld|                                pe_reg_10_out|       pointer|
|pe_reg_9_out          |  out|   16|      ap_vld|                                 pe_reg_9_out|       pointer|
|pe_reg_9_out_ap_vld   |  out|    1|      ap_vld|                                 pe_reg_9_out|       pointer|
|pe_reg_8_out          |  out|   16|      ap_vld|                                 pe_reg_8_out|       pointer|
|pe_reg_8_out_ap_vld   |  out|    1|      ap_vld|                                 pe_reg_8_out|       pointer|
+----------------------+-----+-----+------------+---------------------------------------------+--------------+

